06-20 12:47:50.964 15813-16008/com.malvinstn.testqueue D/MainApplication: [priority_mq] did on idle post a message? true
06-20 12:47:50.964 15813-16008/com.malvinstn.testqueue D/MainApplication: [priority_mq] looking for next message at time 1466398070964567008
06-20 12:47:50.964 15813-16008/com.malvinstn.testqueue D/MainApplication: flushing messages at time 1466398070964567008
06-20 12:47:50.964 15813-16008/com.malvinstn.testqueue D/MainApplication: returning next ready at 12056365331 ns
06-20 12:47:50.964 15813-16008/com.malvinstn.testqueue D/MainApplication: [priority_mq] next delayed job 1466398083020932339
06-20 12:47:50.964 15813-16008/com.malvinstn.testqueue D/MainApplication: [queue_SCHEDULER_5] remove message null
06-20 12:47:50.964 15813-16008/com.malvinstn.testqueue D/MainApplication: [queue_RUN_JOB_RESULT_6] remove message null
06-20 12:47:50.964 15813-15813/com.malvinstn.testqueue D/com.malvinstn.testqueue.JobService: getJobManager() called with: 
06-20 12:47:50.964 15813-15813/com.malvinstn.testqueue D/MainApplication: MainApplication::getJobManager()
06-20 12:47:50.964 15813-16008/com.malvinstn.testqueue D/MainApplication: [queue_ADD_JOB_2] remove message null
06-20 12:47:50.964 15813-16008/com.malvinstn.testqueue D/MainApplication: [queue_JOB_CONSUMER_IDLE_4] remove message null
06-20 12:47:50.965 15813-16008/com.malvinstn.testqueue D/MainApplication: [priority_mq] did on idle post a message? false
06-20 12:47:50.966 15813-15813/com.malvinstn.testqueue D/com.malvinstn.testqueue.JobService: getJobManager() called with: 
06-20 12:47:50.966 15813-15813/com.malvinstn.testqueue D/MainApplication: MainApplication::getJobManager()
06-20 12:47:50.966 15813-15813/com.malvinstn.testqueue D/MainApplication: [FW Scheduler] start job SchedulerConstraint{uuid='bd6ee108-bdc7-4e38-8c1e-9be011919639', delayInMs=1800000, networkStatus=1, overrideDeadlineInMs=null, data=null} 33
06-20 12:47:50.966 15813-15813/com.malvinstn.testqueue D/MainApplication: [queue_SCHEDULER_5] post message com.birbit.android.jobqueue.messaging.message.SchedulerMessage@de6d059
06-20 12:47:50.966 15813-16008/com.malvinstn.testqueue D/MainApplication: [priority_mq] looking for next message at time 1466398070966323831
06-20 12:47:50.966 15813-16008/com.malvinstn.testqueue D/MainApplication: flushing messages at time 1466398070966323831
06-20 12:47:50.966 15813-16008/com.malvinstn.testqueue D/MainApplication: returning next ready at 12054608508 ns
06-20 12:47:50.966 15813-16008/com.malvinstn.testqueue D/MainApplication: [priority_mq] next delayed job 1466398083020932339
06-20 12:47:50.966 15813-16008/com.malvinstn.testqueue D/MainApplication: [queue_SCHEDULER_5] remove message com.birbit.android.jobqueue.messaging.message.SchedulerMessage@de6d059
06-20 12:47:50.966 15813-16008/com.malvinstn.testqueue D/MainApplication: [priority_mq] consuming message of type SCHEDULER
06-20 12:47:50.967 15813-16008/com.malvinstn.testqueue D/MainApplication: considering adding a new consumer. Should poke all waiting? true isRunning? true waiting workers? 1
06-20 12:47:50.967 15813-16008/com.malvinstn.testqueue D/MainApplication: there are waiting workers, will poke them instead
06-20 12:47:50.967 15813-16008/com.malvinstn.testqueue D/MainApplication: [consumer_7] post message Command[2]
06-20 12:47:50.967 15813-16008/com.malvinstn.testqueue D/MainApplication: there were waiting workers, poked them and I'm done
06-20 12:47:50.967 15813-16008/com.malvinstn.testqueue D/MainApplication: [priority_mq] looking for next message at time 1466398070967109977
06-20 12:47:50.967 15813-16008/com.malvinstn.testqueue D/MainApplication: flushing messages at time 1466398070967109977
06-20 12:47:50.967 15813-16008/com.malvinstn.testqueue D/MainApplication: returning next ready at 12053822362 ns
06-20 12:47:50.967 15813-16008/com.malvinstn.testqueue D/MainApplication: [priority_mq] next delayed job 1466398083020932339
06-20 12:47:50.967 15813-16008/com.malvinstn.testqueue D/MainApplication: [queue_SCHEDULER_5] remove message null
06-20 12:47:50.967 15813-16008/com.malvinstn.testqueue D/MainApplication: [queue_RUN_JOB_RESULT_6] remove message null
06-20 12:47:50.967 15813-16008/com.malvinstn.testqueue D/MainApplication: [queue_ADD_JOB_2] remove message null
06-20 12:47:50.967 15813-16008/com.malvinstn.testqueue D/MainApplication: [queue_JOB_CONSUMER_IDLE_4] remove message null
06-20 12:47:50.967 15813-16008/com.malvinstn.testqueue D/MainApplication: joq idle. running:? true
06-20 12:47:50.967 15813-18134/com.malvinstn.testqueue D/MainApplication: flushing messages at time 1466398070967529300
06-20 12:47:50.967 15813-18134/com.malvinstn.testqueue D/MainApplication: returning next ready at 14976419792 ns
06-20 12:47:50.967 15813-18134/com.malvinstn.testqueue D/MainApplication: [consumer_7] remove message Command[2]
06-20 12:47:50.967 15813-18134/com.malvinstn.testqueue D/MainApplication: Consumer has been poked.
06-20 12:47:50.967 15813-18134/com.malvinstn.testqueue D/MainApplication: flushing messages at time 1466398070967706539
06-20 12:47:50.967 15813-18134/com.malvinstn.testqueue D/MainApplication: returning next ready at 14976242553 ns
06-20 12:47:50.967 15813-18134/com.malvinstn.testqueue D/MainApplication: [consumer_7] remove message null
06-20 12:47:50.967 15813-18134/com.malvinstn.testqueue D/MainApplication: consumer manager on idle
06-20 12:47:50.968 15813-18134/com.malvinstn.testqueue D/MainApplication: [queue_JOB_CONSUMER_IDLE_4] post message com.birbit.android.jobqueue.messaging.message.JobConsumerIdleMessage@358bca5
06-20 12:47:50.968 15813-18134/com.malvinstn.testqueue D/MainApplication: [consumer_7] will wait on the lock until 1466398085943949092
06-20 12:47:50.969 15813-16008/com.malvinstn.testqueue D/MainApplication: Job queue idle. next job at: 1466398083020932339
06-20 12:47:50.969 15813-16008/com.malvinstn.testqueue D/MainApplication: add delayed message com.birbit.android.jobqueue.messaging.message.ConstraintChangeMessage@deaf893 at time 1466398083020932339
06-20 12:47:50.969 15813-16008/com.malvinstn.testqueue D/MainApplication: [priority_mq] did on idle post a message? true
06-20 12:47:50.969 15813-16008/com.malvinstn.testqueue D/MainApplication: [priority_mq] looking for next message at time 1466398070969261123
06-20 12:47:50.969 15813-16008/com.malvinstn.testqueue D/MainApplication: flushing messages at time 1466398070969261123
06-20 12:47:50.969 15813-16008/com.malvinstn.testqueue D/MainApplication: returning next ready at 12051671216 ns
06-20 12:47:50.969 15813-16008/com.malvinstn.testqueue D/MainApplication: [priority_mq] next delayed job 1466398083020932339
06-20 12:47:50.969 15813-16008/com.malvinstn.testqueue D/MainApplication: [queue_SCHEDULER_5] remove message null
06-20 12:47:50.969 15813-16008/com.malvinstn.testqueue D/MainApplication: [queue_RUN_JOB_RESULT_6] remove message null
06-20 12:47:50.969 15813-16008/com.malvinstn.testqueue D/MainApplication: [queue_ADD_JOB_2] remove message null
06-20 12:47:50.969 15813-16008/com.malvinstn.testqueue D/MainApplication: [queue_JOB_CONSUMER_IDLE_4] remove message com.birbit.android.jobqueue.messaging.message.JobConsumerIdleMessage@358bca5
06-20 12:47:50.969 15813-16008/com.malvinstn.testqueue D/MainApplication: [priority_mq] consuming message of type JOB_CONSUMER_IDLE
06-20 12:47:50.970 15813-16008/com.malvinstn.testqueue V/MainApplication: looking for next job
06-20 12:47:50.970 15813-16008/com.malvinstn.testqueue V/MainApplication: non persistent result null
06-20 12:47:50.972 15813-16008/com.malvinstn.testqueue V/MainApplication: persistent result null
06-20 12:47:50.972 15813-16008/com.malvinstn.testqueue D/MainApplication: keep alive: 1466398085943949092
06-20 12:47:50.972 15813-16008/com.malvinstn.testqueue D/MainApplication: Consumer idle, will kill? false . isRunning: true
06-20 12:47:50.972 15813-16008/com.malvinstn.testqueue D/MainApplication: add delayed message Command[2] at time 1466398085943949092
06-20 12:47:50.972 15813-18134/com.malvinstn.testqueue D/MainApplication: flushing messages at time 1466398070972765342
06-20 12:47:50.972 15813-18134/com.malvinstn.testqueue D/MainApplication: returning next ready at 14971183750 ns
06-20 12:47:50.973 15813-18134/com.malvinstn.testqueue D/MainApplication: [consumer_7] remove message null
06-20 12:47:50.973 15813-18134/com.malvinstn.testqueue D/MainApplication: [consumer_7] will wait on the lock until 1466398085943949092
06-20 12:47:50.973 15813-16008/com.malvinstn.testqueue D/MainApplication: poke consumer manager at 1466398085943949092
06-20 12:47:50.973 15813-16008/com.malvinstn.testqueue D/MainApplication: [FW Scheduler] on finished job SchedulerConstraint{uuid='bd6ee108-bdc7-4e38-8c1e-9be011919639', delayInMs=1800000, networkStatus=1, overrideDeadlineInMs=null, data=android.app.job.JobParameters@97ad0d0}. reschedule:false
06-20 12:47:50.974 15813-15813/com.malvinstn.testqueue D/com.malvinstn.testqueue.JobService: getJobManager() called with: 
06-20 12:47:50.974 15813-15813/com.malvinstn.testqueue D/MainApplication: MainApplication::getJobManager()
06-20 12:47:50.982 15813-16008/com.malvinstn.testqueue D/MainApplication: [FW Scheduler] scheduled a framework job. Success? true id: 1 created id: 34
06-20 12:47:50.982 15813-16008/com.malvinstn.testqueue D/MainApplication: [priority_mq] looking for next message at time 1466398070982488623
06-20 12:47:50.982 15813-16008/com.malvinstn.testqueue D/MainApplication: flushing messages at time 1466398070982488623
06-20 12:47:50.982 15813-16008/com.malvinstn.testqueue D/MainApplication: returning next ready at 12038443716 ns
06-20 12:47:50.982 15813-16008/com.malvinstn.testqueue D/MainApplication: [priority_mq] next delayed job 1466398083020932339
06-20 12:47:50.982 15813-16008/com.malvinstn.testqueue D/MainApplication: [queue_SCHEDULER_5] remove message null
06-20 12:47:50.982 15813-16008/com.malvinstn.testqueue D/MainApplication: [queue_RUN_JOB_RESULT_6] remove message null
06-20 12:47:50.982 15813-16008/com.malvinstn.testqueue D/MainApplication: [queue_ADD_JOB_2] remove message null
06-20 12:47:50.982 15813-16008/com.malvinstn.testqueue D/MainApplication: [queue_JOB_CONSUMER_IDLE_4] remove message null
06-20 12:47:50.982 15813-16008/com.malvinstn.testqueue D/MainApplication: joq idle. running:? true
06-20 12:47:50.983 15813-16008/com.malvinstn.testqueue D/MainApplication: Job queue idle. next job at: 1466398083020932339
06-20 12:47:50.984 15813-16008/com.malvinstn.testqueue D/MainApplication: add delayed message com.birbit.android.jobqueue.messaging.message.ConstraintChangeMessage@c78dbce at time 1466398083020932339
06-20 12:47:50.984 15813-15813/com.malvinstn.testqueue D/com.malvinstn.testqueue.JobService: getJobManager() called with: 
06-20 12:47:50.984 15813-15813/com.malvinstn.testqueue D/MainApplication: MainApplication::getJobManager()
06-20 12:47:50.985 15813-16008/com.malvinstn.testqueue D/MainApplication: [priority_mq] did on idle post a message? true
06-20 12:47:50.985 15813-16008/com.malvinstn.testqueue D/MainApplication: [priority_mq] looking for next message at time 1466398070984907633
06-20 12:47:50.985 15813-16008/com.malvinstn.testqueue D/MainApplication: flushing messages at time 1466398070984907633
06-20 12:47:50.985 15813-16008/com.malvinstn.testqueue D/MainApplication: returning next ready at 12036024706 ns
06-20 12:47:50.985 15813-16008/com.malvinstn.testqueue D/MainApplication: [priority_mq] next delayed job 1466398083020932339
06-20 12:47:50.985 15813-16008/com.malvinstn.testqueue D/MainApplication: [queue_SCHEDULER_5] remove message null
06-20 12:47:50.985 15813-16008/com.malvinstn.testqueue D/MainApplication: [queue_RUN_JOB_RESULT_6] remove message null
06-20 12:47:50.985 15813-16008/com.malvinstn.testqueue D/MainApplication: [queue_ADD_JOB_2] remove message null
06-20 12:47:50.985 15813-16008/com.malvinstn.testqueue D/MainApplication: [queue_JOB_CONSUMER_IDLE_4] remove message null
06-20 12:47:50.985 15813-16008/com.malvinstn.testqueue D/MainApplication: [priority_mq] did on idle post a message? false
06-20 12:47:50.985 15813-15813/com.malvinstn.testqueue D/com.malvinstn.testqueue.JobService: getJobManager() called with: 
06-20 12:47:50.985 15813-15813/com.malvinstn.testqueue D/MainApplication: MainApplication::getJobManager()
06-20 12:47:50.985 15813-15813/com.malvinstn.testqueue D/MainApplication: [FW Scheduler] start job SchedulerConstraint{uuid='bd6ee108-bdc7-4e38-8c1e-9be011919639', delayInMs=2700000, networkStatus=1, overrideDeadlineInMs=null, data=null} 34
06-20 12:47:50.985 15813-15813/com.malvinstn.testqueue D/MainApplication: [queue_SCHEDULER_5] post message com.birbit.android.jobqueue.messaging.message.SchedulerMessage@de6d059
06-20 12:47:50.986 15813-16008/com.malvinstn.testqueue D/MainApplication: [priority_mq] looking for next message at time 1466398070985982529
06-20 12:47:50.986 15813-16008/com.malvinstn.testqueue D/MainApplication: flushing messages at time 1466398070985982529
06-20 12:47:50.986 15813-16008/com.malvinstn.testqueue D/MainApplication: returning next ready at 12034949810 ns
06-20 12:47:50.986 15813-16008/com.malvinstn.testqueue D/MainApplication: [priority_mq] next delayed job 1466398083020932339
06-20 12:47:50.986 15813-16008/com.malvinstn.testqueue D/MainApplication: [queue_SCHEDULER_5] remove message com.birbit.android.jobqueue.messaging.message.SchedulerMessage@de6d059
06-20 12:47:50.986 15813-16008/com.malvinstn.testqueue D/MainApplication: [priority_mq] consuming message of type SCHEDULER
06-20 12:47:50.986 15813-16008/com.malvinstn.testqueue D/MainApplication: considering adding a new consumer. Should poke all waiting? true isRunning? true waiting workers? 1
06-20 12:47:50.986 15813-16008/com.malvinstn.testqueue D/MainApplication: there are waiting workers, will poke them instead
06-20 12:47:50.987 15813-16008/com.malvinstn.testqueue D/MainApplication: [consumer_7] post message Command[2]
06-20 12:47:50.987 15813-18134/com.malvinstn.testqueue D/MainApplication: flushing messages at time 1466398070987247112
06-20 12:47:50.987 15813-18134/com.malvinstn.testqueue D/MainApplication: returning next ready at 14956701980 ns
06-20 12:47:50.987 15813-18134/com.malvinstn.testqueue D/MainApplication: [consumer_7] remove message Command[2]
06-20 12:47:50.987 15813-18134/com.malvinstn.testqueue D/MainApplication: Consumer has been poked.
06-20 12:47:50.987 15813-18134/com.malvinstn.testqueue D/MainApplication: flushing messages at time 1466398070987674821
06-20 12:47:50.987 15813-18134/com.malvinstn.testqueue D/MainApplication: returning next ready at 14956274271 ns
06-20 12:47:50.987 15813-18134/com.malvinstn.testqueue D/MainApplication: [consumer_7] remove message null
06-20 12:47:50.988 15813-18134/com.malvinstn.testqueue D/MainApplication: consumer manager on idle
06-20 12:47:50.988 15813-18134/com.malvinstn.testqueue D/MainApplication: [queue_JOB_CONSUMER_IDLE_4] post message com.birbit.android.jobqueue.messaging.message.JobConsumerIdleMessage@358bca5
06-20 12:47:50.988 15813-18134/com.malvinstn.testqueue D/MainApplication: [consumer_7] will wait on the lock until 1466398085943949092
06-20 12:47:50.988 15813-16008/com.malvinstn.testqueue D/MainApplication: there were waiting workers, poked them and I'm done
06-20 12:47:50.988 15813-16008/com.malvinstn.testqueue D/MainApplication: [priority_mq] looking for next message at time 1466398070988221175
06-20 12:47:50.988 15813-16008/com.malvinstn.testqueue D/MainApplication: flushing messages at time 1466398070988221175
06-20 12:47:50.988 15813-16008/com.malvinstn.testqueue D/MainApplication: returning next ready at 12032711164 ns
06-20 12:47:50.988 15813-16008/com.malvinstn.testqueue D/MainApplication: [priority_mq] next delayed job 1466398083020932339
06-20 12:47:50.988 15813-16008/com.malvinstn.testqueue D/MainApplication: [queue_SCHEDULER_5] remove message null
06-20 12:47:50.988 15813-16008/com.malvinstn.testqueue D/MainApplication: [queue_RUN_JOB_RESULT_6] remove message null
06-20 12:47:50.988 15813-16008/com.malvinstn.testqueue D/MainApplication: [queue_ADD_JOB_2] remove message null
06-20 12:47:50.988 15813-16008/com.malvinstn.testqueue D/MainApplication: [queue_JOB_CONSUMER_IDLE_4] remove message com.birbit.android.jobqueue.messaging.message.JobConsumerIdleMessage@358bca5
06-20 12:47:50.988 15813-16008/com.malvinstn.testqueue D/MainApplication: [priority_mq] consuming message of type JOB_CONSUMER_IDLE
06-20 12:47:50.989 15813-16008/com.malvinstn.testqueue V/MainApplication: looking for next job
06-20 12:47:50.989 15813-16008/com.malvinstn.testqueue V/MainApplication: non persistent result null
06-20 12:47:50.990 15813-16008/com.malvinstn.testqueue V/MainApplication: persistent result null
06-20 12:47:50.990 15813-16008/com.malvinstn.testqueue D/MainApplication: keep alive: 1466398085943949092
06-20 12:47:50.990 15813-16008/com.malvinstn.testqueue D/MainApplication: Consumer idle, will kill? false . isRunning: true
06-20 12:47:50.990 15813-16008/com.malvinstn.testqueue D/MainApplication: add delayed message Command[2] at time 1466398085943949092
06-20 12:47:50.990 15813-16008/com.malvinstn.testqueue D/MainApplication: poke consumer manager at 1466398085943949092
06-20 12:47:50.990 15813-16008/com.malvinstn.testqueue D/MainApplication: [FW Scheduler] on finished job SchedulerConstraint{uuid='bd6ee108-bdc7-4e38-8c1e-9be011919639', delayInMs=2700000, networkStatus=1, overrideDeadlineInMs=null, data=android.app.job.JobParameters@a0429fc}. reschedule:false
06-20 12:47:50.991 15813-18134/com.malvinstn.testqueue D/MainApplication: flushing messages at time 1466398070991480498
06-20 12:47:50.991 15813-18134/com.malvinstn.testqueue D/MainApplication: returning next ready at 14952468594 ns
06-20 12:47:50.991 15813-18134/com.malvinstn.testqueue D/MainApplication: [consumer_7] remove message null
06-20 12:47:50.991 15813-18134/com.malvinstn.testqueue D/MainApplication: [consumer_7] will wait on the lock until 1466398085943949092
06-20 12:47:50.993 15813-15813/com.malvinstn.testqueue D/com.malvinstn.testqueue.JobService: getJobManager() called with: 
06-20 12:47:50.993 15813-15813/com.malvinstn.testqueue D/MainApplication: MainApplication::getJobManager()
06-20 12:47:51.001 15813-16008/com.malvinstn.testqueue D/MainApplication: [FW Scheduler] scheduled a framework job. Success? true id: 1 created id: 35
06-20 12:47:51.001 15813-16008/com.malvinstn.testqueue D/MainApplication: [priority_mq] looking for next message at time 1466398071001393571
06-20 12:47:51.001 15813-16008/com.malvinstn.testqueue D/MainApplication: flushing messages at time 1466398071001393571
06-20 12:47:51.001 15813-16008/com.malvinstn.testqueue D/MainApplication: returning next ready at 12019538768 ns
06-20 12:47:51.001 15813-16008/com.malvinstn.testqueue D/MainApplication: [priority_mq] next delayed job 1466398083020932339
06-20 12:47:51.001 15813-16008/com.malvinstn.testqueue D/MainApplication: [queue_SCHEDULER_5] remove message null
06-20 12:47:51.001 15813-16008/com.malvinstn.testqueue D/MainApplication: [queue_RUN_JOB_RESULT_6] remove message null
06-20 12:47:51.001 15813-16008/com.malvinstn.testqueue D/MainApplication: [queue_ADD_JOB_2] remove message null
06-20 12:47:51.001 15813-16008/com.malvinstn.testqueue D/MainApplication: [queue_JOB_CONSUMER_IDLE_4] remove message null
06-20 12:47:51.001 15813-16008/com.malvinstn.testqueue D/MainApplication: joq idle. running:? true
06-20 12:47:51.002 15813-15813/com.malvinstn.testqueue D/com.malvinstn.testqueue.JobService: getJobManager() called with: 
06-20 12:47:51.002 15813-15813/com.malvinstn.testqueue D/MainApplication: MainApplication::getJobManager()
06-20 12:47:51.004 15813-15813/com.malvinstn.testqueue D/com.malvinstn.testqueue.JobService: getJobManager() called with: 
06-20 12:47:51.004 15813-15813/com.malvinstn.testqueue D/MainApplication: MainApplication::getJobManager()
06-20 12:47:51.004 15813-15813/com.malvinstn.testqueue D/MainApplication: [FW Scheduler] start job SchedulerConstraint{uuid='bd6ee108-bdc7-4e38-8c1e-9be011919639', delayInMs=3600000, networkStatus=1, overrideDeadlineInMs=null, data=null} 35
06-20 12:47:51.004 15813-16008/com.malvinstn.testqueue D/MainApplication: Job queue idle. next job at: 1466398083020932339
06-20 12:47:51.004 15813-15813/com.malvinstn.testqueue D/MainApplication: [queue_SCHEDULER_5] post message com.birbit.android.jobqueue.messaging.message.SchedulerMessage@de6d059
06-20 12:47:51.004 15813-16008/com.malvinstn.testqueue D/MainApplication: add delayed message com.birbit.android.jobqueue.messaging.message.ConstraintChangeMessage@ad6e70b at time 1466398083020932339
06-20 12:47:51.004 15813-16008/com.malvinstn.testqueue D/MainApplication: [priority_mq] did on idle post a message? true
06-20 12:47:51.004 15813-16008/com.malvinstn.testqueue D/MainApplication: [priority_mq] looking for next message at time 1466398071004670862
06-20 12:47:51.004 15813-16008/com.malvinstn.testqueue D/MainApplication: flushing messages at time 1466398071004670862
06-20 12:47:51.004 15813-16008/com.malvinstn.testqueue D/MainApplication: returning next ready at 12016261477 ns
06-20 12:47:51.004 15813-16008/com.malvinstn.testqueue D/MainApplication: [priority_mq] next delayed job 1466398083020932339
06-20 12:47:51.005 15813-16008/com.malvinstn.testqueue D/MainApplication: [queue_SCHEDULER_5] remove message com.birbit.android.jobqueue.messaging.message.SchedulerMessage@de6d059
06-20 12:47:51.005 15813-16008/com.malvinstn.testqueue D/MainApplication: [priority_mq] consuming message of type SCHEDULER
06-20 12:47:51.005 15813-16008/com.malvinstn.testqueue D/MainApplication: considering adding a new consumer. Should poke all waiting? true isRunning? true waiting workers? 1
06-20 12:47:51.006 15813-16008/com.malvinstn.testqueue D/MainApplication: there are waiting workers, will poke them instead
06-20 12:47:51.006 15813-16008/com.malvinstn.testqueue D/MainApplication: [consumer_7] post message Command[2]
06-20 12:47:51.006 15813-16008/com.malvinstn.testqueue D/MainApplication: there were waiting workers, poked them and I'm done
06-20 12:47:51.006 15813-16008/com.malvinstn.testqueue D/MainApplication: [priority_mq] looking for next message at time 1466398071006201748
06-20 12:47:51.006 15813-16008/com.malvinstn.testqueue D/MainApplication: flushing messages at time 1466398071006201748
06-20 12:47:51.006 15813-16008/com.malvinstn.testqueue D/MainApplication: returning next ready at 12014730591 ns
06-20 12:47:51.006 15813-18134/com.malvinstn.testqueue D/MainApplication: flushing messages at time 1466398071006323050
06-20 12:47:51.006 15813-18134/com.malvinstn.testqueue D/MainApplication: returning next ready at 14937626042 ns
06-20 12:47:51.006 15813-16008/com.malvinstn.testqueue D/MainApplication: [priority_mq] next delayed job 1466398083020932339
06-20 12:47:51.006 15813-18134/com.malvinstn.testqueue D/MainApplication: [consumer_7] remove message Command[2]
06-20 12:47:51.006 15813-16008/com.malvinstn.testqueue D/MainApplication: [queue_SCHEDULER_5] remove message null
06-20 12:47:51.006 15813-16008/com.malvinstn.testqueue D/MainApplication: [queue_RUN_JOB_RESULT_6] remove message null
06-20 12:47:51.006 15813-18134/com.malvinstn.testqueue D/MainApplication: Consumer has been poked.
06-20 12:47:51.006 15813-16008/com.malvinstn.testqueue D/MainApplication: [queue_ADD_JOB_2] remove message null
06-20 12:47:51.006 15813-18134/com.malvinstn.testqueue D/MainApplication: flushing messages at time 1466398071006484664
06-20 12:47:51.006 15813-16008/com.malvinstn.testqueue D/MainApplication: [queue_JOB_CONSUMER_IDLE_4] remove message null
06-20 12:47:51.006 15813-18134/com.malvinstn.testqueue D/MainApplication: returning next ready at 14937464428 ns
06-20 12:47:51.006 15813-18134/com.malvinstn.testqueue D/MainApplication: [consumer_7] remove message null
06-20 12:47:51.006 15813-18134/com.malvinstn.testqueue D/MainApplication: consumer manager on idle
06-20 12:47:51.006 15813-18134/com.malvinstn.testqueue D/MainApplication: [queue_JOB_CONSUMER_IDLE_4] post message com.birbit.android.jobqueue.messaging.message.JobConsumerIdleMessage@358bca5
06-20 12:47:51.006 15813-18134/com.malvinstn.testqueue D/MainApplication: [consumer_7] will wait on the lock until 1466398085943949092
06-20 12:47:51.007 15813-16008/com.malvinstn.testqueue D/MainApplication: joq idle. running:? true
06-20 12:47:51.008 15813-16008/com.malvinstn.testqueue D/MainApplication: Job queue idle. next job at: 1466398083020932339
06-20 12:47:51.008 15813-16008/com.malvinstn.testqueue D/MainApplication: add delayed message com.birbit.android.jobqueue.messaging.message.ConstraintChangeMessage@567e9e8 at time 1466398083020932339
06-20 12:47:51.008 15813-16008/com.malvinstn.testqueue D/MainApplication: [priority_mq] did on idle post a message? true
06-20 12:47:51.008 15813-16008/com.malvinstn.testqueue D/MainApplication: [priority_mq] looking for next message at time 1466398071008571800
06-20 12:47:51.008 15813-16008/com.malvinstn.testqueue D/MainApplication: flushing messages at time 1466398071008571800
06-20 12:47:51.008 15813-16008/com.malvinstn.testqueue D/MainApplication: returning next ready at 12012360539 ns
06-20 12:47:51.008 15813-16008/com.malvinstn.testqueue D/MainApplication: [priority_mq] next delayed job 1466398083020932339
06-20 12:47:51.008 15813-16008/com.malvinstn.testqueue D/MainApplication: [queue_SCHEDULER_5] remove message null
06-20 12:47:51.009 15813-16008/com.malvinstn.testqueue D/MainApplication: [queue_RUN_JOB_RESULT_6] remove message null
06-20 12:47:51.009 15813-16008/com.malvinstn.testqueue D/MainApplication: [queue_ADD_JOB_2] remove message null
06-20 12:47:51.009 15813-16008/com.malvinstn.testqueue D/MainApplication: [queue_JOB_CONSUMER_IDLE_4] remove message com.birbit.android.jobqueue.messaging.message.JobConsumerIdleMessage@358bca5
06-20 12:47:51.009 15813-16008/com.malvinstn.testqueue D/MainApplication: [priority_mq] consuming message of type JOB_CONSUMER_IDLE
06-20 12:47:51.009 15813-16008/com.malvinstn.testqueue V/MainApplication: looking for next job
06-20 12:47:51.009 15813-16008/com.malvinstn.testqueue V/MainApplication: non persistent result null
06-20 12:47:51.010 15813-16008/com.malvinstn.testqueue V/MainApplication: persistent result null
06-20 12:47:51.010 15813-16008/com.malvinstn.testqueue D/MainApplication: keep alive: 1466398085943949092
06-20 12:47:51.010 15813-16008/com.malvinstn.testqueue D/MainApplication: Consumer idle, will kill? false . isRunning: true
06-20 12:47:51.010 15813-16008/com.malvinstn.testqueue D/MainApplication: add delayed message Command[2] at time 1466398085943949092
06-20 12:47:51.010 15813-16008/com.malvinstn.testqueue D/MainApplication: poke consumer manager at 1466398085943949092
06-20 12:47:51.010 15813-18134/com.malvinstn.testqueue D/MainApplication: flushing messages at time 1466398071010807581
06-20 12:47:51.011 15813-18134/com.malvinstn.testqueue D/MainApplication: returning next ready at 14933141511 ns
06-20 12:47:51.011 15813-18134/com.malvinstn.testqueue D/MainApplication: [consumer_7] remove message null
06-20 12:47:51.011 15813-18134/com.malvinstn.testqueue D/MainApplication: [consumer_7] will wait on the lock until 1466398085943949092
06-20 12:47:51.011 15813-16008/com.malvinstn.testqueue D/MainApplication: [FW Scheduler] on finished job SchedulerConstraint{uuid='bd6ee108-bdc7-4e38-8c1e-9be011919639', delayInMs=3600000, networkStatus=1, overrideDeadlineInMs=null, data=android.app.job.JobParameters@7f37801}. reschedule:false
06-20 12:47:51.012 15813-15813/com.malvinstn.testqueue D/com.malvinstn.testqueue.JobService: getJobManager() called with: 
06-20 12:47:51.012 15813-15813/com.malvinstn.testqueue D/MainApplication: MainApplication::getJobManager()
06-20 12:47:51.019 15813-16008/com.malvinstn.testqueue D/MainApplication: [FW Scheduler] scheduled a framework job. Success? true id: 1 created id: 36
06-20 12:47:51.019 15813-16008/com.malvinstn.testqueue D/MainApplication: [priority_mq] looking for next message at time 1466398071019299821
06-20 12:47:51.019 15813-16008/com.malvinstn.testqueue D/MainApplication: flushing messages at time 1466398071019299821
06-20 12:47:51.019 15813-16008/com.malvinstn.testqueue D/MainApplication: returning next ready at 12001632518 ns
06-20 12:47:51.019 15813-16008/com.malvinstn.testqueue D/MainApplication: [priority_mq] next delayed job 1466398083020932339
06-20 12:47:51.019 15813-16008/com.malvinstn.testqueue D/MainApplication: [queue_SCHEDULER_5] remove message null
06-20 12:47:51.019 15813-16008/com.malvinstn.testqueue D/MainApplication: [queue_RUN_JOB_RESULT_6] remove message null
06-20 12:47:51.019 15813-16008/com.malvinstn.testqueue D/MainApplication: [queue_ADD_JOB_2] remove message null
06-20 12:47:51.019 15813-16008/com.malvinstn.testqueue D/MainApplication: [queue_JOB_CONSUMER_IDLE_4] remove message null
06-20 12:47:51.019 15813-16008/com.malvinstn.testqueue D/MainApplication: joq idle. running:? true
06-20 12:47:51.020 15813-15813/com.malvinstn.testqueue D/com.malvinstn.testqueue.JobService: getJobManager() called with: 
06-20 12:47:51.020 15813-15813/com.malvinstn.testqueue D/MainApplication: MainApplication::getJobManager()
06-20 12:47:51.022 15813-16008/com.malvinstn.testqueue D/MainApplication: Job queue idle. next job at: 1466398083020932339
06-20 12:47:51.022 15813-16008/com.malvinstn.testqueue D/MainApplication: add delayed message com.birbit.android.jobqueue.messaging.message.ConstraintChangeMessage@ac5bc94 at time 1466398083020932339
06-20 12:47:51.022 15813-15813/com.malvinstn.testqueue D/com.malvinstn.testqueue.JobService: getJobManager() called with: 
06-20 12:47:51.022 15813-16008/com.malvinstn.testqueue D/MainApplication: [priority_mq] did on idle post a message? true
06-20 12:47:51.022 15813-15813/com.malvinstn.testqueue D/MainApplication: MainApplication::getJobManager()
06-20 12:47:51.022 15813-16008/com.malvinstn.testqueue D/MainApplication: [priority_mq] looking for next message at time 1466398071022208258
06-20 12:47:51.022 15813-16008/com.malvinstn.testqueue D/MainApplication: flushing messages at time 1466398071022208258
06-20 12:47:51.022 15813-16008/com.malvinstn.testqueue D/MainApplication: returning next ready at 11998724081 ns
06-20 12:47:51.022 15813-15813/com.malvinstn.testqueue D/MainApplication: [FW Scheduler] start job SchedulerConstraint{uuid='bd6ee108-bdc7-4e38-8c1e-9be011919639', delayInMs=4500000, networkStatus=1, overrideDeadlineInMs=null, data=null} 36
06-20 12:47:51.022 15813-16008/com.malvinstn.testqueue D/MainApplication: [priority_mq] next delayed job 1466398083020932339
06-20 12:47:51.022 15813-16008/com.malvinstn.testqueue D/MainApplication: [queue_SCHEDULER_5] remove message null
06-20 12:47:51.022 15813-16008/com.malvinstn.testqueue D/MainApplication: [queue_RUN_JOB_RESULT_6] remove message null
06-20 12:47:51.022 15813-16008/com.malvinstn.testqueue D/MainApplication: [queue_ADD_JOB_2] remove message null
06-20 12:47:51.022 15813-16008/com.malvinstn.testqueue D/MainApplication: [queue_JOB_CONSUMER_IDLE_4] remove message null
06-20 12:47:51.022 15813-16008/com.malvinstn.testqueue D/MainApplication: [priority_mq] did on idle post a message? false
06-20 12:47:51.024 15813-15813/com.malvinstn.testqueue D/MainApplication: [queue_SCHEDULER_5] post message com.birbit.android.jobqueue.messaging.message.SchedulerMessage@de6d059
06-20 12:47:51.025 15813-16008/com.malvinstn.testqueue D/MainApplication: [priority_mq] looking for next message at time 1466398071024858623
06-20 12:47:51.025 15813-16008/com.malvinstn.testqueue D/MainApplication: flushing messages at time 1466398071024858623
06-20 12:47:51.025 15813-16008/com.malvinstn.testqueue D/MainApplication: returning next ready at 11996073716 ns
06-20 12:47:51.025 15813-16008/com.malvinstn.testqueue D/MainApplication: [priority_mq] next delayed job 1466398083020932339
06-20 12:47:51.025 15813-16008/com.malvinstn.testqueue D/MainApplication: [queue_SCHEDULER_5] remove message com.birbit.android.jobqueue.messaging.message.SchedulerMessage@de6d059
06-20 12:47:51.025 15813-16008/com.malvinstn.testqueue D/MainApplication: [priority_mq] consuming message of type SCHEDULER
06-20 12:47:51.025 15813-16008/com.malvinstn.testqueue D/MainApplication: considering adding a new consumer. Should poke all waiting? true isRunning? true waiting workers? 1
06-20 12:47:51.025 15813-16008/com.malvinstn.testqueue D/MainApplication: there are waiting workers, will poke them instead
06-20 12:47:51.025 15813-16008/com.malvinstn.testqueue D/MainApplication: [consumer_7] post message Command[2]
06-20 12:47:51.025 15813-16008/com.malvinstn.testqueue D/MainApplication: there were waiting workers, poked them and I'm done
06-20 12:47:51.025 15813-18134/com.malvinstn.testqueue D/MainApplication: flushing messages at time 1466398071025801487
06-20 12:47:51.026 15813-16008/com.malvinstn.testqueue D/MainApplication: [priority_mq] looking for next message at time 1466398071025827998
06-20 12:47:51.026 15813-18134/com.malvinstn.testqueue D/MainApplication: returning next ready at 14918147605 ns
06-20 12:47:51.026 15813-16008/com.malvinstn.testqueue D/MainApplication: flushing messages at time 1466398071025827998
06-20 12:47:51.026 15813-18134/com.malvinstn.testqueue D/MainApplication: [consumer_7] remove message Command[2]
06-20 12:47:51.026 15813-16008/com.malvinstn.testqueue D/MainApplication: returning next ready at 11995104341 ns
06-20 12:47:51.026 15813-18134/com.malvinstn.testqueue D/MainApplication: Consumer has been poked.
06-20 12:47:51.026 15813-18134/com.malvinstn.testqueue D/MainApplication: flushing messages at time 1466398071025960810
06-20 12:47:51.026 15813-16008/com.malvinstn.testqueue D/MainApplication: [priority_mq] next delayed job 1466398083020932339
06-20 12:47:51.026 15813-18134/com.malvinstn.testqueue D/MainApplication: returning next ready at 14917988282 ns
06-20 12:47:51.026 15813-18134/com.malvinstn.testqueue D/MainApplication: [consumer_7] remove message null
06-20 12:47:51.026 15813-16008/com.malvinstn.testqueue D/MainApplication: [queue_SCHEDULER_5] remove message null
06-20 12:47:51.026 15813-18134/com.malvinstn.testqueue D/MainApplication: consumer manager on idle
06-20 12:47:51.026 15813-16008/com.malvinstn.testqueue D/MainApplication: [queue_RUN_JOB_RESULT_6] remove message null
06-20 12:47:51.026 15813-16008/com.malvinstn.testqueue D/MainApplication: [queue_ADD_JOB_2] remove message null
06-20 12:47:51.026 15813-16008/com.malvinstn.testqueue D/MainApplication: [queue_JOB_CONSUMER_IDLE_4] remove message null
06-20 12:47:51.026 15813-16008/com.malvinstn.testqueue D/MainApplication: joq idle. running:? true
06-20 12:47:51.026 15813-18134/com.malvinstn.testqueue D/MainApplication: [queue_JOB_CONSUMER_IDLE_4] post message com.birbit.android.jobqueue.messaging.message.JobConsumerIdleMessage@358bca5
06-20 12:47:51.026 15813-18134/com.malvinstn.testqueue D/MainApplication: [consumer_7] will wait on the lock until 1466398085943949092
06-20 12:47:51.027 15813-16008/com.malvinstn.testqueue D/MainApplication: Job queue idle. next job at: 1466398083020932339
06-20 12:47:51.027 15813-16008/com.malvinstn.testqueue D/MainApplication: add delayed message com.birbit.android.jobqueue.messaging.message.ConstraintChangeMessage@41e933d at time 1466398083020932339
06-20 12:47:51.027 15813-16008/com.malvinstn.testqueue D/MainApplication: [priority_mq] did on idle post a message? true
06-20 12:47:51.027 15813-16008/com.malvinstn.testqueue D/MainApplication: [priority_mq] looking for next message at time 1466398071027603831
06-20 12:47:51.027 15813-16008/com.malvinstn.testqueue D/MainApplication: flushing messages at time 1466398071027603831
06-20 12:47:51.027 15813-16008/com.malvinstn.testqueue D/MainApplication: returning next ready at 11993328508 ns
06-20 12:47:51.027 15813-16008/com.malvinstn.testqueue D/MainApplication: [priority_mq] next delayed job 1466398083020932339
06-20 12:47:51.027 15813-16008/com.malvinstn.testqueue D/MainApplication: [queue_SCHEDULER_5] remove message null
06-20 12:47:51.028 15813-16008/com.malvinstn.testqueue D/MainApplication: [queue_RUN_JOB_RESULT_6] remove message null
06-20 12:47:51.028 15813-16008/com.malvinstn.testqueue D/MainApplication: [queue_ADD_JOB_2] remove message null
06-20 12:47:51.028 15813-16008/com.malvinstn.testqueue D/MainApplication: [queue_JOB_CONSUMER_IDLE_4] remove message com.birbit.android.jobqueue.messaging.message.JobConsumerIdleMessage@358bca5
06-20 12:47:51.028 15813-16008/com.malvinstn.testqueue D/MainApplication: [priority_mq] consuming message of type JOB_CONSUMER_IDLE
06-20 12:47:51.028 15813-16008/com.malvinstn.testqueue V/MainApplication: looking for next job
06-20 12:47:51.028 15813-16008/com.malvinstn.testqueue V/MainApplication: non persistent result null
06-20 12:47:51.029 15813-16008/com.malvinstn.testqueue V/MainApplication: persistent result null
06-20 12:47:51.029 15813-16008/com.malvinstn.testqueue D/MainApplication: keep alive: 1466398085943949092
06-20 12:47:51.029 15813-16008/com.malvinstn.testqueue D/MainApplication: Consumer idle, will kill? false . isRunning: true
06-20 12:47:51.030 15813-16008/com.malvinstn.testqueue D/MainApplication: add delayed message Command[2] at time 1466398085943949092
06-20 12:47:51.030 15813-16008/com.malvinstn.testqueue D/MainApplication: poke consumer manager at 1466398085943949092
06-20 12:47:51.030 15813-18134/com.malvinstn.testqueue D/MainApplication: flushing messages at time 1466398071029946696
06-20 12:47:51.030 15813-18134/com.malvinstn.testqueue D/MainApplication: returning next ready at 14914002396 ns
06-20 12:47:51.030 15813-18134/com.malvinstn.testqueue D/MainApplication: [consumer_7] remove message null
06-20 12:47:51.030 15813-18134/com.malvinstn.testqueue D/MainApplication: [consumer_7] will wait on the lock until 1466398085943949092
06-20 12:47:51.030 15813-16008/com.malvinstn.testqueue D/MainApplication: [FW Scheduler] on finished job SchedulerConstraint{uuid='bd6ee108-bdc7-4e38-8c1e-9be011919639', delayInMs=4500000, networkStatus=1, overrideDeadlineInMs=null, data=android.app.job.JobParameters@f7732}. reschedule:false
06-20 12:47:51.031 15813-15813/com.malvinstn.testqueue D/com.malvinstn.testqueue.JobService: getJobManager() called with: 
06-20 12:47:51.031 15813-15813/com.malvinstn.testqueue D/MainApplication: MainApplication::getJobManager()
06-20 12:47:51.039 15813-16008/com.malvinstn.testqueue D/MainApplication: [FW Scheduler] scheduled a framework job. Success? true id: 1 created id: 37
06-20 12:47:51.039 15813-16008/com.malvinstn.testqueue D/MainApplication: [priority_mq] looking for next message at time 1466398071039016487
06-20 12:47:51.039 15813-16008/com.malvinstn.testqueue D/MainApplication: flushing messages at time 1466398071039016487
06-20 12:47:51.039 15813-16008/com.malvinstn.testqueue D/MainApplication: returning next ready at 11981915852 ns
06-20 12:47:51.039 15813-16008/com.malvinstn.testqueue D/MainApplication: [priority_mq] next delayed job 1466398083020932339
06-20 12:47:51.039 15813-16008/com.malvinstn.testqueue D/MainApplication: [queue_SCHEDULER_5] remove message null
06-20 12:47:51.039 15813-16008/com.malvinstn.testqueue D/MainApplication: [queue_RUN_JOB_RESULT_6] remove message null
06-20 12:47:51.039 15813-16008/com.malvinstn.testqueue D/MainApplication: [queue_ADD_JOB_2] remove message null
06-20 12:47:51.039 15813-16008/com.malvinstn.testqueue D/MainApplication: [queue_JOB_CONSUMER_IDLE_4] remove message null
06-20 12:47:51.039 15813-16008/com.malvinstn.testqueue D/MainApplication: joq idle. running:? true
06-20 12:47:51.040 15813-15813/com.malvinstn.testqueue D/com.malvinstn.testqueue.JobService: getJobManager() called with: 
06-20 12:47:51.040 15813-15813/com.malvinstn.testqueue D/MainApplication: MainApplication::getJobManager()
06-20 12:47:51.042 15813-16008/com.malvinstn.testqueue D/MainApplication: Job queue idle. next job at: 1466398083020932339
06-20 12:47:51.042 15813-16008/com.malvinstn.testqueue D/MainApplication: add delayed message com.birbit.android.jobqueue.messaging.message.ConstraintChangeMessage@e62639 at time 1466398083020932339
06-20 12:47:51.042 15813-15813/com.malvinstn.testqueue D/com.malvinstn.testqueue.JobService: getJobManager() called with: 
06-20 12:47:51.042 15813-15813/com.malvinstn.testqueue D/MainApplication: MainApplication::getJobManager()
06-20 12:47:51.042 15813-15813/com.malvinstn.testqueue D/MainApplication: [FW Scheduler] start job SchedulerConstraint{uuid='bd6ee108-bdc7-4e38-8c1e-9be011919639', delayInMs=5400000, networkStatus=1, overrideDeadlineInMs=null, data=null} 37
06-20 12:47:51.042 15813-16008/com.malvinstn.testqueue D/MainApplication: [priority_mq] did on idle post a message? true
06-20 12:47:51.042 15813-16008/com.malvinstn.testqueue D/MainApplication: [priority_mq] looking for next message at time 1466398071042619404
06-20 12:47:51.042 15813-16008/com.malvinstn.testqueue D/MainApplication: flushing messages at time 1466398071042619404
06-20 12:47:51.042 15813-16008/com.malvinstn.testqueue D/MainApplication: returning next ready at 11978312935 ns
06-20 12:47:51.042 15813-16008/com.malvinstn.testqueue D/MainApplication: [priority_mq] next delayed job 1466398083020932339
06-20 12:47:51.042 15813-16008/com.malvinstn.testqueue D/MainApplication: [queue_SCHEDULER_5] remove message null
06-20 12:47:51.043 15813-16008/com.malvinstn.testqueue D/MainApplication: [queue_RUN_JOB_RESULT_6] remove message null
06-20 12:47:51.043 15813-16008/com.malvinstn.testqueue D/MainApplication: [queue_ADD_JOB_2] remove message null
06-20 12:47:51.043 15813-16008/com.malvinstn.testqueue D/MainApplication: [queue_JOB_CONSUMER_IDLE_4] remove message null
06-20 12:47:51.043 15813-16008/com.malvinstn.testqueue D/MainApplication: [priority_mq] did on idle post a message? false
06-20 12:47:51.043 15813-15813/com.malvinstn.testqueue D/MainApplication: [queue_SCHEDULER_5] post message com.birbit.android.jobqueue.messaging.message.SchedulerMessage@de6d059
06-20 12:47:51.043 15813-16008/com.malvinstn.testqueue D/MainApplication: [priority_mq] looking for next message at time 1466398071043208414
06-20 12:47:51.043 15813-16008/com.malvinstn.testqueue D/MainApplication: flushing messages at time 1466398071043208414
06-20 12:47:51.043 15813-16008/com.malvinstn.testqueue D/MainApplication: returning next ready at 11977723925 ns
06-20 12:47:51.043 15813-16008/com.malvinstn.testqueue D/MainApplication: [priority_mq] next delayed job 1466398083020932339
06-20 12:47:51.043 15813-16008/com.malvinstn.testqueue D/MainApplication: [queue_SCHEDULER_5] remove message com.birbit.android.jobqueue.messaging.message.SchedulerMessage@de6d059
06-20 12:47:51.043 15813-16008/com.malvinstn.testqueue D/MainApplication: [priority_mq] consuming message of type SCHEDULER
06-20 12:47:51.044 15813-16008/com.malvinstn.testqueue D/MainApplication: considering adding a new consumer. Should poke all waiting? true isRunning? true waiting workers? 1
06-20 12:47:51.044 15813-16008/com.malvinstn.testqueue D/MainApplication: there are waiting workers, will poke them instead
06-20 12:47:51.044 15813-16008/com.malvinstn.testqueue D/MainApplication: [consumer_7] post message Command[2]
06-20 12:47:51.044 15813-16008/com.malvinstn.testqueue D/MainApplication: there were waiting workers, poked them and I'm done
06-20 12:47:51.044 15813-18134/com.malvinstn.testqueue D/MainApplication: flushing messages at time 1466398071044017112
06-20 12:47:51.044 15813-16008/com.malvinstn.testqueue D/MainApplication: [priority_mq] looking for next message at time 1466398071044051331
06-20 12:47:51.044 15813-18134/com.malvinstn.testqueue D/MainApplication: returning next ready at 14899931980 ns
06-20 12:47:51.044 15813-16008/com.malvinstn.testqueue D/MainApplication: flushing messages at time 1466398071044051331
06-20 12:47:51.044 15813-18134/com.malvinstn.testqueue D/MainApplication: [consumer_7] remove message Command[2]
06-20 12:47:51.044 15813-16008/com.malvinstn.testqueue D/MainApplication: returning next ready at 11976881008 ns
06-20 12:47:51.044 15813-18134/com.malvinstn.testqueue D/MainApplication: Consumer has been poked.
06-20 12:47:51.044 15813-18134/com.malvinstn.testqueue D/MainApplication: flushing messages at time 1466398071044186331
06-20 12:47:51.044 15813-16008/com.malvinstn.testqueue D/MainApplication: [priority_mq] next delayed job 1466398083020932339
06-20 12:47:51.044 15813-18134/com.malvinstn.testqueue D/MainApplication: returning next ready at 14899762761 ns
06-20 12:47:51.044 15813-16008/com.malvinstn.testqueue D/MainApplication: [queue_SCHEDULER_5] remove message null
06-20 12:47:51.044 15813-18134/com.malvinstn.testqueue D/MainApplication: [consumer_7] remove message null
06-20 12:47:51.044 15813-16008/com.malvinstn.testqueue D/MainApplication: [queue_RUN_JOB_RESULT_6] remove message null
06-20 12:47:51.044 15813-18134/com.malvinstn.testqueue D/MainApplication: consumer manager on idle
06-20 12:47:51.044 15813-16008/com.malvinstn.testqueue D/MainApplication: [queue_ADD_JOB_2] remove message null
06-20 12:47:51.044 15813-16008/com.malvinstn.testqueue D/MainApplication: [queue_JOB_CONSUMER_IDLE_4] remove message null
06-20 12:47:51.044 15813-18134/com.malvinstn.testqueue D/MainApplication: [queue_JOB_CONSUMER_IDLE_4] post message com.birbit.android.jobqueue.messaging.message.JobConsumerIdleMessage@358bca5
06-20 12:47:51.044 15813-18134/com.malvinstn.testqueue D/MainApplication: [consumer_7] will wait on the lock until 1466398085943949092
06-20 12:47:51.045 15813-16008/com.malvinstn.testqueue D/MainApplication: joq idle. running:? true
06-20 12:47:51.046 15813-16008/com.malvinstn.testqueue D/MainApplication: Job queue idle. next job at: 1466398083020932339
06-20 12:47:51.046 15813-16008/com.malvinstn.testqueue D/MainApplication: add delayed message com.birbit.android.jobqueue.messaging.message.ConstraintChangeMessage@ab9d47e at time 1466398083020932339
06-20 12:47:51.046 15813-16008/com.malvinstn.testqueue D/MainApplication: [priority_mq] did on idle post a message? true
06-20 12:47:51.046 15813-16008/com.malvinstn.testqueue D/MainApplication: [priority_mq] looking for next message at time 1466398071046490446
06-20 12:47:51.046 15813-16008/com.malvinstn.testqueue D/MainApplication: flushing messages at time 1466398071046490446
06-20 12:47:51.046 15813-16008/com.malvinstn.testqueue D/MainApplication: returning next ready at 11974441893 ns
06-20 12:47:51.046 15813-16008/com.malvinstn.testqueue D/MainApplication: [priority_mq] next delayed job 1466398083020932339
06-20 12:47:51.046 15813-16008/com.malvinstn.testqueue D/MainApplication: [queue_SCHEDULER_5] remove message null
06-20 12:47:51.046 15813-16008/com.malvinstn.testqueue D/MainApplication: [queue_RUN_JOB_RESULT_6] remove message null
06-20 12:47:51.046 15813-16008/com.malvinstn.testqueue D/MainApplication: [queue_ADD_JOB_2] remove message null
06-20 12:47:51.046 15813-16008/com.malvinstn.testqueue D/MainApplication: [queue_JOB_CONSUMER_IDLE_4] remove message com.birbit.android.jobqueue.messaging.message.JobConsumerIdleMessage@358bca5
06-20 12:47:51.047 15813-16008/com.malvinstn.testqueue D/MainApplication: [priority_mq] consuming message of type JOB_CONSUMER_IDLE
06-20 12:47:51.047 15813-16008/com.malvinstn.testqueue V/MainApplication: looking for next job
06-20 12:47:51.047 15813-16008/com.malvinstn.testqueue V/MainApplication: non persistent result null
06-20 12:47:51.048 15813-16008/com.malvinstn.testqueue V/MainApplication: persistent result null
06-20 12:47:51.048 15813-16008/com.malvinstn.testqueue D/MainApplication: keep alive: 1466398085943949092
06-20 12:47:51.048 15813-16008/com.malvinstn.testqueue D/MainApplication: Consumer idle, will kill? false . isRunning: true
06-20 12:47:51.048 15813-16008/com.malvinstn.testqueue D/MainApplication: add delayed message Command[2] at time 1466398085943949092
06-20 12:47:51.048 15813-16008/com.malvinstn.testqueue D/MainApplication: poke consumer manager at 1466398085943949092
06-20 12:47:51.048 15813-18134/com.malvinstn.testqueue D/MainApplication: flushing messages at time 1466398071048296018
06-20 12:47:51.048 15813-18134/com.malvinstn.testqueue D/MainApplication: returning next ready at 14895653074 ns
06-20 12:47:51.048 15813-18134/com.malvinstn.testqueue D/MainApplication: [consumer_7] remove message null
06-20 12:47:51.048 15813-18134/com.malvinstn.testqueue D/MainApplication: [consumer_7] will wait on the lock until 1466398085943949092
06-20 12:47:51.048 15813-16008/com.malvinstn.testqueue D/MainApplication: [FW Scheduler] on finished job SchedulerConstraint{uuid='bd6ee108-bdc7-4e38-8c1e-9be011919639', delayInMs=5400000, networkStatus=1, overrideDeadlineInMs=null, data=android.app.job.JobParameters@7520ddf}. reschedule:false
06-20 12:47:51.051 15813-15813/com.malvinstn.testqueue D/com.malvinstn.testqueue.JobService: getJobManager() called with: 
06-20 12:47:51.051 15813-15813/com.malvinstn.testqueue D/MainApplication: MainApplication::getJobManager()
06-20 12:47:51.057 15813-16008/com.malvinstn.testqueue D/MainApplication: [FW Scheduler] scheduled a framework job. Success? true id: 1 created id: 38
06-20 12:47:51.057 15813-16008/com.malvinstn.testqueue D/MainApplication: [priority_mq] looking for next message at time 1466398071057588571
06-20 12:47:51.057 15813-16008/com.malvinstn.testqueue D/MainApplication: flushing messages at time 1466398071057588571
06-20 12:47:51.057 15813-16008/com.malvinstn.testqueue D/MainApplication: returning next ready at 11963343768 ns
06-20 12:47:51.057 15813-16008/com.malvinstn.testqueue D/MainApplication: [priority_mq] next delayed job 1466398083020932339
06-20 12:47:51.057 15813-16008/com.malvinstn.testqueue D/MainApplication: [queue_SCHEDULER_5] remove message null
06-20 12:47:51.058 15813-16008/com.malvinstn.testqueue D/MainApplication: [queue_RUN_JOB_RESULT_6] remove message null
