06-21 17:01:30.431 4934-4953/com.malvinstn.testqueue D/MainApplication: flushing messages at time 1466499690430872187
06-21 17:01:30.431 4934-4953/com.malvinstn.testqueue D/MainApplication: returning next ready at 19179389616 ns
06-21 17:01:30.431 4934-5015/com.malvinstn.testqueue D/MainApplication: [consumer_3] remove message Command[2]
06-21 17:01:30.431 4934-5015/com.malvinstn.testqueue D/MainApplication: Consumer has been poked.
06-21 17:01:30.431 4934-4953/com.malvinstn.testqueue D/MainApplication: [priority_mq] next delayed job 1466499709610261803
06-21 17:01:30.431 4934-4953/com.malvinstn.testqueue D/MainApplication: [queue_SCHEDULER_5] remove message null
06-21 17:01:30.431 4934-5015/com.malvinstn.testqueue D/MainApplication: flushing messages at time 1466499690431024687
06-21 17:01:30.431 4934-4953/com.malvinstn.testqueue D/MainApplication: [queue_RUN_JOB_RESULT_6] remove message null
06-21 17:01:30.431 4934-5015/com.malvinstn.testqueue D/MainApplication: returning next ready at 14759109114 ns
06-21 17:01:30.431 4934-4953/com.malvinstn.testqueue D/MainApplication: [queue_ADD_JOB_2] remove message null
06-21 17:01:30.432 4934-4953/com.malvinstn.testqueue D/MainApplication: [queue_JOB_CONSUMER_IDLE_4] remove message null
06-21 17:01:30.432 4934-5015/com.malvinstn.testqueue D/MainApplication: [consumer_3] remove message null
06-21 17:01:30.432 4934-4953/com.malvinstn.testqueue D/MainApplication: joq idle. running:? true
06-21 17:01:30.432 4934-5015/com.malvinstn.testqueue D/MainApplication: consumer manager on idle
06-21 17:01:30.432 4934-5015/com.malvinstn.testqueue D/MainApplication: [queue_JOB_CONSUMER_IDLE_4] post message com.birbit.android.jobqueue.messaging.message.JobConsumerIdleMessage@dbd21b7
06-21 17:01:30.432 4934-5015/com.malvinstn.testqueue D/MainApplication: [consumer_3] will wait on the lock until 1466499705190133801
06-21 17:01:30.433 4934-4953/com.malvinstn.testqueue D/MainApplication: Job queue idle. next job at: 1466499709610261803
06-21 17:01:30.433 4934-4953/com.malvinstn.testqueue D/MainApplication: add delayed message com.birbit.android.jobqueue.messaging.message.ConstraintChangeMessage@72651a at time 1466499709610261803
06-21 17:01:30.433 4934-4953/com.malvinstn.testqueue D/MainApplication: [priority_mq] did on idle post a message? true
06-21 17:01:30.433 4934-4953/com.malvinstn.testqueue D/MainApplication: [priority_mq] looking for next message at time 1466499690432263385
06-21 17:01:30.433 4934-4953/com.malvinstn.testqueue D/MainApplication: flushing messages at time 1466499690432263385
06-21 17:01:30.433 4934-4953/com.malvinstn.testqueue D/MainApplication: returning next ready at 19177998418 ns
06-21 17:01:30.433 4934-4953/com.malvinstn.testqueue D/MainApplication: [priority_mq] next delayed job 1466499709610261803
06-21 17:01:30.433 4934-4953/com.malvinstn.testqueue D/MainApplication: [queue_SCHEDULER_5] remove message null
06-21 17:01:30.433 4934-4953/com.malvinstn.testqueue D/MainApplication: [queue_RUN_JOB_RESULT_6] remove message null
06-21 17:01:30.433 4934-4953/com.malvinstn.testqueue D/MainApplication: [queue_ADD_JOB_2] remove message null
06-21 17:01:30.433 4934-4953/com.malvinstn.testqueue D/MainApplication: [queue_JOB_CONSUMER_IDLE_4] remove message com.birbit.android.jobqueue.messaging.message.JobConsumerIdleMessage@dbd21b7
06-21 17:01:30.433 4934-4953/com.malvinstn.testqueue D/MainApplication: [priority_mq] consuming message of type JOB_CONSUMER_IDLE
06-21 17:01:30.433 4934-4953/com.malvinstn.testqueue V/MainApplication: looking for next job
06-21 17:01:30.433 4934-4953/com.malvinstn.testqueue V/MainApplication: non persistent result null
06-21 17:01:30.434 4934-4953/com.malvinstn.testqueue V/MainApplication: persistent result null
06-21 17:01:30.434 4934-4953/com.malvinstn.testqueue D/MainApplication: keep alive: 1466499705190133801
06-21 17:01:30.434 4934-4953/com.malvinstn.testqueue D/MainApplication: Consumer idle, will kill? false . isRunning: true
06-21 17:01:30.434 4934-4953/com.malvinstn.testqueue D/MainApplication: add delayed message Command[2] at time 1466499705190133801
06-21 17:01:30.434 4934-4953/com.malvinstn.testqueue D/MainApplication: poke consumer manager at 1466499705190133801
06-21 17:01:30.434 4934-5015/com.malvinstn.testqueue D/MainApplication: flushing messages at time 1466499690433881145
06-21 17:01:30.434 4934-5015/com.malvinstn.testqueue D/MainApplication: returning next ready at 14756252656 ns
06-21 17:01:30.434 4934-5015/com.malvinstn.testqueue D/MainApplication: [consumer_3] remove message null
06-21 17:01:30.434 4934-5015/com.malvinstn.testqueue D/MainApplication: [consumer_3] will wait on the lock until 1466499705190133801
06-21 17:01:30.435 4934-4953/com.malvinstn.testqueue D/MainApplication: [FW Scheduler] on finished job SchedulerConstraint{uuid='ba4d5780-85eb-4c15-b6bf-7daa76238ee2', delayInMs=14400000, networkStatus=1, overrideDeadlineInMs=null, data=android.app.job.JobParameters@79f284b}. reschedule:false
06-21 17:01:30.436 4934-4934/com.malvinstn.testqueue D/com.malvinstn.testqueue.JobService: getJobManager() called with: 
06-21 17:01:30.436 4934-4934/com.malvinstn.testqueue D/MainApplication: MainApplication::getJobManager()
06-21 17:01:30.440 4934-4953/com.malvinstn.testqueue D/MainApplication: [FW Scheduler] scheduled a framework job. Success? true id: 1 created id: 2062
06-21 17:01:30.440 4934-4953/com.malvinstn.testqueue D/MainApplication: [priority_mq] looking for next message at time 1466499690439262447
06-21 17:01:30.440 4934-4953/com.malvinstn.testqueue D/MainApplication: flushing messages at time 1466499690439262447
06-21 17:01:30.440 4934-4953/com.malvinstn.testqueue D/MainApplication: returning next ready at 19170999356 ns
06-21 17:01:30.440 4934-4953/com.malvinstn.testqueue D/MainApplication: [priority_mq] next delayed job 1466499709610261803
06-21 17:01:30.440 4934-4953/com.malvinstn.testqueue D/MainApplication: [queue_SCHEDULER_5] remove message null
06-21 17:01:30.440 4934-4953/com.malvinstn.testqueue D/MainApplication: [queue_RUN_JOB_RESULT_6] remove message null
06-21 17:01:30.440 4934-4953/com.malvinstn.testqueue D/MainApplication: [queue_ADD_JOB_2] remove message null
06-21 17:01:30.440 4934-4953/com.malvinstn.testqueue D/MainApplication: [queue_JOB_CONSUMER_IDLE_4] remove message null
06-21 17:01:30.440 4934-4953/com.malvinstn.testqueue D/MainApplication: joq idle. running:? true
06-21 17:01:30.441 4934-4934/com.malvinstn.testqueue D/com.malvinstn.testqueue.JobService: getJobManager() called with: 
06-21 17:01:30.441 4934-4934/com.malvinstn.testqueue D/MainApplication: MainApplication::getJobManager()
06-21 17:01:30.443 4934-4953/com.malvinstn.testqueue D/MainApplication: Job queue idle. next job at: 1466499709610261803
06-21 17:01:30.443 4934-4953/com.malvinstn.testqueue D/MainApplication: add delayed message com.birbit.android.jobqueue.messaging.message.ConstraintChangeMessage@8c1b8e6 at time 1466499709610261803
06-21 17:01:30.443 4934-4953/com.malvinstn.testqueue D/MainApplication: [priority_mq] did on idle post a message? true
06-21 17:01:30.443 4934-4953/com.malvinstn.testqueue D/MainApplication: [priority_mq] looking for next message at time 1466499690442476198
06-21 17:01:30.443 4934-4953/com.malvinstn.testqueue D/MainApplication: flushing messages at time 1466499690442476198
06-21 17:01:30.443 4934-4953/com.malvinstn.testqueue D/MainApplication: returning next ready at 19167785605 ns
06-21 17:01:30.443 4934-4953/com.malvinstn.testqueue D/MainApplication: [priority_mq] next delayed job 1466499709610261803
06-21 17:01:30.443 4934-4953/com.malvinstn.testqueue D/MainApplication: [queue_SCHEDULER_5] remove message null
06-21 17:01:30.443 4934-4953/com.malvinstn.testqueue D/MainApplication: [queue_RUN_JOB_RESULT_6] remove message null
06-21 17:01:30.443 4934-4953/com.malvinstn.testqueue D/MainApplication: [queue_ADD_JOB_2] remove message null
06-21 17:01:30.443 4934-4953/com.malvinstn.testqueue D/MainApplication: [queue_JOB_CONSUMER_IDLE_4] remove message null
06-21 17:01:30.443 4934-4953/com.malvinstn.testqueue D/MainApplication: [priority_mq] did on idle post a message? false
06-21 17:01:30.444 4934-4934/com.malvinstn.testqueue D/com.malvinstn.testqueue.JobService: getJobManager() called with: 
06-21 17:01:30.444 4934-4934/com.malvinstn.testqueue D/MainApplication: MainApplication::getJobManager()
06-21 17:01:30.444 4934-4934/com.malvinstn.testqueue D/MainApplication: [FW Scheduler] start job SchedulerConstraint{uuid='ba4d5780-85eb-4c15-b6bf-7daa76238ee2', delayInMs=15300000, networkStatus=1, overrideDeadlineInMs=null, data=null} 2062
06-21 17:01:30.444 4934-4934/com.malvinstn.testqueue D/MainApplication: [queue_SCHEDULER_5] post message com.birbit.android.jobqueue.messaging.message.SchedulerMessage@a788cb
06-21 17:01:30.444 4934-4953/com.malvinstn.testqueue D/MainApplication: [priority_mq] looking for next message at time 1466499690443428854
06-21 17:01:30.444 4934-4953/com.malvinstn.testqueue D/MainApplication: flushing messages at time 1466499690443428854
06-21 17:01:30.444 4934-4953/com.malvinstn.testqueue D/MainApplication: returning next ready at 19166832949 ns
06-21 17:01:30.444 4934-4953/com.malvinstn.testqueue D/MainApplication: [priority_mq] next delayed job 1466499709610261803
06-21 17:01:30.444 4934-4953/com.malvinstn.testqueue D/MainApplication: [queue_SCHEDULER_5] remove message com.birbit.android.jobqueue.messaging.message.SchedulerMessage@a788cb
06-21 17:01:30.444 4934-4953/com.malvinstn.testqueue D/MainApplication: [priority_mq] consuming message of type SCHEDULER
06-21 17:01:30.444 4934-4953/com.malvinstn.testqueue D/MainApplication: considering adding a new consumer. Should poke all waiting? true isRunning? true waiting workers? 1
06-21 17:01:30.444 4934-4953/com.malvinstn.testqueue D/MainApplication: there are waiting workers, will poke them instead
06-21 17:01:30.444 4934-4953/com.malvinstn.testqueue D/MainApplication: [consumer_3] post message Command[2]
06-21 17:01:30.445 4934-4953/com.malvinstn.testqueue D/MainApplication: there were waiting workers, poked them and I'm done
06-21 17:01:30.445 4934-5015/com.malvinstn.testqueue D/MainApplication: flushing messages at time 1466499690444160885
06-21 17:01:30.445 4934-4953/com.malvinstn.testqueue D/MainApplication: [priority_mq] looking for next message at time 1466499690444190156
06-21 17:01:30.445 4934-5015/com.malvinstn.testqueue D/MainApplication: returning next ready at 14745972916 ns
06-21 17:01:30.445 4934-4953/com.malvinstn.testqueue D/MainApplication: flushing messages at time 1466499690444190156
06-21 17:01:30.445 4934-4953/com.malvinstn.testqueue D/MainApplication: returning next ready at 19166071647 ns
06-21 17:01:30.445 4934-5015/com.malvinstn.testqueue D/MainApplication: [consumer_3] remove message Command[2]
06-21 17:01:30.445 4934-4953/com.malvinstn.testqueue D/MainApplication: [priority_mq] next delayed job 1466499709610261803
06-21 17:01:30.445 4934-5015/com.malvinstn.testqueue D/MainApplication: Consumer has been poked.
06-21 17:01:30.445 4934-4953/com.malvinstn.testqueue D/MainApplication: [queue_SCHEDULER_5] remove message null
06-21 17:01:30.445 4934-5015/com.malvinstn.testqueue D/MainApplication: flushing messages at time 1466499690444350156
06-21 17:01:30.445 4934-4953/com.malvinstn.testqueue D/MainApplication: [queue_RUN_JOB_RESULT_6] remove message null
06-21 17:01:30.445 4934-4953/com.malvinstn.testqueue D/MainApplication: [queue_ADD_JOB_2] remove message null
06-21 17:01:30.445 4934-5015/com.malvinstn.testqueue D/MainApplication: returning next ready at 14745783645 ns
06-21 17:01:30.445 4934-4953/com.malvinstn.testqueue D/MainApplication: [queue_JOB_CONSUMER_IDLE_4] remove message null
06-21 17:01:30.445 4934-5015/com.malvinstn.testqueue D/MainApplication: [consumer_3] remove message null
06-21 17:01:30.445 4934-4953/com.malvinstn.testqueue D/MainApplication: joq idle. running:? true
06-21 17:01:30.445 4934-5015/com.malvinstn.testqueue D/MainApplication: consumer manager on idle
06-21 17:01:30.445 4934-5015/com.malvinstn.testqueue D/MainApplication: [queue_JOB_CONSUMER_IDLE_4] post message com.birbit.android.jobqueue.messaging.message.JobConsumerIdleMessage@dbd21b7
06-21 17:01:30.445 4934-5015/com.malvinstn.testqueue D/MainApplication: [consumer_3] will wait on the lock until 1466499705190133801
06-21 17:01:30.446 4934-4953/com.malvinstn.testqueue D/MainApplication: Job queue idle. next job at: 1466499709610261803
06-21 17:01:30.446 4934-4953/com.malvinstn.testqueue D/MainApplication: add delayed message com.birbit.android.jobqueue.messaging.message.ConstraintChangeMessage@8b5fe27 at time 1466499709610261803
06-21 17:01:30.446 4934-4953/com.malvinstn.testqueue D/MainApplication: [priority_mq] did on idle post a message? true
06-21 17:01:30.446 4934-4953/com.malvinstn.testqueue D/MainApplication: [priority_mq] looking for next message at time 1466499690445722083
06-21 17:01:30.446 4934-4953/com.malvinstn.testqueue D/MainApplication: flushing messages at time 1466499690445722083
06-21 17:01:30.446 4934-4953/com.malvinstn.testqueue D/MainApplication: returning next ready at 19164539720 ns
06-21 17:01:30.446 4934-4953/com.malvinstn.testqueue D/MainApplication: [priority_mq] next delayed job 1466499709610261803
06-21 17:01:30.446 4934-4953/com.malvinstn.testqueue D/MainApplication: [queue_SCHEDULER_5] remove message null
06-21 17:01:30.446 4934-4953/com.malvinstn.testqueue D/MainApplication: [queue_RUN_JOB_RESULT_6] remove message null
06-21 17:01:30.446 4934-4953/com.malvinstn.testqueue D/MainApplication: [queue_ADD_JOB_2] remove message null
06-21 17:01:30.446 4934-4953/com.malvinstn.testqueue D/MainApplication: [queue_JOB_CONSUMER_IDLE_4] remove message com.birbit.android.jobqueue.messaging.message.JobConsumerIdleMessage@dbd21b7
06-21 17:01:30.446 4934-4953/com.malvinstn.testqueue D/MainApplication: [priority_mq] consuming message of type JOB_CONSUMER_IDLE
06-21 17:01:30.447 4934-4953/com.malvinstn.testqueue V/MainApplication: looking for next job
06-21 17:01:30.447 4934-4953/com.malvinstn.testqueue V/MainApplication: non persistent result null
06-21 17:01:30.448 4934-4953/com.malvinstn.testqueue V/MainApplication: persistent result null
06-21 17:01:30.448 4934-4953/com.malvinstn.testqueue D/MainApplication: keep alive: 1466499705190133801
06-21 17:01:30.448 4934-4953/com.malvinstn.testqueue D/MainApplication: Consumer idle, will kill? false . isRunning: true
06-21 17:01:30.448 4934-4953/com.malvinstn.testqueue D/MainApplication: add delayed message Command[2] at time 1466499705190133801
06-21 17:01:30.448 4934-4953/com.malvinstn.testqueue D/MainApplication: poke consumer manager at 1466499705190133801
06-21 17:01:30.448 4934-5015/com.malvinstn.testqueue D/MainApplication: flushing messages at time 1466499690447323645
06-21 17:01:30.448 4934-5015/com.malvinstn.testqueue D/MainApplication: returning next ready at 14742810156 ns
06-21 17:01:30.448 4934-5015/com.malvinstn.testqueue D/MainApplication: [consumer_3] remove message null
06-21 17:01:30.448 4934-5015/com.malvinstn.testqueue D/MainApplication: [consumer_3] will wait on the lock until 1466499705190133801
06-21 17:01:30.448 4934-4953/com.malvinstn.testqueue D/MainApplication: [FW Scheduler] on finished job SchedulerConstraint{uuid='ba4d5780-85eb-4c15-b6bf-7daa76238ee2', delayInMs=15300000, networkStatus=1, overrideDeadlineInMs=null, data=android.app.job.JobParameters@21748d4}. reschedule:false
06-21 17:01:30.449 4934-4934/com.malvinstn.testqueue D/com.malvinstn.testqueue.JobService: getJobManager() called with: 
06-21 17:01:30.449 4934-4934/com.malvinstn.testqueue D/MainApplication: MainApplication::getJobManager()
06-21 17:01:30.455 4934-4953/com.malvinstn.testqueue D/MainApplication: [FW Scheduler] scheduled a framework job. Success? true id: 1 created id: 2063
06-21 17:01:30.455 4934-4953/com.malvinstn.testqueue D/MainApplication: [priority_mq] looking for next message at time 1466499690454846562
06-21 17:01:30.455 4934-4953/com.malvinstn.testqueue D/MainApplication: flushing messages at time 1466499690454846562
06-21 17:01:30.455 4934-4953/com.malvinstn.testqueue D/MainApplication: returning next ready at 19155415241 ns
06-21 17:01:30.455 4934-4953/com.malvinstn.testqueue D/MainApplication: [priority_mq] next delayed job 1466499709610261803
06-21 17:01:30.455 4934-4953/com.malvinstn.testqueue D/MainApplication: [queue_SCHEDULER_5] remove message null
06-21 17:01:30.455 4934-4953/com.malvinstn.testqueue D/MainApplication: [queue_RUN_JOB_RESULT_6] remove message null
06-21 17:01:30.455 4934-4953/com.malvinstn.testqueue D/MainApplication: [queue_ADD_JOB_2] remove message null
06-21 17:01:30.456 4934-4953/com.malvinstn.testqueue D/MainApplication: [queue_JOB_CONSUMER_IDLE_4] remove message null
06-21 17:01:30.456 4934-4953/com.malvinstn.testqueue D/MainApplication: joq idle. running:? true
06-21 17:01:30.457 4934-4953/com.malvinstn.testqueue D/MainApplication: Job queue idle. next job at: 1466499709610261803
06-21 17:01:30.457 4934-4953/com.malvinstn.testqueue D/MainApplication: add delayed message com.birbit.android.jobqueue.messaging.message.ConstraintChangeMessage@f607d72 at time 1466499709610261803
06-21 17:01:30.457 4934-4953/com.malvinstn.testqueue D/MainApplication: [priority_mq] did on idle post a message? true
06-21 17:01:30.457 4934-4953/com.malvinstn.testqueue D/MainApplication: [priority_mq] looking for next message at time 1466499690456476927
06-21 17:01:30.457 4934-4953/com.malvinstn.testqueue D/MainApplication: flushing messages at time 1466499690456476927
06-21 17:01:30.457 4934-4953/com.malvinstn.testqueue D/MainApplication: returning next ready at 19153784876 ns
06-21 17:01:30.457 4934-4953/com.malvinstn.testqueue D/MainApplication: [priority_mq] next delayed job 1466499709610261803
06-21 17:01:30.457 4934-4953/com.malvinstn.testqueue D/MainApplication: [queue_SCHEDULER_5] remove message null
06-21 17:01:30.457 4934-4953/com.malvinstn.testqueue D/MainApplication: [queue_RUN_JOB_RESULT_6] remove message null
06-21 17:01:30.457 4934-4953/com.malvinstn.testqueue D/MainApplication: [queue_ADD_JOB_2] remove message null
06-21 17:01:30.457 4934-4953/com.malvinstn.testqueue D/MainApplication: [queue_JOB_CONSUMER_IDLE_4] remove message null
06-21 17:01:30.457 4934-4953/com.malvinstn.testqueue D/MainApplication: [priority_mq] did on idle post a message? false
06-21 17:01:30.458 4934-4934/com.malvinstn.testqueue D/com.malvinstn.testqueue.JobService: getJobManager() called with: 
06-21 17:01:30.458 4934-4934/com.malvinstn.testqueue D/MainApplication: MainApplication::getJobManager()
06-21 17:01:30.459 4934-4934/com.malvinstn.testqueue D/com.malvinstn.testqueue.JobService: getJobManager() called with: 
06-21 17:01:30.459 4934-4934/com.malvinstn.testqueue D/MainApplication: MainApplication::getJobManager()
06-21 17:01:30.459 4934-4934/com.malvinstn.testqueue D/MainApplication: [FW Scheduler] start job SchedulerConstraint{uuid='ba4d5780-85eb-4c15-b6bf-7daa76238ee2', delayInMs=16200000, networkStatus=1, overrideDeadlineInMs=null, data=null} 2063
06-21 17:01:30.459 4934-4934/com.malvinstn.testqueue D/MainApplication: [queue_SCHEDULER_5] post message com.birbit.android.jobqueue.messaging.message.SchedulerMessage@a788cb
06-21 17:01:30.459 4934-4953/com.malvinstn.testqueue D/MainApplication: [priority_mq] looking for next message at time 1466499690458950780
06-21 17:01:30.459 4934-4953/com.malvinstn.testqueue D/MainApplication: flushing messages at time 1466499690458950780
06-21 17:01:30.459 4934-4953/com.malvinstn.testqueue D/MainApplication: returning next ready at 19151311023 ns
06-21 17:01:30.459 4934-4953/com.malvinstn.testqueue D/MainApplication: [priority_mq] next delayed job 1466499709610261803
06-21 17:01:30.460 4934-4953/com.malvinstn.testqueue D/MainApplication: [queue_SCHEDULER_5] remove message com.birbit.android.jobqueue.messaging.message.SchedulerMessage@a788cb
06-21 17:01:30.460 4934-4953/com.malvinstn.testqueue D/MainApplication: [priority_mq] consuming message of type SCHEDULER
06-21 17:01:30.460 4934-4953/com.malvinstn.testqueue D/MainApplication: considering adding a new consumer. Should poke all waiting? true isRunning? true waiting workers? 1
06-21 17:01:30.460 4934-4953/com.malvinstn.testqueue D/MainApplication: there are waiting workers, will poke them instead
06-21 17:01:30.460 4934-4953/com.malvinstn.testqueue D/MainApplication: [consumer_3] post message Command[2]
06-21 17:01:30.460 4934-4953/com.malvinstn.testqueue D/MainApplication: there were waiting workers, poked them and I'm done
06-21 17:01:30.460 4934-5015/com.malvinstn.testqueue D/MainApplication: flushing messages at time 1466499690459702239
06-21 17:01:30.460 4934-4953/com.malvinstn.testqueue D/MainApplication: [priority_mq] looking for next message at time 1466499690459728853
06-21 17:01:30.460 4934-5015/com.malvinstn.testqueue D/MainApplication: returning next ready at 14730431562 ns
06-21 17:01:30.460 4934-4953/com.malvinstn.testqueue D/MainApplication: flushing messages at time 1466499690459728853
06-21 17:01:30.460 4934-4953/com.malvinstn.testqueue D/MainApplication: returning next ready at 19150532950 ns
06-21 17:01:30.460 4934-5015/com.malvinstn.testqueue D/MainApplication: [consumer_3] remove message Command[2]
06-21 17:01:30.460 4934-4953/com.malvinstn.testqueue D/MainApplication: [priority_mq] next delayed job 1466499709610261803
06-21 17:01:30.460 4934-5015/com.malvinstn.testqueue D/MainApplication: Consumer has been poked.
06-21 17:01:30.460 4934-4953/com.malvinstn.testqueue D/MainApplication: [queue_SCHEDULER_5] remove message null
06-21 17:01:30.460 4934-5015/com.malvinstn.testqueue D/MainApplication: flushing messages at time 1466499690459879322
06-21 17:01:30.460 4934-4953/com.malvinstn.testqueue D/MainApplication: [queue_RUN_JOB_RESULT_6] remove message null
06-21 17:01:30.460 4934-5015/com.malvinstn.testqueue D/MainApplication: returning next ready at 14730254479 ns
06-21 17:01:30.460 4934-4953/com.malvinstn.testqueue D/MainApplication: [queue_ADD_JOB_2] remove message null
06-21 17:01:30.460 4934-5015/com.malvinstn.testqueue D/MainApplication: [consumer_3] remove message null
06-21 17:01:30.460 4934-4953/com.malvinstn.testqueue D/MainApplication: [queue_JOB_CONSUMER_IDLE_4] remove message null
06-21 17:01:30.460 4934-5015/com.malvinstn.testqueue D/MainApplication: consumer manager on idle
06-21 17:01:30.460 4934-4953/com.malvinstn.testqueue D/MainApplication: joq idle. running:? true
06-21 17:01:30.460 4934-5015/com.malvinstn.testqueue D/MainApplication: [queue_JOB_CONSUMER_IDLE_4] post message com.birbit.android.jobqueue.messaging.message.JobConsumerIdleMessage@dbd21b7
06-21 17:01:30.461 4934-5015/com.malvinstn.testqueue D/MainApplication: [consumer_3] will wait on the lock until 1466499705190133801
06-21 17:01:30.461 4934-4953/com.malvinstn.testqueue D/MainApplication: Job queue idle. next job at: 1466499709610261803
06-21 17:01:30.461 4934-4953/com.malvinstn.testqueue D/MainApplication: add delayed message com.birbit.android.jobqueue.messaging.message.ConstraintChangeMessage@40a1e40 at time 1466499709610261803
06-21 17:01:30.461 4934-4953/com.malvinstn.testqueue D/MainApplication: [priority_mq] did on idle post a message? true
06-21 17:01:30.461 4934-4953/com.malvinstn.testqueue D/MainApplication: [priority_mq] looking for next message at time 1466499690461019687
06-21 17:01:30.461 4934-4953/com.malvinstn.testqueue D/MainApplication: flushing messages at time 1466499690461019687
06-21 17:01:30.462 4934-4953/com.malvinstn.testqueue D/MainApplication: returning next ready at 19149242116 ns
06-21 17:01:30.462 4934-4953/com.malvinstn.testqueue D/MainApplication: [priority_mq] next delayed job 1466499709610261803
06-21 17:01:30.462 4934-4953/com.malvinstn.testqueue D/MainApplication: [queue_SCHEDULER_5] remove message null
06-21 17:01:30.462 4934-4953/com.malvinstn.testqueue D/MainApplication: [queue_RUN_JOB_RESULT_6] remove message null
06-21 17:01:30.462 4934-4953/com.malvinstn.testqueue D/MainApplication: [queue_ADD_JOB_2] remove message null
06-21 17:01:30.462 4934-4953/com.malvinstn.testqueue D/MainApplication: [queue_JOB_CONSUMER_IDLE_4] remove message com.birbit.android.jobqueue.messaging.message.JobConsumerIdleMessage@dbd21b7
06-21 17:01:30.462 4934-4953/com.malvinstn.testqueue D/MainApplication: [priority_mq] consuming message of type JOB_CONSUMER_IDLE
06-21 17:01:30.462 4934-4953/com.malvinstn.testqueue V/MainApplication: looking for next job
06-21 17:01:30.462 4934-4953/com.malvinstn.testqueue V/MainApplication: non persistent result null
06-21 17:01:30.463 4934-4953/com.malvinstn.testqueue V/MainApplication: persistent result null
06-21 17:01:30.463 4934-4953/com.malvinstn.testqueue D/MainApplication: keep alive: 1466499705190133801
06-21 17:01:30.463 4934-4953/com.malvinstn.testqueue D/MainApplication: Consumer idle, will kill? false . isRunning: true
06-21 17:01:30.463 4934-4953/com.malvinstn.testqueue D/MainApplication: add delayed message Command[2] at time 1466499705190133801
06-21 17:01:30.463 4934-5015/com.malvinstn.testqueue D/MainApplication: flushing messages at time 1466499690462796302
06-21 17:01:30.463 4934-5015/com.malvinstn.testqueue D/MainApplication: returning next ready at 14727337499 ns
06-21 17:01:30.463 4934-5015/com.malvinstn.testqueue D/MainApplication: [consumer_3] remove message null
06-21 17:01:30.463 4934-5015/com.malvinstn.testqueue D/MainApplication: [consumer_3] will wait on the lock until 1466499705190133801
06-21 17:01:30.463 4934-4953/com.malvinstn.testqueue D/MainApplication: poke consumer manager at 1466499705190133801
06-21 17:01:30.464 4934-4953/com.malvinstn.testqueue D/MainApplication: [FW Scheduler] on finished job SchedulerConstraint{uuid='ba4d5780-85eb-4c15-b6bf-7daa76238ee2', delayInMs=16200000, networkStatus=1, overrideDeadlineInMs=null, data=android.app.job.JobParameters@3069179}. reschedule:false
06-21 17:01:30.465 4934-4934/com.malvinstn.testqueue D/com.malvinstn.testqueue.JobService: getJobManager() called with: 
06-21 17:01:30.465 4934-4934/com.malvinstn.testqueue D/MainApplication: MainApplication::getJobManager()
06-21 17:01:30.469 4934-4953/com.malvinstn.testqueue D/MainApplication: [FW Scheduler] scheduled a framework job. Success? true id: 1 created id: 2064
06-21 17:01:30.469 4934-4953/com.malvinstn.testqueue D/MainApplication: [priority_mq] looking for next message at time 1466499690469078020
06-21 17:01:30.470 4934-4953/com.malvinstn.testqueue D/MainApplication: flushing messages at time 1466499690469078020
06-21 17:01:30.470 4934-4953/com.malvinstn.testqueue D/MainApplication: returning next ready at 19141183783 ns
06-21 17:01:30.470 4934-4953/com.malvinstn.testqueue D/MainApplication: [priority_mq] next delayed job 1466499709610261803
06-21 17:01:30.470 4934-4953/com.malvinstn.testqueue D/MainApplication: [queue_SCHEDULER_5] remove message null
06-21 17:01:30.470 4934-4953/com.malvinstn.testqueue D/MainApplication: [queue_RUN_JOB_RESULT_6] remove message null
06-21 17:01:30.470 4934-4953/com.malvinstn.testqueue D/MainApplication: [queue_ADD_JOB_2] remove message null
06-21 17:01:30.470 4934-4953/com.malvinstn.testqueue D/MainApplication: [queue_JOB_CONSUMER_IDLE_4] remove message null
06-21 17:01:30.470 4934-4953/com.malvinstn.testqueue D/MainApplication: joq idle. running:? true
06-21 17:01:30.471 4934-4953/com.malvinstn.testqueue D/MainApplication: Job queue idle. next job at: 1466499709610261803
06-21 17:01:30.471 4934-4934/com.malvinstn.testqueue D/com.malvinstn.testqueue.JobService: getJobManager() called with: 
06-21 17:01:30.471 4934-4934/com.malvinstn.testqueue D/MainApplication: MainApplication::getJobManager()
06-21 17:01:30.471 4934-4953/com.malvinstn.testqueue D/MainApplication: add delayed message com.birbit.android.jobqueue.messaging.message.ConstraintChangeMessage@5a28b1f at time 1466499709610261803
06-21 17:01:30.471 4934-4953/com.malvinstn.testqueue D/MainApplication: [priority_mq] did on idle post a message? true
06-21 17:01:30.471 4934-4953/com.malvinstn.testqueue D/MainApplication: [priority_mq] looking for next message at time 1466499690470692187
06-21 17:01:30.471 4934-4953/com.malvinstn.testqueue D/MainApplication: flushing messages at time 1466499690470692187
06-21 17:01:30.471 4934-4953/com.malvinstn.testqueue D/MainApplication: returning next ready at 19139569616 ns
06-21 17:01:30.471 4934-4953/com.malvinstn.testqueue D/MainApplication: [priority_mq] next delayed job 1466499709610261803
06-21 17:01:30.471 4934-4953/com.malvinstn.testqueue D/MainApplication: [queue_SCHEDULER_5] remove message null
06-21 17:01:30.471 4934-4953/com.malvinstn.testqueue D/MainApplication: [queue_RUN_JOB_RESULT_6] remove message null
06-21 17:01:30.471 4934-4953/com.malvinstn.testqueue D/MainApplication: [queue_ADD_JOB_2] remove message null
06-21 17:01:30.471 4934-4953/com.malvinstn.testqueue D/MainApplication: [queue_JOB_CONSUMER_IDLE_4] remove message null
06-21 17:01:30.471 4934-4953/com.malvinstn.testqueue D/MainApplication: [priority_mq] did on idle post a message? false
06-21 17:01:30.472 4934-4934/com.malvinstn.testqueue D/com.malvinstn.testqueue.JobService: getJobManager() called with: 
06-21 17:01:30.472 4934-4934/com.malvinstn.testqueue D/MainApplication: MainApplication::getJobManager()
06-21 17:01:30.472 4934-4934/com.malvinstn.testqueue D/MainApplication: [FW Scheduler] start job SchedulerConstraint{uuid='ba4d5780-85eb-4c15-b6bf-7daa76238ee2', delayInMs=17100000, networkStatus=1, overrideDeadlineInMs=null, data=null} 2064
06-21 17:01:30.472 4934-4934/com.malvinstn.testqueue D/MainApplication: [queue_SCHEDULER_5] post message com.birbit.android.jobqueue.messaging.message.SchedulerMessage@a788cb
06-21 17:01:30.472 4934-4953/com.malvinstn.testqueue D/MainApplication: [priority_mq] looking for next message at time 1466499690471995885
06-21 17:01:30.472 4934-4953/com.malvinstn.testqueue D/MainApplication: flushing messages at time 1466499690471995885
06-21 17:01:30.472 4934-4953/com.malvinstn.testqueue D/MainApplication: returning next ready at 19138265918 ns
06-21 17:01:30.473 4934-4953/com.malvinstn.testqueue D/MainApplication: [priority_mq] next delayed job 1466499709610261803
06-21 17:01:30.473 4934-4953/com.malvinstn.testqueue D/MainApplication: [queue_SCHEDULER_5] remove message com.birbit.android.jobqueue.messaging.message.SchedulerMessage@a788cb
06-21 17:01:30.473 4934-4953/com.malvinstn.testqueue D/MainApplication: [priority_mq] consuming message of type SCHEDULER
06-21 17:01:30.473 4934-4953/com.malvinstn.testqueue D/MainApplication: considering adding a new consumer. Should poke all waiting? true isRunning? true waiting workers? 1
06-21 17:01:30.473 4934-4953/com.malvinstn.testqueue D/MainApplication: there are waiting workers, will poke them instead
06-21 17:01:30.473 4934-4953/com.malvinstn.testqueue D/MainApplication: [consumer_3] post message Command[2]
06-21 17:01:30.473 4934-4953/com.malvinstn.testqueue D/MainApplication: there were waiting workers, poked them and I'm done
06-21 17:01:30.473 4934-5015/com.malvinstn.testqueue D/MainApplication: flushing messages at time 1466499690472731718
06-21 17:01:30.473 4934-4953/com.malvinstn.testqueue D/MainApplication: [priority_mq] looking for next message at time 1466499690472762968
06-21 17:01:30.473 4934-5015/com.malvinstn.testqueue D/MainApplication: returning next ready at 14717402083 ns
06-21 17:01:30.473 4934-4953/com.malvinstn.testqueue D/MainApplication: flushing messages at time 1466499690472762968
06-21 17:01:30.473 4934-5015/com.malvinstn.testqueue D/MainApplication: [consumer_3] remove message Command[2]
06-21 17:01:30.473 4934-4953/com.malvinstn.testqueue D/MainApplication: returning next ready at 19137498835 ns
06-21 17:01:30.473 4934-5015/com.malvinstn.testqueue D/MainApplication: Consumer has been poked.
06-21 17:01:30.473 4934-4953/com.malvinstn.testqueue D/MainApplication: [priority_mq] next delayed job 1466499709610261803
06-21 17:01:30.473 4934-5015/com.malvinstn.testqueue D/MainApplication: flushing messages at time 1466499690472885156
06-21 17:01:30.473 4934-4953/com.malvinstn.testqueue D/MainApplication: [queue_SCHEDULER_5] remove message null
06-21 17:01:30.473 4934-5015/com.malvinstn.testqueue D/MainApplication: returning next ready at 14717248645 ns
06-21 17:01:30.473 4934-4953/com.malvinstn.testqueue D/MainApplication: [queue_RUN_JOB_RESULT_6] remove message null
06-21 17:01:30.473 4934-5015/com.malvinstn.testqueue D/MainApplication: [consumer_3] remove message null
06-21 17:01:30.473 4934-4953/com.malvinstn.testqueue D/MainApplication: [queue_ADD_JOB_2] remove message null
06-21 17:01:30.473 4934-5015/com.malvinstn.testqueue D/MainApplication: consumer manager on idle
06-21 17:01:30.473 4934-4953/com.malvinstn.testqueue D/MainApplication: [queue_JOB_CONSUMER_IDLE_4] remove message null
06-21 17:01:30.473 4934-4953/com.malvinstn.testqueue D/MainApplication: joq idle. running:? true
06-21 17:01:30.473 4934-5015/com.malvinstn.testqueue D/MainApplication: [queue_JOB_CONSUMER_IDLE_4] post message com.birbit.android.jobqueue.messaging.message.JobConsumerIdleMessage@dbd21b7
06-21 17:01:30.474 4934-5015/com.malvinstn.testqueue D/MainApplication: [consumer_3] will wait on the lock until 1466499705190133801
06-21 17:01:30.474 4934-4953/com.malvinstn.testqueue D/MainApplication: Job queue idle. next job at: 1466499709610261803
06-21 17:01:30.475 4934-4953/com.malvinstn.testqueue D/MainApplication: add delayed message com.birbit.android.jobqueue.messaging.message.ConstraintChangeMessage@2d5cc35 at time 1466499709610261803
06-21 17:01:30.475 4934-4953/com.malvinstn.testqueue D/MainApplication: [priority_mq] did on idle post a message? true
06-21 17:01:30.475 4934-4953/com.malvinstn.testqueue D/MainApplication: [priority_mq] looking for next message at time 1466499690474239687
06-21 17:01:30.475 4934-4953/com.malvinstn.testqueue D/MainApplication: flushing messages at time 1466499690474239687
06-21 17:01:30.475 4934-4953/com.malvinstn.testqueue D/MainApplication: returning next ready at 19136022116 ns
06-21 17:01:30.475 4934-4953/com.malvinstn.testqueue D/MainApplication: [priority_mq] next delayed job 1466499709610261803
06-21 17:01:30.475 4934-4953/com.malvinstn.testqueue D/MainApplication: [queue_SCHEDULER_5] remove message null
06-21 17:01:30.475 4934-4953/com.malvinstn.testqueue D/MainApplication: [queue_RUN_JOB_RESULT_6] remove message null
06-21 17:01:30.475 4934-4953/com.malvinstn.testqueue D/MainApplication: [queue_ADD_JOB_2] remove message null
06-21 17:01:30.475 4934-4953/com.malvinstn.testqueue D/MainApplication: [queue_JOB_CONSUMER_IDLE_4] remove message com.birbit.android.jobqueue.messaging.message.JobConsumerIdleMessage@dbd21b7
06-21 17:01:30.475 4934-4953/com.malvinstn.testqueue D/MainApplication: [priority_mq] consuming message of type JOB_CONSUMER_IDLE
06-21 17:01:30.475 4934-4953/com.malvinstn.testqueue V/MainApplication: looking for next job
06-21 17:01:30.475 4934-4953/com.malvinstn.testqueue V/MainApplication: non persistent result null
06-21 17:01:30.476 4934-4953/com.malvinstn.testqueue V/MainApplication: persistent result null
06-21 17:01:30.476 4934-4953/com.malvinstn.testqueue D/MainApplication: keep alive: 1466499705190133801
06-21 17:01:30.476 4934-4953/com.malvinstn.testqueue D/MainApplication: Consumer idle, will kill? false . isRunning: true
06-21 17:01:30.476 4934-4953/com.malvinstn.testqueue D/MainApplication: add delayed message Command[2] at time 1466499705190133801
06-21 17:01:30.476 4934-4953/com.malvinstn.testqueue D/MainApplication: poke consumer manager at 1466499705190133801
06-21 17:01:30.476 4934-5015/com.malvinstn.testqueue D/MainApplication: flushing messages at time 1466499690475977239
06-21 17:01:30.476 4934-5015/com.malvinstn.testqueue D/MainApplication: returning next ready at 14714156562 ns
06-21 17:01:30.476 4934-5015/com.malvinstn.testqueue D/MainApplication: [consumer_3] remove message null
06-21 17:01:30.477 4934-5015/com.malvinstn.testqueue D/MainApplication: [consumer_3] will wait on the lock until 1466499705190133801
06-21 17:01:30.477 4934-4953/com.malvinstn.testqueue D/MainApplication: [FW Scheduler] on finished job SchedulerConstraint{uuid='ba4d5780-85eb-4c15-b6bf-7daa76238ee2', delayInMs=17100000, networkStatus=1, overrideDeadlineInMs=null, data=android.app.job.JobParameters@f3e48ca}. reschedule:false
06-21 17:01:30.478 4934-4934/com.malvinstn.testqueue D/com.malvinstn.testqueue.JobService: getJobManager() called with: 
06-21 17:01:30.478 4934-4934/com.malvinstn.testqueue D/MainApplication: MainApplication::getJobManager()
06-21 17:01:30.482 4934-4953/com.malvinstn.testqueue D/MainApplication: [FW Scheduler] scheduled a framework job. Success? true id: 1 created id: 2065
06-21 17:01:30.482 4934-4953/com.malvinstn.testqueue D/MainApplication: [priority_mq] looking for next message at time 1466499690481908750
06-21 17:01:30.482 4934-4953/com.malvinstn.testqueue D/MainApplication: flushing messages at time 1466499690481908750
06-21 17:01:30.482 4934-4953/com.malvinstn.testqueue D/MainApplication: returning next ready at 19128353053 ns
06-21 17:01:30.482 4934-4953/com.malvinstn.testqueue D/MainApplication: [priority_mq] next delayed job 1466499709610261803
06-21 17:01:30.482 4934-4953/com.malvinstn.testqueue D/MainApplication: [queue_SCHEDULER_5] remove message null
06-21 17:01:30.483 4934-4953/com.malvinstn.testqueue D/MainApplication: [queue_RUN_JOB_RESULT_6] remove message null
06-21 17:01:30.483 4934-4953/com.malvinstn.testqueue D/MainApplication: [queue_ADD_JOB_2] remove message null
06-21 17:01:30.483 4934-4953/com.malvinstn.testqueue D/MainApplication: [queue_JOB_CONSUMER_IDLE_4] remove message null
06-21 17:01:30.483 4934-4953/com.malvinstn.testqueue D/MainApplication: joq idle. running:? true
06-21 17:01:30.484 4934-4953/com.malvinstn.testqueue D/MainApplication: Job queue idle. next job at: 1466499709610261803
06-21 17:01:30.484 4934-4953/com.malvinstn.testqueue D/MainApplication: add delayed message com.birbit.android.jobqueue.messaging.message.ConstraintChangeMessage@57558 at time 1466499709610261803
06-21 17:01:30.484 4934-4953/com.malvinstn.testqueue D/MainApplication: [priority_mq] did on idle post a message? true
06-21 17:01:30.484 4934-4953/com.malvinstn.testqueue D/MainApplication: [priority_mq] looking for next message at time 1466499690483532812
06-21 17:01:30.484 4934-4953/com.malvinstn.testqueue D/MainApplication: flushing messages at time 1466499690483532812
06-21 17:01:30.484 4934-4934/com.malvinstn.testqueue D/com.malvinstn.testqueue.JobService: getJobManager() called with: 
06-21 17:01:30.484 4934-4953/com.malvinstn.testqueue D/MainApplication: returning next ready at 19126728991 ns
06-21 17:01:30.484 4934-4934/com.malvinstn.testqueue D/MainApplication: MainApplication::getJobManager()
06-21 17:01:30.484 4934-4953/com.malvinstn.testqueue D/MainApplication: [priority_mq] next delayed job 1466499709610261803
06-21 17:01:30.484 4934-4953/com.malvinstn.testqueue D/MainApplication: [queue_SCHEDULER_5] remove message null
06-21 17:01:30.484 4934-4953/com.malvinstn.testqueue D/MainApplication: [queue_RUN_JOB_RESULT_6] remove message null
06-21 17:01:30.484 4934-4953/com.malvinstn.testqueue D/MainApplication: [queue_ADD_JOB_2] remove message null
06-21 17:01:30.484 4934-4953/com.malvinstn.testqueue D/MainApplication: [queue_JOB_CONSUMER_IDLE_4] remove message null
06-21 17:01:30.485 4934-4953/com.malvinstn.testqueue D/MainApplication: [priority_mq] did on idle post a message? false
06-21 17:01:30.486 4934-4934/com.malvinstn.testqueue D/com.malvinstn.testqueue.JobService: getJobManager() called with: 
06-21 17:01:30.486 4934-4934/com.malvinstn.testqueue D/MainApplication: MainApplication::getJobManager()
06-21 17:01:30.486 4934-4934/com.malvinstn.testqueue D/MainApplication: [FW Scheduler] start job SchedulerConstraint{uuid='ba4d5780-85eb-4c15-b6bf-7daa76238ee2', delayInMs=18000000, networkStatus=1, overrideDeadlineInMs=null, data=null} 2065
06-21 17:01:30.486 4934-4934/com.malvinstn.testqueue D/MainApplication: [queue_SCHEDULER_5] post message com.birbit.android.jobqueue.messaging.message.SchedulerMessage@a788cb
06-21 17:01:30.486 4934-4953/com.malvinstn.testqueue D/MainApplication: [priority_mq] looking for next message at time 1466499690485620260
06-21 17:01:30.486 4934-4953/com.malvinstn.testqueue D/MainApplication: flushing messages at time 1466499690485620260
06-21 17:01:30.486 4934-4953/com.malvinstn.testqueue D/MainApplication: returning next ready at 19124641543 ns
06-21 17:01:30.486 4934-4953/com.malvinstn.testqueue D/MainApplication: [priority_mq] next delayed job 1466499709610261803
06-21 17:01:30.486 4934-4953/com.malvinstn.testqueue D/MainApplication: [queue_SCHEDULER_5] remove message com.birbit.android.jobqueue.messaging.message.SchedulerMessage@a788cb
06-21 17:01:30.486 4934-4953/com.malvinstn.testqueue D/MainApplication: [priority_mq] consuming message of type SCHEDULER
06-21 17:01:30.487 4934-4953/com.malvinstn.testqueue D/MainApplication: considering adding a new consumer. Should poke all waiting? true isRunning? true waiting workers? 1
06-21 17:01:30.487 4934-4953/com.malvinstn.testqueue D/MainApplication: there are waiting workers, will poke them instead
06-21 17:01:30.487 4934-4953/com.malvinstn.testqueue D/MainApplication: [consumer_3] post message Command[2]
06-21 17:01:30.487 4934-4953/com.malvinstn.testqueue D/MainApplication: there were waiting workers, poked them and I'm done
06-21 17:01:30.487 4934-5015/com.malvinstn.testqueue D/MainApplication: flushing messages at time 1466499690486366197
06-21 17:01:30.487 4934-4953/com.malvinstn.testqueue D/MainApplication: [priority_mq] looking for next message at time 1466499690486395520
06-21 17:01:30.487 4934-5015/com.malvinstn.testqueue D/MainApplication: returning next ready at 14703767604 ns
06-21 17:01:30.487 4934-4953/com.malvinstn.testqueue D/MainApplication: flushing messages at time 1466499690486395520
06-21 17:01:30.487 4934-5015/com.malvinstn.testqueue D/MainApplication: [consumer_3] remove message Command[2]
06-21 17:01:30.487 4934-4953/com.malvinstn.testqueue D/MainApplication: returning next ready at 19123866283 ns
06-21 17:01:30.487 4934-5015/com.malvinstn.testqueue D/MainApplication: Consumer has been poked.
06-21 17:01:30.487 4934-4953/com.malvinstn.testqueue D/MainApplication: [priority_mq] next delayed job 1466499709610261803
06-21 17:01:30.487 4934-5015/com.malvinstn.testqueue D/MainApplication: flushing messages at time 1466499690486513854
06-21 17:01:30.487 4934-4953/com.malvinstn.testqueue D/MainApplication: [queue_SCHEDULER_5] remove message null
06-21 17:01:30.487 4934-5015/com.malvinstn.testqueue D/MainApplication: returning next ready at 14703619947 ns
06-21 17:01:30.487 4934-4953/com.malvinstn.testqueue D/MainApplication: [queue_RUN_JOB_RESULT_6] remove message null
06-21 17:01:30.487 4934-5015/com.malvinstn.testqueue D/MainApplication: [consumer_3] remove message null
06-21 17:01:30.487 4934-4953/com.malvinstn.testqueue D/MainApplication: [queue_ADD_JOB_2] remove message null
06-21 17:01:30.487 4934-5015/com.malvinstn.testqueue D/MainApplication: consumer manager on idle
06-21 17:01:30.487 4934-4953/com.malvinstn.testqueue D/MainApplication: [queue_JOB_CONSUMER_IDLE_4] remove message null
06-21 17:01:30.487 4934-4953/com.malvinstn.testqueue D/MainApplication: joq idle. running:? true
06-21 17:01:30.487 4934-5015/com.malvinstn.testqueue D/MainApplication: [queue_JOB_CONSUMER_IDLE_4] post message com.birbit.android.jobqueue.messaging.message.JobConsumerIdleMessage@dbd21b7
06-21 17:01:30.487 4934-5015/com.malvinstn.testqueue D/MainApplication: [consumer_3] will wait on the lock until 1466499705190133801
06-21 17:01:30.488 4934-4953/com.malvinstn.testqueue D/MainApplication: Job queue idle. next job at: 1466499709610261803
06-21 17:01:30.488 4934-4953/com.malvinstn.testqueue D/MainApplication: add delayed message com.birbit.android.jobqueue.messaging.message.ConstraintChangeMessage@602796 at time 1466499709610261803
06-21 17:01:30.489 4934-4953/com.malvinstn.testqueue D/MainApplication: [priority_mq] did on idle post a message? true
06-21 17:01:30.489 4934-4953/com.malvinstn.testqueue D/MainApplication: [priority_mq] looking for next message at time 1466499690488142291
06-21 17:01:30.489 4934-4953/com.malvinstn.testqueue D/MainApplication: flushing messages at time 1466499690488142291
06-21 17:01:30.489 4934-4953/com.malvinstn.testqueue D/MainApplication: returning next ready at 19122119512 ns
06-21 17:01:30.489 4934-4953/com.malvinstn.testqueue D/MainApplication: [priority_mq] next delayed job 1466499709610261803
06-21 17:01:30.489 4934-4953/com.malvinstn.testqueue D/MainApplication: [queue_SCHEDULER_5] remove message null
06-21 17:01:30.489 4934-4953/com.malvinstn.testqueue D/MainApplication: [queue_RUN_JOB_RESULT_6] remove message null
06-21 17:01:30.489 4934-4953/com.malvinstn.testqueue D/MainApplication: [queue_ADD_JOB_2] remove message null
06-21 17:01:30.489 4934-4953/com.malvinstn.testqueue D/MainApplication: [queue_JOB_CONSUMER_IDLE_4] remove message com.birbit.android.jobqueue.messaging.message.JobConsumerIdleMessage@dbd21b7
06-21 17:01:30.489 4934-4953/com.malvinstn.testqueue D/MainApplication: [priority_mq] consuming message of type JOB_CONSUMER_IDLE
06-21 17:01:30.489 4934-4953/com.malvinstn.testqueue V/MainApplication: looking for next job
06-21 17:01:30.489 4934-4953/com.malvinstn.testqueue V/MainApplication: non persistent result null
06-21 17:01:30.490 4934-4953/com.malvinstn.testqueue V/MainApplication: persistent result null
06-21 17:01:30.490 4934-4953/com.malvinstn.testqueue D/MainApplication: keep alive: 1466499705190133801
06-21 17:01:30.490 4934-4953/com.malvinstn.testqueue D/MainApplication: Consumer idle, will kill? false . isRunning: true
06-21 17:01:30.490 4934-4953/com.malvinstn.testqueue D/MainApplication: add delayed message Command[2] at time 1466499705190133801
06-21 17:01:30.490 4934-4953/com.malvinstn.testqueue D/MainApplication: poke consumer manager at 1466499705190133801
06-21 17:01:30.490 4934-5015/com.malvinstn.testqueue D/MainApplication: flushing messages at time 1466499690489990676
06-21 17:01:30.490 4934-5015/com.malvinstn.testqueue D/MainApplication: returning next ready at 14700143125 ns
06-21 17:01:30.490 4934-5015/com.malvinstn.testqueue D/MainApplication: [consumer_3] remove message null
06-21 17:01:30.491 4934-5015/com.malvinstn.testqueue D/MainApplication: [consumer_3] will wait on the lock until 1466499705190133801
06-21 17:01:30.491 4934-4953/com.malvinstn.testqueue D/MainApplication: [FW Scheduler] on finished job SchedulerConstraint{uuid='ba4d5780-85eb-4c15-b6bf-7daa76238ee2', delayInMs=18000000, networkStatus=1, overrideDeadlineInMs=null, data=android.app.job.JobParameters@904bf17}. reschedule:false
06-21 17:01:30.493 4934-4934/com.malvinstn.testqueue D/com.malvinstn.testqueue.JobService: getJobManager() called with: 
06-21 17:01:30.493 4934-4934/com.malvinstn.testqueue D/MainApplication: MainApplication::getJobManager()
06-21 17:01:30.496 4934-4953/com.malvinstn.testqueue D/MainApplication: [FW Scheduler] scheduled a framework job. Success? true id: 1 created id: 2066
06-21 17:01:30.496 4934-4953/com.malvinstn.testqueue D/MainApplication: [priority_mq] looking for next message at time 1466499690495168593
06-21 17:01:30.496 4934-4953/com.malvinstn.testqueue D/MainApplication: flushing messages at time 1466499690495168593
06-21 17:01:30.496 4934-4953/com.malvinstn.testqueue D/MainApplication: returning next ready at 19115093210 ns
06-21 17:01:30.496 4934-4953/com.malvinstn.testqueue D/MainApplication: [priority_mq] next delayed job 1466499709610261803
06-21 17:01:30.496 4934-4953/com.malvinstn.testqueue D/MainApplication: [queue_SCHEDULER_5] remove message null
06-21 17:01:30.496 4934-4953/com.malvinstn.testqueue D/MainApplication: [queue_RUN_JOB_RESULT_6] remove message null
06-21 17:01:30.496 4934-4953/com.malvinstn.testqueue D/MainApplication: [queue_ADD_JOB_2] remove message null
06-21 17:01:30.496 4934-4953/com.malvinstn.testqueue D/MainApplication: [queue_JOB_CONSUMER_IDLE_4] remove message null
06-21 17:01:30.496 4934-4953/com.malvinstn.testqueue D/MainApplication: joq idle. running:? true
06-21 17:01:30.497 4934-4953/com.malvinstn.testqueue D/MainApplication: Job queue idle. next job at: 1466499709610261803
06-21 17:01:30.497 4934-4953/com.malvinstn.testqueue D/MainApplication: add delayed message com.birbit.android.jobqueue.messaging.message.ConstraintChangeMessage@c504ced at time 1466499709610261803
06-21 17:01:30.497 4934-4953/com.malvinstn.testqueue D/MainApplication: [priority_mq] did on idle post a message? true
06-21 17:01:30.497 4934-4934/com.malvinstn.testqueue D/com.malvinstn.testqueue.JobService: getJobManager() called with: 
06-21 17:01:30.497 4934-4953/com.malvinstn.testqueue D/MainApplication: [priority_mq] looking for next message at time 1466499690496732447
06-21 17:01:30.497 4934-4934/com.malvinstn.testqueue D/MainApplication: MainApplication::getJobManager()
06-21 17:01:30.497 4934-4953/com.malvinstn.testqueue D/MainApplication: flushing messages at time 1466499690496732447
06-21 17:01:30.497 4934-4953/com.malvinstn.testqueue D/MainApplication: returning next ready at 19113529356 ns
06-21 17:01:30.497 4934-4953/com.malvinstn.testqueue D/MainApplication: [priority_mq] next delayed job 1466499709610261803
06-21 17:01:30.497 4934-4953/com.malvinstn.testqueue D/MainApplication: [queue_SCHEDULER_5] remove message null
06-21 17:01:30.497 4934-4953/com.malvinstn.testqueue D/MainApplication: [queue_RUN_JOB_RESULT_6] remove message null
06-21 17:01:30.497 4934-4953/com.malvinstn.testqueue D/MainApplication: [queue_ADD_JOB_2] remove message null
06-21 17:01:30.497 4934-4953/com.malvinstn.testqueue D/MainApplication: [queue_JOB_CONSUMER_IDLE_4] remove message null
