06-21 17:01:30.589 4934-4953/com.malvinstn.testqueue D/MainApplication: [FW Scheduler] scheduled a framework job. Success? true id: 1 created id: 2073
06-21 17:01:30.589 4934-4953/com.malvinstn.testqueue D/MainApplication: [FW Scheduler] on finished job SchedulerConstraint{uuid='ba4d5780-85eb-4c15-b6bf-7daa76238ee2', delayInMs=21600000, networkStatus=1, overrideDeadlineInMs=null, data=android.app.job.JobParameters@4964059}. reschedule:false
06-21 17:01:30.591 4934-4934/com.malvinstn.testqueue D/com.malvinstn.testqueue.JobService: getJobManager() called with: 
06-21 17:01:30.591 4934-4934/com.malvinstn.testqueue D/MainApplication: MainApplication::getJobManager()
06-21 17:01:30.591 4934-4934/com.malvinstn.testqueue D/MainApplication: [FW Scheduler] start job SchedulerConstraint{uuid='7b957868-3521-4cbd-a6d2-3f0201471971', delayInMs=1637100000, networkStatus=1, overrideDeadlineInMs=null, data=null} 2073
06-21 17:01:30.591 4934-4934/com.malvinstn.testqueue D/MainApplication: [queue_SCHEDULER_5] post message com.birbit.android.jobqueue.messaging.message.SchedulerMessage@e139cd2
06-21 17:01:30.596 4934-4953/com.malvinstn.testqueue D/MainApplication: [FW Scheduler] scheduled a framework job. Success? true id: 1 created id: 2074
06-21 17:01:30.596 4934-4953/com.malvinstn.testqueue D/MainApplication: [priority_mq] looking for next message at time 1466499690595519166
06-21 17:01:30.596 4934-4953/com.malvinstn.testqueue D/MainApplication: flushing messages at time 1466499690595519166
06-21 17:01:30.596 4934-4953/com.malvinstn.testqueue D/MainApplication: returning next ready at 19014742637 ns
06-21 17:01:30.596 4934-4953/com.malvinstn.testqueue D/MainApplication: [priority_mq] next delayed job 1466499709610261803
06-21 17:01:30.596 4934-4953/com.malvinstn.testqueue D/MainApplication: [queue_SCHEDULER_5] remove message com.birbit.android.jobqueue.messaging.message.SchedulerMessage@a788cb
06-21 17:01:30.596 4934-4953/com.malvinstn.testqueue D/MainApplication: [priority_mq] consuming message of type SCHEDULER
06-21 17:01:30.597 4934-4953/com.malvinstn.testqueue D/MainApplication: considering adding a new consumer. Should poke all waiting? true isRunning? true waiting workers? 1
06-21 17:01:30.597 4934-4953/com.malvinstn.testqueue D/MainApplication: there are waiting workers, will poke them instead
06-21 17:01:30.597 4934-4953/com.malvinstn.testqueue D/MainApplication: [consumer_3] post message Command[2]
06-21 17:01:30.597 4934-4953/com.malvinstn.testqueue D/MainApplication: there were waiting workers, poked them and I'm done
06-21 17:01:30.597 4934-4953/com.malvinstn.testqueue D/MainApplication: [priority_mq] looking for next message at time 1466499690596453124
06-21 17:01:30.597 4934-4953/com.malvinstn.testqueue D/MainApplication: flushing messages at time 1466499690596453124
06-21 17:01:30.597 4934-4953/com.malvinstn.testqueue D/MainApplication: returning next ready at 19013808679 ns
06-21 17:01:30.597 4934-4953/com.malvinstn.testqueue D/MainApplication: [priority_mq] next delayed job 1466499709610261803
06-21 17:01:30.597 4934-4953/com.malvinstn.testqueue D/MainApplication: [queue_SCHEDULER_5] remove message com.birbit.android.jobqueue.messaging.message.SchedulerMessage@e139cd2
06-21 17:01:30.597 4934-4953/com.malvinstn.testqueue D/MainApplication: [priority_mq] consuming message of type SCHEDULER
06-21 17:01:30.597 4934-5015/com.malvinstn.testqueue D/MainApplication: flushing messages at time 1466499690596690416
06-21 17:01:30.597 4934-5015/com.malvinstn.testqueue D/MainApplication: returning next ready at 14593443385 ns
06-21 17:01:30.597 4934-5015/com.malvinstn.testqueue D/MainApplication: [consumer_3] remove message Command[2]
06-21 17:01:30.597 4934-5015/com.malvinstn.testqueue D/MainApplication: Consumer has been poked.
06-21 17:01:30.597 4934-5015/com.malvinstn.testqueue D/MainApplication: flushing messages at time 1466499690596854999
06-21 17:01:30.597 4934-5015/com.malvinstn.testqueue D/MainApplication: returning next ready at 14593278802 ns
06-21 17:01:30.597 4934-5015/com.malvinstn.testqueue D/MainApplication: [consumer_3] remove message null
06-21 17:01:30.597 4934-5015/com.malvinstn.testqueue D/MainApplication: consumer manager on idle
06-21 17:01:30.597 4934-4953/com.malvinstn.testqueue D/MainApplication: considering adding a new consumer. Should poke all waiting? true isRunning? true waiting workers? 0
06-21 17:01:30.597 4934-5015/com.malvinstn.testqueue D/MainApplication: [queue_JOB_CONSUMER_IDLE_4] post message com.birbit.android.jobqueue.messaging.message.JobConsumerIdleMessage@dbd21b7
06-21 17:01:30.597 4934-4953/com.malvinstn.testqueue D/MainApplication: too many consumers, clearly above load factor 1
06-21 17:01:30.597 4934-5015/com.malvinstn.testqueue D/MainApplication: [consumer_3] will wait on the lock until 1466499705190133801
06-21 17:01:30.598 4934-4934/com.malvinstn.testqueue D/com.malvinstn.testqueue.JobService: getJobManager() called with: 
06-21 17:01:30.598 4934-4934/com.malvinstn.testqueue D/MainApplication: MainApplication::getJobManager()
06-21 17:01:30.598 4934-4934/com.malvinstn.testqueue D/MainApplication: [FW Scheduler] start job SchedulerConstraint{uuid='ba4d5780-85eb-4c15-b6bf-7daa76238ee2', delayInMs=22500000, networkStatus=1, overrideDeadlineInMs=null, data=null} 2074
06-21 17:01:30.598 4934-4934/com.malvinstn.testqueue D/MainApplication: [queue_SCHEDULER_5] post message com.birbit.android.jobqueue.messaging.message.SchedulerMessage@a788cb
06-21 17:01:30.599 4934-4953/com.malvinstn.testqueue D/MainApplication: nothing has been poked. are we above load factor? false
06-21 17:01:30.599 4934-4953/com.malvinstn.testqueue D/MainApplication: [priority_mq] looking for next message at time 1466499690598148593
06-21 17:01:30.599 4934-4953/com.malvinstn.testqueue D/MainApplication: flushing messages at time 1466499690598148593
06-21 17:01:30.599 4934-4953/com.malvinstn.testqueue D/MainApplication: returning next ready at 19012113210 ns
06-21 17:01:30.599 4934-4953/com.malvinstn.testqueue D/MainApplication: [priority_mq] next delayed job 1466499709610261803
06-21 17:01:30.599 4934-4953/com.malvinstn.testqueue D/MainApplication: [queue_SCHEDULER_5] remove message com.birbit.android.jobqueue.messaging.message.SchedulerMessage@a788cb
06-21 17:01:30.599 4934-4953/com.malvinstn.testqueue D/MainApplication: [priority_mq] consuming message of type SCHEDULER
06-21 17:01:30.599 4934-4953/com.malvinstn.testqueue D/MainApplication: considering adding a new consumer. Should poke all waiting? true isRunning? true waiting workers? 0
06-21 17:01:30.599 4934-4953/com.malvinstn.testqueue D/MainApplication: too many consumers, clearly above load factor 1
06-21 17:01:30.599 4934-4953/com.malvinstn.testqueue D/MainApplication: nothing has been poked. are we above load factor? false
06-21 17:01:30.599 4934-4953/com.malvinstn.testqueue D/MainApplication: [priority_mq] looking for next message at time 1466499690599046874
06-21 17:01:30.600 4934-4953/com.malvinstn.testqueue D/MainApplication: flushing messages at time 1466499690599046874
06-21 17:01:30.600 4934-4953/com.malvinstn.testqueue D/MainApplication: returning next ready at 19011214929 ns
06-21 17:01:30.600 4934-4953/com.malvinstn.testqueue D/MainApplication: [priority_mq] next delayed job 1466499709610261803
06-21 17:01:30.600 4934-4953/com.malvinstn.testqueue D/MainApplication: [queue_SCHEDULER_5] remove message null
06-21 17:01:30.600 4934-4953/com.malvinstn.testqueue D/MainApplication: [queue_RUN_JOB_RESULT_6] remove message null
06-21 17:01:30.600 4934-4953/com.malvinstn.testqueue D/MainApplication: [queue_ADD_JOB_2] remove message null
06-21 17:01:30.600 4934-4953/com.malvinstn.testqueue D/MainApplication: [queue_JOB_CONSUMER_IDLE_4] remove message com.birbit.android.jobqueue.messaging.message.JobConsumerIdleMessage@dbd21b7
06-21 17:01:30.600 4934-4953/com.malvinstn.testqueue D/MainApplication: [priority_mq] consuming message of type JOB_CONSUMER_IDLE
06-21 17:01:30.601 4934-4953/com.malvinstn.testqueue V/MainApplication: looking for next job
06-21 17:01:30.601 4934-4953/com.malvinstn.testqueue V/MainApplication: non persistent result null
06-21 17:01:30.601 4934-4953/com.malvinstn.testqueue V/MainApplication: persistent result null
06-21 17:01:30.601 4934-4953/com.malvinstn.testqueue D/MainApplication: keep alive: 1466499705190133801
06-21 17:01:30.601 4934-4953/com.malvinstn.testqueue D/MainApplication: Consumer idle, will kill? false . isRunning: true
06-21 17:01:30.601 4934-4953/com.malvinstn.testqueue D/MainApplication: add delayed message Command[2] at time 1466499705190133801
06-21 17:01:30.601 4934-4953/com.malvinstn.testqueue D/MainApplication: poke consumer manager at 1466499705190133801
06-21 17:01:30.601 4934-5015/com.malvinstn.testqueue D/MainApplication: flushing messages at time 1466499690601072603
06-21 17:01:30.602 4934-5015/com.malvinstn.testqueue D/MainApplication: returning next ready at 14589061198 ns
06-21 17:01:30.602 4934-5015/com.malvinstn.testqueue D/MainApplication: [consumer_3] remove message null
06-21 17:01:30.602 4934-5015/com.malvinstn.testqueue D/MainApplication: [consumer_3] will wait on the lock until 1466499705190133801
06-21 17:01:30.602 4934-4953/com.malvinstn.testqueue D/MainApplication: [FW Scheduler] on finished job SchedulerConstraint{uuid='ba4d5780-85eb-4c15-b6bf-7daa76238ee2', delayInMs=22500000, networkStatus=1, overrideDeadlineInMs=null, data=android.app.job.JobParameters@96ab41e}. reschedule:false
06-21 17:01:30.607 4934-4953/com.malvinstn.testqueue D/MainApplication: [FW Scheduler] scheduled a framework job. Success? true id: 1 created id: 2075
06-21 17:01:30.608 4934-4953/com.malvinstn.testqueue D/MainApplication: [FW Scheduler] on finished job SchedulerConstraint{uuid='7b957868-3521-4cbd-a6d2-3f0201471971', delayInMs=1637100000, networkStatus=1, overrideDeadlineInMs=null, data=android.app.job.JobParameters@28404ff}. reschedule:false
06-21 17:01:30.610 4934-4934/com.malvinstn.testqueue D/com.malvinstn.testqueue.JobService: getJobManager() called with: 
06-21 17:01:30.610 4934-4934/com.malvinstn.testqueue D/MainApplication: MainApplication::getJobManager()
06-21 17:01:30.610 4934-4934/com.malvinstn.testqueue D/MainApplication: [FW Scheduler] start job SchedulerConstraint{uuid='ba4d5780-85eb-4c15-b6bf-7daa76238ee2', delayInMs=23400000, networkStatus=1, overrideDeadlineInMs=null, data=null} 2075
06-21 17:01:30.610 4934-4934/com.malvinstn.testqueue D/MainApplication: [queue_SCHEDULER_5] post message com.birbit.android.jobqueue.messaging.message.SchedulerMessage@a788cb
06-21 17:01:30.614 4934-4953/com.malvinstn.testqueue D/MainApplication: [FW Scheduler] scheduled a framework job. Success? true id: 1 created id: 2076
06-21 17:01:30.616 4934-4953/com.malvinstn.testqueue D/MainApplication: [FW Scheduler] on finished job SchedulerConstraint{uuid='dcf1c79a-9329-47ab-abe3-db7e8f32b952', delayInMs=207000000, networkStatus=1, overrideDeadlineInMs=null, data=android.app.job.JobParameters@7f602cc}. reschedule:false
06-21 17:01:30.617 4934-4934/com.malvinstn.testqueue D/com.malvinstn.testqueue.JobService: getJobManager() called with: 
06-21 17:01:30.617 4934-4934/com.malvinstn.testqueue D/MainApplication: MainApplication::getJobManager()
06-21 17:01:30.617 4934-4934/com.malvinstn.testqueue D/MainApplication: [FW Scheduler] start job SchedulerConstraint{uuid='7b957868-3521-4cbd-a6d2-3f0201471971', delayInMs=1638000000, networkStatus=1, overrideDeadlineInMs=null, data=null} 2076
06-21 17:01:30.617 4934-4934/com.malvinstn.testqueue D/MainApplication: [queue_SCHEDULER_5] post message com.birbit.android.jobqueue.messaging.message.SchedulerMessage@e139cd2
06-21 17:01:30.621 4934-4953/com.malvinstn.testqueue D/MainApplication: [FW Scheduler] scheduled a framework job. Success? true id: 1 created id: 2077
06-21 17:01:30.621 4934-4953/com.malvinstn.testqueue D/MainApplication: [priority_mq] looking for next message at time 1466499690620525051
06-21 17:01:30.621 4934-4953/com.malvinstn.testqueue D/MainApplication: flushing messages at time 1466499690620525051
06-21 17:01:30.621 4934-4953/com.malvinstn.testqueue D/MainApplication: returning next ready at 18989736752 ns
06-21 17:01:30.621 4934-4953/com.malvinstn.testqueue D/MainApplication: [priority_mq] next delayed job 1466499709610261803
06-21 17:01:30.621 4934-4953/com.malvinstn.testqueue D/MainApplication: [queue_SCHEDULER_5] remove message com.birbit.android.jobqueue.messaging.message.SchedulerMessage@a788cb
06-21 17:01:30.621 4934-4953/com.malvinstn.testqueue D/MainApplication: [priority_mq] consuming message of type SCHEDULER
06-21 17:01:30.622 4934-4953/com.malvinstn.testqueue D/MainApplication: considering adding a new consumer. Should poke all waiting? true isRunning? true waiting workers? 1
06-21 17:01:30.622 4934-4953/com.malvinstn.testqueue D/MainApplication: there are waiting workers, will poke them instead
06-21 17:01:30.622 4934-4953/com.malvinstn.testqueue D/MainApplication: [consumer_3] post message Command[2]
06-21 17:01:30.622 4934-4953/com.malvinstn.testqueue D/MainApplication: there were waiting workers, poked them and I'm done
06-21 17:01:30.622 4934-4953/com.malvinstn.testqueue D/MainApplication: [priority_mq] looking for next message at time 1466499690621431926
06-21 17:01:30.622 4934-5015/com.malvinstn.testqueue D/MainApplication: flushing messages at time 1466499690621471509
06-21 17:01:30.622 4934-4953/com.malvinstn.testqueue D/MainApplication: flushing messages at time 1466499690621431926
06-21 17:01:30.622 4934-5015/com.malvinstn.testqueue D/MainApplication: returning next ready at 14568662292 ns
06-21 17:01:30.622 4934-4953/com.malvinstn.testqueue D/MainApplication: returning next ready at 18988829877 ns
06-21 17:01:30.622 4934-5015/com.malvinstn.testqueue D/MainApplication: [consumer_3] remove message Command[2]
06-21 17:01:30.622 4934-5015/com.malvinstn.testqueue D/MainApplication: Consumer has been poked.
06-21 17:01:30.622 4934-4953/com.malvinstn.testqueue D/MainApplication: [priority_mq] next delayed job 1466499709610261803
06-21 17:01:30.622 4934-5015/com.malvinstn.testqueue D/MainApplication: flushing messages at time 1466499690621632395
06-21 17:01:30.622 4934-5015/com.malvinstn.testqueue D/MainApplication: returning next ready at 14568501406 ns
06-21 17:01:30.622 4934-5015/com.malvinstn.testqueue D/MainApplication: [consumer_3] remove message null
06-21 17:01:30.622 4934-4953/com.malvinstn.testqueue D/MainApplication: [queue_SCHEDULER_5] remove message com.birbit.android.jobqueue.messaging.message.SchedulerMessage@e139cd2
06-21 17:01:30.622 4934-5015/com.malvinstn.testqueue D/MainApplication: consumer manager on idle
06-21 17:01:30.622 4934-4953/com.malvinstn.testqueue D/MainApplication: [priority_mq] consuming message of type SCHEDULER
06-21 17:01:30.622 4934-5015/com.malvinstn.testqueue D/MainApplication: [queue_JOB_CONSUMER_IDLE_4] post message com.birbit.android.jobqueue.messaging.message.JobConsumerIdleMessage@dbd21b7
06-21 17:01:30.622 4934-5015/com.malvinstn.testqueue D/MainApplication: [consumer_3] will wait on the lock until 1466499705190133801
06-21 17:01:30.623 4934-4953/com.malvinstn.testqueue D/MainApplication: considering adding a new consumer. Should poke all waiting? true isRunning? true waiting workers? 0
06-21 17:01:30.623 4934-4953/com.malvinstn.testqueue D/MainApplication: too many consumers, clearly above load factor 1
06-21 17:01:30.623 4934-4953/com.malvinstn.testqueue D/MainApplication: nothing has been poked. are we above load factor? false
06-21 17:01:30.623 4934-4953/com.malvinstn.testqueue D/MainApplication: [priority_mq] looking for next message at time 1466499690622325937
06-21 17:01:30.623 4934-4953/com.malvinstn.testqueue D/MainApplication: flushing messages at time 1466499690622325937
06-21 17:01:30.623 4934-4953/com.malvinstn.testqueue D/MainApplication: returning next ready at 18987935866 ns
06-21 17:01:30.623 4934-4953/com.malvinstn.testqueue D/MainApplication: [priority_mq] next delayed job 1466499709610261803
06-21 17:01:30.623 4934-4953/com.malvinstn.testqueue D/MainApplication: [queue_SCHEDULER_5] remove message null
06-21 17:01:30.623 4934-4953/com.malvinstn.testqueue D/MainApplication: [queue_RUN_JOB_RESULT_6] remove message null
06-21 17:01:30.623 4934-4953/com.malvinstn.testqueue D/MainApplication: [queue_ADD_JOB_2] remove message null
06-21 17:01:30.623 4934-4953/com.malvinstn.testqueue D/MainApplication: [queue_JOB_CONSUMER_IDLE_4] remove message com.birbit.android.jobqueue.messaging.message.JobConsumerIdleMessage@dbd21b7
06-21 17:01:30.623 4934-4953/com.malvinstn.testqueue D/MainApplication: [priority_mq] consuming message of type JOB_CONSUMER_IDLE
06-21 17:01:30.623 4934-4934/com.malvinstn.testqueue D/com.malvinstn.testqueue.JobService: getJobManager() called with: 
06-21 17:01:30.623 4934-4934/com.malvinstn.testqueue D/MainApplication: MainApplication::getJobManager()
06-21 17:01:30.623 4934-4934/com.malvinstn.testqueue D/MainApplication: [FW Scheduler] start job SchedulerConstraint{uuid='dcf1c79a-9329-47ab-abe3-db7e8f32b952', delayInMs=207900000, networkStatus=1, overrideDeadlineInMs=null, data=null} 2077
06-21 17:01:30.623 4934-4934/com.malvinstn.testqueue D/MainApplication: [queue_SCHEDULER_5] post message com.birbit.android.jobqueue.messaging.message.SchedulerMessage@e139cd2
06-21 17:01:30.624 4934-4953/com.malvinstn.testqueue V/MainApplication: looking for next job
06-21 17:01:30.624 4934-4953/com.malvinstn.testqueue V/MainApplication: non persistent result null
06-21 17:01:30.624 4934-4953/com.malvinstn.testqueue V/MainApplication: persistent result null
06-21 17:01:30.624 4934-4953/com.malvinstn.testqueue D/MainApplication: keep alive: 1466499705190133801
06-21 17:01:30.624 4934-4953/com.malvinstn.testqueue D/MainApplication: Consumer idle, will kill? false . isRunning: true
06-21 17:01:30.625 4934-4953/com.malvinstn.testqueue D/MainApplication: add delayed message Command[2] at time 1466499705190133801
06-21 17:01:30.625 4934-4953/com.malvinstn.testqueue D/MainApplication: poke consumer manager at 1466499705190133801
06-21 17:01:30.625 4934-5015/com.malvinstn.testqueue D/MainApplication: flushing messages at time 1466499690624207448
06-21 17:01:30.625 4934-5015/com.malvinstn.testqueue D/MainApplication: returning next ready at 14565926353 ns
06-21 17:01:30.625 4934-5015/com.malvinstn.testqueue D/MainApplication: [consumer_3] remove message null
06-21 17:01:30.625 4934-5015/com.malvinstn.testqueue D/MainApplication: [consumer_3] will wait on the lock until 1466499705190133801
06-21 17:01:30.625 4934-4953/com.malvinstn.testqueue D/MainApplication: [FW Scheduler] on finished job SchedulerConstraint{uuid='7b957868-3521-4cbd-a6d2-3f0201471971', delayInMs=1638000000, networkStatus=1, overrideDeadlineInMs=null, data=android.app.job.JobParameters@e618915}. reschedule:false
06-21 17:01:30.631 4934-4953/com.malvinstn.testqueue D/MainApplication: [FW Scheduler] scheduled a framework job. Success? true id: 1 created id: 2078
06-21 17:01:30.631 4934-4953/com.malvinstn.testqueue D/MainApplication: [FW Scheduler] on finished job SchedulerConstraint{uuid='ba4d5780-85eb-4c15-b6bf-7daa76238ee2', delayInMs=23400000, networkStatus=1, overrideDeadlineInMs=null, data=android.app.job.JobParameters@289f42a}. reschedule:false
06-21 17:01:30.633 4934-4934/com.malvinstn.testqueue D/com.malvinstn.testqueue.JobService: getJobManager() called with: 
06-21 17:01:30.634 4934-4934/com.malvinstn.testqueue D/MainApplication: MainApplication::getJobManager()
06-21 17:01:30.634 4934-4934/com.malvinstn.testqueue D/MainApplication: [FW Scheduler] start job SchedulerConstraint{uuid='7b957868-3521-4cbd-a6d2-3f0201471971', delayInMs=1638900000, networkStatus=1, overrideDeadlineInMs=null, data=null} 2078
06-21 17:01:30.634 4934-4934/com.malvinstn.testqueue D/MainApplication: [queue_SCHEDULER_5] post message com.birbit.android.jobqueue.messaging.message.SchedulerMessage@a788cb
06-21 17:01:30.641 4934-4953/com.malvinstn.testqueue D/MainApplication: [FW Scheduler] scheduled a framework job. Success? true id: 1 created id: 2079
06-21 17:01:30.641 4934-4953/com.malvinstn.testqueue D/MainApplication: [priority_mq] looking for next message at time 1466499690640987759
06-21 17:01:30.641 4934-4953/com.malvinstn.testqueue D/MainApplication: flushing messages at time 1466499690640987759
06-21 17:01:30.641 4934-4953/com.malvinstn.testqueue D/MainApplication: returning next ready at 18969274044 ns
06-21 17:01:30.642 4934-4953/com.malvinstn.testqueue D/MainApplication: [priority_mq] next delayed job 1466499709610261803
06-21 17:01:30.642 4934-4953/com.malvinstn.testqueue D/MainApplication: [queue_SCHEDULER_5] remove message com.birbit.android.jobqueue.messaging.message.SchedulerMessage@e139cd2
06-21 17:01:30.642 4934-4953/com.malvinstn.testqueue D/MainApplication: [priority_mq] consuming message of type SCHEDULER
06-21 17:01:30.642 4934-4953/com.malvinstn.testqueue D/MainApplication: considering adding a new consumer. Should poke all waiting? true isRunning? true waiting workers? 1
06-21 17:01:30.642 4934-4953/com.malvinstn.testqueue D/MainApplication: there are waiting workers, will poke them instead
06-21 17:01:30.642 4934-4953/com.malvinstn.testqueue D/MainApplication: [consumer_3] post message Command[2]
06-21 17:01:30.642 4934-4953/com.malvinstn.testqueue D/MainApplication: there were waiting workers, poked them and I'm done
06-21 17:01:30.642 4934-4953/com.malvinstn.testqueue D/MainApplication: [priority_mq] looking for next message at time 1466499690641884844
06-21 17:01:30.642 4934-4953/com.malvinstn.testqueue D/MainApplication: flushing messages at time 1466499690641884844
06-21 17:01:30.642 4934-4953/com.malvinstn.testqueue D/MainApplication: returning next ready at 18968376959 ns
06-21 17:01:30.642 4934-4953/com.malvinstn.testqueue D/MainApplication: [priority_mq] next delayed job 1466499709610261803
06-21 17:01:30.642 4934-5015/com.malvinstn.testqueue D/MainApplication: flushing messages at time 1466499690642063698
06-21 17:01:30.643 4934-5015/com.malvinstn.testqueue D/MainApplication: returning next ready at 14548070103 ns
06-21 17:01:30.643 4934-5015/com.malvinstn.testqueue D/MainApplication: [consumer_3] remove message Command[2]
06-21 17:01:30.643 4934-5015/com.malvinstn.testqueue D/MainApplication: Consumer has been poked.
06-21 17:01:30.643 4934-5015/com.malvinstn.testqueue D/MainApplication: flushing messages at time 1466499690642260989
06-21 17:01:30.643 4934-5015/com.malvinstn.testqueue D/MainApplication: returning next ready at 14547872812 ns
06-21 17:01:30.643 4934-5015/com.malvinstn.testqueue D/MainApplication: [consumer_3] remove message null
06-21 17:01:30.643 4934-5015/com.malvinstn.testqueue D/MainApplication: consumer manager on idle
06-21 17:01:30.643 4934-4934/com.malvinstn.testqueue D/com.malvinstn.testqueue.JobService: getJobManager() called with: 
06-21 17:01:30.643 4934-4934/com.malvinstn.testqueue D/MainApplication: MainApplication::getJobManager()
06-21 17:01:30.643 4934-4934/com.malvinstn.testqueue D/MainApplication: [FW Scheduler] start job SchedulerConstraint{uuid='ba4d5780-85eb-4c15-b6bf-7daa76238ee2', delayInMs=24300000, networkStatus=1, overrideDeadlineInMs=null, data=null} 2079
06-21 17:01:30.643 4934-4953/com.malvinstn.testqueue D/MainApplication: [queue_SCHEDULER_5] remove message com.birbit.android.jobqueue.messaging.message.SchedulerMessage@a788cb
06-21 17:01:30.643 4934-4953/com.malvinstn.testqueue D/MainApplication: [priority_mq] consuming message of type SCHEDULER
06-21 17:01:30.644 4934-4953/com.malvinstn.testqueue D/MainApplication: considering adding a new consumer. Should poke all waiting? true isRunning? true waiting workers? 0
06-21 17:01:30.644 4934-4953/com.malvinstn.testqueue D/MainApplication: too many consumers, clearly above load factor 1
06-21 17:01:30.644 4934-4953/com.malvinstn.testqueue D/MainApplication: nothing has been poked. are we above load factor? false
06-21 17:01:30.644 4934-4953/com.malvinstn.testqueue D/MainApplication: [priority_mq] looking for next message at time 1466499690643457864
06-21 17:01:30.644 4934-4953/com.malvinstn.testqueue D/MainApplication: flushing messages at time 1466499690643457864
06-21 17:01:30.644 4934-4953/com.malvinstn.testqueue D/MainApplication: returning next ready at 18966803939 ns
06-21 17:01:30.644 4934-4953/com.malvinstn.testqueue D/MainApplication: [priority_mq] next delayed job 1466499709610261803
06-21 17:01:30.644 4934-4953/com.malvinstn.testqueue D/MainApplication: [queue_SCHEDULER_5] remove message null
06-21 17:01:30.644 4934-4953/com.malvinstn.testqueue D/MainApplication: [queue_RUN_JOB_RESULT_6] remove message null
06-21 17:01:30.644 4934-4953/com.malvinstn.testqueue D/MainApplication: [queue_ADD_JOB_2] remove message null
06-21 17:01:30.644 4934-4953/com.malvinstn.testqueue D/MainApplication: [queue_JOB_CONSUMER_IDLE_4] remove message null
06-21 17:01:30.644 4934-4953/com.malvinstn.testqueue D/MainApplication: joq idle. running:? true
06-21 17:01:30.644 4934-4934/com.malvinstn.testqueue D/MainApplication: [queue_SCHEDULER_5] post message com.birbit.android.jobqueue.messaging.message.SchedulerMessage@e139cd2
06-21 17:01:30.645 4934-5015/com.malvinstn.testqueue D/MainApplication: [queue_JOB_CONSUMER_IDLE_4] post message com.birbit.android.jobqueue.messaging.message.JobConsumerIdleMessage@dbd21b7
06-21 17:01:30.645 4934-5015/com.malvinstn.testqueue D/MainApplication: [consumer_3] will wait on the lock until 1466499705190133801
06-21 17:01:30.646 4934-4953/com.malvinstn.testqueue D/MainApplication: Job queue idle. next job at: 1466499709610261803
06-21 17:01:30.648 4934-4953/com.malvinstn.testqueue D/MainApplication: add delayed message com.birbit.android.jobqueue.messaging.message.ConstraintChangeMessage@f9df21b at time 1466499709610261803
06-21 17:01:30.648 4934-4953/com.malvinstn.testqueue D/MainApplication: [priority_mq] did on idle post a message? true
06-21 17:01:30.649 4934-4953/com.malvinstn.testqueue D/MainApplication: [priority_mq] looking for next message at time 1466499690648236770
06-21 17:01:30.649 4934-4953/com.malvinstn.testqueue D/MainApplication: flushing messages at time 1466499690648236770
06-21 17:01:30.649 4934-4953/com.malvinstn.testqueue D/MainApplication: returning next ready at 18962025033 ns
06-21 17:01:30.649 4934-4953/com.malvinstn.testqueue D/MainApplication: [priority_mq] next delayed job 1466499709610261803
06-21 17:01:30.649 4934-4953/com.malvinstn.testqueue D/MainApplication: [queue_SCHEDULER_5] remove message com.birbit.android.jobqueue.messaging.message.SchedulerMessage@e139cd2
06-21 17:01:30.649 4934-4953/com.malvinstn.testqueue D/MainApplication: [priority_mq] consuming message of type SCHEDULER
06-21 17:01:30.649 4934-4953/com.malvinstn.testqueue D/MainApplication: considering adding a new consumer. Should poke all waiting? true isRunning? true waiting workers? 0
06-21 17:01:30.650 4934-4953/com.malvinstn.testqueue D/MainApplication: too many consumers, clearly above load factor 1
06-21 17:01:30.650 4934-4953/com.malvinstn.testqueue D/MainApplication: nothing has been poked. are we above load factor? false
06-21 17:01:30.650 4934-4953/com.malvinstn.testqueue D/MainApplication: [priority_mq] looking for next message at time 1466499690649239322
06-21 17:01:30.650 4934-4953/com.malvinstn.testqueue D/MainApplication: flushing messages at time 1466499690649239322
06-21 17:01:30.650 4934-4953/com.malvinstn.testqueue D/MainApplication: returning next ready at 18961022481 ns
06-21 17:01:30.650 4934-4953/com.malvinstn.testqueue D/MainApplication: [priority_mq] next delayed job 1466499709610261803
06-21 17:01:30.650 4934-4953/com.malvinstn.testqueue D/MainApplication: [queue_SCHEDULER_5] remove message null
06-21 17:01:30.650 4934-4953/com.malvinstn.testqueue D/MainApplication: [queue_RUN_JOB_RESULT_6] remove message null
06-21 17:01:30.650 4934-4953/com.malvinstn.testqueue D/MainApplication: [queue_ADD_JOB_2] remove message null
06-21 17:01:30.650 4934-4953/com.malvinstn.testqueue D/MainApplication: [queue_JOB_CONSUMER_IDLE_4] remove message com.birbit.android.jobqueue.messaging.message.JobConsumerIdleMessage@dbd21b7
06-21 17:01:30.650 4934-4953/com.malvinstn.testqueue D/MainApplication: [priority_mq] consuming message of type JOB_CONSUMER_IDLE
06-21 17:01:30.651 4934-4953/com.malvinstn.testqueue V/MainApplication: looking for next job
06-21 17:01:30.651 4934-4953/com.malvinstn.testqueue V/MainApplication: non persistent result null
06-21 17:01:30.651 4934-4953/com.malvinstn.testqueue V/MainApplication: persistent result null
06-21 17:01:30.651 4934-4953/com.malvinstn.testqueue D/MainApplication: keep alive: 1466499705190133801
06-21 17:01:30.651 4934-4953/com.malvinstn.testqueue D/MainApplication: Consumer idle, will kill? false . isRunning: true
06-21 17:01:30.651 4934-4953/com.malvinstn.testqueue D/MainApplication: add delayed message Command[2] at time 1466499705190133801
06-21 17:01:30.651 4934-4953/com.malvinstn.testqueue D/MainApplication: poke consumer manager at 1466499705190133801
06-21 17:01:30.651 4934-5015/com.malvinstn.testqueue D/MainApplication: flushing messages at time 1466499690651059791
06-21 17:01:30.652 4934-5015/com.malvinstn.testqueue D/MainApplication: returning next ready at 14539074010 ns
06-21 17:01:30.652 4934-5015/com.malvinstn.testqueue D/MainApplication: [consumer_3] remove message null
06-21 17:01:30.652 4934-5015/com.malvinstn.testqueue D/MainApplication: [consumer_3] will wait on the lock until 1466499705190133801
06-21 17:01:30.652 4934-4953/com.malvinstn.testqueue D/MainApplication: [FW Scheduler] on finished job SchedulerConstraint{uuid='ba4d5780-85eb-4c15-b6bf-7daa76238ee2', delayInMs=24300000, networkStatus=1, overrideDeadlineInMs=null, data=android.app.job.JobParameters@1e67fb8}. reschedule:false
06-21 17:01:30.657 4934-4953/com.malvinstn.testqueue D/MainApplication: [FW Scheduler] scheduled a framework job. Success? true id: 1 created id: 2080
06-21 17:01:30.658 4934-4953/com.malvinstn.testqueue D/MainApplication: [FW Scheduler] on finished job SchedulerConstraint{uuid='7b957868-3521-4cbd-a6d2-3f0201471971', delayInMs=1638900000, networkStatus=1, overrideDeadlineInMs=null, data=android.app.job.JobParameters@a5ea191}. reschedule:false
06-21 17:01:30.659 4934-4934/com.malvinstn.testqueue D/com.malvinstn.testqueue.JobService: getJobManager() called with: 
06-21 17:01:30.659 4934-4934/com.malvinstn.testqueue D/MainApplication: MainApplication::getJobManager()
06-21 17:01:30.659 4934-4934/com.malvinstn.testqueue D/MainApplication: [FW Scheduler] start job SchedulerConstraint{uuid='ba4d5780-85eb-4c15-b6bf-7daa76238ee2', delayInMs=25200000, networkStatus=1, overrideDeadlineInMs=null, data=null} 2080
06-21 17:01:30.659 4934-4934/com.malvinstn.testqueue D/MainApplication: [queue_SCHEDULER_5] post message com.birbit.android.jobqueue.messaging.message.SchedulerMessage@e139cd2
06-21 17:01:30.670 4934-4953/com.malvinstn.testqueue D/MainApplication: [FW Scheduler] scheduled a framework job. Success? true id: 1 created id: 2081
06-21 17:01:30.671 4934-4953/com.malvinstn.testqueue D/MainApplication: [FW Scheduler] on finished job SchedulerConstraint{uuid='dcf1c79a-9329-47ab-abe3-db7e8f32b952', delayInMs=207900000, networkStatus=1, overrideDeadlineInMs=null, data=android.app.job.JobParameters@6ab28f6}. reschedule:false
06-21 17:01:30.671 4934-4934/com.malvinstn.testqueue D/com.malvinstn.testqueue.JobService: getJobManager() called with: 
06-21 17:01:30.671 4934-4934/com.malvinstn.testqueue D/MainApplication: MainApplication::getJobManager()
06-21 17:01:30.672 4934-4934/com.malvinstn.testqueue D/MainApplication: [FW Scheduler] start job SchedulerConstraint{uuid='7b957868-3521-4cbd-a6d2-3f0201471971', delayInMs=1639800000, networkStatus=1, overrideDeadlineInMs=null, data=null} 2081
06-21 17:01:30.672 4934-4934/com.malvinstn.testqueue D/MainApplication: [queue_SCHEDULER_5] post message com.birbit.android.jobqueue.messaging.message.SchedulerMessage@a788cb
06-21 17:01:30.678 4934-4953/com.malvinstn.testqueue D/MainApplication: [FW Scheduler] scheduled a framework job. Success? true id: 1 created id: 2082
06-21 17:01:30.678 4934-4953/com.malvinstn.testqueue D/MainApplication: [priority_mq] looking for next message at time 1466499690677248333
06-21 17:01:30.678 4934-4953/com.malvinstn.testqueue D/MainApplication: flushing messages at time 1466499690677248333
06-21 17:01:30.678 4934-4953/com.malvinstn.testqueue D/MainApplication: returning next ready at 18933013470 ns
06-21 17:01:30.678 4934-4953/com.malvinstn.testqueue D/MainApplication: [priority_mq] next delayed job 1466499709610261803
06-21 17:01:30.678 4934-4953/com.malvinstn.testqueue D/MainApplication: [queue_SCHEDULER_5] remove message com.birbit.android.jobqueue.messaging.message.SchedulerMessage@e139cd2
06-21 17:01:30.678 4934-4953/com.malvinstn.testqueue D/MainApplication: [priority_mq] consuming message of type SCHEDULER
06-21 17:01:30.679 4934-4953/com.malvinstn.testqueue D/MainApplication: considering adding a new consumer. Should poke all waiting? true isRunning? true waiting workers? 1
06-21 17:01:30.679 4934-4953/com.malvinstn.testqueue D/MainApplication: there are waiting workers, will poke them instead
06-21 17:01:30.679 4934-4953/com.malvinstn.testqueue D/MainApplication: [consumer_3] post message Command[2]
06-21 17:01:30.679 4934-4953/com.malvinstn.testqueue D/MainApplication: there were waiting workers, poked them and I'm done
06-21 17:01:30.679 4934-5015/com.malvinstn.testqueue D/MainApplication: flushing messages at time 1466499690678462083
06-21 17:01:30.679 4934-4953/com.malvinstn.testqueue D/MainApplication: [priority_mq] looking for next message at time 1466499690678489218
06-21 17:01:30.679 4934-5015/com.malvinstn.testqueue D/MainApplication: returning next ready at 14511671718 ns
06-21 17:01:30.679 4934-4953/com.malvinstn.testqueue D/MainApplication: flushing messages at time 1466499690678489218
06-21 17:01:30.679 4934-5015/com.malvinstn.testqueue D/MainApplication: [consumer_3] remove message Command[2]
06-21 17:01:30.679 4934-4953/com.malvinstn.testqueue D/MainApplication: returning next ready at 18931772585 ns
06-21 17:01:30.679 4934-5015/com.malvinstn.testqueue D/MainApplication: Consumer has been poked.
06-21 17:01:30.679 4934-4953/com.malvinstn.testqueue D/MainApplication: [priority_mq] next delayed job 1466499709610261803
06-21 17:01:30.679 4934-4953/com.malvinstn.testqueue D/MainApplication: [queue_SCHEDULER_5] remove message com.birbit.android.jobqueue.messaging.message.SchedulerMessage@a788cb
06-21 17:01:30.679 4934-5015/com.malvinstn.testqueue D/MainApplication: flushing messages at time 1466499690678639374
06-21 17:01:30.679 4934-4953/com.malvinstn.testqueue D/MainApplication: [priority_mq] consuming message of type SCHEDULER
06-21 17:01:30.679 4934-5015/com.malvinstn.testqueue D/MainApplication: returning next ready at 14511494427 ns
06-21 17:01:30.679 4934-5015/com.malvinstn.testqueue D/MainApplication: [consumer_3] remove message null
06-21 17:01:30.679 4934-5015/com.malvinstn.testqueue D/MainApplication: consumer manager on idle
06-21 17:01:30.679 4934-5015/com.malvinstn.testqueue D/MainApplication: [queue_JOB_CONSUMER_IDLE_4] post message com.birbit.android.jobqueue.messaging.message.JobConsumerIdleMessage@dbd21b7
06-21 17:01:30.679 4934-5015/com.malvinstn.testqueue D/MainApplication: [consumer_3] will wait on the lock until 1466499705190133801
06-21 17:01:30.679 4934-4953/com.malvinstn.testqueue D/MainApplication: considering adding a new consumer. Should poke all waiting? true isRunning? true waiting workers? 0
06-21 17:01:30.680 4934-4934/com.malvinstn.testqueue D/com.malvinstn.testqueue.JobService: getJobManager() called with: 
06-21 17:01:30.680 4934-4934/com.malvinstn.testqueue D/MainApplication: MainApplication::getJobManager()
06-21 17:01:30.680 4934-4934/com.malvinstn.testqueue D/MainApplication: [FW Scheduler] start job SchedulerConstraint{uuid='dcf1c79a-9329-47ab-abe3-db7e8f32b952', delayInMs=208800000, networkStatus=1, overrideDeadlineInMs=null, data=null} 2082
06-21 17:01:30.680 4934-4934/com.malvinstn.testqueue D/MainApplication: [queue_SCHEDULER_5] post message com.birbit.android.jobqueue.messaging.message.SchedulerMessage@e139cd2
06-21 17:01:30.682 4934-4953/com.malvinstn.testqueue D/MainApplication: too many consumers, clearly above load factor 1
06-21 17:01:30.682 4934-4953/com.malvinstn.testqueue D/MainApplication: nothing has been poked. are we above load factor? false
06-21 17:01:30.682 4934-4953/com.malvinstn.testqueue D/MainApplication: [priority_mq] looking for next message at time 1466499690681597030
06-21 17:01:30.682 4934-4953/com.malvinstn.testqueue D/MainApplication: flushing messages at time 1466499690681597030
06-21 17:01:30.682 4934-4953/com.malvinstn.testqueue D/MainApplication: returning next ready at 18928664773 ns
06-21 17:01:30.682 4934-4953/com.malvinstn.testqueue D/MainApplication: [priority_mq] next delayed job 1466499709610261803
06-21 17:01:30.682 4934-4953/com.malvinstn.testqueue D/MainApplication: [queue_SCHEDULER_5] remove message com.birbit.android.jobqueue.messaging.message.SchedulerMessage@e139cd2
06-21 17:01:30.682 4934-4953/com.malvinstn.testqueue D/MainApplication: [priority_mq] consuming message of type SCHEDULER
06-21 17:01:30.683 4934-4953/com.malvinstn.testqueue D/MainApplication: considering adding a new consumer. Should poke all waiting? true isRunning? true waiting workers? 0
06-21 17:01:30.683 4934-4953/com.malvinstn.testqueue D/MainApplication: too many consumers, clearly above load factor 1
06-21 17:01:30.683 4934-4953/com.malvinstn.testqueue D/MainApplication: nothing has been poked. are we above load factor? false
06-21 17:01:30.683 4934-4953/com.malvinstn.testqueue D/MainApplication: [priority_mq] looking for next message at time 1466499690682482552
06-21 17:01:30.683 4934-4953/com.malvinstn.testqueue D/MainApplication: flushing messages at time 1466499690682482552
06-21 17:01:30.683 4934-4953/com.malvinstn.testqueue D/MainApplication: returning next ready at 18927779251 ns
06-21 17:01:30.683 4934-4953/com.malvinstn.testqueue D/MainApplication: [priority_mq] next delayed job 1466499709610261803
06-21 17:01:30.683 4934-4953/com.malvinstn.testqueue D/MainApplication: [queue_SCHEDULER_5] remove message null
06-21 17:01:30.683 4934-4953/com.malvinstn.testqueue D/MainApplication: [queue_RUN_JOB_RESULT_6] remove message null
06-21 17:01:30.683 4934-4953/com.malvinstn.testqueue D/MainApplication: [queue_ADD_JOB_2] remove message null
06-21 17:01:30.683 4934-4953/com.malvinstn.testqueue D/MainApplication: [queue_JOB_CONSUMER_IDLE_4] remove message com.birbit.android.jobqueue.messaging.message.JobConsumerIdleMessage@dbd21b7
06-21 17:01:30.683 4934-4953/com.malvinstn.testqueue D/MainApplication: [priority_mq] consuming message of type JOB_CONSUMER_IDLE
06-21 17:01:30.684 4934-4953/com.malvinstn.testqueue V/MainApplication: looking for next job
06-21 17:01:30.685 4934-4953/com.malvinstn.testqueue V/MainApplication: non persistent result null
06-21 17:01:30.686 4934-4953/com.malvinstn.testqueue V/MainApplication: persistent result null
06-21 17:01:30.686 4934-4953/com.malvinstn.testqueue D/MainApplication: keep alive: 1466499705190133801
06-21 17:01:30.686 4934-4953/com.malvinstn.testqueue D/MainApplication: Consumer idle, will kill? false . isRunning: true
06-21 17:01:30.686 4934-4953/com.malvinstn.testqueue D/MainApplication: add delayed message Command[2] at time 1466499705190133801
06-21 17:01:30.686 4934-4953/com.malvinstn.testqueue D/MainApplication: poke consumer manager at 1466499705190133801
06-21 17:01:30.686 4934-5015/com.malvinstn.testqueue D/MainApplication: flushing messages at time 1466499690685833124
06-21 17:01:30.686 4934-5015/com.malvinstn.testqueue D/MainApplication: returning next ready at 14504300677 ns
06-21 17:01:30.686 4934-5015/com.malvinstn.testqueue D/MainApplication: [consumer_3] remove message null
06-21 17:01:30.686 4934-5015/com.malvinstn.testqueue D/MainApplication: [consumer_3] will wait on the lock until 1466499705190133801
06-21 17:01:30.687 4934-4953/com.malvinstn.testqueue D/MainApplication: [FW Scheduler] on finished job SchedulerConstraint{uuid='dcf1c79a-9329-47ab-abe3-db7e8f32b952', delayInMs=208800000, networkStatus=1, overrideDeadlineInMs=null, data=android.app.job.JobParameters@19f94f7}. reschedule:false
06-21 17:01:30.694 4934-4953/com.malvinstn.testqueue D/MainApplication: [FW Scheduler] scheduled a framework job. Success? true id: 1 created id: 2083
06-21 17:01:30.695 4934-4953/com.malvinstn.testqueue D/MainApplication: [FW Scheduler] on finished job SchedulerConstraint{uuid='7b957868-3521-4cbd-a6d2-3f0201471971', delayInMs=1639800000, networkStatus=1, overrideDeadlineInMs=null, data=android.app.job.JobParameters@e5fdf64}. reschedule:false
06-21 17:01:30.698 4934-4934/com.malvinstn.testqueue D/com.malvinstn.testqueue.JobService: getJobManager() called with: 
06-21 17:01:30.698 4934-4934/com.malvinstn.testqueue D/MainApplication: MainApplication::getJobManager()
06-21 17:01:30.699 4934-4934/com.malvinstn.testqueue D/MainApplication: [FW Scheduler] start job SchedulerConstraint{uuid='dcf1c79a-9329-47ab-abe3-db7e8f32b952', delayInMs=209700000, networkStatus=1, overrideDeadlineInMs=null, data=null} 2083
06-21 17:01:30.699 4934-4934/com.malvinstn.testqueue D/MainApplication: [queue_SCHEDULER_5] post message com.birbit.android.jobqueue.messaging.message.SchedulerMessage@e139cd2
06-21 17:01:30.701 4934-4953/com.malvinstn.testqueue D/MainApplication: [FW Scheduler] scheduled a framework job. Success? true id: 1 created id: 2084
06-21 17:01:30.701 4934-4953/com.malvinstn.testqueue D/MainApplication: [FW Scheduler] on finished job SchedulerConstraint{uuid='ba4d5780-85eb-4c15-b6bf-7daa76238ee2', delayInMs=25200000, networkStatus=1, overrideDeadlineInMs=null, data=android.app.job.JobParameters@3ac5cd}. reschedule:false
06-21 17:01:30.701 4934-4934/com.malvinstn.testqueue D/com.malvinstn.testqueue.JobService: getJobManager() called with: 
06-21 17:01:30.701 4934-4934/com.malvinstn.testqueue D/MainApplication: MainApplication::getJobManager()
06-21 17:01:30.702 4934-4934/com.malvinstn.testqueue D/MainApplication: [FW Scheduler] start job SchedulerConstraint{uuid='7b957868-3521-4cbd-a6d2-3f0201471971', delayInMs=1640700000, networkStatus=1, overrideDeadlineInMs=null, data=null} 2084
06-21 17:01:30.702 4934-4934/com.malvinstn.testqueue D/MainApplication: [queue_SCHEDULER_5] post message com.birbit.android.jobqueue.messaging.message.SchedulerMessage@a788cb
06-21 17:01:30.707 4934-4953/com.malvinstn.testqueue D/MainApplication: [FW Scheduler] scheduled a framework job. Success? true id: 1 created id: 2085
06-21 17:01:30.707 4934-4953/com.malvinstn.testqueue D/MainApplication: [priority_mq] looking for next message at time 1466499690706668749
06-21 17:01:30.707 4934-4953/com.malvinstn.testqueue D/MainApplication: flushing messages at time 1466499690706668749
06-21 17:01:30.707 4934-4953/com.malvinstn.testqueue D/MainApplication: returning next ready at 18903593054 ns
06-21 17:01:30.707 4934-4953/com.malvinstn.testqueue D/MainApplication: [priority_mq] next delayed job 1466499709610261803
06-21 17:01:30.707 4934-4953/com.malvinstn.testqueue D/MainApplication: [queue_SCHEDULER_5] remove message com.birbit.android.jobqueue.messaging.message.SchedulerMessage@e139cd2
06-21 17:01:30.707 4934-4953/com.malvinstn.testqueue D/MainApplication: [priority_mq] consuming message of type SCHEDULER
06-21 17:01:30.708 4934-4953/com.malvinstn.testqueue D/MainApplication: considering adding a new consumer. Should poke all waiting? true isRunning? true waiting workers? 1
06-21 17:01:30.708 4934-4953/com.malvinstn.testqueue D/MainApplication: there are waiting workers, will poke them instead
06-21 17:01:30.708 4934-4953/com.malvinstn.testqueue D/MainApplication: [consumer_3] post message Command[2]
06-21 17:01:30.708 4934-5015/com.malvinstn.testqueue D/MainApplication: flushing messages at time 1466499690707749739
06-21 17:01:30.708 4934-5015/com.malvinstn.testqueue D/MainApplication: returning next ready at 14482384062 ns
06-21 17:01:30.708 4934-5015/com.malvinstn.testqueue D/MainApplication: [consumer_3] remove message Command[2]
06-21 17:01:30.708 4934-5015/com.malvinstn.testqueue D/MainApplication: Consumer has been poked.
06-21 17:01:30.708 4934-5015/com.malvinstn.testqueue D/MainApplication: flushing messages at time 1466499690707905208
06-21 17:01:30.708 4934-5015/com.malvinstn.testqueue D/MainApplication: returning next ready at 14482228593 ns
06-21 17:01:30.708 4934-5015/com.malvinstn.testqueue D/MainApplication: [consumer_3] remove message null
06-21 17:01:30.708 4934-5015/com.malvinstn.testqueue D/MainApplication: consumer manager on idle
06-21 17:01:30.708 4934-5015/com.malvinstn.testqueue D/MainApplication: [queue_JOB_CONSUMER_IDLE_4] post message com.birbit.android.jobqueue.messaging.message.JobConsumerIdleMessage@dbd21b7
06-21 17:01:30.708 4934-5015/com.malvinstn.testqueue D/MainApplication: [consumer_3] will wait on the lock until 1466499705190133801
06-21 17:01:30.709 4934-4953/com.malvinstn.testqueue D/MainApplication: there were waiting workers, poked them and I'm done
06-21 17:01:30.709 4934-4953/com.malvinstn.testqueue D/MainApplication: [priority_mq] looking for next message at time 1466499690708197916
06-21 17:01:30.709 4934-4953/com.malvinstn.testqueue D/MainApplication: flushing messages at time 1466499690708197916
06-21 17:01:30.709 4934-4953/com.malvinstn.testqueue D/MainApplication: returning next ready at 18902063887 ns
06-21 17:01:30.709 4934-4953/com.malvinstn.testqueue D/MainApplication: [priority_mq] next delayed job 1466499709610261803
06-21 17:01:30.709 4934-4953/com.malvinstn.testqueue D/MainApplication: [queue_SCHEDULER_5] remove message com.birbit.android.jobqueue.messaging.message.SchedulerMessage@a788cb
06-21 17:01:30.709 4934-4953/com.malvinstn.testqueue D/MainApplication: [priority_mq] consuming message of type SCHEDULER
06-21 17:01:30.709 4934-4953/com.malvinstn.testqueue D/MainApplication: considering adding a new consumer. Should poke all waiting? true isRunning? true waiting workers? 0
06-21 17:01:30.710 4934-4953/com.malvinstn.testqueue D/MainApplication: too many consumers, clearly above load factor 1
06-21 17:01:30.710 4934-4953/com.malvinstn.testqueue D/MainApplication: nothing has been poked. are we above load factor? false
06-21 17:01:30.710 4934-4953/com.malvinstn.testqueue D/MainApplication: [priority_mq] looking for next message at time 1466499690709308280
06-21 17:01:30.710 4934-4953/com.malvinstn.testqueue D/MainApplication: flushing messages at time 1466499690709308280
06-21 17:01:30.710 4934-4953/com.malvinstn.testqueue D/MainApplication: returning next ready at 18900953523 ns
06-21 17:01:30.710 4934-4953/com.malvinstn.testqueue D/MainApplication: [priority_mq] next delayed job 1466499709610261803
06-21 17:01:30.710 4934-4953/com.malvinstn.testqueue D/MainApplication: [queue_SCHEDULER_5] remove message null
06-21 17:01:30.710 4934-4953/com.malvinstn.testqueue D/MainApplication: [queue_RUN_JOB_RESULT_6] remove message null
06-21 17:01:30.710 4934-4953/com.malvinstn.testqueue D/MainApplication: [queue_ADD_JOB_2] remove message null
06-21 17:01:30.710 4934-4934/com.malvinstn.testqueue D/com.malvinstn.testqueue.JobService: getJobManager() called with: 
06-21 17:01:30.710 4934-4953/com.malvinstn.testqueue D/MainApplication: [queue_JOB_CONSUMER_IDLE_4] remove message com.birbit.android.jobqueue.messaging.message.JobConsumerIdleMessage@dbd21b7
06-21 17:01:30.710 4934-4934/com.malvinstn.testqueue D/MainApplication: MainApplication::getJobManager()
06-21 17:01:30.710 4934-4953/com.malvinstn.testqueue D/MainApplication: [priority_mq] consuming message of type JOB_CONSUMER_IDLE
06-21 17:01:30.710 4934-4934/com.malvinstn.testqueue D/MainApplication: [FW Scheduler] start job SchedulerConstraint{uuid='ba4d5780-85eb-4c15-b6bf-7daa76238ee2', delayInMs=26100000, networkStatus=1, overrideDeadlineInMs=null, data=null} 2085
06-21 17:01:30.710 4934-4934/com.malvinstn.testqueue D/MainApplication: [queue_SCHEDULER_5] post message com.birbit.android.jobqueue.messaging.message.SchedulerMessage@a788cb
06-21 17:01:30.715 4934-4953/com.malvinstn.testqueue V/MainApplication: looking for next job
06-21 17:01:30.715 4934-4953/com.malvinstn.testqueue V/MainApplication: non persistent result null
06-21 17:01:30.715 4934-4953/com.malvinstn.testqueue V/MainApplication: persistent result null
06-21 17:01:30.715 4934-4953/com.malvinstn.testqueue D/MainApplication: keep alive: 1466499705190133801
06-21 17:01:30.716 4934-4953/com.malvinstn.testqueue D/MainApplication: Consumer idle, will kill? false . isRunning: true
06-21 17:01:30.716 4934-4953/com.malvinstn.testqueue D/MainApplication: add delayed message Command[2] at time 1466499705190133801
06-21 17:01:30.716 4934-4953/com.malvinstn.testqueue D/MainApplication: poke consumer manager at 1466499705190133801
06-21 17:01:30.716 4934-5015/com.malvinstn.testqueue D/MainApplication: flushing messages at time 1466499690715253593
06-21 17:01:30.716 4934-5015/com.malvinstn.testqueue D/MainApplication: returning next ready at 14474880208 ns
06-21 17:01:30.716 4934-5015/com.malvinstn.testqueue D/MainApplication: [consumer_3] remove message null
06-21 17:01:30.716 4934-5015/com.malvinstn.testqueue D/MainApplication: [consumer_3] will wait on the lock until 1466499705190133801
06-21 17:01:30.716 4934-4953/com.malvinstn.testqueue D/MainApplication: [FW Scheduler] on finished job SchedulerConstraint{uuid='7b957868-3521-4cbd-a6d2-3f0201471971', delayInMs=1640700000, networkStatus=1, overrideDeadlineInMs=null, data=android.app.job.JobParameters@ad8de82}. reschedule:false
06-21 17:01:30.725 4934-4953/com.malvinstn.testqueue D/MainApplication: [FW Scheduler] scheduled a framework job. Success? true id: 1 created id: 2086
