06-20 12:47:51.058 15813-16008/com.malvinstn.testqueue D/MainApplication: [queue_ADD_JOB_2] remove message null
06-20 12:47:51.058 15813-16008/com.malvinstn.testqueue D/MainApplication: [queue_JOB_CONSUMER_IDLE_4] remove message null
06-20 12:47:51.058 15813-16008/com.malvinstn.testqueue D/MainApplication: joq idle. running:? true
06-20 12:47:51.058 15813-15813/com.malvinstn.testqueue D/com.malvinstn.testqueue.JobService: getJobManager() called with: 
06-20 12:47:51.058 15813-15813/com.malvinstn.testqueue D/MainApplication: MainApplication::getJobManager()
06-20 12:47:51.059 15813-16008/com.malvinstn.testqueue D/MainApplication: Job queue idle. next job at: 1466398083020932339
06-20 12:47:51.059 15813-16008/com.malvinstn.testqueue D/MainApplication: add delayed message com.birbit.android.jobqueue.messaging.message.ConstraintChangeMessage@c1aba8a at time 1466398083020932339
06-20 12:47:51.059 15813-16008/com.malvinstn.testqueue D/MainApplication: [priority_mq] did on idle post a message? true
06-20 12:47:51.059 15813-16008/com.malvinstn.testqueue D/MainApplication: [priority_mq] looking for next message at time 1466398071059483310
06-20 12:47:51.059 15813-16008/com.malvinstn.testqueue D/MainApplication: flushing messages at time 1466398071059483310
06-20 12:47:51.059 15813-16008/com.malvinstn.testqueue D/MainApplication: returning next ready at 11961449029 ns
06-20 12:47:51.059 15813-16008/com.malvinstn.testqueue D/MainApplication: [priority_mq] next delayed job 1466398083020932339
06-20 12:47:51.059 15813-16008/com.malvinstn.testqueue D/MainApplication: [queue_SCHEDULER_5] remove message null
06-20 12:47:51.059 15813-16008/com.malvinstn.testqueue D/MainApplication: [queue_RUN_JOB_RESULT_6] remove message null
06-20 12:47:51.059 15813-16008/com.malvinstn.testqueue D/MainApplication: [queue_ADD_JOB_2] remove message null
06-20 12:47:51.059 15813-16008/com.malvinstn.testqueue D/MainApplication: [queue_JOB_CONSUMER_IDLE_4] remove message null
06-20 12:47:51.059 15813-16008/com.malvinstn.testqueue D/MainApplication: [priority_mq] did on idle post a message? false
06-20 12:47:51.059 15813-15813/com.malvinstn.testqueue D/com.malvinstn.testqueue.JobService: getJobManager() called with: 
06-20 12:47:51.059 15813-15813/com.malvinstn.testqueue D/MainApplication: MainApplication::getJobManager()
06-20 12:47:51.060 15813-15813/com.malvinstn.testqueue D/MainApplication: [FW Scheduler] start job SchedulerConstraint{uuid='bd6ee108-bdc7-4e38-8c1e-9be011919639', delayInMs=6300000, networkStatus=1, overrideDeadlineInMs=null, data=null} 38
06-20 12:47:51.060 15813-15813/com.malvinstn.testqueue D/MainApplication: [queue_SCHEDULER_5] post message com.birbit.android.jobqueue.messaging.message.SchedulerMessage@de6d059
06-20 12:47:51.060 15813-16008/com.malvinstn.testqueue D/MainApplication: [priority_mq] looking for next message at time 1466398071060065342
06-20 12:47:51.060 15813-16008/com.malvinstn.testqueue D/MainApplication: flushing messages at time 1466398071060065342
06-20 12:47:51.060 15813-16008/com.malvinstn.testqueue D/MainApplication: returning next ready at 11960866997 ns
06-20 12:47:51.060 15813-16008/com.malvinstn.testqueue D/MainApplication: [priority_mq] next delayed job 1466398083020932339
06-20 12:47:51.060 15813-16008/com.malvinstn.testqueue D/MainApplication: [queue_SCHEDULER_5] remove message com.birbit.android.jobqueue.messaging.message.SchedulerMessage@de6d059
06-20 12:47:51.060 15813-16008/com.malvinstn.testqueue D/MainApplication: [priority_mq] consuming message of type SCHEDULER
06-20 12:47:51.061 15813-16008/com.malvinstn.testqueue D/MainApplication: considering adding a new consumer. Should poke all waiting? true isRunning? true waiting workers? 1
06-20 12:47:51.061 15813-16008/com.malvinstn.testqueue D/MainApplication: there are waiting workers, will poke them instead
06-20 12:47:51.061 15813-16008/com.malvinstn.testqueue D/MainApplication: [consumer_7] post message Command[2]
06-20 12:47:51.061 15813-16008/com.malvinstn.testqueue D/MainApplication: there were waiting workers, poked them and I'm done
06-20 12:47:51.061 15813-18134/com.malvinstn.testqueue D/MainApplication: flushing messages at time 1466398071061429508
06-20 12:47:51.061 15813-16008/com.malvinstn.testqueue D/MainApplication: [priority_mq] looking for next message at time 1466398071061453623
06-20 12:47:51.061 15813-18134/com.malvinstn.testqueue D/MainApplication: returning next ready at 14882519584 ns
06-20 12:47:51.061 15813-16008/com.malvinstn.testqueue D/MainApplication: flushing messages at time 1466398071061453623
06-20 12:47:51.061 15813-18134/com.malvinstn.testqueue D/MainApplication: [consumer_7] remove message Command[2]
06-20 12:47:51.061 15813-16008/com.malvinstn.testqueue D/MainApplication: returning next ready at 11959478716 ns
06-20 12:47:51.061 15813-18134/com.malvinstn.testqueue D/MainApplication: Consumer has been poked.
06-20 12:47:51.061 15813-16008/com.malvinstn.testqueue D/MainApplication: [priority_mq] next delayed job 1466398083020932339
06-20 12:47:51.061 15813-18134/com.malvinstn.testqueue D/MainApplication: flushing messages at time 1466398071061585185
06-20 12:47:51.061 15813-16008/com.malvinstn.testqueue D/MainApplication: [queue_SCHEDULER_5] remove message null
06-20 12:47:51.061 15813-18134/com.malvinstn.testqueue D/MainApplication: returning next ready at 14882363907 ns
06-20 12:47:51.061 15813-16008/com.malvinstn.testqueue D/MainApplication: [queue_RUN_JOB_RESULT_6] remove message null
06-20 12:47:51.061 15813-18134/com.malvinstn.testqueue D/MainApplication: [consumer_7] remove message null
06-20 12:47:51.061 15813-16008/com.malvinstn.testqueue D/MainApplication: [queue_ADD_JOB_2] remove message null
06-20 12:47:51.061 15813-18134/com.malvinstn.testqueue D/MainApplication: consumer manager on idle
06-20 12:47:51.061 15813-16008/com.malvinstn.testqueue D/MainApplication: [queue_JOB_CONSUMER_IDLE_4] remove message null
06-20 12:47:51.061 15813-16008/com.malvinstn.testqueue D/MainApplication: joq idle. running:? true
06-20 12:47:51.061 15813-18134/com.malvinstn.testqueue D/MainApplication: [queue_JOB_CONSUMER_IDLE_4] post message com.birbit.android.jobqueue.messaging.message.JobConsumerIdleMessage@358bca5
06-20 12:47:51.061 15813-18134/com.malvinstn.testqueue D/MainApplication: [consumer_7] will wait on the lock until 1466398085943949092
06-20 12:47:51.063 15813-16008/com.malvinstn.testqueue D/MainApplication: Job queue idle. next job at: 1466398083020932339
06-20 12:47:51.063 15813-16008/com.malvinstn.testqueue D/MainApplication: add delayed message com.birbit.android.jobqueue.messaging.message.ConstraintChangeMessage@cf3a8fb at time 1466398083020932339
06-20 12:47:51.063 15813-16008/com.malvinstn.testqueue D/MainApplication: [priority_mq] did on idle post a message? true
06-20 12:47:51.063 15813-16008/com.malvinstn.testqueue D/MainApplication: [priority_mq] looking for next message at time 1466398071063059560
06-20 12:47:51.063 15813-16008/com.malvinstn.testqueue D/MainApplication: flushing messages at time 1466398071063059560
06-20 12:47:51.063 15813-16008/com.malvinstn.testqueue D/MainApplication: returning next ready at 11957872779 ns
06-20 12:47:51.063 15813-16008/com.malvinstn.testqueue D/MainApplication: [priority_mq] next delayed job 1466398083020932339
06-20 12:47:51.063 15813-16008/com.malvinstn.testqueue D/MainApplication: [queue_SCHEDULER_5] remove message null
06-20 12:47:51.063 15813-16008/com.malvinstn.testqueue D/MainApplication: [queue_RUN_JOB_RESULT_6] remove message null
06-20 12:47:51.063 15813-16008/com.malvinstn.testqueue D/MainApplication: [queue_ADD_JOB_2] remove message null
06-20 12:47:51.063 15813-16008/com.malvinstn.testqueue D/MainApplication: [queue_JOB_CONSUMER_IDLE_4] remove message com.birbit.android.jobqueue.messaging.message.JobConsumerIdleMessage@358bca5
06-20 12:47:51.063 15813-16008/com.malvinstn.testqueue D/MainApplication: [priority_mq] consuming message of type JOB_CONSUMER_IDLE
06-20 12:47:51.064 15813-16008/com.malvinstn.testqueue V/MainApplication: looking for next job
06-20 12:47:51.064 15813-16008/com.malvinstn.testqueue V/MainApplication: non persistent result null
06-20 12:47:51.064 15813-16008/com.malvinstn.testqueue V/MainApplication: persistent result null
06-20 12:47:51.064 15813-16008/com.malvinstn.testqueue D/MainApplication: keep alive: 1466398085943949092
06-20 12:47:51.064 15813-16008/com.malvinstn.testqueue D/MainApplication: Consumer idle, will kill? false . isRunning: true
06-20 12:47:51.065 15813-16008/com.malvinstn.testqueue D/MainApplication: add delayed message Command[2] at time 1466398085943949092
06-20 12:47:51.065 15813-16008/com.malvinstn.testqueue D/MainApplication: poke consumer manager at 1466398085943949092
06-20 12:47:51.065 15813-18134/com.malvinstn.testqueue D/MainApplication: flushing messages at time 1466398071064958675
06-20 12:47:51.065 15813-18134/com.malvinstn.testqueue D/MainApplication: returning next ready at 14878990417 ns
06-20 12:47:51.065 15813-18134/com.malvinstn.testqueue D/MainApplication: [consumer_7] remove message null
06-20 12:47:51.065 15813-18134/com.malvinstn.testqueue D/MainApplication: [consumer_7] will wait on the lock until 1466398085943949092
06-20 12:47:51.065 15813-16008/com.malvinstn.testqueue D/MainApplication: [FW Scheduler] on finished job SchedulerConstraint{uuid='bd6ee108-bdc7-4e38-8c1e-9be011919639', delayInMs=6300000, networkStatus=1, overrideDeadlineInMs=null, data=android.app.job.JobParameters@e5d9d18}. reschedule:false
06-20 12:47:51.066 15813-15813/com.malvinstn.testqueue D/com.malvinstn.testqueue.JobService: getJobManager() called with: 
06-20 12:47:51.067 15813-15813/com.malvinstn.testqueue D/MainApplication: MainApplication::getJobManager()
06-20 12:47:51.073 15813-16008/com.malvinstn.testqueue D/MainApplication: [FW Scheduler] scheduled a framework job. Success? true id: 1 created id: 39
06-20 12:47:51.073 15813-16008/com.malvinstn.testqueue D/MainApplication: [priority_mq] looking for next message at time 1466398071073774352
06-20 12:47:51.074 15813-16008/com.malvinstn.testqueue D/MainApplication: flushing messages at time 1466398071073774352
06-20 12:47:51.074 15813-16008/com.malvinstn.testqueue D/MainApplication: returning next ready at 11947157987 ns
06-20 12:47:51.074 15813-16008/com.malvinstn.testqueue D/MainApplication: [priority_mq] next delayed job 1466398083020932339
06-20 12:47:51.074 15813-16008/com.malvinstn.testqueue D/MainApplication: [queue_SCHEDULER_5] remove message null
06-20 12:47:51.074 15813-16008/com.malvinstn.testqueue D/MainApplication: [queue_RUN_JOB_RESULT_6] remove message null
06-20 12:47:51.074 15813-16008/com.malvinstn.testqueue D/MainApplication: [queue_ADD_JOB_2] remove message null
06-20 12:47:51.074 15813-16008/com.malvinstn.testqueue D/MainApplication: [queue_JOB_CONSUMER_IDLE_4] remove message null
06-20 12:47:51.074 15813-16008/com.malvinstn.testqueue D/MainApplication: joq idle. running:? true
06-20 12:47:51.075 15813-15813/com.malvinstn.testqueue D/com.malvinstn.testqueue.JobService: getJobManager() called with: 
06-20 12:47:51.075 15813-15813/com.malvinstn.testqueue D/MainApplication: MainApplication::getJobManager()
06-20 12:47:51.076 15813-16008/com.malvinstn.testqueue D/MainApplication: Job queue idle. next job at: 1466398083020932339
06-20 12:47:51.076 15813-16008/com.malvinstn.testqueue D/MainApplication: add delayed message com.birbit.android.jobqueue.messaging.message.ConstraintChangeMessage@349d9d7 at time 1466398083020932339
06-20 12:47:51.076 15813-16008/com.malvinstn.testqueue D/MainApplication: [priority_mq] did on idle post a message? true
06-20 12:47:51.076 15813-16008/com.malvinstn.testqueue D/MainApplication: [priority_mq] looking for next message at time 1466398071076180498
06-20 12:47:51.076 15813-16008/com.malvinstn.testqueue D/MainApplication: flushing messages at time 1466398071076180498
06-20 12:47:51.076 15813-16008/com.malvinstn.testqueue D/MainApplication: returning next ready at 11944751841 ns
06-20 12:47:51.076 15813-16008/com.malvinstn.testqueue D/MainApplication: [priority_mq] next delayed job 1466398083020932339
06-20 12:47:51.076 15813-16008/com.malvinstn.testqueue D/MainApplication: [queue_SCHEDULER_5] remove message null
06-20 12:47:51.076 15813-16008/com.malvinstn.testqueue D/MainApplication: [queue_RUN_JOB_RESULT_6] remove message null
06-20 12:47:51.076 15813-16008/com.malvinstn.testqueue D/MainApplication: [queue_ADD_JOB_2] remove message null
06-20 12:47:51.076 15813-16008/com.malvinstn.testqueue D/MainApplication: [queue_JOB_CONSUMER_IDLE_4] remove message null
06-20 12:47:51.076 15813-16008/com.malvinstn.testqueue D/MainApplication: [priority_mq] did on idle post a message? false
06-20 12:47:51.077 15813-15813/com.malvinstn.testqueue D/com.malvinstn.testqueue.JobService: getJobManager() called with: 
06-20 12:47:51.077 15813-15813/com.malvinstn.testqueue D/MainApplication: MainApplication::getJobManager()
06-20 12:47:51.077 15813-15813/com.malvinstn.testqueue D/MainApplication: [FW Scheduler] start job SchedulerConstraint{uuid='bd6ee108-bdc7-4e38-8c1e-9be011919639', delayInMs=7200000, networkStatus=1, overrideDeadlineInMs=null, data=null} 39
06-20 12:47:51.077 15813-15813/com.malvinstn.testqueue D/MainApplication: [queue_SCHEDULER_5] post message com.birbit.android.jobqueue.messaging.message.SchedulerMessage@de6d059
06-20 12:47:51.077 15813-16008/com.malvinstn.testqueue D/MainApplication: [priority_mq] looking for next message at time 1466398071077458518
06-20 12:47:51.077 15813-16008/com.malvinstn.testqueue D/MainApplication: flushing messages at time 1466398071077458518
06-20 12:47:51.077 15813-16008/com.malvinstn.testqueue D/MainApplication: returning next ready at 11943473821 ns
06-20 12:47:51.077 15813-16008/com.malvinstn.testqueue D/MainApplication: [priority_mq] next delayed job 1466398083020932339
06-20 12:47:51.077 15813-16008/com.malvinstn.testqueue D/MainApplication: [queue_SCHEDULER_5] remove message com.birbit.android.jobqueue.messaging.message.SchedulerMessage@de6d059
06-20 12:47:51.077 15813-16008/com.malvinstn.testqueue D/MainApplication: [priority_mq] consuming message of type SCHEDULER
06-20 12:47:51.078 15813-16008/com.malvinstn.testqueue D/MainApplication: considering adding a new consumer. Should poke all waiting? true isRunning? true waiting workers? 1
06-20 12:47:51.078 15813-16008/com.malvinstn.testqueue D/MainApplication: there are waiting workers, will poke them instead
06-20 12:47:51.078 15813-16008/com.malvinstn.testqueue D/MainApplication: [consumer_7] post message Command[2]
06-20 12:47:51.078 15813-16008/com.malvinstn.testqueue D/MainApplication: there were waiting workers, poked them and I'm done
06-20 12:47:51.078 15813-18134/com.malvinstn.testqueue D/MainApplication: flushing messages at time 1466398071078453831
06-20 12:47:51.078 15813-18134/com.malvinstn.testqueue D/MainApplication: returning next ready at 14865495261 ns
06-20 12:47:51.078 15813-16008/com.malvinstn.testqueue D/MainApplication: [priority_mq] looking for next message at time 1466398071078489091
06-20 12:47:51.078 15813-18134/com.malvinstn.testqueue D/MainApplication: [consumer_7] remove message Command[2]
06-20 12:47:51.078 15813-16008/com.malvinstn.testqueue D/MainApplication: flushing messages at time 1466398071078489091
06-20 12:47:51.078 15813-18134/com.malvinstn.testqueue D/MainApplication: Consumer has been poked.
06-20 12:47:51.078 15813-16008/com.malvinstn.testqueue D/MainApplication: returning next ready at 11942443248 ns
06-20 12:47:51.078 15813-18134/com.malvinstn.testqueue D/MainApplication: flushing messages at time 1466398071078608935
06-20 12:47:51.078 15813-16008/com.malvinstn.testqueue D/MainApplication: [priority_mq] next delayed job 1466398083020932339
06-20 12:47:51.078 15813-18134/com.malvinstn.testqueue D/MainApplication: returning next ready at 14865340157 ns
06-20 12:47:51.078 15813-16008/com.malvinstn.testqueue D/MainApplication: [queue_SCHEDULER_5] remove message null
06-20 12:47:51.078 15813-18134/com.malvinstn.testqueue D/MainApplication: [consumer_7] remove message null
06-20 12:47:51.078 15813-16008/com.malvinstn.testqueue D/MainApplication: [queue_RUN_JOB_RESULT_6] remove message null
06-20 12:47:51.078 15813-18134/com.malvinstn.testqueue D/MainApplication: consumer manager on idle
06-20 12:47:51.078 15813-16008/com.malvinstn.testqueue D/MainApplication: [queue_ADD_JOB_2] remove message null
06-20 12:47:51.078 15813-16008/com.malvinstn.testqueue D/MainApplication: [queue_JOB_CONSUMER_IDLE_4] remove message null
06-20 12:47:51.079 15813-16008/com.malvinstn.testqueue D/MainApplication: joq idle. running:? true
06-20 12:47:51.079 15813-18134/com.malvinstn.testqueue D/MainApplication: [queue_JOB_CONSUMER_IDLE_4] post message com.birbit.android.jobqueue.messaging.message.JobConsumerIdleMessage@358bca5
06-20 12:47:51.079 15813-18134/com.malvinstn.testqueue D/MainApplication: [consumer_7] will wait on the lock until 1466398085943949092
06-20 12:47:51.080 15813-16008/com.malvinstn.testqueue D/MainApplication: Job queue idle. next job at: 1466398083020932339
06-20 12:47:51.080 15813-16008/com.malvinstn.testqueue D/MainApplication: add delayed message com.birbit.android.jobqueue.messaging.message.ConstraintChangeMessage@a1b72c4 at time 1466398083020932339
06-20 12:47:51.080 15813-16008/com.malvinstn.testqueue D/MainApplication: [priority_mq] did on idle post a message? true
06-20 12:47:51.080 15813-16008/com.malvinstn.testqueue D/MainApplication: [priority_mq] looking for next message at time 1466398071080300081
06-20 12:47:51.080 15813-16008/com.malvinstn.testqueue D/MainApplication: flushing messages at time 1466398071080300081
06-20 12:47:51.080 15813-16008/com.malvinstn.testqueue D/MainApplication: returning next ready at 11940632258 ns
06-20 12:47:51.080 15813-16008/com.malvinstn.testqueue D/MainApplication: [priority_mq] next delayed job 1466398083020932339
06-20 12:47:51.080 15813-16008/com.malvinstn.testqueue D/MainApplication: [queue_SCHEDULER_5] remove message null
06-20 12:47:51.080 15813-16008/com.malvinstn.testqueue D/MainApplication: [queue_RUN_JOB_RESULT_6] remove message null
06-20 12:47:51.080 15813-16008/com.malvinstn.testqueue D/MainApplication: [queue_ADD_JOB_2] remove message null
06-20 12:47:51.080 15813-16008/com.malvinstn.testqueue D/MainApplication: [queue_JOB_CONSUMER_IDLE_4] remove message com.birbit.android.jobqueue.messaging.message.JobConsumerIdleMessage@358bca5
06-20 12:47:51.080 15813-16008/com.malvinstn.testqueue D/MainApplication: [priority_mq] consuming message of type JOB_CONSUMER_IDLE
06-20 12:47:51.081 15813-16008/com.malvinstn.testqueue V/MainApplication: looking for next job
06-20 12:47:51.081 15813-16008/com.malvinstn.testqueue V/MainApplication: non persistent result null
06-20 12:47:51.082 15813-16008/com.malvinstn.testqueue V/MainApplication: persistent result null
06-20 12:47:51.082 15813-16008/com.malvinstn.testqueue D/MainApplication: keep alive: 1466398085943949092
06-20 12:47:51.082 15813-16008/com.malvinstn.testqueue D/MainApplication: Consumer idle, will kill? false . isRunning: true
06-20 12:47:51.082 15813-16008/com.malvinstn.testqueue D/MainApplication: add delayed message Command[2] at time 1466398085943949092
06-20 12:47:51.082 15813-16008/com.malvinstn.testqueue D/MainApplication: poke consumer manager at 1466398085943949092
06-20 12:47:51.082 15813-18134/com.malvinstn.testqueue D/MainApplication: flushing messages at time 1466398071082156956
06-20 12:47:51.082 15813-18134/com.malvinstn.testqueue D/MainApplication: returning next ready at 14861792136 ns
06-20 12:47:51.082 15813-18134/com.malvinstn.testqueue D/MainApplication: [consumer_7] remove message null
06-20 12:47:51.082 15813-18134/com.malvinstn.testqueue D/MainApplication: [consumer_7] will wait on the lock until 1466398085943949092
06-20 12:47:51.082 15813-16008/com.malvinstn.testqueue D/MainApplication: [FW Scheduler] on finished job SchedulerConstraint{uuid='bd6ee108-bdc7-4e38-8c1e-9be011919639', delayInMs=7200000, networkStatus=1, overrideDeadlineInMs=null, data=android.app.job.JobParameters@23fc5ad}. reschedule:false
06-20 12:47:51.084 15813-15813/com.malvinstn.testqueue D/com.malvinstn.testqueue.JobService: getJobManager() called with: 
06-20 12:47:51.084 15813-15813/com.malvinstn.testqueue D/MainApplication: MainApplication::getJobManager()
06-20 12:47:51.093 15813-16008/com.malvinstn.testqueue D/MainApplication: [FW Scheduler] scheduled a framework job. Success? true id: 1 created id: 40
06-20 12:47:51.093 15813-16008/com.malvinstn.testqueue D/MainApplication: [priority_mq] looking for next message at time 1466398071093680967
06-20 12:47:51.093 15813-16008/com.malvinstn.testqueue D/MainApplication: flushing messages at time 1466398071093680967
06-20 12:47:51.093 15813-16008/com.malvinstn.testqueue D/MainApplication: returning next ready at 11927251372 ns
06-20 12:47:51.094 15813-16008/com.malvinstn.testqueue D/MainApplication: [priority_mq] next delayed job 1466398083020932339
06-20 12:47:51.094 15813-16008/com.malvinstn.testqueue D/MainApplication: [queue_SCHEDULER_5] remove message null
06-20 12:47:51.094 15813-16008/com.malvinstn.testqueue D/MainApplication: [queue_RUN_JOB_RESULT_6] remove message null
06-20 12:47:51.094 15813-16008/com.malvinstn.testqueue D/MainApplication: [queue_ADD_JOB_2] remove message null
06-20 12:47:51.094 15813-16008/com.malvinstn.testqueue D/MainApplication: [queue_JOB_CONSUMER_IDLE_4] remove message null
06-20 12:47:51.094 15813-16008/com.malvinstn.testqueue D/MainApplication: joq idle. running:? true
06-20 12:47:51.095 15813-15813/com.malvinstn.testqueue D/com.malvinstn.testqueue.JobService: getJobManager() called with: 
06-20 12:47:51.095 15813-15813/com.malvinstn.testqueue D/MainApplication: MainApplication::getJobManager()
06-20 12:47:51.096 15813-16008/com.malvinstn.testqueue D/MainApplication: Job queue idle. next job at: 1466398083020932339
06-20 12:47:51.096 15813-16008/com.malvinstn.testqueue D/MainApplication: add delayed message com.birbit.android.jobqueue.messaging.message.ConstraintChangeMessage@8bef730 at time 1466398083020932339
06-20 12:47:51.096 15813-16008/com.malvinstn.testqueue D/MainApplication: [priority_mq] did on idle post a message? true
06-20 12:47:51.096 15813-16008/com.malvinstn.testqueue D/MainApplication: [priority_mq] looking for next message at time 1466398071096413727
06-20 12:47:51.096 15813-16008/com.malvinstn.testqueue D/MainApplication: flushing messages at time 1466398071096413727
06-20 12:47:51.096 15813-16008/com.malvinstn.testqueue D/MainApplication: returning next ready at 11924518612 ns
06-20 12:47:51.096 15813-16008/com.malvinstn.testqueue D/MainApplication: [priority_mq] next delayed job 1466398083020932339
06-20 12:47:51.096 15813-16008/com.malvinstn.testqueue D/MainApplication: [queue_SCHEDULER_5] remove message null
06-20 12:47:51.096 15813-16008/com.malvinstn.testqueue D/MainApplication: [queue_RUN_JOB_RESULT_6] remove message null
06-20 12:47:51.096 15813-16008/com.malvinstn.testqueue D/MainApplication: [queue_ADD_JOB_2] remove message null
06-20 12:47:51.097 15813-16008/com.malvinstn.testqueue D/MainApplication: [queue_JOB_CONSUMER_IDLE_4] remove message null
06-20 12:47:51.097 15813-16008/com.malvinstn.testqueue D/MainApplication: [priority_mq] did on idle post a message? false
06-20 12:47:51.097 15813-15813/com.malvinstn.testqueue D/com.malvinstn.testqueue.JobService: getJobManager() called with: 
06-20 12:47:51.097 15813-15813/com.malvinstn.testqueue D/MainApplication: MainApplication::getJobManager()
06-20 12:47:51.097 15813-15813/com.malvinstn.testqueue D/MainApplication: [FW Scheduler] start job SchedulerConstraint{uuid='bd6ee108-bdc7-4e38-8c1e-9be011919639', delayInMs=8100000, networkStatus=1, overrideDeadlineInMs=null, data=null} 40
06-20 12:47:51.097 15813-15813/com.malvinstn.testqueue D/MainApplication: [queue_SCHEDULER_5] post message com.birbit.android.jobqueue.messaging.message.SchedulerMessage@de6d059
06-20 12:47:51.097 15813-16008/com.malvinstn.testqueue D/MainApplication: [priority_mq] looking for next message at time 1466398071097214196
06-20 12:47:51.097 15813-16008/com.malvinstn.testqueue D/MainApplication: flushing messages at time 1466398071097214196
06-20 12:47:51.097 15813-16008/com.malvinstn.testqueue D/MainApplication: returning next ready at 11923718143 ns
06-20 12:47:51.097 15813-16008/com.malvinstn.testqueue D/MainApplication: [priority_mq] next delayed job 1466398083020932339
06-20 12:47:51.097 15813-16008/com.malvinstn.testqueue D/MainApplication: [queue_SCHEDULER_5] remove message com.birbit.android.jobqueue.messaging.message.SchedulerMessage@de6d059
06-20 12:47:51.097 15813-16008/com.malvinstn.testqueue D/MainApplication: [priority_mq] consuming message of type SCHEDULER
06-20 12:47:51.098 15813-16008/com.malvinstn.testqueue D/MainApplication: considering adding a new consumer. Should poke all waiting? true isRunning? true waiting workers? 1
06-20 12:47:51.098 15813-16008/com.malvinstn.testqueue D/MainApplication: there are waiting workers, will poke them instead
06-20 12:47:51.098 15813-16008/com.malvinstn.testqueue D/MainApplication: [consumer_7] post message Command[2]
06-20 12:47:51.098 15813-16008/com.malvinstn.testqueue D/MainApplication: there were waiting workers, poked them and I'm done
06-20 12:47:51.098 15813-18134/com.malvinstn.testqueue D/MainApplication: flushing messages at time 1466398071098020393
06-20 12:47:51.098 15813-16008/com.malvinstn.testqueue D/MainApplication: [priority_mq] looking for next message at time 1466398071098052581
06-20 12:47:51.098 15813-18134/com.malvinstn.testqueue D/MainApplication: returning next ready at 14845928699 ns
06-20 12:47:51.098 15813-18134/com.malvinstn.testqueue D/MainApplication: [consumer_7] remove message Command[2]
06-20 12:47:51.098 15813-16008/com.malvinstn.testqueue D/MainApplication: flushing messages at time 1466398071098052581
06-20 12:47:51.098 15813-18134/com.malvinstn.testqueue D/MainApplication: Consumer has been poked.
06-20 12:47:51.098 15813-16008/com.malvinstn.testqueue D/MainApplication: returning next ready at 11922879758 ns
06-20 12:47:51.098 15813-18134/com.malvinstn.testqueue D/MainApplication: flushing messages at time 1466398071098182321
06-20 12:47:51.098 15813-16008/com.malvinstn.testqueue D/MainApplication: [priority_mq] next delayed job 1466398083020932339
06-20 12:47:51.098 15813-18134/com.malvinstn.testqueue D/MainApplication: returning next ready at 14845766771 ns
06-20 12:47:51.098 15813-16008/com.malvinstn.testqueue D/MainApplication: [queue_SCHEDULER_5] remove message null
06-20 12:47:51.098 15813-18134/com.malvinstn.testqueue D/MainApplication: [consumer_7] remove message null
06-20 12:47:51.098 15813-16008/com.malvinstn.testqueue D/MainApplication: [queue_RUN_JOB_RESULT_6] remove message null
06-20 12:47:51.098 15813-18134/com.malvinstn.testqueue D/MainApplication: consumer manager on idle
06-20 12:47:51.098 15813-16008/com.malvinstn.testqueue D/MainApplication: [queue_ADD_JOB_2] remove message null
06-20 12:47:51.098 15813-16008/com.malvinstn.testqueue D/MainApplication: [queue_JOB_CONSUMER_IDLE_4] remove message null
06-20 12:47:51.098 15813-16008/com.malvinstn.testqueue D/MainApplication: joq idle. running:? true
06-20 12:47:51.099 15813-18134/com.malvinstn.testqueue D/MainApplication: [queue_JOB_CONSUMER_IDLE_4] post message com.birbit.android.jobqueue.messaging.message.JobConsumerIdleMessage@358bca5
06-20 12:47:51.099 15813-18134/com.malvinstn.testqueue D/MainApplication: [consumer_7] will wait on the lock until 1466398085943949092
06-20 12:47:51.099 15813-16008/com.malvinstn.testqueue D/MainApplication: Job queue idle. next job at: 1466398083020932339
06-20 12:47:51.099 15813-16008/com.malvinstn.testqueue D/MainApplication: add delayed message com.birbit.android.jobqueue.messaging.message.ConstraintChangeMessage@7c00fa9 at time 1466398083020932339
06-20 12:47:51.100 15813-16008/com.malvinstn.testqueue D/MainApplication: [priority_mq] did on idle post a message? true
06-20 12:47:51.100 15813-16008/com.malvinstn.testqueue D/MainApplication: [priority_mq] looking for next message at time 1466398071099944040
06-20 12:47:51.100 15813-16008/com.malvinstn.testqueue D/MainApplication: flushing messages at time 1466398071099944040
06-20 12:47:51.100 15813-16008/com.malvinstn.testqueue D/MainApplication: returning next ready at 11920988299 ns
06-20 12:47:51.100 15813-16008/com.malvinstn.testqueue D/MainApplication: [priority_mq] next delayed job 1466398083020932339
06-20 12:47:51.100 15813-16008/com.malvinstn.testqueue D/MainApplication: [queue_SCHEDULER_5] remove message null
06-20 12:47:51.100 15813-16008/com.malvinstn.testqueue D/MainApplication: [queue_RUN_JOB_RESULT_6] remove message null
06-20 12:47:51.100 15813-16008/com.malvinstn.testqueue D/MainApplication: [queue_ADD_JOB_2] remove message null
06-20 12:47:51.100 15813-16008/com.malvinstn.testqueue D/MainApplication: [queue_JOB_CONSUMER_IDLE_4] remove message com.birbit.android.jobqueue.messaging.message.JobConsumerIdleMessage@358bca5
06-20 12:47:51.100 15813-16008/com.malvinstn.testqueue D/MainApplication: [priority_mq] consuming message of type JOB_CONSUMER_IDLE
06-20 12:47:51.101 15813-16008/com.malvinstn.testqueue V/MainApplication: looking for next job
06-20 12:47:51.101 15813-16008/com.malvinstn.testqueue V/MainApplication: non persistent result null
06-20 12:47:51.101 15813-16008/com.malvinstn.testqueue V/MainApplication: persistent result null
06-20 12:47:51.101 15813-16008/com.malvinstn.testqueue D/MainApplication: keep alive: 1466398085943949092
06-20 12:47:51.101 15813-16008/com.malvinstn.testqueue D/MainApplication: Consumer idle, will kill? false . isRunning: true
06-20 12:47:51.101 15813-16008/com.malvinstn.testqueue D/MainApplication: add delayed message Command[2] at time 1466398085943949092
06-20 12:47:51.101 15813-16008/com.malvinstn.testqueue D/MainApplication: poke consumer manager at 1466398085943949092
06-20 12:47:51.101 15813-18134/com.malvinstn.testqueue D/MainApplication: flushing messages at time 1466398071101749821
06-20 12:47:51.101 15813-18134/com.malvinstn.testqueue D/MainApplication: returning next ready at 14842199271 ns
06-20 12:47:51.102 15813-18134/com.malvinstn.testqueue D/MainApplication: [consumer_7] remove message null
06-20 12:47:51.102 15813-18134/com.malvinstn.testqueue D/MainApplication: [consumer_7] will wait on the lock until 1466398085943949092
06-20 12:47:51.102 15813-16008/com.malvinstn.testqueue D/MainApplication: [FW Scheduler] on finished job SchedulerConstraint{uuid='bd6ee108-bdc7-4e38-8c1e-9be011919639', delayInMs=8100000, networkStatus=1, overrideDeadlineInMs=null, data=android.app.job.JobParameters@742592e}. reschedule:false
06-20 12:47:51.103 15813-15813/com.malvinstn.testqueue D/com.malvinstn.testqueue.JobService: getJobManager() called with: 
06-20 12:47:51.103 15813-15813/com.malvinstn.testqueue D/MainApplication: MainApplication::getJobManager()
06-20 12:47:51.112 15813-16008/com.malvinstn.testqueue D/MainApplication: [FW Scheduler] scheduled a framework job. Success? true id: 1 created id: 41
06-20 12:47:51.112 15813-16008/com.malvinstn.testqueue D/MainApplication: [priority_mq] looking for next message at time 1466398071112741644
06-20 12:47:51.112 15813-16008/com.malvinstn.testqueue D/MainApplication: flushing messages at time 1466398071112741644
06-20 12:47:51.112 15813-16008/com.malvinstn.testqueue D/MainApplication: returning next ready at 11908190695 ns
06-20 12:47:51.113 15813-16008/com.malvinstn.testqueue D/MainApplication: [priority_mq] next delayed job 1466398083020932339
06-20 12:47:51.113 15813-16008/com.malvinstn.testqueue D/MainApplication: [queue_SCHEDULER_5] remove message null
06-20 12:47:51.113 15813-16008/com.malvinstn.testqueue D/MainApplication: [queue_RUN_JOB_RESULT_6] remove message null
06-20 12:47:51.113 15813-16008/com.malvinstn.testqueue D/MainApplication: [queue_ADD_JOB_2] remove message null
06-20 12:47:51.113 15813-16008/com.malvinstn.testqueue D/MainApplication: [queue_JOB_CONSUMER_IDLE_4] remove message null
06-20 12:47:51.113 15813-16008/com.malvinstn.testqueue D/MainApplication: joq idle. running:? true
06-20 12:47:51.114 15813-16008/com.malvinstn.testqueue D/MainApplication: Job queue idle. next job at: 1466398083020932339
06-20 12:47:51.114 15813-16008/com.malvinstn.testqueue D/MainApplication: add delayed message com.birbit.android.jobqueue.messaging.message.ConstraintChangeMessage@2d4565c at time 1466398083020932339
06-20 12:47:51.114 15813-15813/com.malvinstn.testqueue D/com.malvinstn.testqueue.JobService: getJobManager() called with: 
06-20 12:47:51.114 15813-16008/com.malvinstn.testqueue D/MainApplication: [priority_mq] did on idle post a message? true
06-20 12:47:51.114 15813-15813/com.malvinstn.testqueue D/MainApplication: MainApplication::getJobManager()
06-20 12:47:51.114 15813-16008/com.malvinstn.testqueue D/MainApplication: [priority_mq] looking for next message at time 1466398071114070133
06-20 12:47:51.114 15813-16008/com.malvinstn.testqueue D/MainApplication: flushing messages at time 1466398071114070133
06-20 12:47:51.114 15813-16008/com.malvinstn.testqueue D/MainApplication: returning next ready at 11906862206 ns
06-20 12:47:51.114 15813-16008/com.malvinstn.testqueue D/MainApplication: [priority_mq] next delayed job 1466398083020932339
06-20 12:47:51.114 15813-16008/com.malvinstn.testqueue D/MainApplication: [queue_SCHEDULER_5] remove message null
06-20 12:47:51.114 15813-16008/com.malvinstn.testqueue D/MainApplication: [queue_RUN_JOB_RESULT_6] remove message null
06-20 12:47:51.114 15813-16008/com.malvinstn.testqueue D/MainApplication: [queue_ADD_JOB_2] remove message null
06-20 12:47:51.114 15813-16008/com.malvinstn.testqueue D/MainApplication: [queue_JOB_CONSUMER_IDLE_4] remove message null
06-20 12:47:51.114 15813-16008/com.malvinstn.testqueue D/MainApplication: [priority_mq] did on idle post a message? false
06-20 12:47:51.115 15813-15813/com.malvinstn.testqueue D/com.malvinstn.testqueue.JobService: getJobManager() called with: 
06-20 12:47:51.115 15813-15813/com.malvinstn.testqueue D/MainApplication: MainApplication::getJobManager()
06-20 12:47:51.115 15813-15813/com.malvinstn.testqueue D/MainApplication: [FW Scheduler] start job SchedulerConstraint{uuid='bd6ee108-bdc7-4e38-8c1e-9be011919639', delayInMs=9000000, networkStatus=1, overrideDeadlineInMs=null, data=null} 41
06-20 12:47:51.115 15813-15813/com.malvinstn.testqueue D/MainApplication: [queue_SCHEDULER_5] post message com.birbit.android.jobqueue.messaging.message.SchedulerMessage@de6d059
06-20 12:47:51.115 15813-16008/com.malvinstn.testqueue D/MainApplication: [priority_mq] looking for next message at time 1466398071115672737
06-20 12:47:51.115 15813-16008/com.malvinstn.testqueue D/MainApplication: flushing messages at time 1466398071115672737
06-20 12:47:51.115 15813-16008/com.malvinstn.testqueue D/MainApplication: returning next ready at 11905259602 ns
06-20 12:47:51.115 15813-16008/com.malvinstn.testqueue D/MainApplication: [priority_mq] next delayed job 1466398083020932339
06-20 12:47:51.115 15813-16008/com.malvinstn.testqueue D/MainApplication: [queue_SCHEDULER_5] remove message com.birbit.android.jobqueue.messaging.message.SchedulerMessage@de6d059
06-20 12:47:51.116 15813-16008/com.malvinstn.testqueue D/MainApplication: [priority_mq] consuming message of type SCHEDULER
06-20 12:47:51.116 15813-16008/com.malvinstn.testqueue D/MainApplication: considering adding a new consumer. Should poke all waiting? true isRunning? true waiting workers? 1
06-20 12:47:51.116 15813-16008/com.malvinstn.testqueue D/MainApplication: there are waiting workers, will poke them instead
06-20 12:47:51.116 15813-16008/com.malvinstn.testqueue D/MainApplication: [consumer_7] post message Command[2]
06-20 12:47:51.116 15813-16008/com.malvinstn.testqueue D/MainApplication: there were waiting workers, poked them and I'm done
06-20 12:47:51.116 15813-16008/com.malvinstn.testqueue D/MainApplication: [priority_mq] looking for next message at time 1466398071116391227
06-20 12:47:51.116 15813-16008/com.malvinstn.testqueue D/MainApplication: flushing messages at time 1466398071116391227
06-20 12:47:51.116 15813-16008/com.malvinstn.testqueue D/MainApplication: returning next ready at 11904541112 ns
06-20 12:47:51.116 15813-16008/com.malvinstn.testqueue D/MainApplication: [priority_mq] next delayed job 1466398083020932339
06-20 12:47:51.116 15813-16008/com.malvinstn.testqueue D/MainApplication: [queue_SCHEDULER_5] remove message null
06-20 12:47:51.116 15813-16008/com.malvinstn.testqueue D/MainApplication: [queue_RUN_JOB_RESULT_6] remove message null
06-20 12:47:51.116 15813-16008/com.malvinstn.testqueue D/MainApplication: [queue_ADD_JOB_2] remove message null
06-20 12:47:51.116 15813-16008/com.malvinstn.testqueue D/MainApplication: [queue_JOB_CONSUMER_IDLE_4] remove message null
06-20 12:47:51.116 15813-16008/com.malvinstn.testqueue D/MainApplication: joq idle. running:? true
06-20 12:47:51.116 15813-18134/com.malvinstn.testqueue D/MainApplication: flushing messages at time 1466398071116752529
06-20 12:47:51.116 15813-18134/com.malvinstn.testqueue D/MainApplication: returning next ready at 14827196563 ns
06-20 12:47:51.117 15813-18134/com.malvinstn.testqueue D/MainApplication: [consumer_7] remove message Command[2]
06-20 12:47:51.117 15813-18134/com.malvinstn.testqueue D/MainApplication: Consumer has been poked.
06-20 12:47:51.117 15813-18134/com.malvinstn.testqueue D/MainApplication: flushing messages at time 1466398071116917216
06-20 12:47:51.117 15813-18134/com.malvinstn.testqueue D/MainApplication: returning next ready at 14827031876 ns
06-20 12:47:51.117 15813-18134/com.malvinstn.testqueue D/MainApplication: [consumer_7] remove message null
06-20 12:47:51.117 15813-18134/com.malvinstn.testqueue D/MainApplication: consumer manager on idle
06-20 12:47:51.117 15813-18134/com.malvinstn.testqueue D/MainApplication: [queue_JOB_CONSUMER_IDLE_4] post message com.birbit.android.jobqueue.messaging.message.JobConsumerIdleMessage@358bca5
06-20 12:47:51.117 15813-18134/com.malvinstn.testqueue D/MainApplication: [consumer_7] will wait on the lock until 1466398085943949092
06-20 12:47:51.117 15813-16008/com.malvinstn.testqueue D/MainApplication: Job queue idle. next job at: 1466398083020932339
06-20 12:47:51.117 15813-16008/com.malvinstn.testqueue D/MainApplication: add delayed message com.birbit.android.jobqueue.messaging.message.ConstraintChangeMessage@71eda3a at time 1466398083020932339
06-20 12:47:51.117 15813-16008/com.malvinstn.testqueue D/MainApplication: [priority_mq] did on idle post a message? true
06-20 12:47:51.117 15813-16008/com.malvinstn.testqueue D/MainApplication: [priority_mq] looking for next message at time 1466398071117733571
06-20 12:47:51.117 15813-16008/com.malvinstn.testqueue D/MainApplication: flushing messages at time 1466398071117733571
06-20 12:47:51.117 15813-16008/com.malvinstn.testqueue D/MainApplication: returning next ready at 11903198768 ns
06-20 12:47:51.118 15813-16008/com.malvinstn.testqueue D/MainApplication: [priority_mq] next delayed job 1466398083020932339
06-20 12:47:51.118 15813-16008/com.malvinstn.testqueue D/MainApplication: [queue_SCHEDULER_5] remove message null
06-20 12:47:51.118 15813-16008/com.malvinstn.testqueue D/MainApplication: [queue_RUN_JOB_RESULT_6] remove message null
06-20 12:47:51.118 15813-16008/com.malvinstn.testqueue D/MainApplication: [queue_ADD_JOB_2] remove message null
06-20 12:47:51.118 15813-16008/com.malvinstn.testqueue D/MainApplication: [queue_JOB_CONSUMER_IDLE_4] remove message com.birbit.android.jobqueue.messaging.message.JobConsumerIdleMessage@358bca5
06-20 12:47:51.118 15813-16008/com.malvinstn.testqueue D/MainApplication: [priority_mq] consuming message of type JOB_CONSUMER_IDLE
06-20 12:47:51.118 15813-16008/com.malvinstn.testqueue V/MainApplication: looking for next job
06-20 12:47:51.118 15813-16008/com.malvinstn.testqueue V/MainApplication: non persistent result null
06-20 12:47:51.119 15813-16008/com.malvinstn.testqueue V/MainApplication: persistent result null
06-20 12:47:51.119 15813-16008/com.malvinstn.testqueue D/MainApplication: keep alive: 1466398085943949092
06-20 12:47:51.119 15813-16008/com.malvinstn.testqueue D/MainApplication: Consumer idle, will kill? false . isRunning: true
06-20 12:47:51.119 15813-16008/com.malvinstn.testqueue D/MainApplication: add delayed message Command[2] at time 1466398085943949092
06-20 12:47:51.119 15813-16008/com.malvinstn.testqueue D/MainApplication: poke consumer manager at 1466398085943949092
06-20 12:47:51.119 15813-18134/com.malvinstn.testqueue D/MainApplication: flushing messages at time 1466398071119567894
06-20 12:47:51.119 15813-18134/com.malvinstn.testqueue D/MainApplication: returning next ready at 14824381198 ns
06-20 12:47:51.119 15813-18134/com.malvinstn.testqueue D/MainApplication: [consumer_7] remove message null
06-20 12:47:51.119 15813-18134/com.malvinstn.testqueue D/MainApplication: [consumer_7] will wait on the lock until 1466398085943949092
06-20 12:47:51.120 15813-16008/com.malvinstn.testqueue D/MainApplication: [FW Scheduler] on finished job SchedulerConstraint{uuid='bd6ee108-bdc7-4e38-8c1e-9be011919639', delayInMs=9000000, networkStatus=1, overrideDeadlineInMs=null, data=android.app.job.JobParameters@17cc6eb}. reschedule:false
06-20 12:47:51.121 15813-15813/com.malvinstn.testqueue D/com.malvinstn.testqueue.JobService: getJobManager() called with: 
06-20 12:47:51.121 15813-15813/com.malvinstn.testqueue D/MainApplication: MainApplication::getJobManager()
06-20 12:47:51.128 15813-16008/com.malvinstn.testqueue D/MainApplication: [FW Scheduler] scheduled a framework job. Success? true id: 1 created id: 42
06-20 12:47:51.128 15813-16008/com.malvinstn.testqueue D/MainApplication: [priority_mq] looking for next message at time 1466398071127947998
06-20 12:47:51.128 15813-16008/com.malvinstn.testqueue D/MainApplication: flushing messages at time 1466398071127947998
06-20 12:47:51.128 15813-16008/com.malvinstn.testqueue D/MainApplication: returning next ready at 11892984341 ns
06-20 12:47:51.128 15813-16008/com.malvinstn.testqueue D/MainApplication: [priority_mq] next delayed job 1466398083020932339
06-20 12:47:51.128 15813-16008/com.malvinstn.testqueue D/MainApplication: [queue_SCHEDULER_5] remove message null
06-20 12:47:51.128 15813-16008/com.malvinstn.testqueue D/MainApplication: [queue_RUN_JOB_RESULT_6] remove message null
06-20 12:47:51.128 15813-16008/com.malvinstn.testqueue D/MainApplication: [queue_ADD_JOB_2] remove message null
06-20 12:47:51.128 15813-16008/com.malvinstn.testqueue D/MainApplication: [queue_JOB_CONSUMER_IDLE_4] remove message null
06-20 12:47:51.128 15813-16008/com.malvinstn.testqueue D/MainApplication: joq idle. running:? true
06-20 12:47:51.129 15813-15813/com.malvinstn.testqueue D/com.malvinstn.testqueue.JobService: getJobManager() called with: 
06-20 12:47:51.129 15813-15813/com.malvinstn.testqueue D/MainApplication: MainApplication::getJobManager()
06-20 12:47:51.130 15813-16008/com.malvinstn.testqueue D/MainApplication: Job queue idle. next job at: 1466398083020932339
06-20 12:47:51.130 15813-16008/com.malvinstn.testqueue D/MainApplication: add delayed message com.birbit.android.jobqueue.messaging.message.ConstraintChangeMessage@7106006 at time 1466398083020932339
06-20 12:47:51.130 15813-16008/com.malvinstn.testqueue D/MainApplication: [priority_mq] did on idle post a message? true
06-20 12:47:51.130 15813-16008/com.malvinstn.testqueue D/MainApplication: [priority_mq] looking for next message at time 1466398071130094508
06-20 12:47:51.130 15813-16008/com.malvinstn.testqueue D/MainApplication: flushing messages at time 1466398071130094508
06-20 12:47:51.130 15813-16008/com.malvinstn.testqueue D/MainApplication: returning next ready at 11890837831 ns
06-20 12:47:51.130 15813-16008/com.malvinstn.testqueue D/MainApplication: [priority_mq] next delayed job 1466398083020932339
06-20 12:47:51.130 15813-16008/com.malvinstn.testqueue D/MainApplication: [queue_SCHEDULER_5] remove message null
06-20 12:47:51.130 15813-16008/com.malvinstn.testqueue D/MainApplication: [queue_RUN_JOB_RESULT_6] remove message null
06-20 12:47:51.130 15813-16008/com.malvinstn.testqueue D/MainApplication: [queue_ADD_JOB_2] remove message null
06-20 12:47:51.130 15813-16008/com.malvinstn.testqueue D/MainApplication: [queue_JOB_CONSUMER_IDLE_4] remove message null
06-20 12:47:51.130 15813-16008/com.malvinstn.testqueue D/MainApplication: [priority_mq] did on idle post a message? false
06-20 12:47:51.130 15813-15813/com.malvinstn.testqueue D/com.malvinstn.testqueue.JobService: getJobManager() called with: 
06-20 12:47:51.130 15813-15813/com.malvinstn.testqueue D/MainApplication: MainApplication::getJobManager()
06-20 12:47:51.130 15813-15813/com.malvinstn.testqueue D/MainApplication: [FW Scheduler] start job SchedulerConstraint{uuid='bd6ee108-bdc7-4e38-8c1e-9be011919639', delayInMs=9900000, networkStatus=1, overrideDeadlineInMs=null, data=null} 42
06-20 12:47:51.130 15813-15813/com.malvinstn.testqueue D/MainApplication: [queue_SCHEDULER_5] post message com.birbit.android.jobqueue.messaging.message.SchedulerMessage@de6d059
06-20 12:47:51.130 15813-16008/com.malvinstn.testqueue D/MainApplication: [priority_mq] looking for next message at time 1466398071130756123
06-20 12:47:51.130 15813-16008/com.malvinstn.testqueue D/MainApplication: flushing messages at time 1466398071130756123
06-20 12:47:51.131 15813-16008/com.malvinstn.testqueue D/MainApplication: returning next ready at 11890176216 ns
06-20 12:47:51.131 15813-16008/com.malvinstn.testqueue D/MainApplication: [priority_mq] next delayed job 1466398083020932339
06-20 12:47:51.131 15813-16008/com.malvinstn.testqueue D/MainApplication: [queue_SCHEDULER_5] remove message com.birbit.android.jobqueue.messaging.message.SchedulerMessage@de6d059
06-20 12:47:51.131 15813-16008/com.malvinstn.testqueue D/MainApplication: [priority_mq] consuming message of type SCHEDULER
06-20 12:47:51.131 15813-16008/com.malvinstn.testqueue D/MainApplication: considering adding a new consumer. Should poke all waiting? true isRunning? true waiting workers? 1
06-20 12:47:51.131 15813-16008/com.malvinstn.testqueue D/MainApplication: there are waiting workers, will poke them instead
06-20 12:47:51.131 15813-16008/com.malvinstn.testqueue D/MainApplication: [consumer_7] post message Command[2]
06-20 12:47:51.132 15813-16008/com.malvinstn.testqueue D/MainApplication: there were waiting workers, poked them and I'm done
06-20 12:47:51.132 15813-16008/com.malvinstn.testqueue D/MainApplication: [priority_mq] looking for next message at time 1466398071131883310
06-20 12:47:51.132 15813-18134/com.malvinstn.testqueue D/MainApplication: flushing messages at time 1466398071131856956
06-20 12:47:51.132 15813-16008/com.malvinstn.testqueue D/MainApplication: flushing messages at time 1466398071131883310
06-20 12:47:51.132 15813-18134/com.malvinstn.testqueue D/MainApplication: returning next ready at 14812092136 ns
06-20 12:47:51.132 15813-16008/com.malvinstn.testqueue D/MainApplication: returning next ready at 11889049029 ns
06-20 12:47:51.132 15813-18134/com.malvinstn.testqueue D/MainApplication: [consumer_7] remove message Command[2]
06-20 12:47:51.132 15813-18134/com.malvinstn.testqueue D/MainApplication: Consumer has been poked.
06-20 12:47:51.132 15813-16008/com.malvinstn.testqueue D/MainApplication: [priority_mq] next delayed job 1466398083020932339
06-20 12:47:51.132 15813-18134/com.malvinstn.testqueue D/MainApplication: flushing messages at time 1466398071132037842
06-20 12:47:51.132 15813-16008/com.malvinstn.testqueue D/MainApplication: [queue_SCHEDULER_5] remove message null
06-20 12:47:51.132 15813-18134/com.malvinstn.testqueue D/MainApplication: returning next ready at 14811911250 ns
06-20 12:47:51.132 15813-16008/com.malvinstn.testqueue D/MainApplication: [queue_RUN_JOB_RESULT_6] remove message null
06-20 12:47:51.132 15813-18134/com.malvinstn.testqueue D/MainApplication: [consumer_7] remove message null
06-20 12:47:51.132 15813-16008/com.malvinstn.testqueue D/MainApplication: [queue_ADD_JOB_2] remove message null
06-20 12:47:51.132 15813-18134/com.malvinstn.testqueue D/MainApplication: consumer manager on idle
06-20 12:47:51.132 15813-16008/com.malvinstn.testqueue D/MainApplication: [queue_JOB_CONSUMER_IDLE_4] remove message null
06-20 12:47:51.132 15813-16008/com.malvinstn.testqueue D/MainApplication: joq idle. running:? true
06-20 12:47:51.132 15813-18134/com.malvinstn.testqueue D/MainApplication: [queue_JOB_CONSUMER_IDLE_4] post message com.birbit.android.jobqueue.messaging.message.JobConsumerIdleMessage@358bca5
06-20 12:47:51.132 15813-18134/com.malvinstn.testqueue D/MainApplication: [consumer_7] will wait on the lock until 1466398085943949092
06-20 12:47:51.133 15813-16008/com.malvinstn.testqueue D/MainApplication: Job queue idle. next job at: 1466398083020932339
06-20 12:47:51.133 15813-16008/com.malvinstn.testqueue D/MainApplication: add delayed message com.birbit.android.jobqueue.messaging.message.ConstraintChangeMessage@9dee6c7 at time 1466398083020932339
06-20 12:47:51.133 15813-16008/com.malvinstn.testqueue D/MainApplication: [priority_mq] did on idle post a message? true
06-20 12:47:51.133 15813-16008/com.malvinstn.testqueue D/MainApplication: [priority_mq] looking for next message at time 1466398071133221539
06-20 12:47:51.133 15813-16008/com.malvinstn.testqueue D/MainApplication: flushing messages at time 1466398071133221539
06-20 12:47:51.133 15813-16008/com.malvinstn.testqueue D/MainApplication: returning next ready at 11887710800 ns
06-20 12:47:51.133 15813-16008/com.malvinstn.testqueue D/MainApplication: [priority_mq] next delayed job 1466398083020932339
06-20 12:47:51.133 15813-16008/com.malvinstn.testqueue D/MainApplication: [queue_SCHEDULER_5] remove message null
