06-20 12:25:06.605 16972-17512/com.malvinstn.testqueue D/MainApplication: [queue_ADD_JOB_2] remove message null
06-20 12:25:06.605 16972-17512/com.malvinstn.testqueue D/MainApplication: [queue_JOB_CONSUMER_IDLE_4] remove message com.birbit.android.jobqueue.messaging.message.JobConsumerIdleMessage@bdbb488
06-20 12:25:06.605 16972-17512/com.malvinstn.testqueue D/MainApplication: [priority_mq] consuming message of type JOB_CONSUMER_IDLE
06-20 12:25:06.605 16972-17512/com.malvinstn.testqueue V/MainApplication: looking for next job
06-20 12:25:06.606 16972-17512/com.malvinstn.testqueue V/MainApplication: non persistent result null
06-20 12:25:06.606 16972-17512/com.malvinstn.testqueue V/MainApplication: persistent result null
06-20 12:25:06.606 16972-17512/com.malvinstn.testqueue D/MainApplication: keep alive: 1466396718306538599
06-20 12:25:06.606 16972-17512/com.malvinstn.testqueue D/MainApplication: Consumer idle, will kill? false . isRunning: true
06-20 12:25:06.606 16972-17512/com.malvinstn.testqueue D/MainApplication: add delayed message Command[2] at time 1466396718306538599
06-20 12:25:06.606 16972-26665/com.malvinstn.testqueue D/MainApplication: flushing messages at time 1466396706606285630
06-20 12:25:06.606 16972-26665/com.malvinstn.testqueue D/MainApplication: returning next ready at 11700252969 ns
06-20 12:25:06.607 16972-26665/com.malvinstn.testqueue D/MainApplication: [consumer_3] remove message null
06-20 12:25:06.607 16972-26665/com.malvinstn.testqueue D/MainApplication: [consumer_3] will wait on the lock until 1466396718306538599
06-20 12:25:06.607 16972-17512/com.malvinstn.testqueue D/MainApplication: poke consumer manager at 1466396718306538599
06-20 12:25:06.607 16972-17512/com.malvinstn.testqueue D/MainApplication: [FW Scheduler] on finished job SchedulerConstraint{uuid='91424491-0acf-490a-878f-215c6437d8bb', delayInMs=192600000, networkStatus=2}. reschedule:false
06-20 12:25:06.608 16972-16972/com.malvinstn.testqueue D/com.malvinstn.testqueue.JobService: getJobManager() called with: 
06-20 12:25:06.608 16972-16972/com.malvinstn.testqueue D/MainApplication: MainApplication::getJobManager()
06-20 12:25:06.614 16972-17512/com.malvinstn.testqueue D/MainApplication: [FW Scheduler] scheduled a framework job. Success? true id: 1 created id: 215
06-20 12:25:06.614 16972-17512/com.malvinstn.testqueue D/MainApplication: [priority_mq] looking for next message at time 1466396706613850578
06-20 12:25:06.614 16972-17512/com.malvinstn.testqueue D/MainApplication: flushing messages at time 1466396706613850578
06-20 12:25:06.614 16972-17512/com.malvinstn.testqueue D/MainApplication: returning next ready at 56612851094 ns
06-20 12:25:06.614 16972-17512/com.malvinstn.testqueue D/MainApplication: [priority_mq] next delayed job 1466396763226701672
06-20 12:25:06.614 16972-17512/com.malvinstn.testqueue D/MainApplication: [queue_SCHEDULER_5] remove message null
06-20 12:25:06.614 16972-17512/com.malvinstn.testqueue D/MainApplication: [queue_RUN_JOB_RESULT_6] remove message null
06-20 12:25:06.614 16972-17512/com.malvinstn.testqueue D/MainApplication: [queue_ADD_JOB_2] remove message null
06-20 12:25:06.614 16972-17512/com.malvinstn.testqueue D/MainApplication: [queue_JOB_CONSUMER_IDLE_4] remove message null
06-20 12:25:06.614 16972-17512/com.malvinstn.testqueue D/MainApplication: joq idle. running:? true
06-20 12:25:06.615 16972-16972/com.malvinstn.testqueue D/com.malvinstn.testqueue.JobService: getJobManager() called with: 
06-20 12:25:06.615 16972-16972/com.malvinstn.testqueue D/MainApplication: MainApplication::getJobManager()
06-20 12:25:06.617 16972-16972/com.malvinstn.testqueue D/com.malvinstn.testqueue.JobService: getJobManager() called with: 
06-20 12:25:06.617 16972-16972/com.malvinstn.testqueue D/MainApplication: MainApplication::getJobManager()
06-20 12:25:06.617 16972-16972/com.malvinstn.testqueue D/MainApplication: [FW Scheduler] start job SchedulerConstraint{uuid='91424491-0acf-490a-878f-215c6437d8bb', delayInMs=193500000, networkStatus=2} 215
06-20 12:25:06.617 16972-16972/com.malvinstn.testqueue D/MainApplication: [queue_SCHEDULER_5] post message com.birbit.android.jobqueue.messaging.message.SchedulerMessage@7abd2cc
06-20 12:25:06.617 16972-17512/com.malvinstn.testqueue D/MainApplication: Job queue idle. next job at: 1466396763226701672
06-20 12:25:06.617 16972-17512/com.malvinstn.testqueue D/MainApplication: add delayed message com.birbit.android.jobqueue.messaging.message.ConstraintChangeMessage@437fa9e at time 1466396763226701672
06-20 12:25:06.617 16972-17512/com.malvinstn.testqueue D/MainApplication: [priority_mq] did on idle post a message? true
06-20 12:25:06.617 16972-17512/com.malvinstn.testqueue D/MainApplication: [priority_mq] looking for next message at time 1466396706617160525
06-20 12:25:06.617 16972-17512/com.malvinstn.testqueue D/MainApplication: flushing messages at time 1466396706617160525
06-20 12:25:06.617 16972-17512/com.malvinstn.testqueue D/MainApplication: returning next ready at 56609541147 ns
06-20 12:25:06.617 16972-17512/com.malvinstn.testqueue D/MainApplication: [priority_mq] next delayed job 1466396763226701672
06-20 12:25:06.617 16972-17512/com.malvinstn.testqueue D/MainApplication: [queue_SCHEDULER_5] remove message com.birbit.android.jobqueue.messaging.message.SchedulerMessage@7abd2cc
06-20 12:25:06.617 16972-17512/com.malvinstn.testqueue D/MainApplication: [priority_mq] consuming message of type SCHEDULER
06-20 12:25:06.618 16972-17512/com.malvinstn.testqueue D/MainApplication: considering adding a new consumer. Should poke all waiting? true isRunning? true waiting workers? 1
06-20 12:25:06.618 16972-17512/com.malvinstn.testqueue D/MainApplication: there are waiting workers, will poke them instead
06-20 12:25:06.618 16972-17512/com.malvinstn.testqueue D/MainApplication: [consumer_3] post message Command[2]
06-20 12:25:06.618 16972-17512/com.malvinstn.testqueue D/MainApplication: there were waiting workers, poked them and I'm done
06-20 12:25:06.618 16972-17512/com.malvinstn.testqueue D/MainApplication: [priority_mq] looking for next message at time 1466396706617833338
06-20 12:25:06.618 16972-17512/com.malvinstn.testqueue D/MainApplication: flushing messages at time 1466396706617833338
06-20 12:25:06.618 16972-17512/com.malvinstn.testqueue D/MainApplication: returning next ready at 56608868334 ns
06-20 12:25:06.618 16972-17512/com.malvinstn.testqueue D/MainApplication: [priority_mq] next delayed job 1466396763226701672
06-20 12:25:06.618 16972-17512/com.malvinstn.testqueue D/MainApplication: [queue_SCHEDULER_5] remove message null
06-20 12:25:06.618 16972-17512/com.malvinstn.testqueue D/MainApplication: [queue_RUN_JOB_RESULT_6] remove message null
06-20 12:25:06.618 16972-17512/com.malvinstn.testqueue D/MainApplication: [queue_ADD_JOB_2] remove message null
06-20 12:25:06.618 16972-17512/com.malvinstn.testqueue D/MainApplication: [queue_JOB_CONSUMER_IDLE_4] remove message null
06-20 12:25:06.618 16972-17512/com.malvinstn.testqueue D/MainApplication: joq idle. running:? true
06-20 12:25:06.618 16972-26665/com.malvinstn.testqueue D/MainApplication: flushing messages at time 1466396706618234171
06-20 12:25:06.618 16972-26665/com.malvinstn.testqueue D/MainApplication: returning next ready at 11688304428 ns
06-20 12:25:06.618 16972-26665/com.malvinstn.testqueue D/MainApplication: [consumer_3] remove message Command[2]
06-20 12:25:06.618 16972-26665/com.malvinstn.testqueue D/MainApplication: Consumer has been poked.
06-20 12:25:06.619 16972-26665/com.malvinstn.testqueue D/MainApplication: flushing messages at time 1466396706618388234
06-20 12:25:06.619 16972-26665/com.malvinstn.testqueue D/MainApplication: returning next ready at 11688150365 ns
06-20 12:25:06.619 16972-26665/com.malvinstn.testqueue D/MainApplication: [consumer_3] remove message null
06-20 12:25:06.619 16972-26665/com.malvinstn.testqueue D/MainApplication: consumer manager on idle
06-20 12:25:06.619 16972-26665/com.malvinstn.testqueue D/MainApplication: [queue_JOB_CONSUMER_IDLE_4] post message com.birbit.android.jobqueue.messaging.message.JobConsumerIdleMessage@bdbb488
06-20 12:25:06.619 16972-26665/com.malvinstn.testqueue D/MainApplication: [consumer_3] will wait on the lock until 1466396718306538599
06-20 12:25:06.619 16972-17512/com.malvinstn.testqueue D/MainApplication: Job queue idle. next job at: 1466396763226701672
06-20 12:25:06.619 16972-17512/com.malvinstn.testqueue D/MainApplication: add delayed message com.birbit.android.jobqueue.messaging.message.ConstraintChangeMessage@e66097f at time 1466396763226701672
06-20 12:25:06.620 16972-17512/com.malvinstn.testqueue D/MainApplication: [priority_mq] did on idle post a message? true
06-20 12:25:06.620 16972-17512/com.malvinstn.testqueue D/MainApplication: [priority_mq] looking for next message at time 1466396706619449536
06-20 12:25:06.620 16972-17512/com.malvinstn.testqueue D/MainApplication: flushing messages at time 1466396706619449536
06-20 12:25:06.620 16972-17512/com.malvinstn.testqueue D/MainApplication: returning next ready at 56607252136 ns
06-20 12:25:06.620 16972-17512/com.malvinstn.testqueue D/MainApplication: [priority_mq] next delayed job 1466396763226701672
06-20 12:25:06.620 16972-17512/com.malvinstn.testqueue D/MainApplication: [queue_SCHEDULER_5] remove message null
06-20 12:25:06.620 16972-17512/com.malvinstn.testqueue D/MainApplication: [queue_RUN_JOB_RESULT_6] remove message null
06-20 12:25:06.620 16972-17512/com.malvinstn.testqueue D/MainApplication: [queue_ADD_JOB_2] remove message null
06-20 12:25:06.620 16972-17512/com.malvinstn.testqueue D/MainApplication: [queue_JOB_CONSUMER_IDLE_4] remove message com.birbit.android.jobqueue.messaging.message.JobConsumerIdleMessage@bdbb488
06-20 12:25:06.620 16972-17512/com.malvinstn.testqueue D/MainApplication: [priority_mq] consuming message of type JOB_CONSUMER_IDLE
06-20 12:25:06.620 16972-17512/com.malvinstn.testqueue V/MainApplication: looking for next job
06-20 12:25:06.620 16972-17512/com.malvinstn.testqueue V/MainApplication: non persistent result null
06-20 12:25:06.621 16972-17512/com.malvinstn.testqueue V/MainApplication: persistent result null
06-20 12:25:06.621 16972-17512/com.malvinstn.testqueue D/MainApplication: keep alive: 1466396718306538599
06-20 12:25:06.621 16972-17512/com.malvinstn.testqueue D/MainApplication: Consumer idle, will kill? false . isRunning: true
06-20 12:25:06.621 16972-17512/com.malvinstn.testqueue D/MainApplication: add delayed message Command[2] at time 1466396718306538599
06-20 12:25:06.621 16972-26665/com.malvinstn.testqueue D/MainApplication: flushing messages at time 1466396706621138495
06-20 12:25:06.621 16972-26665/com.malvinstn.testqueue D/MainApplication: returning next ready at 11685400104 ns
06-20 12:25:06.621 16972-26665/com.malvinstn.testqueue D/MainApplication: [consumer_3] remove message null
06-20 12:25:06.621 16972-26665/com.malvinstn.testqueue D/MainApplication: [consumer_3] will wait on the lock until 1466396718306538599
06-20 12:25:06.621 16972-17512/com.malvinstn.testqueue D/MainApplication: poke consumer manager at 1466396718306538599
06-20 12:25:06.622 16972-17512/com.malvinstn.testqueue D/MainApplication: [FW Scheduler] on finished job SchedulerConstraint{uuid='91424491-0acf-490a-878f-215c6437d8bb', delayInMs=193500000, networkStatus=2}. reschedule:false
06-20 12:25:06.623 16972-16972/com.malvinstn.testqueue D/com.malvinstn.testqueue.JobService: getJobManager() called with: 
06-20 12:25:06.623 16972-16972/com.malvinstn.testqueue D/MainApplication: MainApplication::getJobManager()
06-20 12:25:06.630 16972-17512/com.malvinstn.testqueue D/MainApplication: [FW Scheduler] scheduled a framework job. Success? true id: 1 created id: 216
06-20 12:25:06.630 16972-17512/com.malvinstn.testqueue D/MainApplication: [priority_mq] looking for next message at time 1466396706629578963
06-20 12:25:06.630 16972-17512/com.malvinstn.testqueue D/MainApplication: flushing messages at time 1466396706629578963
06-20 12:25:06.630 16972-17512/com.malvinstn.testqueue D/MainApplication: returning next ready at 56597122709 ns
06-20 12:25:06.630 16972-17512/com.malvinstn.testqueue D/MainApplication: [priority_mq] next delayed job 1466396763226701672
06-20 12:25:06.630 16972-17512/com.malvinstn.testqueue D/MainApplication: [queue_SCHEDULER_5] remove message null
06-20 12:25:06.630 16972-17512/com.malvinstn.testqueue D/MainApplication: [queue_RUN_JOB_RESULT_6] remove message null
06-20 12:25:06.630 16972-17512/com.malvinstn.testqueue D/MainApplication: [queue_ADD_JOB_2] remove message null
06-20 12:25:06.630 16972-17512/com.malvinstn.testqueue D/MainApplication: [queue_JOB_CONSUMER_IDLE_4] remove message null
06-20 12:25:06.630 16972-17512/com.malvinstn.testqueue D/MainApplication: joq idle. running:? true
06-20 12:25:06.631 16972-17512/com.malvinstn.testqueue D/MainApplication: Job queue idle. next job at: 1466396763226701672
06-20 12:25:06.631 16972-17512/com.malvinstn.testqueue D/MainApplication: add delayed message com.birbit.android.jobqueue.messaging.message.ConstraintChangeMessage@dca6195 at time 1466396763226701672
06-20 12:25:06.631 16972-17512/com.malvinstn.testqueue D/MainApplication: [priority_mq] did on idle post a message? true
06-20 12:25:06.631 16972-17512/com.malvinstn.testqueue D/MainApplication: [priority_mq] looking for next message at time 1466396706630940370
06-20 12:25:06.631 16972-17512/com.malvinstn.testqueue D/MainApplication: flushing messages at time 1466396706630940370
06-20 12:25:06.631 16972-17512/com.malvinstn.testqueue D/MainApplication: returning next ready at 56595761302 ns
06-20 12:25:06.631 16972-17512/com.malvinstn.testqueue D/MainApplication: [priority_mq] next delayed job 1466396763226701672
06-20 12:25:06.631 16972-17512/com.malvinstn.testqueue D/MainApplication: [queue_SCHEDULER_5] remove message null
06-20 12:25:06.631 16972-17512/com.malvinstn.testqueue D/MainApplication: [queue_RUN_JOB_RESULT_6] remove message null
06-20 12:25:06.631 16972-17512/com.malvinstn.testqueue D/MainApplication: [queue_ADD_JOB_2] remove message null
06-20 12:25:06.631 16972-17512/com.malvinstn.testqueue D/MainApplication: [queue_JOB_CONSUMER_IDLE_4] remove message null
06-20 12:25:06.631 16972-17512/com.malvinstn.testqueue D/MainApplication: [priority_mq] did on idle post a message? false
06-20 12:25:06.632 16972-16972/com.malvinstn.testqueue D/com.malvinstn.testqueue.JobService: getJobManager() called with: 
06-20 12:25:06.632 16972-16972/com.malvinstn.testqueue D/MainApplication: MainApplication::getJobManager()
06-20 12:25:06.633 16972-16972/com.malvinstn.testqueue D/com.malvinstn.testqueue.JobService: getJobManager() called with: 
06-20 12:25:06.633 16972-16972/com.malvinstn.testqueue D/MainApplication: MainApplication::getJobManager()
06-20 12:25:06.633 16972-16972/com.malvinstn.testqueue D/MainApplication: [FW Scheduler] start job SchedulerConstraint{uuid='91424491-0acf-490a-878f-215c6437d8bb', delayInMs=194400000, networkStatus=2} 216
06-20 12:25:06.633 16972-16972/com.malvinstn.testqueue D/MainApplication: [queue_SCHEDULER_5] post message com.birbit.android.jobqueue.messaging.message.SchedulerMessage@7abd2cc
06-20 12:25:06.633 16972-17512/com.malvinstn.testqueue D/MainApplication: [priority_mq] looking for next message at time 1466396706633124901
06-20 12:25:06.633 16972-17512/com.malvinstn.testqueue D/MainApplication: flushing messages at time 1466396706633124901
06-20 12:25:06.633 16972-17512/com.malvinstn.testqueue D/MainApplication: returning next ready at 56593576771 ns
06-20 12:25:06.633 16972-17512/com.malvinstn.testqueue D/MainApplication: [priority_mq] next delayed job 1466396763226701672
06-20 12:25:06.633 16972-17512/com.malvinstn.testqueue D/MainApplication: [queue_SCHEDULER_5] remove message com.birbit.android.jobqueue.messaging.message.SchedulerMessage@7abd2cc
06-20 12:25:06.633 16972-17512/com.malvinstn.testqueue D/MainApplication: [priority_mq] consuming message of type SCHEDULER
06-20 12:25:06.634 16972-17512/com.malvinstn.testqueue D/MainApplication: considering adding a new consumer. Should poke all waiting? true isRunning? true waiting workers? 1
06-20 12:25:06.634 16972-17512/com.malvinstn.testqueue D/MainApplication: there are waiting workers, will poke them instead
06-20 12:25:06.634 16972-17512/com.malvinstn.testqueue D/MainApplication: [consumer_3] post message Command[2]
06-20 12:25:06.634 16972-17512/com.malvinstn.testqueue D/MainApplication: there were waiting workers, poked them and I'm done
06-20 12:25:06.634 16972-17512/com.malvinstn.testqueue D/MainApplication: [priority_mq] looking for next message at time 1466396706633859380
06-20 12:25:06.634 16972-17512/com.malvinstn.testqueue D/MainApplication: flushing messages at time 1466396706633859380
06-20 12:25:06.634 16972-17512/com.malvinstn.testqueue D/MainApplication: returning next ready at 56592842292 ns
06-20 12:25:06.634 16972-17512/com.malvinstn.testqueue D/MainApplication: [priority_mq] next delayed job 1466396763226701672
06-20 12:25:06.634 16972-17512/com.malvinstn.testqueue D/MainApplication: [queue_SCHEDULER_5] remove message null
06-20 12:25:06.634 16972-17512/com.malvinstn.testqueue D/MainApplication: [queue_RUN_JOB_RESULT_6] remove message null
06-20 12:25:06.634 16972-17512/com.malvinstn.testqueue D/MainApplication: [queue_ADD_JOB_2] remove message null
06-20 12:25:06.634 16972-17512/com.malvinstn.testqueue D/MainApplication: [queue_JOB_CONSUMER_IDLE_4] remove message null
06-20 12:25:06.634 16972-17512/com.malvinstn.testqueue D/MainApplication: joq idle. running:? true
06-20 12:25:06.634 16972-26665/com.malvinstn.testqueue D/MainApplication: flushing messages at time 1466396706634256515
06-20 12:25:06.634 16972-26665/com.malvinstn.testqueue D/MainApplication: returning next ready at 11672282084 ns
06-20 12:25:06.634 16972-26665/com.malvinstn.testqueue D/MainApplication: [consumer_3] remove message Command[2]
06-20 12:25:06.635 16972-26665/com.malvinstn.testqueue D/MainApplication: Consumer has been poked.
06-20 12:25:06.635 16972-26665/com.malvinstn.testqueue D/MainApplication: flushing messages at time 1466396706634413598
06-20 12:25:06.635 16972-26665/com.malvinstn.testqueue D/MainApplication: returning next ready at 11672125001 ns
06-20 12:25:06.635 16972-26665/com.malvinstn.testqueue D/MainApplication: [consumer_3] remove message null
06-20 12:25:06.635 16972-26665/com.malvinstn.testqueue D/MainApplication: consumer manager on idle
06-20 12:25:06.635 16972-26665/com.malvinstn.testqueue D/MainApplication: [queue_JOB_CONSUMER_IDLE_4] post message com.birbit.android.jobqueue.messaging.message.JobConsumerIdleMessage@bdbb488
06-20 12:25:06.635 16972-26665/com.malvinstn.testqueue D/MainApplication: [consumer_3] will wait on the lock until 1466396718306538599
06-20 12:25:06.635 16972-17512/com.malvinstn.testqueue D/MainApplication: Job queue idle. next job at: 1466396763226701672
06-20 12:25:06.635 16972-17512/com.malvinstn.testqueue D/MainApplication: add delayed message com.birbit.android.jobqueue.messaging.message.ConstraintChangeMessage@4dbbe9b at time 1466396763226701672
06-20 12:25:06.636 16972-17512/com.malvinstn.testqueue D/MainApplication: [priority_mq] did on idle post a message? true
06-20 12:25:06.636 16972-17512/com.malvinstn.testqueue D/MainApplication: [priority_mq] looking for next message at time 1466396706635489640
06-20 12:25:06.636 16972-17512/com.malvinstn.testqueue D/MainApplication: flushing messages at time 1466396706635489640
06-20 12:25:06.636 16972-17512/com.malvinstn.testqueue D/MainApplication: returning next ready at 56591212032 ns
06-20 12:25:06.636 16972-17512/com.malvinstn.testqueue D/MainApplication: [priority_mq] next delayed job 1466396763226701672
06-20 12:25:06.636 16972-17512/com.malvinstn.testqueue D/MainApplication: [queue_SCHEDULER_5] remove message null
06-20 12:25:06.636 16972-17512/com.malvinstn.testqueue D/MainApplication: [queue_RUN_JOB_RESULT_6] remove message null
06-20 12:25:06.636 16972-17512/com.malvinstn.testqueue D/MainApplication: [queue_ADD_JOB_2] remove message null
06-20 12:25:06.636 16972-17512/com.malvinstn.testqueue D/MainApplication: [queue_JOB_CONSUMER_IDLE_4] remove message com.birbit.android.jobqueue.messaging.message.JobConsumerIdleMessage@bdbb488
06-20 12:25:06.636 16972-17512/com.malvinstn.testqueue D/MainApplication: [priority_mq] consuming message of type JOB_CONSUMER_IDLE
06-20 12:25:06.636 16972-17512/com.malvinstn.testqueue V/MainApplication: looking for next job
06-20 12:25:06.636 16972-17512/com.malvinstn.testqueue V/MainApplication: non persistent result null
06-20 12:25:06.637 16972-17512/com.malvinstn.testqueue V/MainApplication: persistent result null
06-20 12:25:06.637 16972-17512/com.malvinstn.testqueue D/MainApplication: keep alive: 1466396718306538599
06-20 12:25:06.637 16972-17512/com.malvinstn.testqueue D/MainApplication: Consumer idle, will kill? false . isRunning: true
06-20 12:25:06.637 16972-17512/com.malvinstn.testqueue D/MainApplication: add delayed message Command[2] at time 1466396718306538599
06-20 12:25:06.637 16972-17512/com.malvinstn.testqueue D/MainApplication: poke consumer manager at 1466396718306538599
06-20 12:25:06.637 16972-26665/com.malvinstn.testqueue D/MainApplication: flushing messages at time 1466396706637169692
06-20 12:25:06.637 16972-26665/com.malvinstn.testqueue D/MainApplication: returning next ready at 11669368907 ns
06-20 12:25:06.637 16972-26665/com.malvinstn.testqueue D/MainApplication: [consumer_3] remove message null
06-20 12:25:06.637 16972-26665/com.malvinstn.testqueue D/MainApplication: [consumer_3] will wait on the lock until 1466396718306538599
06-20 12:25:06.637 16972-17512/com.malvinstn.testqueue D/MainApplication: [FW Scheduler] on finished job SchedulerConstraint{uuid='91424491-0acf-490a-878f-215c6437d8bb', delayInMs=194400000, networkStatus=2}. reschedule:false
06-20 12:25:06.639 16972-16972/com.malvinstn.testqueue D/com.malvinstn.testqueue.JobService: getJobManager() called with: 
06-20 12:25:06.639 16972-16972/com.malvinstn.testqueue D/MainApplication: MainApplication::getJobManager()
06-20 12:25:06.645 16972-17512/com.malvinstn.testqueue D/MainApplication: [FW Scheduler] scheduled a framework job. Success? true id: 1 created id: 217
06-20 12:25:06.645 16972-17512/com.malvinstn.testqueue D/MainApplication: [priority_mq] looking for next message at time 1466396706644584328
06-20 12:25:06.645 16972-17512/com.malvinstn.testqueue D/MainApplication: flushing messages at time 1466396706644584328
06-20 12:25:06.645 16972-17512/com.malvinstn.testqueue D/MainApplication: returning next ready at 56582117344 ns
06-20 12:25:06.645 16972-17512/com.malvinstn.testqueue D/MainApplication: [priority_mq] next delayed job 1466396763226701672
06-20 12:25:06.645 16972-17512/com.malvinstn.testqueue D/MainApplication: [queue_SCHEDULER_5] remove message null
06-20 12:25:06.645 16972-17512/com.malvinstn.testqueue D/MainApplication: [queue_RUN_JOB_RESULT_6] remove message null
06-20 12:25:06.645 16972-17512/com.malvinstn.testqueue D/MainApplication: [queue_ADD_JOB_2] remove message null
06-20 12:25:06.645 16972-17512/com.malvinstn.testqueue D/MainApplication: [queue_JOB_CONSUMER_IDLE_4] remove message null
06-20 12:25:06.645 16972-17512/com.malvinstn.testqueue D/MainApplication: joq idle. running:? true
06-20 12:25:06.646 16972-17512/com.malvinstn.testqueue D/MainApplication: Job queue idle. next job at: 1466396763226701672
06-20 12:25:06.646 16972-17512/com.malvinstn.testqueue D/MainApplication: add delayed message com.birbit.android.jobqueue.messaging.message.ConstraintChangeMessage@6bc8211 at time 1466396763226701672
06-20 12:25:06.646 16972-17512/com.malvinstn.testqueue D/MainApplication: [priority_mq] did on idle post a message? true
06-20 12:25:06.646 16972-16972/com.malvinstn.testqueue D/com.malvinstn.testqueue.JobService: getJobManager() called with: 
06-20 12:25:06.646 16972-17512/com.malvinstn.testqueue D/MainApplication: [priority_mq] looking for next message at time 1466396706645931671
06-20 12:25:06.646 16972-16972/com.malvinstn.testqueue D/MainApplication: MainApplication::getJobManager()
06-20 12:25:06.646 16972-17512/com.malvinstn.testqueue D/MainApplication: flushing messages at time 1466396706645931671
06-20 12:25:06.646 16972-17512/com.malvinstn.testqueue D/MainApplication: returning next ready at 56580770001 ns
06-20 12:25:06.646 16972-17512/com.malvinstn.testqueue D/MainApplication: [priority_mq] next delayed job 1466396763226701672
06-20 12:25:06.646 16972-17512/com.malvinstn.testqueue D/MainApplication: [queue_SCHEDULER_5] remove message null
06-20 12:25:06.646 16972-17512/com.malvinstn.testqueue D/MainApplication: [queue_RUN_JOB_RESULT_6] remove message null
06-20 12:25:06.646 16972-17512/com.malvinstn.testqueue D/MainApplication: [queue_ADD_JOB_2] remove message null
06-20 12:25:06.646 16972-17512/com.malvinstn.testqueue D/MainApplication: [queue_JOB_CONSUMER_IDLE_4] remove message null
06-20 12:25:06.646 16972-17512/com.malvinstn.testqueue D/MainApplication: [priority_mq] did on idle post a message? false
06-20 12:25:06.647 16972-16972/com.malvinstn.testqueue D/com.malvinstn.testqueue.JobService: getJobManager() called with: 
06-20 12:25:06.647 16972-16972/com.malvinstn.testqueue D/MainApplication: MainApplication::getJobManager()
06-20 12:25:06.647 16972-16972/com.malvinstn.testqueue D/MainApplication: [FW Scheduler] start job SchedulerConstraint{uuid='91424491-0acf-490a-878f-215c6437d8bb', delayInMs=195300000, networkStatus=2} 217
06-20 12:25:06.647 16972-16972/com.malvinstn.testqueue D/MainApplication: [queue_SCHEDULER_5] post message com.birbit.android.jobqueue.messaging.message.SchedulerMessage@7abd2cc
06-20 12:25:06.647 16972-17512/com.malvinstn.testqueue D/MainApplication: [priority_mq] looking for next message at time 1466396706647165525
06-20 12:25:06.647 16972-17512/com.malvinstn.testqueue D/MainApplication: flushing messages at time 1466396706647165525
06-20 12:25:06.647 16972-17512/com.malvinstn.testqueue D/MainApplication: returning next ready at 56579536147 ns
06-20 12:25:06.647 16972-17512/com.malvinstn.testqueue D/MainApplication: [priority_mq] next delayed job 1466396763226701672
06-20 12:25:06.647 16972-17512/com.malvinstn.testqueue D/MainApplication: [queue_SCHEDULER_5] remove message com.birbit.android.jobqueue.messaging.message.SchedulerMessage@7abd2cc
06-20 12:25:06.648 16972-17512/com.malvinstn.testqueue D/MainApplication: [priority_mq] consuming message of type SCHEDULER
06-20 12:25:06.648 16972-17512/com.malvinstn.testqueue D/MainApplication: considering adding a new consumer. Should poke all waiting? true isRunning? true waiting workers? 1
06-20 12:25:06.648 16972-17512/com.malvinstn.testqueue D/MainApplication: there are waiting workers, will poke them instead
06-20 12:25:06.648 16972-17512/com.malvinstn.testqueue D/MainApplication: [consumer_3] post message Command[2]
06-20 12:25:06.648 16972-17512/com.malvinstn.testqueue D/MainApplication: there were waiting workers, poked them and I'm done
06-20 12:25:06.648 16972-26665/com.malvinstn.testqueue D/MainApplication: flushing messages at time 1466396706647853181
06-20 12:25:06.648 16972-17512/com.malvinstn.testqueue D/MainApplication: [priority_mq] looking for next message at time 1466396706647882765
06-20 12:25:06.648 16972-26665/com.malvinstn.testqueue D/MainApplication: returning next ready at 11658685418 ns
06-20 12:25:06.648 16972-17512/com.malvinstn.testqueue D/MainApplication: flushing messages at time 1466396706647882765
06-20 12:25:06.648 16972-26665/com.malvinstn.testqueue D/MainApplication: [consumer_3] remove message Command[2]
06-20 12:25:06.648 16972-17512/com.malvinstn.testqueue D/MainApplication: returning next ready at 56578818907 ns
06-20 12:25:06.648 16972-26665/com.malvinstn.testqueue D/MainApplication: Consumer has been poked.
06-20 12:25:06.648 16972-17512/com.malvinstn.testqueue D/MainApplication: [priority_mq] next delayed job 1466396763226701672
06-20 12:25:06.648 16972-26665/com.malvinstn.testqueue D/MainApplication: flushing messages at time 1466396706648007140
06-20 12:25:06.648 16972-17512/com.malvinstn.testqueue D/MainApplication: [queue_SCHEDULER_5] remove message null
06-20 12:25:06.648 16972-26665/com.malvinstn.testqueue D/MainApplication: returning next ready at 11658531459 ns
06-20 12:25:06.648 16972-17512/com.malvinstn.testqueue D/MainApplication: [queue_RUN_JOB_RESULT_6] remove message null
06-20 12:25:06.648 16972-26665/com.malvinstn.testqueue D/MainApplication: [consumer_3] remove message null
06-20 12:25:06.648 16972-17512/com.malvinstn.testqueue D/MainApplication: [queue_ADD_JOB_2] remove message null
06-20 12:25:06.648 16972-26665/com.malvinstn.testqueue D/MainApplication: consumer manager on idle
06-20 12:25:06.648 16972-17512/com.malvinstn.testqueue D/MainApplication: [queue_JOB_CONSUMER_IDLE_4] remove message null
06-20 12:25:06.648 16972-17512/com.malvinstn.testqueue D/MainApplication: joq idle. running:? true
06-20 12:25:06.648 16972-26665/com.malvinstn.testqueue D/MainApplication: [queue_JOB_CONSUMER_IDLE_4] post message com.birbit.android.jobqueue.messaging.message.JobConsumerIdleMessage@bdbb488
06-20 12:25:06.648 16972-26665/com.malvinstn.testqueue D/MainApplication: [consumer_3] will wait on the lock until 1466396718306538599
06-20 12:25:06.649 16972-17512/com.malvinstn.testqueue D/MainApplication: Job queue idle. next job at: 1466396763226701672
06-20 12:25:06.650 16972-17512/com.malvinstn.testqueue D/MainApplication: add delayed message com.birbit.android.jobqueue.messaging.message.ConstraintChangeMessage@e2da977 at time 1466396763226701672
06-20 12:25:06.650 16972-17512/com.malvinstn.testqueue D/MainApplication: [priority_mq] did on idle post a message? true
06-20 12:25:06.650 16972-17512/com.malvinstn.testqueue D/MainApplication: [priority_mq] looking for next message at time 1466396706649555995
06-20 12:25:06.650 16972-17512/com.malvinstn.testqueue D/MainApplication: flushing messages at time 1466396706649555995
06-20 12:25:06.650 16972-17512/com.malvinstn.testqueue D/MainApplication: returning next ready at 56577145677 ns
06-20 12:25:06.650 16972-17512/com.malvinstn.testqueue D/MainApplication: [priority_mq] next delayed job 1466396763226701672
06-20 12:25:06.650 16972-17512/com.malvinstn.testqueue D/MainApplication: [queue_SCHEDULER_5] remove message null
06-20 12:25:06.650 16972-17512/com.malvinstn.testqueue D/MainApplication: [queue_RUN_JOB_RESULT_6] remove message null
06-20 12:25:06.650 16972-17512/com.malvinstn.testqueue D/MainApplication: [queue_ADD_JOB_2] remove message null
06-20 12:25:06.650 16972-17512/com.malvinstn.testqueue D/MainApplication: [queue_JOB_CONSUMER_IDLE_4] remove message com.birbit.android.jobqueue.messaging.message.JobConsumerIdleMessage@bdbb488
06-20 12:25:06.650 16972-17512/com.malvinstn.testqueue D/MainApplication: [priority_mq] consuming message of type JOB_CONSUMER_IDLE
06-20 12:25:06.650 16972-17512/com.malvinstn.testqueue V/MainApplication: looking for next job
06-20 12:25:06.651 16972-17512/com.malvinstn.testqueue V/MainApplication: non persistent result null
06-20 12:25:06.651 16972-17512/com.malvinstn.testqueue V/MainApplication: persistent result null
06-20 12:25:06.651 16972-17512/com.malvinstn.testqueue D/MainApplication: keep alive: 1466396718306538599
06-20 12:25:06.651 16972-17512/com.malvinstn.testqueue D/MainApplication: Consumer idle, will kill? false . isRunning: true
06-20 12:25:06.651 16972-17512/com.malvinstn.testqueue D/MainApplication: add delayed message Command[2] at time 1466396718306538599
06-20 12:25:06.651 16972-17512/com.malvinstn.testqueue D/MainApplication: poke consumer manager at 1466396718306538599
06-20 12:25:06.651 16972-26665/com.malvinstn.testqueue D/MainApplication: flushing messages at time 1466396706651228547
06-20 12:25:06.651 16972-26665/com.malvinstn.testqueue D/MainApplication: returning next ready at 11655310052 ns
06-20 12:25:06.651 16972-26665/com.malvinstn.testqueue D/MainApplication: [consumer_3] remove message null
06-20 12:25:06.652 16972-26665/com.malvinstn.testqueue D/MainApplication: [consumer_3] will wait on the lock until 1466396718306538599
06-20 12:25:06.652 16972-17512/com.malvinstn.testqueue D/MainApplication: [FW Scheduler] on finished job SchedulerConstraint{uuid='91424491-0acf-490a-878f-215c6437d8bb', delayInMs=195300000, networkStatus=2}. reschedule:false
06-20 12:25:06.653 16972-16972/com.malvinstn.testqueue D/com.malvinstn.testqueue.JobService: getJobManager() called with: 
06-20 12:25:06.653 16972-16972/com.malvinstn.testqueue D/MainApplication: MainApplication::getJobManager()
06-20 12:25:06.661 16972-17512/com.malvinstn.testqueue D/MainApplication: [FW Scheduler] scheduled a framework job. Success? true id: 1 created id: 218
06-20 12:25:06.661 16972-17512/com.malvinstn.testqueue D/MainApplication: [priority_mq] looking for next message at time 1466396706661273755
06-20 12:25:06.661 16972-17512/com.malvinstn.testqueue D/MainApplication: flushing messages at time 1466396706661273755
06-20 12:25:06.661 16972-17512/com.malvinstn.testqueue D/MainApplication: returning next ready at 56565427917 ns
06-20 12:25:06.662 16972-17512/com.malvinstn.testqueue D/MainApplication: [priority_mq] next delayed job 1466396763226701672
06-20 12:25:06.662 16972-17512/com.malvinstn.testqueue D/MainApplication: [queue_SCHEDULER_5] remove message null
06-20 12:25:06.662 16972-17512/com.malvinstn.testqueue D/MainApplication: [queue_RUN_JOB_RESULT_6] remove message null
06-20 12:25:06.662 16972-17512/com.malvinstn.testqueue D/MainApplication: [queue_ADD_JOB_2] remove message null
06-20 12:25:06.662 16972-17512/com.malvinstn.testqueue D/MainApplication: [queue_JOB_CONSUMER_IDLE_4] remove message null
06-20 12:25:06.662 16972-17512/com.malvinstn.testqueue D/MainApplication: joq idle. running:? true
06-20 12:25:06.663 16972-17512/com.malvinstn.testqueue D/MainApplication: Job queue idle. next job at: 1466396763226701672
06-20 12:25:06.663 16972-17512/com.malvinstn.testqueue D/MainApplication: add delayed message com.birbit.android.jobqueue.messaging.message.ConstraintChangeMessage@7d62e4d at time 1466396763226701672
06-20 12:25:06.663 16972-17512/com.malvinstn.testqueue D/MainApplication: [priority_mq] did on idle post a message? true
06-20 12:25:06.663 16972-17512/com.malvinstn.testqueue D/MainApplication: [priority_mq] looking for next message at time 1466396706662645630
06-20 12:25:06.663 16972-16972/com.malvinstn.testqueue D/com.malvinstn.testqueue.JobService: getJobManager() called with: 
06-20 12:25:06.663 16972-16972/com.malvinstn.testqueue D/MainApplication: MainApplication::getJobManager()
06-20 12:25:06.663 16972-17512/com.malvinstn.testqueue D/MainApplication: flushing messages at time 1466396706662645630
06-20 12:25:06.663 16972-17512/com.malvinstn.testqueue D/MainApplication: returning next ready at 56564056042 ns
06-20 12:25:06.663 16972-17512/com.malvinstn.testqueue D/MainApplication: [priority_mq] next delayed job 1466396763226701672
06-20 12:25:06.663 16972-17512/com.malvinstn.testqueue D/MainApplication: [queue_SCHEDULER_5] remove message null
06-20 12:25:06.663 16972-17512/com.malvinstn.testqueue D/MainApplication: [queue_RUN_JOB_RESULT_6] remove message null
06-20 12:25:06.663 16972-17512/com.malvinstn.testqueue D/MainApplication: [queue_ADD_JOB_2] remove message null
06-20 12:25:06.663 16972-17512/com.malvinstn.testqueue D/MainApplication: [queue_JOB_CONSUMER_IDLE_4] remove message null
06-20 12:25:06.663 16972-17512/com.malvinstn.testqueue D/MainApplication: [priority_mq] did on idle post a message? false
06-20 12:25:06.664 16972-16972/com.malvinstn.testqueue D/com.malvinstn.testqueue.JobService: getJobManager() called with: 
06-20 12:25:06.664 16972-16972/com.malvinstn.testqueue D/MainApplication: MainApplication::getJobManager()
06-20 12:25:06.664 16972-16972/com.malvinstn.testqueue D/MainApplication: [FW Scheduler] start job SchedulerConstraint{uuid='91424491-0acf-490a-878f-215c6437d8bb', delayInMs=196200000, networkStatus=2} 218
06-20 12:25:06.664 16972-16972/com.malvinstn.testqueue D/MainApplication: [queue_SCHEDULER_5] post message com.birbit.android.jobqueue.messaging.message.SchedulerMessage@7abd2cc
06-20 12:25:06.664 16972-17512/com.malvinstn.testqueue D/MainApplication: [priority_mq] looking for next message at time 1466396706664005734
06-20 12:25:06.664 16972-17512/com.malvinstn.testqueue D/MainApplication: flushing messages at time 1466396706664005734
06-20 12:25:06.664 16972-17512/com.malvinstn.testqueue D/MainApplication: returning next ready at 56562695938 ns
06-20 12:25:06.664 16972-17512/com.malvinstn.testqueue D/MainApplication: [priority_mq] next delayed job 1466396763226701672
06-20 12:25:06.664 16972-17512/com.malvinstn.testqueue D/MainApplication: [queue_SCHEDULER_5] remove message com.birbit.android.jobqueue.messaging.message.SchedulerMessage@7abd2cc
06-20 12:25:06.664 16972-17512/com.malvinstn.testqueue D/MainApplication: [priority_mq] consuming message of type SCHEDULER
06-20 12:25:06.665 16972-17512/com.malvinstn.testqueue D/MainApplication: considering adding a new consumer. Should poke all waiting? true isRunning? true waiting workers? 1
06-20 12:25:06.665 16972-17512/com.malvinstn.testqueue D/MainApplication: there are waiting workers, will poke them instead
06-20 12:25:06.665 16972-17512/com.malvinstn.testqueue D/MainApplication: [consumer_3] post message Command[2]
06-20 12:25:06.665 16972-17512/com.malvinstn.testqueue D/MainApplication: there were waiting workers, poked them and I'm done
06-20 12:25:06.665 16972-17512/com.malvinstn.testqueue D/MainApplication: [priority_mq] looking for next message at time 1466396706664709223
06-20 12:25:06.665 16972-17512/com.malvinstn.testqueue D/MainApplication: flushing messages at time 1466396706664709223
06-20 12:25:06.665 16972-17512/com.malvinstn.testqueue D/MainApplication: returning next ready at 56561992449 ns
06-20 12:25:06.665 16972-17512/com.malvinstn.testqueue D/MainApplication: [priority_mq] next delayed job 1466396763226701672
06-20 12:25:06.665 16972-17512/com.malvinstn.testqueue D/MainApplication: [queue_SCHEDULER_5] remove message null
06-20 12:25:06.665 16972-17512/com.malvinstn.testqueue D/MainApplication: [queue_RUN_JOB_RESULT_6] remove message null
06-20 12:25:06.665 16972-17512/com.malvinstn.testqueue D/MainApplication: [queue_ADD_JOB_2] remove message null
06-20 12:25:06.665 16972-17512/com.malvinstn.testqueue D/MainApplication: [queue_JOB_CONSUMER_IDLE_4] remove message null
06-20 12:25:06.665 16972-17512/com.malvinstn.testqueue D/MainApplication: joq idle. running:? true
06-20 12:25:06.665 16972-26665/com.malvinstn.testqueue D/MainApplication: flushing messages at time 1466396706665087973
06-20 12:25:06.665 16972-26665/com.malvinstn.testqueue D/MainApplication: returning next ready at 11641450626 ns
06-20 12:25:06.665 16972-26665/com.malvinstn.testqueue D/MainApplication: [consumer_3] remove message Command[2]
06-20 12:25:06.665 16972-26665/com.malvinstn.testqueue D/MainApplication: Consumer has been poked.
06-20 12:25:06.665 16972-26665/com.malvinstn.testqueue D/MainApplication: flushing messages at time 1466396706665243755
06-20 12:25:06.665 16972-26665/com.malvinstn.testqueue D/MainApplication: returning next ready at 11641294844 ns
06-20 12:25:06.665 16972-26665/com.malvinstn.testqueue D/MainApplication: [consumer_3] remove message null
06-20 12:25:06.665 16972-26665/com.malvinstn.testqueue D/MainApplication: consumer manager on idle
06-20 12:25:06.666 16972-26665/com.malvinstn.testqueue D/MainApplication: [queue_JOB_CONSUMER_IDLE_4] post message com.birbit.android.jobqueue.messaging.message.JobConsumerIdleMessage@bdbb488
06-20 12:25:06.666 16972-26665/com.malvinstn.testqueue D/MainApplication: [consumer_3] will wait on the lock until 1466396718306538599
06-20 12:25:06.666 16972-17512/com.malvinstn.testqueue D/MainApplication: Job queue idle. next job at: 1466396763226701672
06-20 12:25:06.666 16972-17512/com.malvinstn.testqueue D/MainApplication: add delayed message com.birbit.android.jobqueue.messaging.message.ConstraintChangeMessage@9496613 at time 1466396763226701672
06-20 12:25:06.666 16972-17512/com.malvinstn.testqueue D/MainApplication: [priority_mq] did on idle post a message? true
06-20 12:25:06.666 16972-17512/com.malvinstn.testqueue D/MainApplication: [priority_mq] looking for next message at time 1466396706665972713
06-20 12:25:06.666 16972-17512/com.malvinstn.testqueue D/MainApplication: flushing messages at time 1466396706665972713
06-20 12:25:06.666 16972-17512/com.malvinstn.testqueue D/MainApplication: returning next ready at 56560728959 ns
06-20 12:25:06.666 16972-17512/com.malvinstn.testqueue D/MainApplication: [priority_mq] next delayed job 1466396763226701672
06-20 12:25:06.666 16972-17512/com.malvinstn.testqueue D/MainApplication: [queue_SCHEDULER_5] remove message null
06-20 12:25:06.666 16972-17512/com.malvinstn.testqueue D/MainApplication: [queue_RUN_JOB_RESULT_6] remove message null
06-20 12:25:06.666 16972-17512/com.malvinstn.testqueue D/MainApplication: [queue_ADD_JOB_2] remove message null
06-20 12:25:06.666 16972-17512/com.malvinstn.testqueue D/MainApplication: [queue_JOB_CONSUMER_IDLE_4] remove message com.birbit.android.jobqueue.messaging.message.JobConsumerIdleMessage@bdbb488
06-20 12:25:06.666 16972-17512/com.malvinstn.testqueue D/MainApplication: [priority_mq] consuming message of type JOB_CONSUMER_IDLE
06-20 12:25:06.667 16972-17512/com.malvinstn.testqueue V/MainApplication: looking for next job
06-20 12:25:06.667 16972-17512/com.malvinstn.testqueue V/MainApplication: non persistent result null
06-20 12:25:06.667 16972-17512/com.malvinstn.testqueue V/MainApplication: persistent result null
06-20 12:25:06.667 16972-17512/com.malvinstn.testqueue D/MainApplication: keep alive: 1466396718306538599
06-20 12:25:06.668 16972-17512/com.malvinstn.testqueue D/MainApplication: Consumer idle, will kill? false . isRunning: true
06-20 12:25:06.668 16972-17512/com.malvinstn.testqueue D/MainApplication: add delayed message Command[2] at time 1466396718306538599
06-20 12:25:06.668 16972-26665/com.malvinstn.testqueue D/MainApplication: flushing messages at time 1466396706667667817
06-20 12:25:06.668 16972-26665/com.malvinstn.testqueue D/MainApplication: returning next ready at 11638870782 ns
06-20 12:25:06.668 16972-26665/com.malvinstn.testqueue D/MainApplication: [consumer_3] remove message null
06-20 12:25:06.668 16972-26665/com.malvinstn.testqueue D/MainApplication: [consumer_3] will wait on the lock until 1466396718306538599
06-20 12:25:06.668 16972-17512/com.malvinstn.testqueue D/MainApplication: poke consumer manager at 1466396718306538599
06-20 12:25:06.668 16972-17512/com.malvinstn.testqueue D/MainApplication: [FW Scheduler] on finished job SchedulerConstraint{uuid='91424491-0acf-490a-878f-215c6437d8bb', delayInMs=196200000, networkStatus=2}. reschedule:false
06-20 12:25:06.669 16972-16972/com.malvinstn.testqueue D/com.malvinstn.testqueue.JobService: getJobManager() called with: 
06-20 12:25:06.669 16972-16972/com.malvinstn.testqueue D/MainApplication: MainApplication::getJobManager()
06-20 12:25:06.676 16972-17512/com.malvinstn.testqueue D/MainApplication: [FW Scheduler] scheduled a framework job. Success? true id: 1 created id: 219
06-20 12:25:06.676 16972-17512/com.malvinstn.testqueue D/MainApplication: [priority_mq] looking for next message at time 1466396706676317713
06-20 12:25:06.677 16972-17512/com.malvinstn.testqueue D/MainApplication: flushing messages at time 1466396706676317713
06-20 12:25:06.677 16972-17512/com.malvinstn.testqueue D/MainApplication: returning next ready at 56550383959 ns
06-20 12:25:06.677 16972-17512/com.malvinstn.testqueue D/MainApplication: [priority_mq] next delayed job 1466396763226701672
06-20 12:25:06.677 16972-17512/com.malvinstn.testqueue D/MainApplication: [queue_SCHEDULER_5] remove message null
06-20 12:25:06.677 16972-17512/com.malvinstn.testqueue D/MainApplication: [queue_RUN_JOB_RESULT_6] remove message null
06-20 12:25:06.677 16972-17512/com.malvinstn.testqueue D/MainApplication: [queue_ADD_JOB_2] remove message null
06-20 12:25:06.677 16972-17512/com.malvinstn.testqueue D/MainApplication: [queue_JOB_CONSUMER_IDLE_4] remove message null
06-20 12:25:06.677 16972-17512/com.malvinstn.testqueue D/MainApplication: joq idle. running:? true
06-20 12:25:06.677 16972-16972/com.malvinstn.testqueue D/com.malvinstn.testqueue.JobService: getJobManager() called with: 
06-20 12:25:06.677 16972-16972/com.malvinstn.testqueue D/MainApplication: MainApplication::getJobManager()
06-20 12:25:06.678 16972-17512/com.malvinstn.testqueue D/MainApplication: Job queue idle. next job at: 1466396763226701672
06-20 12:25:06.678 16972-17512/com.malvinstn.testqueue D/MainApplication: add delayed message com.birbit.android.jobqueue.messaging.message.ConstraintChangeMessage@626474e at time 1466396763226701672
06-20 12:25:06.678 16972-17512/com.malvinstn.testqueue D/MainApplication: [priority_mq] did on idle post a message? true
06-20 12:25:06.678 16972-17512/com.malvinstn.testqueue D/MainApplication: [priority_mq] looking for next message at time 1466396706678133650
06-20 12:25:06.678 16972-17512/com.malvinstn.testqueue D/MainApplication: flushing messages at time 1466396706678133650
06-20 12:25:06.678 16972-16972/com.malvinstn.testqueue D/com.malvinstn.testqueue.JobService: getJobManager() called with: 
06-20 12:25:06.678 16972-17512/com.malvinstn.testqueue D/MainApplication: returning next ready at 56548568022 ns
06-20 12:25:06.678 16972-16972/com.malvinstn.testqueue D/MainApplication: MainApplication::getJobManager()
06-20 12:25:06.678 16972-17512/com.malvinstn.testqueue D/MainApplication: [priority_mq] next delayed job 1466396763226701672
06-20 12:25:06.678 16972-17512/com.malvinstn.testqueue D/MainApplication: [queue_SCHEDULER_5] remove message null
06-20 12:25:06.678 16972-16972/com.malvinstn.testqueue D/MainApplication: [FW Scheduler] start job SchedulerConstraint{uuid='91424491-0acf-490a-878f-215c6437d8bb', delayInMs=197100000, networkStatus=2} 219
06-20 12:25:06.678 16972-17512/com.malvinstn.testqueue D/MainApplication: [queue_RUN_JOB_RESULT_6] remove message null
06-20 12:25:06.679 16972-17512/com.malvinstn.testqueue D/MainApplication: [queue_ADD_JOB_2] remove message null
06-20 12:25:06.679 16972-17512/com.malvinstn.testqueue D/MainApplication: [queue_JOB_CONSUMER_IDLE_4] remove message null
06-20 12:25:06.679 16972-17512/com.malvinstn.testqueue D/MainApplication: [priority_mq] did on idle post a message? false
06-20 12:25:06.679 16972-16972/com.malvinstn.testqueue D/MainApplication: [queue_SCHEDULER_5] post message com.birbit.android.jobqueue.messaging.message.SchedulerMessage@7abd2cc
06-20 12:25:06.679 16972-17512/com.malvinstn.testqueue D/MainApplication: [priority_mq] looking for next message at time 1466396706678722818
06-20 12:25:06.679 16972-17512/com.malvinstn.testqueue D/MainApplication: flushing messages at time 1466396706678722818
06-20 12:25:06.679 16972-17512/com.malvinstn.testqueue D/MainApplication: returning next ready at 56547978854 ns
06-20 12:25:06.679 16972-17512/com.malvinstn.testqueue D/MainApplication: [priority_mq] next delayed job 1466396763226701672
06-20 12:25:06.679 16972-17512/com.malvinstn.testqueue D/MainApplication: [queue_SCHEDULER_5] remove message com.birbit.android.jobqueue.messaging.message.SchedulerMessage@7abd2cc
06-20 12:25:06.679 16972-17512/com.malvinstn.testqueue D/MainApplication: [priority_mq] consuming message of type SCHEDULER
06-20 12:25:06.680 16972-17512/com.malvinstn.testqueue D/MainApplication: considering adding a new consumer. Should poke all waiting? true isRunning? true waiting workers? 1
06-20 12:25:06.680 16972-17512/com.malvinstn.testqueue D/MainApplication: there are waiting workers, will poke them instead
06-20 12:25:06.680 16972-17512/com.malvinstn.testqueue D/MainApplication: [consumer_3] post message Command[2]
06-20 12:25:06.680 16972-17512/com.malvinstn.testqueue D/MainApplication: there were waiting workers, poked them and I'm done
06-20 12:25:06.680 16972-26665/com.malvinstn.testqueue D/MainApplication: flushing messages at time 1466396706679683547
06-20 12:25:06.680 16972-17512/com.malvinstn.testqueue D/MainApplication: [priority_mq] looking for next message at time 1466396706679711307
06-20 12:25:06.680 16972-26665/com.malvinstn.testqueue D/MainApplication: returning next ready at 11626855052 ns
06-20 12:25:06.680 16972-17512/com.malvinstn.testqueue D/MainApplication: flushing messages at time 1466396706679711307
06-20 12:25:06.680 16972-26665/com.malvinstn.testqueue D/MainApplication: [consumer_3] remove message Command[2]
06-20 12:25:06.680 16972-17512/com.malvinstn.testqueue D/MainApplication: returning next ready at 56546990365 ns
06-20 12:25:06.680 16972-26665/com.malvinstn.testqueue D/MainApplication: Consumer has been poked.
06-20 12:25:06.680 16972-17512/com.malvinstn.testqueue D/MainApplication: [priority_mq] next delayed job 1466396763226701672
06-20 12:25:06.680 16972-26665/com.malvinstn.testqueue D/MainApplication: flushing messages at time 1466396706679842193
06-20 12:25:06.680 16972-17512/com.malvinstn.testqueue D/MainApplication: [queue_SCHEDULER_5] remove message null
06-20 12:25:06.680 16972-26665/com.malvinstn.testqueue D/MainApplication: returning next ready at 11626696406 ns
06-20 12:25:06.680 16972-17512/com.malvinstn.testqueue D/MainApplication: [queue_RUN_JOB_RESULT_6] remove message null
06-20 12:25:06.680 16972-26665/com.malvinstn.testqueue D/MainApplication: [consumer_3] remove message null
06-20 12:25:06.680 16972-17512/com.malvinstn.testqueue D/MainApplication: [queue_ADD_JOB_2] remove message null
06-20 12:25:06.680 16972-26665/com.malvinstn.testqueue D/MainApplication: consumer manager on idle
06-20 12:25:06.680 16972-17512/com.malvinstn.testqueue D/MainApplication: [queue_JOB_CONSUMER_IDLE_4] remove message null
