06-20 12:47:51.209 15813-16008/com.malvinstn.testqueue D/MainApplication: [priority_mq] looking for next message at time 1466398071209468988
06-20 12:47:51.209 15813-18134/com.malvinstn.testqueue D/MainApplication: returning next ready at 14734506511 ns
06-20 12:47:51.209 15813-16008/com.malvinstn.testqueue D/MainApplication: flushing messages at time 1466398071209468988
06-20 12:47:51.209 15813-18134/com.malvinstn.testqueue D/MainApplication: [consumer_7] remove message Command[2]
06-20 12:47:51.209 15813-16008/com.malvinstn.testqueue D/MainApplication: returning next ready at 11811463351 ns
06-20 12:47:51.209 15813-18134/com.malvinstn.testqueue D/MainApplication: Consumer has been poked.
06-20 12:47:51.209 15813-16008/com.malvinstn.testqueue D/MainApplication: [priority_mq] next delayed job 1466398083020932339
06-20 12:47:51.209 15813-18134/com.malvinstn.testqueue D/MainApplication: flushing messages at time 1466398071209608935
06-20 12:47:51.209 15813-16008/com.malvinstn.testqueue D/MainApplication: [queue_SCHEDULER_5] remove message null
06-20 12:47:51.209 15813-18134/com.malvinstn.testqueue D/MainApplication: returning next ready at 14734340157 ns
06-20 12:47:51.209 15813-16008/com.malvinstn.testqueue D/MainApplication: [queue_RUN_JOB_RESULT_6] remove message null
06-20 12:47:51.209 15813-18134/com.malvinstn.testqueue D/MainApplication: [consumer_7] remove message null
06-20 12:47:51.209 15813-16008/com.malvinstn.testqueue D/MainApplication: [queue_ADD_JOB_2] remove message null
06-20 12:47:51.209 15813-18134/com.malvinstn.testqueue D/MainApplication: consumer manager on idle
06-20 12:47:51.209 15813-16008/com.malvinstn.testqueue D/MainApplication: [queue_JOB_CONSUMER_IDLE_4] remove message null
06-20 12:47:51.209 15813-16008/com.malvinstn.testqueue D/MainApplication: joq idle. running:? true
06-20 12:47:51.209 15813-18134/com.malvinstn.testqueue D/MainApplication: [queue_JOB_CONSUMER_IDLE_4] post message com.birbit.android.jobqueue.messaging.message.JobConsumerIdleMessage@358bca5
06-20 12:47:51.209 15813-18134/com.malvinstn.testqueue D/MainApplication: [consumer_7] will wait on the lock until 1466398085943949092
06-20 12:47:51.211 15813-16008/com.malvinstn.testqueue D/MainApplication: Job queue idle. next job at: 1466398083020932339
06-20 12:47:51.211 15813-16008/com.malvinstn.testqueue D/MainApplication: add delayed message com.birbit.android.jobqueue.messaging.message.ConstraintChangeMessage@7232bc at time 1466398083020932339
06-20 12:47:51.211 15813-16008/com.malvinstn.testqueue D/MainApplication: [priority_mq] did on idle post a message? true
06-20 12:47:51.211 15813-16008/com.malvinstn.testqueue D/MainApplication: [priority_mq] looking for next message at time 1466398071211357060
06-20 12:47:51.211 15813-16008/com.malvinstn.testqueue D/MainApplication: flushing messages at time 1466398071211357060
06-20 12:47:51.211 15813-16008/com.malvinstn.testqueue D/MainApplication: returning next ready at 11809575279 ns
06-20 12:47:51.211 15813-16008/com.malvinstn.testqueue D/MainApplication: [priority_mq] next delayed job 1466398083020932339
06-20 12:47:51.211 15813-16008/com.malvinstn.testqueue D/MainApplication: [queue_SCHEDULER_5] remove message null
06-20 12:47:51.211 15813-16008/com.malvinstn.testqueue D/MainApplication: [queue_RUN_JOB_RESULT_6] remove message null
06-20 12:47:51.211 15813-16008/com.malvinstn.testqueue D/MainApplication: [queue_ADD_JOB_2] remove message null
06-20 12:47:51.211 15813-16008/com.malvinstn.testqueue D/MainApplication: [queue_JOB_CONSUMER_IDLE_4] remove message com.birbit.android.jobqueue.messaging.message.JobConsumerIdleMessage@358bca5
06-20 12:47:51.211 15813-16008/com.malvinstn.testqueue D/MainApplication: [priority_mq] consuming message of type JOB_CONSUMER_IDLE
06-20 12:47:51.212 15813-16008/com.malvinstn.testqueue V/MainApplication: looking for next job
06-20 12:47:51.212 15813-16008/com.malvinstn.testqueue V/MainApplication: non persistent result null
06-20 12:47:51.212 15813-16008/com.malvinstn.testqueue V/MainApplication: persistent result null
06-20 12:47:51.212 15813-16008/com.malvinstn.testqueue D/MainApplication: keep alive: 1466398085943949092
06-20 12:47:51.213 15813-16008/com.malvinstn.testqueue D/MainApplication: Consumer idle, will kill? false . isRunning: true
06-20 12:47:51.213 15813-16008/com.malvinstn.testqueue D/MainApplication: add delayed message Command[2] at time 1466398085943949092
06-20 12:47:51.213 15813-16008/com.malvinstn.testqueue D/MainApplication: poke consumer manager at 1466398085943949092
06-20 12:47:51.213 15813-18134/com.malvinstn.testqueue D/MainApplication: flushing messages at time 1466398071212965914
06-20 12:47:51.213 15813-18134/com.malvinstn.testqueue D/MainApplication: returning next ready at 14730983178 ns
06-20 12:47:51.213 15813-18134/com.malvinstn.testqueue D/MainApplication: [consumer_7] remove message null
06-20 12:47:51.213 15813-18134/com.malvinstn.testqueue D/MainApplication: [consumer_7] will wait on the lock until 1466398085943949092
06-20 12:47:51.213 15813-16008/com.malvinstn.testqueue D/MainApplication: [FW Scheduler] on finished job SchedulerConstraint{uuid='bd6ee108-bdc7-4e38-8c1e-9be011919639', delayInMs=14400000, networkStatus=1, overrideDeadlineInMs=null, data=android.app.job.JobParameters@57d1245}. reschedule:false
06-20 12:47:51.214 15813-15813/com.malvinstn.testqueue D/com.malvinstn.testqueue.JobService: getJobManager() called with: 
06-20 12:47:51.214 15813-15813/com.malvinstn.testqueue D/MainApplication: MainApplication::getJobManager()
06-20 12:47:51.221 15813-16008/com.malvinstn.testqueue D/MainApplication: [FW Scheduler] scheduled a framework job. Success? true id: 1 created id: 48
06-20 12:47:51.221 15813-16008/com.malvinstn.testqueue D/MainApplication: [priority_mq] looking for next message at time 1466398071220924144
06-20 12:47:51.221 15813-16008/com.malvinstn.testqueue D/MainApplication: flushing messages at time 1466398071220924144
06-20 12:47:51.221 15813-16008/com.malvinstn.testqueue D/MainApplication: returning next ready at 11800008195 ns
06-20 12:47:51.221 15813-16008/com.malvinstn.testqueue D/MainApplication: [priority_mq] next delayed job 1466398083020932339
06-20 12:47:51.221 15813-16008/com.malvinstn.testqueue D/MainApplication: [queue_SCHEDULER_5] remove message null
06-20 12:47:51.221 15813-16008/com.malvinstn.testqueue D/MainApplication: [queue_RUN_JOB_RESULT_6] remove message null
06-20 12:47:51.221 15813-16008/com.malvinstn.testqueue D/MainApplication: [queue_ADD_JOB_2] remove message null
06-20 12:47:51.221 15813-16008/com.malvinstn.testqueue D/MainApplication: [queue_JOB_CONSUMER_IDLE_4] remove message null
06-20 12:47:51.221 15813-16008/com.malvinstn.testqueue D/MainApplication: joq idle. running:? true
06-20 12:47:51.222 15813-16008/com.malvinstn.testqueue D/MainApplication: Job queue idle. next job at: 1466398083020932339
06-20 12:47:51.222 15813-16008/com.malvinstn.testqueue D/MainApplication: add delayed message com.birbit.android.jobqueue.messaging.message.ConstraintChangeMessage@ad016cb at time 1466398083020932339
06-20 12:47:51.222 15813-16008/com.malvinstn.testqueue D/MainApplication: [priority_mq] did on idle post a message? true
06-20 12:47:51.222 15813-16008/com.malvinstn.testqueue D/MainApplication: [priority_mq] looking for next message at time 1466398071222473206
06-20 12:47:51.222 15813-15813/com.malvinstn.testqueue D/com.malvinstn.testqueue.JobService: getJobManager() called with: 
06-20 12:47:51.222 15813-16008/com.malvinstn.testqueue D/MainApplication: flushing messages at time 1466398071222473206
06-20 12:47:51.222 15813-15813/com.malvinstn.testqueue D/MainApplication: MainApplication::getJobManager()
06-20 12:47:51.222 15813-16008/com.malvinstn.testqueue D/MainApplication: returning next ready at 11798459133 ns
06-20 12:47:51.222 15813-16008/com.malvinstn.testqueue D/MainApplication: [priority_mq] next delayed job 1466398083020932339
06-20 12:47:51.222 15813-16008/com.malvinstn.testqueue D/MainApplication: [queue_SCHEDULER_5] remove message null
06-20 12:47:51.222 15813-16008/com.malvinstn.testqueue D/MainApplication: [queue_RUN_JOB_RESULT_6] remove message null
06-20 12:47:51.222 15813-16008/com.malvinstn.testqueue D/MainApplication: [queue_ADD_JOB_2] remove message null
06-20 12:47:51.222 15813-16008/com.malvinstn.testqueue D/MainApplication: [queue_JOB_CONSUMER_IDLE_4] remove message null
06-20 12:47:51.222 15813-16008/com.malvinstn.testqueue D/MainApplication: [priority_mq] did on idle post a message? false
06-20 12:47:51.223 15813-15813/com.malvinstn.testqueue D/com.malvinstn.testqueue.JobService: getJobManager() called with: 
06-20 12:47:51.223 15813-15813/com.malvinstn.testqueue D/MainApplication: MainApplication::getJobManager()
06-20 12:47:51.223 15813-15813/com.malvinstn.testqueue D/MainApplication: [FW Scheduler] start job SchedulerConstraint{uuid='bd6ee108-bdc7-4e38-8c1e-9be011919639', delayInMs=15300000, networkStatus=1, overrideDeadlineInMs=null, data=null} 48
06-20 12:47:51.224 15813-15813/com.malvinstn.testqueue D/MainApplication: [queue_SCHEDULER_5] post message com.birbit.android.jobqueue.messaging.message.SchedulerMessage@de6d059
06-20 12:47:51.224 15813-16008/com.malvinstn.testqueue D/MainApplication: [priority_mq] looking for next message at time 1466398071223955602
06-20 12:47:51.224 15813-16008/com.malvinstn.testqueue D/MainApplication: flushing messages at time 1466398071223955602
06-20 12:47:51.224 15813-16008/com.malvinstn.testqueue D/MainApplication: returning next ready at 11796976737 ns
06-20 12:47:51.224 15813-16008/com.malvinstn.testqueue D/MainApplication: [priority_mq] next delayed job 1466398083020932339
06-20 12:47:51.224 15813-16008/com.malvinstn.testqueue D/MainApplication: [queue_SCHEDULER_5] remove message com.birbit.android.jobqueue.messaging.message.SchedulerMessage@de6d059
06-20 12:47:51.224 15813-16008/com.malvinstn.testqueue D/MainApplication: [priority_mq] consuming message of type SCHEDULER
06-20 12:47:51.224 15813-16008/com.malvinstn.testqueue D/MainApplication: considering adding a new consumer. Should poke all waiting? true isRunning? true waiting workers? 1
06-20 12:47:51.224 15813-16008/com.malvinstn.testqueue D/MainApplication: there are waiting workers, will poke them instead
06-20 12:47:51.224 15813-16008/com.malvinstn.testqueue D/MainApplication: [consumer_7] post message Command[2]
06-20 12:47:51.224 15813-16008/com.malvinstn.testqueue D/MainApplication: there were waiting workers, poked them and I'm done
06-20 12:47:51.224 15813-18134/com.malvinstn.testqueue D/MainApplication: flushing messages at time 1466398071224726175
06-20 12:47:51.224 15813-18134/com.malvinstn.testqueue D/MainApplication: returning next ready at 14719222917 ns
06-20 12:47:51.224 15813-16008/com.malvinstn.testqueue D/MainApplication: [priority_mq] looking for next message at time 1466398071224766591
06-20 12:47:51.224 15813-18134/com.malvinstn.testqueue D/MainApplication: [consumer_7] remove message Command[2]
06-20 12:47:51.224 15813-16008/com.malvinstn.testqueue D/MainApplication: flushing messages at time 1466398071224766591
06-20 12:47:51.225 15813-16008/com.malvinstn.testqueue D/MainApplication: returning next ready at 11796165748 ns
06-20 12:47:51.225 15813-18134/com.malvinstn.testqueue D/MainApplication: Consumer has been poked.
06-20 12:47:51.225 15813-16008/com.malvinstn.testqueue D/MainApplication: [priority_mq] next delayed job 1466398083020932339
06-20 12:47:51.225 15813-16008/com.malvinstn.testqueue D/MainApplication: [queue_SCHEDULER_5] remove message null
06-20 12:47:51.225 15813-18134/com.malvinstn.testqueue D/MainApplication: flushing messages at time 1466398071224949196
06-20 12:47:51.225 15813-16008/com.malvinstn.testqueue D/MainApplication: [queue_RUN_JOB_RESULT_6] remove message null
06-20 12:47:51.225 15813-18134/com.malvinstn.testqueue D/MainApplication: returning next ready at 14718999896 ns
06-20 12:47:51.225 15813-16008/com.malvinstn.testqueue D/MainApplication: [queue_ADD_JOB_2] remove message null
06-20 12:47:51.225 15813-18134/com.malvinstn.testqueue D/MainApplication: [consumer_7] remove message null
06-20 12:47:51.225 15813-16008/com.malvinstn.testqueue D/MainApplication: [queue_JOB_CONSUMER_IDLE_4] remove message null
06-20 12:47:51.225 15813-18134/com.malvinstn.testqueue D/MainApplication: consumer manager on idle
06-20 12:47:51.225 15813-16008/com.malvinstn.testqueue D/MainApplication: joq idle. running:? true
06-20 12:47:51.225 15813-18134/com.malvinstn.testqueue D/MainApplication: [queue_JOB_CONSUMER_IDLE_4] post message com.birbit.android.jobqueue.messaging.message.JobConsumerIdleMessage@358bca5
06-20 12:47:51.225 15813-18134/com.malvinstn.testqueue D/MainApplication: [consumer_7] will wait on the lock until 1466398085943949092
06-20 12:47:51.226 15813-16008/com.malvinstn.testqueue D/MainApplication: Job queue idle. next job at: 1466398083020932339
06-20 12:47:51.226 15813-16008/com.malvinstn.testqueue D/MainApplication: add delayed message com.birbit.android.jobqueue.messaging.message.ConstraintChangeMessage@3618dc1 at time 1466398083020932339
06-20 12:47:51.226 15813-16008/com.malvinstn.testqueue D/MainApplication: [priority_mq] did on idle post a message? true
06-20 12:47:51.226 15813-16008/com.malvinstn.testqueue D/MainApplication: [priority_mq] looking for next message at time 1466398071226187998
06-20 12:47:51.226 15813-16008/com.malvinstn.testqueue D/MainApplication: flushing messages at time 1466398071226187998
06-20 12:47:51.226 15813-16008/com.malvinstn.testqueue D/MainApplication: returning next ready at 11794744341 ns
06-20 12:47:51.226 15813-16008/com.malvinstn.testqueue D/MainApplication: [priority_mq] next delayed job 1466398083020932339
06-20 12:47:51.226 15813-16008/com.malvinstn.testqueue D/MainApplication: [queue_SCHEDULER_5] remove message null
06-20 12:47:51.226 15813-16008/com.malvinstn.testqueue D/MainApplication: [queue_RUN_JOB_RESULT_6] remove message null
06-20 12:47:51.226 15813-16008/com.malvinstn.testqueue D/MainApplication: [queue_ADD_JOB_2] remove message null
06-20 12:47:51.226 15813-16008/com.malvinstn.testqueue D/MainApplication: [queue_JOB_CONSUMER_IDLE_4] remove message com.birbit.android.jobqueue.messaging.message.JobConsumerIdleMessage@358bca5
06-20 12:47:51.226 15813-16008/com.malvinstn.testqueue D/MainApplication: [priority_mq] consuming message of type JOB_CONSUMER_IDLE
06-20 12:47:51.227 15813-16008/com.malvinstn.testqueue V/MainApplication: looking for next job
06-20 12:47:51.227 15813-16008/com.malvinstn.testqueue V/MainApplication: non persistent result null
06-20 12:47:51.228 15813-16008/com.malvinstn.testqueue V/MainApplication: persistent result null
06-20 12:47:51.228 15813-16008/com.malvinstn.testqueue D/MainApplication: keep alive: 1466398085943949092
06-20 12:47:51.228 15813-16008/com.malvinstn.testqueue D/MainApplication: Consumer idle, will kill? false . isRunning: true
06-20 12:47:51.228 15813-16008/com.malvinstn.testqueue D/MainApplication: add delayed message Command[2] at time 1466398085943949092
06-20 12:47:51.228 15813-16008/com.malvinstn.testqueue D/MainApplication: poke consumer manager at 1466398085943949092
06-20 12:47:51.228 15813-18134/com.malvinstn.testqueue D/MainApplication: flushing messages at time 1466398071228052164
06-20 12:47:51.228 15813-18134/com.malvinstn.testqueue D/MainApplication: returning next ready at 14715896928 ns
06-20 12:47:51.228 15813-18134/com.malvinstn.testqueue D/MainApplication: [consumer_7] remove message null
06-20 12:47:51.228 15813-18134/com.malvinstn.testqueue D/MainApplication: [consumer_7] will wait on the lock until 1466398085943949092
06-20 12:47:51.228 15813-16008/com.malvinstn.testqueue D/MainApplication: [FW Scheduler] on finished job SchedulerConstraint{uuid='bd6ee108-bdc7-4e38-8c1e-9be011919639', delayInMs=15300000, networkStatus=1, overrideDeadlineInMs=null, data=android.app.job.JobParameters@e005966}. reschedule:false
06-20 12:47:51.229 15813-15813/com.malvinstn.testqueue D/com.malvinstn.testqueue.JobService: getJobManager() called with: 
06-20 12:47:51.229 15813-15813/com.malvinstn.testqueue D/MainApplication: MainApplication::getJobManager()
06-20 12:47:51.235 15813-16008/com.malvinstn.testqueue D/MainApplication: [FW Scheduler] scheduled a framework job. Success? true id: 1 created id: 49
06-20 12:47:51.235 15813-16008/com.malvinstn.testqueue D/MainApplication: [priority_mq] looking for next message at time 1466398071235422373
06-20 12:47:51.235 15813-16008/com.malvinstn.testqueue D/MainApplication: flushing messages at time 1466398071235422373
06-20 12:47:51.235 15813-16008/com.malvinstn.testqueue D/MainApplication: returning next ready at 11785509966 ns
06-20 12:47:51.235 15813-16008/com.malvinstn.testqueue D/MainApplication: [priority_mq] next delayed job 1466398083020932339
06-20 12:47:51.235 15813-16008/com.malvinstn.testqueue D/MainApplication: [queue_SCHEDULER_5] remove message null
06-20 12:47:51.235 15813-16008/com.malvinstn.testqueue D/MainApplication: [queue_RUN_JOB_RESULT_6] remove message null
06-20 12:47:51.235 15813-16008/com.malvinstn.testqueue D/MainApplication: [queue_ADD_JOB_2] remove message null
06-20 12:47:51.235 15813-16008/com.malvinstn.testqueue D/MainApplication: [queue_JOB_CONSUMER_IDLE_4] remove message null
06-20 12:47:51.235 15813-16008/com.malvinstn.testqueue D/MainApplication: joq idle. running:? true
06-20 12:47:51.236 15813-16008/com.malvinstn.testqueue D/MainApplication: Job queue idle. next job at: 1466398083020932339
06-20 12:47:51.236 15813-16008/com.malvinstn.testqueue D/MainApplication: add delayed message com.birbit.android.jobqueue.messaging.message.ConstraintChangeMessage@6541d54 at time 1466398083020932339
06-20 12:47:51.237 15813-16008/com.malvinstn.testqueue D/MainApplication: [priority_mq] did on idle post a message? true
06-20 12:47:51.237 15813-16008/com.malvinstn.testqueue D/MainApplication: [priority_mq] looking for next message at time 1466398071236881071
06-20 12:47:51.237 15813-16008/com.malvinstn.testqueue D/MainApplication: flushing messages at time 1466398071236881071
06-20 12:47:51.237 15813-16008/com.malvinstn.testqueue D/MainApplication: returning next ready at 11784051268 ns
06-20 12:47:51.237 15813-16008/com.malvinstn.testqueue D/MainApplication: [priority_mq] next delayed job 1466398083020932339
06-20 12:47:51.237 15813-16008/com.malvinstn.testqueue D/MainApplication: [queue_SCHEDULER_5] remove message null
06-20 12:47:51.237 15813-16008/com.malvinstn.testqueue D/MainApplication: [queue_RUN_JOB_RESULT_6] remove message null
06-20 12:47:51.237 15813-16008/com.malvinstn.testqueue D/MainApplication: [queue_ADD_JOB_2] remove message null
06-20 12:47:51.237 15813-16008/com.malvinstn.testqueue D/MainApplication: [queue_JOB_CONSUMER_IDLE_4] remove message null
06-20 12:47:51.237 15813-16008/com.malvinstn.testqueue D/MainApplication: [priority_mq] did on idle post a message? false
06-20 12:47:51.237 15813-15813/com.malvinstn.testqueue D/com.malvinstn.testqueue.JobService: getJobManager() called with: 
06-20 12:47:51.237 15813-15813/com.malvinstn.testqueue D/MainApplication: MainApplication::getJobManager()
06-20 12:47:51.238 15813-15813/com.malvinstn.testqueue D/com.malvinstn.testqueue.JobService: getJobManager() called with: 
06-20 12:47:51.238 15813-15813/com.malvinstn.testqueue D/MainApplication: MainApplication::getJobManager()
06-20 12:47:51.238 15813-15813/com.malvinstn.testqueue D/MainApplication: [FW Scheduler] start job SchedulerConstraint{uuid='bd6ee108-bdc7-4e38-8c1e-9be011919639', delayInMs=16200000, networkStatus=1, overrideDeadlineInMs=null, data=null} 49
06-20 12:47:51.238 15813-15813/com.malvinstn.testqueue D/MainApplication: [queue_SCHEDULER_5] post message com.birbit.android.jobqueue.messaging.message.SchedulerMessage@de6d059
06-20 12:47:51.239 15813-16008/com.malvinstn.testqueue D/MainApplication: [priority_mq] looking for next message at time 1466398071238833154
06-20 12:47:51.239 15813-16008/com.malvinstn.testqueue D/MainApplication: flushing messages at time 1466398071238833154
06-20 12:47:51.239 15813-16008/com.malvinstn.testqueue D/MainApplication: returning next ready at 11782099185 ns
06-20 12:47:51.239 15813-16008/com.malvinstn.testqueue D/MainApplication: [priority_mq] next delayed job 1466398083020932339
06-20 12:47:51.239 15813-16008/com.malvinstn.testqueue D/MainApplication: [queue_SCHEDULER_5] remove message com.birbit.android.jobqueue.messaging.message.SchedulerMessage@de6d059
06-20 12:47:51.239 15813-16008/com.malvinstn.testqueue D/MainApplication: [priority_mq] consuming message of type SCHEDULER
06-20 12:47:51.239 15813-16008/com.malvinstn.testqueue D/MainApplication: considering adding a new consumer. Should poke all waiting? true isRunning? true waiting workers? 1
06-20 12:47:51.239 15813-16008/com.malvinstn.testqueue D/MainApplication: there are waiting workers, will poke them instead
06-20 12:47:51.239 15813-16008/com.malvinstn.testqueue D/MainApplication: [consumer_7] post message Command[2]
06-20 12:47:51.239 15813-16008/com.malvinstn.testqueue D/MainApplication: there were waiting workers, poked them and I'm done
06-20 12:47:51.239 15813-18134/com.malvinstn.testqueue D/MainApplication: flushing messages at time 1466398071239726540
06-20 12:47:51.239 15813-16008/com.malvinstn.testqueue D/MainApplication: [priority_mq] looking for next message at time 1466398071239751956
06-20 12:47:51.239 15813-16008/com.malvinstn.testqueue D/MainApplication: flushing messages at time 1466398071239751956
06-20 12:47:51.239 15813-16008/com.malvinstn.testqueue D/MainApplication: returning next ready at 11781180383 ns
06-20 12:47:51.240 15813-16008/com.malvinstn.testqueue D/MainApplication: [priority_mq] next delayed job 1466398083020932339
06-20 12:47:51.240 15813-16008/com.malvinstn.testqueue D/MainApplication: [queue_SCHEDULER_5] remove message null
06-20 12:47:51.240 15813-18134/com.malvinstn.testqueue D/MainApplication: returning next ready at 14704222552 ns
06-20 12:47:51.240 15813-16008/com.malvinstn.testqueue D/MainApplication: [queue_RUN_JOB_RESULT_6] remove message null
06-20 12:47:51.240 15813-18134/com.malvinstn.testqueue D/MainApplication: [consumer_7] remove message Command[2]
06-20 12:47:51.240 15813-16008/com.malvinstn.testqueue D/MainApplication: [queue_ADD_JOB_2] remove message null
06-20 12:47:51.240 15813-18134/com.malvinstn.testqueue D/MainApplication: Consumer has been poked.
06-20 12:47:51.240 15813-16008/com.malvinstn.testqueue D/MainApplication: [queue_JOB_CONSUMER_IDLE_4] remove message null
06-20 12:47:51.240 15813-18134/com.malvinstn.testqueue D/MainApplication: flushing messages at time 1466398071240021227
06-20 12:47:51.240 15813-16008/com.malvinstn.testqueue D/MainApplication: joq idle. running:? true
06-20 12:47:51.240 15813-18134/com.malvinstn.testqueue D/MainApplication: returning next ready at 14703927865 ns
06-20 12:47:51.240 15813-18134/com.malvinstn.testqueue D/MainApplication: [consumer_7] remove message null
06-20 12:47:51.240 15813-18134/com.malvinstn.testqueue D/MainApplication: consumer manager on idle
06-20 12:47:51.240 15813-18134/com.malvinstn.testqueue D/MainApplication: [queue_JOB_CONSUMER_IDLE_4] post message com.birbit.android.jobqueue.messaging.message.JobConsumerIdleMessage@358bca5
06-20 12:47:51.240 15813-18134/com.malvinstn.testqueue D/MainApplication: [consumer_7] will wait on the lock until 1466398085943949092
06-20 12:47:51.241 15813-16008/com.malvinstn.testqueue D/MainApplication: Job queue idle. next job at: 1466398083020932339
06-20 12:47:51.241 15813-16008/com.malvinstn.testqueue D/MainApplication: add delayed message com.birbit.android.jobqueue.messaging.message.ConstraintChangeMessage@d28a5f2 at time 1466398083020932339
06-20 12:47:51.241 15813-16008/com.malvinstn.testqueue D/MainApplication: [priority_mq] did on idle post a message? true
06-20 12:47:51.241 15813-16008/com.malvinstn.testqueue D/MainApplication: [priority_mq] looking for next message at time 1466398071241121071
06-20 12:47:51.241 15813-16008/com.malvinstn.testqueue D/MainApplication: flushing messages at time 1466398071241121071
06-20 12:47:51.241 15813-16008/com.malvinstn.testqueue D/MainApplication: returning next ready at 11779811268 ns
06-20 12:47:51.241 15813-16008/com.malvinstn.testqueue D/MainApplication: [priority_mq] next delayed job 1466398083020932339
06-20 12:47:51.241 15813-16008/com.malvinstn.testqueue D/MainApplication: [queue_SCHEDULER_5] remove message null
06-20 12:47:51.241 15813-16008/com.malvinstn.testqueue D/MainApplication: [queue_RUN_JOB_RESULT_6] remove message null
06-20 12:47:51.241 15813-16008/com.malvinstn.testqueue D/MainApplication: [queue_ADD_JOB_2] remove message null
06-20 12:47:51.241 15813-16008/com.malvinstn.testqueue D/MainApplication: [queue_JOB_CONSUMER_IDLE_4] remove message com.birbit.android.jobqueue.messaging.message.JobConsumerIdleMessage@358bca5
06-20 12:47:51.241 15813-16008/com.malvinstn.testqueue D/MainApplication: [priority_mq] consuming message of type JOB_CONSUMER_IDLE
06-20 12:47:51.242 15813-16008/com.malvinstn.testqueue V/MainApplication: looking for next job
06-20 12:47:51.242 15813-16008/com.malvinstn.testqueue V/MainApplication: non persistent result null
06-20 12:47:51.243 15813-16008/com.malvinstn.testqueue V/MainApplication: persistent result null
06-20 12:47:51.243 15813-16008/com.malvinstn.testqueue D/MainApplication: keep alive: 1466398085943949092
06-20 12:47:51.243 15813-16008/com.malvinstn.testqueue D/MainApplication: Consumer idle, will kill? false . isRunning: true
06-20 12:47:51.243 15813-16008/com.malvinstn.testqueue D/MainApplication: add delayed message Command[2] at time 1466398085943949092
06-20 12:47:51.243 15813-16008/com.malvinstn.testqueue D/MainApplication: poke consumer manager at 1466398085943949092
06-20 12:47:51.243 15813-18134/com.malvinstn.testqueue D/MainApplication: flushing messages at time 1466398071243554144
06-20 12:47:51.243 15813-18134/com.malvinstn.testqueue D/MainApplication: returning next ready at 14700394948 ns
06-20 12:47:51.243 15813-18134/com.malvinstn.testqueue D/MainApplication: [consumer_7] remove message null
06-20 12:47:51.243 15813-18134/com.malvinstn.testqueue D/MainApplication: [consumer_7] will wait on the lock until 1466398085943949092
06-20 12:47:51.244 15813-16008/com.malvinstn.testqueue D/MainApplication: [FW Scheduler] on finished job SchedulerConstraint{uuid='bd6ee108-bdc7-4e38-8c1e-9be011919639', delayInMs=16200000, networkStatus=1, overrideDeadlineInMs=null, data=android.app.job.JobParameters@80a9443}. reschedule:false
06-20 12:47:51.244 15813-15813/com.malvinstn.testqueue D/com.malvinstn.testqueue.JobService: getJobManager() called with: 
06-20 12:47:51.244 15813-15813/com.malvinstn.testqueue D/MainApplication: MainApplication::getJobManager()
06-20 12:47:51.250 15813-16008/com.malvinstn.testqueue D/MainApplication: [FW Scheduler] scheduled a framework job. Success? true id: 1 created id: 50
06-20 12:47:51.250 15813-16008/com.malvinstn.testqueue D/MainApplication: [priority_mq] looking for next message at time 1466398071250520029
06-20 12:47:51.250 15813-16008/com.malvinstn.testqueue D/MainApplication: flushing messages at time 1466398071250520029
06-20 12:47:51.250 15813-16008/com.malvinstn.testqueue D/MainApplication: returning next ready at 11770412310 ns
06-20 12:47:51.250 15813-16008/com.malvinstn.testqueue D/MainApplication: [priority_mq] next delayed job 1466398083020932339
06-20 12:47:51.250 15813-16008/com.malvinstn.testqueue D/MainApplication: [queue_SCHEDULER_5] remove message null
06-20 12:47:51.250 15813-16008/com.malvinstn.testqueue D/MainApplication: [queue_RUN_JOB_RESULT_6] remove message null
06-20 12:47:51.250 15813-16008/com.malvinstn.testqueue D/MainApplication: [queue_ADD_JOB_2] remove message null
06-20 12:47:51.250 15813-16008/com.malvinstn.testqueue D/MainApplication: [queue_JOB_CONSUMER_IDLE_4] remove message null
06-20 12:47:51.251 15813-16008/com.malvinstn.testqueue D/MainApplication: joq idle. running:? true
06-20 12:47:51.252 15813-16008/com.malvinstn.testqueue D/MainApplication: Job queue idle. next job at: 1466398083020932339
06-20 12:47:51.252 15813-16008/com.malvinstn.testqueue D/MainApplication: add delayed message com.birbit.android.jobqueue.messaging.message.ConstraintChangeMessage@5c933f9 at time 1466398083020932339
06-20 12:47:51.252 15813-15813/com.malvinstn.testqueue D/com.malvinstn.testqueue.JobService: getJobManager() called with: 
06-20 12:47:51.252 15813-16008/com.malvinstn.testqueue D/MainApplication: [priority_mq] did on idle post a message? true
06-20 12:47:51.252 15813-15813/com.malvinstn.testqueue D/MainApplication: MainApplication::getJobManager()
06-20 12:47:51.252 15813-16008/com.malvinstn.testqueue D/MainApplication: [priority_mq] looking for next message at time 1466398071252023675
06-20 12:47:51.252 15813-16008/com.malvinstn.testqueue D/MainApplication: flushing messages at time 1466398071252023675
06-20 12:47:51.252 15813-16008/com.malvinstn.testqueue D/MainApplication: returning next ready at 11768908664 ns
06-20 12:47:51.252 15813-16008/com.malvinstn.testqueue D/MainApplication: [priority_mq] next delayed job 1466398083020932339
06-20 12:47:51.252 15813-16008/com.malvinstn.testqueue D/MainApplication: [queue_SCHEDULER_5] remove message null
06-20 12:47:51.252 15813-16008/com.malvinstn.testqueue D/MainApplication: [queue_RUN_JOB_RESULT_6] remove message null
06-20 12:47:51.252 15813-16008/com.malvinstn.testqueue D/MainApplication: [queue_ADD_JOB_2] remove message null
06-20 12:47:51.252 15813-16008/com.malvinstn.testqueue D/MainApplication: [queue_JOB_CONSUMER_IDLE_4] remove message null
06-20 12:47:51.252 15813-16008/com.malvinstn.testqueue D/MainApplication: [priority_mq] did on idle post a message? false
06-20 12:47:51.253 15813-15813/com.malvinstn.testqueue D/com.malvinstn.testqueue.JobService: getJobManager() called with: 
06-20 12:47:51.253 15813-15813/com.malvinstn.testqueue D/MainApplication: MainApplication::getJobManager()
06-20 12:47:51.253 15813-15813/com.malvinstn.testqueue D/MainApplication: [FW Scheduler] start job SchedulerConstraint{uuid='bd6ee108-bdc7-4e38-8c1e-9be011919639', delayInMs=17100000, networkStatus=1, overrideDeadlineInMs=null, data=null} 50
06-20 12:47:51.253 15813-15813/com.malvinstn.testqueue D/MainApplication: [queue_SCHEDULER_5] post message com.birbit.android.jobqueue.messaging.message.SchedulerMessage@de6d059
06-20 12:47:51.253 15813-16008/com.malvinstn.testqueue D/MainApplication: [priority_mq] looking for next message at time 1466398071253213467
06-20 12:47:51.253 15813-16008/com.malvinstn.testqueue D/MainApplication: flushing messages at time 1466398071253213467
06-20 12:47:51.253 15813-16008/com.malvinstn.testqueue D/MainApplication: returning next ready at 11767718872 ns
06-20 12:47:51.253 15813-16008/com.malvinstn.testqueue D/MainApplication: [priority_mq] next delayed job 1466398083020932339
06-20 12:47:51.253 15813-16008/com.malvinstn.testqueue D/MainApplication: [queue_SCHEDULER_5] remove message com.birbit.android.jobqueue.messaging.message.SchedulerMessage@de6d059
06-20 12:47:51.253 15813-16008/com.malvinstn.testqueue D/MainApplication: [priority_mq] consuming message of type SCHEDULER
06-20 12:47:51.253 15813-16008/com.malvinstn.testqueue D/MainApplication: considering adding a new consumer. Should poke all waiting? true isRunning? true waiting workers? 1
06-20 12:47:51.253 15813-16008/com.malvinstn.testqueue D/MainApplication: there are waiting workers, will poke them instead
06-20 12:47:51.253 15813-16008/com.malvinstn.testqueue D/MainApplication: [consumer_7] post message Command[2]
06-20 12:47:51.254 15813-18134/com.malvinstn.testqueue D/MainApplication: flushing messages at time 1466398071253878779
06-20 12:47:51.254 15813-16008/com.malvinstn.testqueue D/MainApplication: there were waiting workers, poked them and I'm done
06-20 12:47:51.254 15813-18134/com.malvinstn.testqueue D/MainApplication: returning next ready at 14690070313 ns
06-20 12:47:51.254 15813-18134/com.malvinstn.testqueue D/MainApplication: [consumer_7] remove message Command[2]
06-20 12:47:51.254 15813-16008/com.malvinstn.testqueue D/MainApplication: [priority_mq] looking for next message at time 1466398071253947425
06-20 12:47:51.254 15813-18134/com.malvinstn.testqueue D/MainApplication: Consumer has been poked.
06-20 12:47:51.254 15813-16008/com.malvinstn.testqueue D/MainApplication: flushing messages at time 1466398071253947425
06-20 12:47:51.254 15813-18134/com.malvinstn.testqueue D/MainApplication: flushing messages at time 1466398071254034300
06-20 12:47:51.254 15813-16008/com.malvinstn.testqueue D/MainApplication: returning next ready at 11766984914 ns
06-20 12:47:51.254 15813-18134/com.malvinstn.testqueue D/MainApplication: returning next ready at 14689914792 ns
06-20 12:47:51.254 15813-16008/com.malvinstn.testqueue D/MainApplication: [priority_mq] next delayed job 1466398083020932339
06-20 12:47:51.254 15813-18134/com.malvinstn.testqueue D/MainApplication: [consumer_7] remove message null
06-20 12:47:51.254 15813-16008/com.malvinstn.testqueue D/MainApplication: [queue_SCHEDULER_5] remove message null
06-20 12:47:51.254 15813-18134/com.malvinstn.testqueue D/MainApplication: consumer manager on idle
06-20 12:47:51.254 15813-16008/com.malvinstn.testqueue D/MainApplication: [queue_RUN_JOB_RESULT_6] remove message null
06-20 12:47:51.254 15813-16008/com.malvinstn.testqueue D/MainApplication: [queue_ADD_JOB_2] remove message null
06-20 12:47:51.254 15813-16008/com.malvinstn.testqueue D/MainApplication: [queue_JOB_CONSUMER_IDLE_4] remove message null
06-20 12:47:51.254 15813-16008/com.malvinstn.testqueue D/MainApplication: joq idle. running:? true
06-20 12:47:51.254 15813-18134/com.malvinstn.testqueue D/MainApplication: [queue_JOB_CONSUMER_IDLE_4] post message com.birbit.android.jobqueue.messaging.message.JobConsumerIdleMessage@358bca5
06-20 12:47:51.254 15813-18134/com.malvinstn.testqueue D/MainApplication: [consumer_7] will wait on the lock until 1466398085943949092
06-20 12:47:51.255 15813-16008/com.malvinstn.testqueue D/MainApplication: Job queue idle. next job at: 1466398083020932339
06-20 12:47:51.255 15813-16008/com.malvinstn.testqueue D/MainApplication: add delayed message com.birbit.android.jobqueue.messaging.message.ConstraintChangeMessage@238319f at time 1466398083020932339
06-20 12:47:51.255 15813-16008/com.malvinstn.testqueue D/MainApplication: [priority_mq] did on idle post a message? true
06-20 12:47:51.255 15813-16008/com.malvinstn.testqueue D/MainApplication: [priority_mq] looking for next message at time 1466398071255367946
06-20 12:47:51.255 15813-16008/com.malvinstn.testqueue D/MainApplication: flushing messages at time 1466398071255367946
06-20 12:47:51.255 15813-16008/com.malvinstn.testqueue D/MainApplication: returning next ready at 11765564393 ns
06-20 12:47:51.255 15813-16008/com.malvinstn.testqueue D/MainApplication: [priority_mq] next delayed job 1466398083020932339
06-20 12:47:51.255 15813-16008/com.malvinstn.testqueue D/MainApplication: [queue_SCHEDULER_5] remove message null
06-20 12:47:51.255 15813-16008/com.malvinstn.testqueue D/MainApplication: [queue_RUN_JOB_RESULT_6] remove message null
06-20 12:47:51.255 15813-16008/com.malvinstn.testqueue D/MainApplication: [queue_ADD_JOB_2] remove message null
06-20 12:47:51.255 15813-16008/com.malvinstn.testqueue D/MainApplication: [queue_JOB_CONSUMER_IDLE_4] remove message com.birbit.android.jobqueue.messaging.message.JobConsumerIdleMessage@358bca5
06-20 12:47:51.255 15813-16008/com.malvinstn.testqueue D/MainApplication: [priority_mq] consuming message of type JOB_CONSUMER_IDLE
06-20 12:47:51.256 15813-16008/com.malvinstn.testqueue V/MainApplication: looking for next job
06-20 12:47:51.256 15813-16008/com.malvinstn.testqueue V/MainApplication: non persistent result null
06-20 12:47:51.257 15813-16008/com.malvinstn.testqueue V/MainApplication: persistent result null
06-20 12:47:51.257 15813-16008/com.malvinstn.testqueue D/MainApplication: keep alive: 1466398085943949092
06-20 12:47:51.257 15813-16008/com.malvinstn.testqueue D/MainApplication: Consumer idle, will kill? false . isRunning: true
06-20 12:47:51.257 15813-16008/com.malvinstn.testqueue D/MainApplication: add delayed message Command[2] at time 1466398085943949092
06-20 12:47:51.257 15813-16008/com.malvinstn.testqueue D/MainApplication: poke consumer manager at 1466398085943949092
06-20 12:47:51.257 15813-18134/com.malvinstn.testqueue D/MainApplication: flushing messages at time 1466398071257595237
06-20 12:47:51.257 15813-18134/com.malvinstn.testqueue D/MainApplication: returning next ready at 14686353855 ns
06-20 12:47:51.258 15813-16008/com.malvinstn.testqueue D/MainApplication: [FW Scheduler] on finished job SchedulerConstraint{uuid='bd6ee108-bdc7-4e38-8c1e-9be011919639', delayInMs=17100000, networkStatus=1, overrideDeadlineInMs=null, data=android.app.job.JobParameters@105c2ec}. reschedule:false
06-20 12:47:51.258 15813-18134/com.malvinstn.testqueue D/MainApplication: [consumer_7] remove message null
06-20 12:47:51.258 15813-18134/com.malvinstn.testqueue D/MainApplication: [consumer_7] will wait on the lock until 1466398085943949092
06-20 12:47:51.259 15813-15813/com.malvinstn.testqueue D/com.malvinstn.testqueue.JobService: getJobManager() called with: 
06-20 12:47:51.259 15813-15813/com.malvinstn.testqueue D/MainApplication: MainApplication::getJobManager()
06-20 12:47:51.283 15813-16008/com.malvinstn.testqueue D/MainApplication: [FW Scheduler] scheduled a framework job. Success? true id: 1 created id: 51
06-20 12:47:51.284 15813-16008/com.malvinstn.testqueue D/MainApplication: [priority_mq] looking for next message at time 1466398071283822946
06-20 12:47:51.284 15813-16008/com.malvinstn.testqueue D/MainApplication: flushing messages at time 1466398071283822946
06-20 12:47:51.284 15813-16008/com.malvinstn.testqueue D/MainApplication: returning next ready at 11737109393 ns
06-20 12:47:51.284 15813-16008/com.malvinstn.testqueue D/MainApplication: [priority_mq] next delayed job 1466398083020932339
06-20 12:47:51.284 15813-16008/com.malvinstn.testqueue D/MainApplication: [queue_SCHEDULER_5] remove message null
06-20 12:47:51.284 15813-16008/com.malvinstn.testqueue D/MainApplication: [queue_RUN_JOB_RESULT_6] remove message null
06-20 12:47:51.284 15813-16008/com.malvinstn.testqueue D/MainApplication: [queue_ADD_JOB_2] remove message null
06-20 12:47:51.284 15813-16008/com.malvinstn.testqueue D/MainApplication: [queue_JOB_CONSUMER_IDLE_4] remove message null
06-20 12:47:51.284 15813-16008/com.malvinstn.testqueue D/MainApplication: joq idle. running:? true
06-20 12:47:51.284 15813-15813/com.malvinstn.testqueue D/com.malvinstn.testqueue.JobService: getJobManager() called with: 
06-20 12:47:51.284 15813-15813/com.malvinstn.testqueue D/MainApplication: MainApplication::getJobManager()
06-20 12:47:51.285 15813-15813/com.malvinstn.testqueue D/com.malvinstn.testqueue.JobService: getJobManager() called with: 
06-20 12:47:51.285 15813-15813/com.malvinstn.testqueue D/MainApplication: MainApplication::getJobManager()
06-20 12:47:51.286 15813-16008/com.malvinstn.testqueue D/MainApplication: Job queue idle. next job at: 1466398083020932339
06-20 12:47:51.286 15813-15813/com.malvinstn.testqueue D/MainApplication: [FW Scheduler] start job SchedulerConstraint{uuid='bd6ee108-bdc7-4e38-8c1e-9be011919639', delayInMs=18000000, networkStatus=1, overrideDeadlineInMs=null, data=null} 51
06-20 12:47:51.286 15813-16008/com.malvinstn.testqueue D/MainApplication: add delayed message com.birbit.android.jobqueue.messaging.message.ConstraintChangeMessage@87848bb at time 1466398083020932339
06-20 12:47:51.286 15813-16008/com.malvinstn.testqueue D/MainApplication: [priority_mq] did on idle post a message? true
06-20 12:47:51.286 15813-16008/com.malvinstn.testqueue D/MainApplication: [priority_mq] looking for next message at time 1466398071286093571
06-20 12:47:51.286 15813-16008/com.malvinstn.testqueue D/MainApplication: flushing messages at time 1466398071286093571
06-20 12:47:51.286 15813-16008/com.malvinstn.testqueue D/MainApplication: returning next ready at 11734838768 ns
06-20 12:47:51.286 15813-16008/com.malvinstn.testqueue D/MainApplication: [priority_mq] next delayed job 1466398083020932339
06-20 12:47:51.286 15813-16008/com.malvinstn.testqueue D/MainApplication: [queue_SCHEDULER_5] remove message null
06-20 12:47:51.286 15813-16008/com.malvinstn.testqueue D/MainApplication: [queue_RUN_JOB_RESULT_6] remove message null
06-20 12:47:51.286 15813-16008/com.malvinstn.testqueue D/MainApplication: [queue_ADD_JOB_2] remove message null
06-20 12:47:51.286 15813-16008/com.malvinstn.testqueue D/MainApplication: [queue_JOB_CONSUMER_IDLE_4] remove message null
06-20 12:47:51.286 15813-16008/com.malvinstn.testqueue D/MainApplication: [priority_mq] did on idle post a message? false
06-20 12:47:51.286 15813-15813/com.malvinstn.testqueue D/MainApplication: [queue_SCHEDULER_5] post message com.birbit.android.jobqueue.messaging.message.SchedulerMessage@de6d059
06-20 12:47:51.286 15813-16008/com.malvinstn.testqueue D/MainApplication: [priority_mq] looking for next message at time 1466398071286533831
06-20 12:47:51.286 15813-16008/com.malvinstn.testqueue D/MainApplication: flushing messages at time 1466398071286533831
06-20 12:47:51.286 15813-16008/com.malvinstn.testqueue D/MainApplication: returning next ready at 11734398508 ns
06-20 12:47:51.287 15813-16008/com.malvinstn.testqueue D/MainApplication: [priority_mq] next delayed job 1466398083020932339
06-20 12:47:51.287 15813-16008/com.malvinstn.testqueue D/MainApplication: [queue_SCHEDULER_5] remove message com.birbit.android.jobqueue.messaging.message.SchedulerMessage@de6d059
06-20 12:47:51.287 15813-16008/com.malvinstn.testqueue D/MainApplication: [priority_mq] consuming message of type SCHEDULER
06-20 12:47:51.287 15813-16008/com.malvinstn.testqueue D/MainApplication: considering adding a new consumer. Should poke all waiting? true isRunning? true waiting workers? 1
06-20 12:47:51.287 15813-16008/com.malvinstn.testqueue D/MainApplication: there are waiting workers, will poke them instead
06-20 12:47:51.287 15813-16008/com.malvinstn.testqueue D/MainApplication: [consumer_7] post message Command[2]
06-20 12:47:51.287 15813-16008/com.malvinstn.testqueue D/MainApplication: there were waiting workers, poked them and I'm done
06-20 12:47:51.287 15813-16008/com.malvinstn.testqueue D/MainApplication: [priority_mq] looking for next message at time 1466398071287584039
06-20 12:47:51.287 15813-16008/com.malvinstn.testqueue D/MainApplication: flushing messages at time 1466398071287584039
06-20 12:47:51.287 15813-16008/com.malvinstn.testqueue D/MainApplication: returning next ready at 11733348300 ns
06-20 12:47:51.287 15813-16008/com.malvinstn.testqueue D/MainApplication: [priority_mq] next delayed job 1466398083020932339
06-20 12:47:51.287 15813-16008/com.malvinstn.testqueue D/MainApplication: [queue_SCHEDULER_5] remove message null
06-20 12:47:51.287 15813-16008/com.malvinstn.testqueue D/MainApplication: [queue_RUN_JOB_RESULT_6] remove message null
06-20 12:47:51.287 15813-16008/com.malvinstn.testqueue D/MainApplication: [queue_ADD_JOB_2] remove message null
06-20 12:47:51.287 15813-16008/com.malvinstn.testqueue D/MainApplication: [queue_JOB_CONSUMER_IDLE_4] remove message null
06-20 12:47:51.288 15813-16008/com.malvinstn.testqueue D/MainApplication: joq idle. running:? true
06-20 12:47:51.288 15813-18134/com.malvinstn.testqueue D/MainApplication: flushing messages at time 1466398071287946643
06-20 12:47:51.288 15813-18134/com.malvinstn.testqueue D/MainApplication: returning next ready at 14656002449 ns
06-20 12:47:51.288 15813-18134/com.malvinstn.testqueue D/MainApplication: [consumer_7] remove message Command[2]
06-20 12:47:51.288 15813-18134/com.malvinstn.testqueue D/MainApplication: Consumer has been poked.
06-20 12:47:51.288 15813-18134/com.malvinstn.testqueue D/MainApplication: flushing messages at time 1466398071288093050
06-20 12:47:51.288 15813-18134/com.malvinstn.testqueue D/MainApplication: returning next ready at 14655856042 ns
06-20 12:47:51.288 15813-18134/com.malvinstn.testqueue D/MainApplication: [consumer_7] remove message null
06-20 12:47:51.288 15813-18134/com.malvinstn.testqueue D/MainApplication: consumer manager on idle
06-20 12:47:51.288 15813-18134/com.malvinstn.testqueue D/MainApplication: [queue_JOB_CONSUMER_IDLE_4] post message com.birbit.android.jobqueue.messaging.message.JobConsumerIdleMessage@358bca5
06-20 12:47:51.288 15813-18134/com.malvinstn.testqueue D/MainApplication: [consumer_7] will wait on the lock until 1466398085943949092
06-20 12:47:51.289 15813-16008/com.malvinstn.testqueue D/MainApplication: Job queue idle. next job at: 1466398083020932339
06-20 12:47:51.289 15813-16008/com.malvinstn.testqueue D/MainApplication: add delayed message com.birbit.android.jobqueue.messaging.message.ConstraintChangeMessage@d0221d8 at time 1466398083020932339
06-20 12:47:51.289 15813-16008/com.malvinstn.testqueue D/MainApplication: [priority_mq] did on idle post a message? true
06-20 12:47:51.289 15813-16008/com.malvinstn.testqueue D/MainApplication: [priority_mq] looking for next message at time 1466398071289324144
06-20 12:47:51.289 15813-16008/com.malvinstn.testqueue D/MainApplication: flushing messages at time 1466398071289324144
06-20 12:47:51.289 15813-16008/com.malvinstn.testqueue D/MainApplication: returning next ready at 11731608195 ns
06-20 12:47:51.289 15813-16008/com.malvinstn.testqueue D/MainApplication: [priority_mq] next delayed job 1466398083020932339
06-20 12:47:51.289 15813-16008/com.malvinstn.testqueue D/MainApplication: [queue_SCHEDULER_5] remove message null
06-20 12:47:51.289 15813-16008/com.malvinstn.testqueue D/MainApplication: [queue_RUN_JOB_RESULT_6] remove message null
06-20 12:47:51.289 15813-16008/com.malvinstn.testqueue D/MainApplication: [queue_ADD_JOB_2] remove message null
06-20 12:47:51.289 15813-16008/com.malvinstn.testqueue D/MainApplication: [queue_JOB_CONSUMER_IDLE_4] remove message com.birbit.android.jobqueue.messaging.message.JobConsumerIdleMessage@358bca5
06-20 12:47:51.289 15813-16008/com.malvinstn.testqueue D/MainApplication: [priority_mq] consuming message of type JOB_CONSUMER_IDLE
06-20 12:47:51.290 15813-16008/com.malvinstn.testqueue V/MainApplication: looking for next job
06-20 12:47:51.290 15813-16008/com.malvinstn.testqueue V/MainApplication: non persistent result null
06-20 12:47:51.290 15813-16008/com.malvinstn.testqueue V/MainApplication: persistent result null
06-20 12:47:51.290 15813-16008/com.malvinstn.testqueue D/MainApplication: keep alive: 1466398085943949092
06-20 12:47:51.291 15813-16008/com.malvinstn.testqueue D/MainApplication: Consumer idle, will kill? false . isRunning: true
06-20 12:47:51.291 15813-16008/com.malvinstn.testqueue D/MainApplication: add delayed message Command[2] at time 1466398085943949092
06-20 12:47:51.291 15813-18134/com.malvinstn.testqueue D/MainApplication: flushing messages at time 1466398071291109196
06-20 12:47:51.291 15813-18134/com.malvinstn.testqueue D/MainApplication: returning next ready at 14652839896 ns
06-20 12:47:51.291 15813-18134/com.malvinstn.testqueue D/MainApplication: [consumer_7] remove message null
06-20 12:47:51.291 15813-18134/com.malvinstn.testqueue D/MainApplication: [consumer_7] will wait on the lock until 1466398085943949092
06-20 12:47:51.291 15813-16008/com.malvinstn.testqueue D/MainApplication: poke consumer manager at 1466398085943949092
06-20 12:47:51.291 15813-16008/com.malvinstn.testqueue D/MainApplication: [FW Scheduler] on finished job SchedulerConstraint{uuid='bd6ee108-bdc7-4e38-8c1e-9be011919639', delayInMs=18000000, networkStatus=1, overrideDeadlineInMs=null, data=android.app.job.JobParameters@5486931}. reschedule:false
06-20 12:47:51.292 15813-15813/com.malvinstn.testqueue D/com.malvinstn.testqueue.JobService: getJobManager() called with: 
06-20 12:47:51.292 15813-15813/com.malvinstn.testqueue D/MainApplication: MainApplication::getJobManager()
06-20 12:47:51.300 15813-16008/com.malvinstn.testqueue D/MainApplication: [FW Scheduler] scheduled a framework job. Success? true id: 1 created id: 52
06-20 12:47:51.300 15813-16008/com.malvinstn.testqueue D/MainApplication: [priority_mq] looking for next message at time 1466398071299946331
06-20 12:47:51.300 15813-16008/com.malvinstn.testqueue D/MainApplication: flushing messages at time 1466398071299946331
06-20 12:47:51.300 15813-16008/com.malvinstn.testqueue D/MainApplication: returning next ready at 11720986008 ns
06-20 12:47:51.300 15813-16008/com.malvinstn.testqueue D/MainApplication: [priority_mq] next delayed job 1466398083020932339
06-20 12:47:51.300 15813-16008/com.malvinstn.testqueue D/MainApplication: [queue_SCHEDULER_5] remove message null
06-20 12:47:51.300 15813-16008/com.malvinstn.testqueue D/MainApplication: [queue_RUN_JOB_RESULT_6] remove message null
06-20 12:47:51.300 15813-16008/com.malvinstn.testqueue D/MainApplication: [queue_ADD_JOB_2] remove message null
06-20 12:47:51.300 15813-16008/com.malvinstn.testqueue D/MainApplication: [queue_JOB_CONSUMER_IDLE_4] remove message null
06-20 12:47:51.300 15813-16008/com.malvinstn.testqueue D/MainApplication: joq idle. running:? true
06-20 12:47:51.301 15813-15813/com.malvinstn.testqueue D/com.malvinstn.testqueue.JobService: getJobManager() called with: 
06-20 12:47:51.301 15813-15813/com.malvinstn.testqueue D/MainApplication: MainApplication::getJobManager()
06-20 12:47:51.301 15813-16008/com.malvinstn.testqueue D/MainApplication: Job queue idle. next job at: 1466398083020932339
06-20 12:47:51.301 15813-16008/com.malvinstn.testqueue D/MainApplication: add delayed message com.birbit.android.jobqueue.messaging.message.ConstraintChangeMessage@d638384 at time 1466398083020932339
06-20 12:47:51.301 15813-16008/com.malvinstn.testqueue D/MainApplication: [priority_mq] did on idle post a message? true
