06-21 17:01:30.497 4934-4953/com.malvinstn.testqueue D/MainApplication: [priority_mq] did on idle post a message? false
06-21 17:01:30.498 4934-4934/com.malvinstn.testqueue D/com.malvinstn.testqueue.JobService: getJobManager() called with: 
06-21 17:01:30.498 4934-4934/com.malvinstn.testqueue D/MainApplication: MainApplication::getJobManager()
06-21 17:01:30.498 4934-4934/com.malvinstn.testqueue D/MainApplication: [FW Scheduler] start job SchedulerConstraint{uuid='ba4d5780-85eb-4c15-b6bf-7daa76238ee2', delayInMs=18900000, networkStatus=1, overrideDeadlineInMs=null, data=null} 2066
06-21 17:01:30.499 4934-4934/com.malvinstn.testqueue D/MainApplication: [queue_SCHEDULER_5] post message com.birbit.android.jobqueue.messaging.message.SchedulerMessage@a788cb
06-21 17:01:30.499 4934-4953/com.malvinstn.testqueue D/MainApplication: [priority_mq] looking for next message at time 1466499690498163749
06-21 17:01:30.499 4934-4953/com.malvinstn.testqueue D/MainApplication: flushing messages at time 1466499690498163749
06-21 17:01:30.499 4934-4953/com.malvinstn.testqueue D/MainApplication: returning next ready at 19112098054 ns
06-21 17:01:30.499 4934-4953/com.malvinstn.testqueue D/MainApplication: [priority_mq] next delayed job 1466499709610261803
06-21 17:01:30.499 4934-4953/com.malvinstn.testqueue D/MainApplication: [queue_SCHEDULER_5] remove message com.birbit.android.jobqueue.messaging.message.SchedulerMessage@a788cb
06-21 17:01:30.499 4934-4953/com.malvinstn.testqueue D/MainApplication: [priority_mq] consuming message of type SCHEDULER
06-21 17:01:30.499 4934-4953/com.malvinstn.testqueue D/MainApplication: considering adding a new consumer. Should poke all waiting? true isRunning? true waiting workers? 1
06-21 17:01:30.499 4934-4953/com.malvinstn.testqueue D/MainApplication: there are waiting workers, will poke them instead
06-21 17:01:30.499 4934-4953/com.malvinstn.testqueue D/MainApplication: [consumer_3] post message Command[2]
06-21 17:01:30.499 4934-4953/com.malvinstn.testqueue D/MainApplication: there were waiting workers, poked them and I'm done
06-21 17:01:30.499 4934-5015/com.malvinstn.testqueue D/MainApplication: flushing messages at time 1466499690498931718
06-21 17:01:30.499 4934-4953/com.malvinstn.testqueue D/MainApplication: [priority_mq] looking for next message at time 1466499690498958958
06-21 17:01:30.499 4934-5015/com.malvinstn.testqueue D/MainApplication: returning next ready at 14691202083 ns
06-21 17:01:30.499 4934-4953/com.malvinstn.testqueue D/MainApplication: flushing messages at time 1466499690498958958
06-21 17:01:30.499 4934-5015/com.malvinstn.testqueue D/MainApplication: [consumer_3] remove message Command[2]
06-21 17:01:30.499 4934-4953/com.malvinstn.testqueue D/MainApplication: returning next ready at 19111302845 ns
06-21 17:01:30.499 4934-5015/com.malvinstn.testqueue D/MainApplication: Consumer has been poked.
06-21 17:01:30.499 4934-4953/com.malvinstn.testqueue D/MainApplication: [priority_mq] next delayed job 1466499709610261803
06-21 17:01:30.499 4934-5015/com.malvinstn.testqueue D/MainApplication: flushing messages at time 1466499690499082499
06-21 17:01:30.500 4934-4953/com.malvinstn.testqueue D/MainApplication: [queue_SCHEDULER_5] remove message null
06-21 17:01:30.500 4934-4953/com.malvinstn.testqueue D/MainApplication: [queue_RUN_JOB_RESULT_6] remove message null
06-21 17:01:30.500 4934-5015/com.malvinstn.testqueue D/MainApplication: returning next ready at 14691051302 ns
06-21 17:01:30.500 4934-4953/com.malvinstn.testqueue D/MainApplication: [queue_ADD_JOB_2] remove message null
06-21 17:01:30.500 4934-5015/com.malvinstn.testqueue D/MainApplication: [consumer_3] remove message null
06-21 17:01:30.500 4934-4953/com.malvinstn.testqueue D/MainApplication: [queue_JOB_CONSUMER_IDLE_4] remove message null
06-21 17:01:30.500 4934-5015/com.malvinstn.testqueue D/MainApplication: consumer manager on idle
06-21 17:01:30.500 4934-4953/com.malvinstn.testqueue D/MainApplication: joq idle. running:? true
06-21 17:01:30.500 4934-5015/com.malvinstn.testqueue D/MainApplication: [queue_JOB_CONSUMER_IDLE_4] post message com.birbit.android.jobqueue.messaging.message.JobConsumerIdleMessage@dbd21b7
06-21 17:01:30.500 4934-5015/com.malvinstn.testqueue D/MainApplication: [consumer_3] will wait on the lock until 1466499705190133801
06-21 17:01:30.501 4934-4953/com.malvinstn.testqueue D/MainApplication: Job queue idle. next job at: 1466499709610261803
06-21 17:01:30.501 4934-4953/com.malvinstn.testqueue D/MainApplication: add delayed message com.birbit.android.jobqueue.messaging.message.ConstraintChangeMessage@70c35b3 at time 1466499709610261803
06-21 17:01:30.501 4934-4953/com.malvinstn.testqueue D/MainApplication: [priority_mq] did on idle post a message? true
06-21 17:01:30.501 4934-4953/com.malvinstn.testqueue D/MainApplication: [priority_mq] looking for next message at time 1466499690501060207
06-21 17:01:30.502 4934-4953/com.malvinstn.testqueue D/MainApplication: flushing messages at time 1466499690501060207
06-21 17:01:30.502 4934-4953/com.malvinstn.testqueue D/MainApplication: returning next ready at 19109201596 ns
06-21 17:01:30.502 4934-4953/com.malvinstn.testqueue D/MainApplication: [priority_mq] next delayed job 1466499709610261803
06-21 17:01:30.502 4934-4953/com.malvinstn.testqueue D/MainApplication: [queue_SCHEDULER_5] remove message null
06-21 17:01:30.502 4934-4953/com.malvinstn.testqueue D/MainApplication: [queue_RUN_JOB_RESULT_6] remove message null
06-21 17:01:30.502 4934-4953/com.malvinstn.testqueue D/MainApplication: [queue_ADD_JOB_2] remove message null
06-21 17:01:30.502 4934-4953/com.malvinstn.testqueue D/MainApplication: [queue_JOB_CONSUMER_IDLE_4] remove message com.birbit.android.jobqueue.messaging.message.JobConsumerIdleMessage@dbd21b7
06-21 17:01:30.502 4934-4953/com.malvinstn.testqueue D/MainApplication: [priority_mq] consuming message of type JOB_CONSUMER_IDLE
06-21 17:01:30.502 4934-4953/com.malvinstn.testqueue V/MainApplication: looking for next job
06-21 17:01:30.502 4934-4953/com.malvinstn.testqueue V/MainApplication: non persistent result null
06-21 17:01:30.503 4934-4953/com.malvinstn.testqueue V/MainApplication: persistent result null
06-21 17:01:30.503 4934-4953/com.malvinstn.testqueue D/MainApplication: keep alive: 1466499705190133801
06-21 17:01:30.503 4934-4953/com.malvinstn.testqueue D/MainApplication: Consumer idle, will kill? false . isRunning: true
06-21 17:01:30.503 4934-4953/com.malvinstn.testqueue D/MainApplication: add delayed message Command[2] at time 1466499705190133801
06-21 17:01:30.503 4934-4953/com.malvinstn.testqueue D/MainApplication: poke consumer manager at 1466499705190133801
06-21 17:01:30.503 4934-5015/com.malvinstn.testqueue D/MainApplication: flushing messages at time 1466499690502814375
06-21 17:01:30.503 4934-5015/com.malvinstn.testqueue D/MainApplication: returning next ready at 14687319426 ns
06-21 17:01:30.503 4934-5015/com.malvinstn.testqueue D/MainApplication: [consumer_3] remove message null
06-21 17:01:30.503 4934-5015/com.malvinstn.testqueue D/MainApplication: [consumer_3] will wait on the lock until 1466499705190133801
06-21 17:01:30.504 4934-4953/com.malvinstn.testqueue D/MainApplication: [FW Scheduler] on finished job SchedulerConstraint{uuid='ba4d5780-85eb-4c15-b6bf-7daa76238ee2', delayInMs=18900000, networkStatus=1, overrideDeadlineInMs=null, data=android.app.job.JobParameters@4019770}. reschedule:false
06-21 17:01:30.506 4934-4934/com.malvinstn.testqueue D/com.malvinstn.testqueue.JobService: getJobManager() called with: 
06-21 17:01:30.506 4934-4934/com.malvinstn.testqueue D/MainApplication: MainApplication::getJobManager()
06-21 17:01:30.509 4934-4953/com.malvinstn.testqueue D/MainApplication: [FW Scheduler] scheduled a framework job. Success? true id: 1 created id: 2067
06-21 17:01:30.509 4934-4953/com.malvinstn.testqueue D/MainApplication: [priority_mq] looking for next message at time 1466499690508842030
06-21 17:01:30.509 4934-4953/com.malvinstn.testqueue D/MainApplication: flushing messages at time 1466499690508842030
06-21 17:01:30.509 4934-4953/com.malvinstn.testqueue D/MainApplication: returning next ready at 19101419773 ns
06-21 17:01:30.509 4934-4953/com.malvinstn.testqueue D/MainApplication: [priority_mq] next delayed job 1466499709610261803
06-21 17:01:30.509 4934-4953/com.malvinstn.testqueue D/MainApplication: [queue_SCHEDULER_5] remove message null
06-21 17:01:30.509 4934-4953/com.malvinstn.testqueue D/MainApplication: [queue_RUN_JOB_RESULT_6] remove message null
06-21 17:01:30.509 4934-4953/com.malvinstn.testqueue D/MainApplication: [queue_ADD_JOB_2] remove message null
06-21 17:01:30.510 4934-4953/com.malvinstn.testqueue D/MainApplication: [queue_JOB_CONSUMER_IDLE_4] remove message null
06-21 17:01:30.510 4934-4953/com.malvinstn.testqueue D/MainApplication: joq idle. running:? true
06-21 17:01:30.511 4934-4934/com.malvinstn.testqueue D/com.malvinstn.testqueue.JobService: getJobManager() called with: 
06-21 17:01:30.511 4934-4934/com.malvinstn.testqueue D/MainApplication: MainApplication::getJobManager()
06-21 17:01:30.511 4934-4953/com.malvinstn.testqueue D/MainApplication: Job queue idle. next job at: 1466499709610261803
06-21 17:01:30.511 4934-4953/com.malvinstn.testqueue D/MainApplication: add delayed message com.birbit.android.jobqueue.messaging.message.ConstraintChangeMessage@90a7a0f at time 1466499709610261803
06-21 17:01:30.511 4934-4953/com.malvinstn.testqueue D/MainApplication: [priority_mq] did on idle post a message? true
06-21 17:01:30.511 4934-4953/com.malvinstn.testqueue D/MainApplication: [priority_mq] looking for next message at time 1466499690510546509
06-21 17:01:30.511 4934-4953/com.malvinstn.testqueue D/MainApplication: flushing messages at time 1466499690510546509
06-21 17:01:30.511 4934-4953/com.malvinstn.testqueue D/MainApplication: returning next ready at 19099715294 ns
06-21 17:01:30.511 4934-4953/com.malvinstn.testqueue D/MainApplication: [priority_mq] next delayed job 1466499709610261803
06-21 17:01:30.511 4934-4953/com.malvinstn.testqueue D/MainApplication: [queue_SCHEDULER_5] remove message null
06-21 17:01:30.511 4934-4953/com.malvinstn.testqueue D/MainApplication: [queue_RUN_JOB_RESULT_6] remove message null
06-21 17:01:30.511 4934-4953/com.malvinstn.testqueue D/MainApplication: [queue_ADD_JOB_2] remove message null
06-21 17:01:30.511 4934-4953/com.malvinstn.testqueue D/MainApplication: [queue_JOB_CONSUMER_IDLE_4] remove message null
06-21 17:01:30.511 4934-4953/com.malvinstn.testqueue D/MainApplication: [priority_mq] did on idle post a message? false
06-21 17:01:30.512 4934-4934/com.malvinstn.testqueue D/com.malvinstn.testqueue.JobService: getJobManager() called with: 
06-21 17:01:30.512 4934-4934/com.malvinstn.testqueue D/MainApplication: MainApplication::getJobManager()
06-21 17:01:30.512 4934-4934/com.malvinstn.testqueue D/MainApplication: [FW Scheduler] start job SchedulerConstraint{uuid='ba4d5780-85eb-4c15-b6bf-7daa76238ee2', delayInMs=19800000, networkStatus=1, overrideDeadlineInMs=null, data=null} 2067
06-21 17:01:30.512 4934-4934/com.malvinstn.testqueue D/MainApplication: [queue_SCHEDULER_5] post message com.birbit.android.jobqueue.messaging.message.SchedulerMessage@a788cb
06-21 17:01:30.512 4934-4953/com.malvinstn.testqueue D/MainApplication: [priority_mq] looking for next message at time 1466499690511719844
06-21 17:01:30.512 4934-4953/com.malvinstn.testqueue D/MainApplication: flushing messages at time 1466499690511719844
06-21 17:01:30.512 4934-4953/com.malvinstn.testqueue D/MainApplication: returning next ready at 19098541959 ns
06-21 17:01:30.512 4934-4953/com.malvinstn.testqueue D/MainApplication: [priority_mq] next delayed job 1466499709610261803
06-21 17:01:30.512 4934-4953/com.malvinstn.testqueue D/MainApplication: [queue_SCHEDULER_5] remove message com.birbit.android.jobqueue.messaging.message.SchedulerMessage@a788cb
06-21 17:01:30.512 4934-4953/com.malvinstn.testqueue D/MainApplication: [priority_mq] consuming message of type SCHEDULER
06-21 17:01:30.513 4934-4953/com.malvinstn.testqueue D/MainApplication: considering adding a new consumer. Should poke all waiting? true isRunning? true waiting workers? 1
06-21 17:01:30.513 4934-4953/com.malvinstn.testqueue D/MainApplication: there are waiting workers, will poke them instead
06-21 17:01:30.513 4934-4953/com.malvinstn.testqueue D/MainApplication: [consumer_3] post message Command[2]
06-21 17:01:30.513 4934-5015/com.malvinstn.testqueue D/MainApplication: flushing messages at time 1466499690512531614
06-21 17:01:30.513 4934-5015/com.malvinstn.testqueue D/MainApplication: returning next ready at 14677602187 ns
06-21 17:01:30.513 4934-5015/com.malvinstn.testqueue D/MainApplication: [consumer_3] remove message Command[2]
06-21 17:01:30.513 4934-5015/com.malvinstn.testqueue D/MainApplication: Consumer has been poked.
06-21 17:01:30.513 4934-5015/com.malvinstn.testqueue D/MainApplication: flushing messages at time 1466499690512701875
06-21 17:01:30.513 4934-5015/com.malvinstn.testqueue D/MainApplication: returning next ready at 14677431926 ns
06-21 17:01:30.513 4934-5015/com.malvinstn.testqueue D/MainApplication: [consumer_3] remove message null
06-21 17:01:30.513 4934-5015/com.malvinstn.testqueue D/MainApplication: consumer manager on idle
06-21 17:01:30.513 4934-5015/com.malvinstn.testqueue D/MainApplication: [queue_JOB_CONSUMER_IDLE_4] post message com.birbit.android.jobqueue.messaging.message.JobConsumerIdleMessage@dbd21b7
06-21 17:01:30.513 4934-5015/com.malvinstn.testqueue D/MainApplication: [consumer_3] will wait on the lock until 1466499705190133801
06-21 17:01:30.513 4934-4953/com.malvinstn.testqueue D/MainApplication: there were waiting workers, poked them and I'm done
06-21 17:01:30.513 4934-4953/com.malvinstn.testqueue D/MainApplication: [priority_mq] looking for next message at time 1466499690512976146
06-21 17:01:30.513 4934-4953/com.malvinstn.testqueue D/MainApplication: flushing messages at time 1466499690512976146
06-21 17:01:30.513 4934-4953/com.malvinstn.testqueue D/MainApplication: returning next ready at 19097285657 ns
06-21 17:01:30.514 4934-4953/com.malvinstn.testqueue D/MainApplication: [priority_mq] next delayed job 1466499709610261803
06-21 17:01:30.514 4934-4953/com.malvinstn.testqueue D/MainApplication: [queue_SCHEDULER_5] remove message null
06-21 17:01:30.514 4934-4953/com.malvinstn.testqueue D/MainApplication: [queue_RUN_JOB_RESULT_6] remove message null
06-21 17:01:30.514 4934-4953/com.malvinstn.testqueue D/MainApplication: [queue_ADD_JOB_2] remove message null
06-21 17:01:30.514 4934-4953/com.malvinstn.testqueue D/MainApplication: [queue_JOB_CONSUMER_IDLE_4] remove message com.birbit.android.jobqueue.messaging.message.JobConsumerIdleMessage@dbd21b7
06-21 17:01:30.514 4934-4953/com.malvinstn.testqueue D/MainApplication: [priority_mq] consuming message of type JOB_CONSUMER_IDLE
06-21 17:01:30.515 4934-4953/com.malvinstn.testqueue V/MainApplication: looking for next job
06-21 17:01:30.515 4934-4953/com.malvinstn.testqueue V/MainApplication: non persistent result null
06-21 17:01:30.516 4934-4953/com.malvinstn.testqueue V/MainApplication: persistent result null
06-21 17:01:30.516 4934-4953/com.malvinstn.testqueue D/MainApplication: keep alive: 1466499705190133801
06-21 17:01:30.517 4934-4953/com.malvinstn.testqueue D/MainApplication: Consumer idle, will kill? false . isRunning: true
06-21 17:01:30.517 4934-4953/com.malvinstn.testqueue D/MainApplication: add delayed message Command[2] at time 1466499705190133801
06-21 17:01:30.517 4934-5015/com.malvinstn.testqueue D/MainApplication: flushing messages at time 1466499690516321510
06-21 17:01:30.517 4934-5015/com.malvinstn.testqueue D/MainApplication: returning next ready at 14673812291 ns
06-21 17:01:30.517 4934-5015/com.malvinstn.testqueue D/MainApplication: [consumer_3] remove message null
06-21 17:01:30.517 4934-5015/com.malvinstn.testqueue D/MainApplication: [consumer_3] will wait on the lock until 1466499705190133801
06-21 17:01:30.517 4934-4953/com.malvinstn.testqueue D/MainApplication: poke consumer manager at 1466499705190133801
06-21 17:01:30.517 4934-4953/com.malvinstn.testqueue D/MainApplication: [FW Scheduler] on finished job SchedulerConstraint{uuid='ba4d5780-85eb-4c15-b6bf-7daa76238ee2', delayInMs=19800000, networkStatus=1, overrideDeadlineInMs=null, data=android.app.job.JobParameters@140ba9c}. reschedule:false
06-21 17:01:30.518 4934-4934/com.malvinstn.testqueue D/com.malvinstn.testqueue.JobService: getJobManager() called with: 
06-21 17:01:30.518 4934-4934/com.malvinstn.testqueue D/MainApplication: MainApplication::getJobManager()
06-21 17:01:30.524 4934-4953/com.malvinstn.testqueue D/MainApplication: [FW Scheduler] scheduled a framework job. Success? true id: 1 created id: 2068
06-21 17:01:30.524 4934-4953/com.malvinstn.testqueue D/MainApplication: [priority_mq] looking for next message at time 1466499690523869323
06-21 17:01:30.524 4934-4953/com.malvinstn.testqueue D/MainApplication: flushing messages at time 1466499690523869323
06-21 17:01:30.524 4934-4953/com.malvinstn.testqueue D/MainApplication: returning next ready at 19086392480 ns
06-21 17:01:30.524 4934-4953/com.malvinstn.testqueue D/MainApplication: [priority_mq] next delayed job 1466499709610261803
06-21 17:01:30.524 4934-4953/com.malvinstn.testqueue D/MainApplication: [queue_SCHEDULER_5] remove message null
06-21 17:01:30.524 4934-4953/com.malvinstn.testqueue D/MainApplication: [queue_RUN_JOB_RESULT_6] remove message null
06-21 17:01:30.525 4934-4953/com.malvinstn.testqueue D/MainApplication: [queue_ADD_JOB_2] remove message null
06-21 17:01:30.525 4934-4953/com.malvinstn.testqueue D/MainApplication: [queue_JOB_CONSUMER_IDLE_4] remove message null
06-21 17:01:30.525 4934-4953/com.malvinstn.testqueue D/MainApplication: joq idle. running:? true
06-21 17:01:30.526 4934-4953/com.malvinstn.testqueue D/MainApplication: Job queue idle. next job at: 1466499709610261803
06-21 17:01:30.526 4934-4953/com.malvinstn.testqueue D/MainApplication: add delayed message com.birbit.android.jobqueue.messaging.message.ConstraintChangeMessage@662787a at time 1466499709610261803
06-21 17:01:30.526 4934-4953/com.malvinstn.testqueue D/MainApplication: [priority_mq] did on idle post a message? true
06-21 17:01:30.526 4934-4953/com.malvinstn.testqueue D/MainApplication: [priority_mq] looking for next message at time 1466499690525558645
06-21 17:01:30.526 4934-4953/com.malvinstn.testqueue D/MainApplication: flushing messages at time 1466499690525558645
06-21 17:01:30.526 4934-4953/com.malvinstn.testqueue D/MainApplication: returning next ready at 19084703158 ns
06-21 17:01:30.526 4934-4953/com.malvinstn.testqueue D/MainApplication: [priority_mq] next delayed job 1466499709610261803
06-21 17:01:30.526 4934-4953/com.malvinstn.testqueue D/MainApplication: [queue_SCHEDULER_5] remove message null
06-21 17:01:30.526 4934-4953/com.malvinstn.testqueue D/MainApplication: [queue_RUN_JOB_RESULT_6] remove message null
06-21 17:01:30.526 4934-4953/com.malvinstn.testqueue D/MainApplication: [queue_ADD_JOB_2] remove message null
06-21 17:01:30.526 4934-4953/com.malvinstn.testqueue D/MainApplication: [queue_JOB_CONSUMER_IDLE_4] remove message null
06-21 17:01:30.526 4934-4953/com.malvinstn.testqueue D/MainApplication: [priority_mq] did on idle post a message? false
06-21 17:01:30.530 4934-4934/com.malvinstn.testqueue D/com.malvinstn.testqueue.JobService: getJobManager() called with: 
06-21 17:01:30.530 4934-4934/com.malvinstn.testqueue D/MainApplication: MainApplication::getJobManager()
06-21 17:01:30.531 4934-4934/com.malvinstn.testqueue D/com.malvinstn.testqueue.JobService: getJobManager() called with: 
06-21 17:01:30.532 4934-4934/com.malvinstn.testqueue D/MainApplication: MainApplication::getJobManager()
06-21 17:01:30.532 4934-4934/com.malvinstn.testqueue D/MainApplication: [FW Scheduler] start job SchedulerConstraint{uuid='ba4d5780-85eb-4c15-b6bf-7daa76238ee2', delayInMs=20700000, networkStatus=1, overrideDeadlineInMs=null, data=null} 2068
06-21 17:01:30.532 4934-4934/com.malvinstn.testqueue D/MainApplication: [queue_SCHEDULER_5] post message com.birbit.android.jobqueue.messaging.message.SchedulerMessage@a788cb
06-21 17:01:30.532 4934-4953/com.malvinstn.testqueue D/MainApplication: [priority_mq] looking for next message at time 1466499690531586666
06-21 17:01:30.532 4934-4953/com.malvinstn.testqueue D/MainApplication: flushing messages at time 1466499690531586666
06-21 17:01:30.532 4934-4953/com.malvinstn.testqueue D/MainApplication: returning next ready at 19078675137 ns
06-21 17:01:30.532 4934-4953/com.malvinstn.testqueue D/MainApplication: [priority_mq] next delayed job 1466499709610261803
06-21 17:01:30.532 4934-4953/com.malvinstn.testqueue D/MainApplication: [queue_SCHEDULER_5] remove message com.birbit.android.jobqueue.messaging.message.SchedulerMessage@a788cb
06-21 17:01:30.532 4934-4953/com.malvinstn.testqueue D/MainApplication: [priority_mq] consuming message of type SCHEDULER
06-21 17:01:30.533 4934-4953/com.malvinstn.testqueue D/MainApplication: considering adding a new consumer. Should poke all waiting? true isRunning? true waiting workers? 1
06-21 17:01:30.533 4934-4953/com.malvinstn.testqueue D/MainApplication: there are waiting workers, will poke them instead
06-21 17:01:30.533 4934-4953/com.malvinstn.testqueue D/MainApplication: [consumer_3] post message Command[2]
06-21 17:01:30.533 4934-4953/com.malvinstn.testqueue D/MainApplication: there were waiting workers, poked them and I'm done
06-21 17:01:30.533 4934-4953/com.malvinstn.testqueue D/MainApplication: [priority_mq] looking for next message at time 1466499690532641979
06-21 17:01:30.533 4934-4953/com.malvinstn.testqueue D/MainApplication: flushing messages at time 1466499690532641979
06-21 17:01:30.533 4934-4953/com.malvinstn.testqueue D/MainApplication: returning next ready at 19077619824 ns
06-21 17:01:30.533 4934-4953/com.malvinstn.testqueue D/MainApplication: [priority_mq] next delayed job 1466499709610261803
06-21 17:01:30.533 4934-4953/com.malvinstn.testqueue D/MainApplication: [queue_SCHEDULER_5] remove message null
06-21 17:01:30.533 4934-4953/com.malvinstn.testqueue D/MainApplication: [queue_RUN_JOB_RESULT_6] remove message null
06-21 17:01:30.533 4934-4953/com.malvinstn.testqueue D/MainApplication: [queue_ADD_JOB_2] remove message null
06-21 17:01:30.533 4934-4953/com.malvinstn.testqueue D/MainApplication: [queue_JOB_CONSUMER_IDLE_4] remove message null
06-21 17:01:30.533 4934-4953/com.malvinstn.testqueue D/MainApplication: joq idle. running:? true
06-21 17:01:30.533 4934-5015/com.malvinstn.testqueue D/MainApplication: flushing messages at time 1466499690533037552
06-21 17:01:30.534 4934-5015/com.malvinstn.testqueue D/MainApplication: returning next ready at 14657096249 ns
06-21 17:01:30.534 4934-5015/com.malvinstn.testqueue D/MainApplication: [consumer_3] remove message Command[2]
06-21 17:01:30.534 4934-5015/com.malvinstn.testqueue D/MainApplication: Consumer has been poked.
06-21 17:01:30.534 4934-5015/com.malvinstn.testqueue D/MainApplication: flushing messages at time 1466499690533236562
06-21 17:01:30.534 4934-5015/com.malvinstn.testqueue D/MainApplication: returning next ready at 14656897239 ns
06-21 17:01:30.534 4934-5015/com.malvinstn.testqueue D/MainApplication: [consumer_3] remove message null
06-21 17:01:30.534 4934-5015/com.malvinstn.testqueue D/MainApplication: consumer manager on idle
06-21 17:01:30.534 4934-5015/com.malvinstn.testqueue D/MainApplication: [queue_JOB_CONSUMER_IDLE_4] post message com.birbit.android.jobqueue.messaging.message.JobConsumerIdleMessage@dbd21b7
06-21 17:01:30.534 4934-5015/com.malvinstn.testqueue D/MainApplication: [consumer_3] will wait on the lock until 1466499705190133801
06-21 17:01:30.535 4934-4953/com.malvinstn.testqueue D/MainApplication: Job queue idle. next job at: 1466499709610261803
06-21 17:01:30.535 4934-4953/com.malvinstn.testqueue D/MainApplication: add delayed message com.birbit.android.jobqueue.messaging.message.ConstraintChangeMessage@fece488 at time 1466499709610261803
06-21 17:01:30.535 4934-4953/com.malvinstn.testqueue D/MainApplication: [priority_mq] did on idle post a message? true
06-21 17:01:30.535 4934-4953/com.malvinstn.testqueue D/MainApplication: [priority_mq] looking for next message at time 1466499690534700781
06-21 17:01:30.535 4934-4953/com.malvinstn.testqueue D/MainApplication: flushing messages at time 1466499690534700781
06-21 17:01:30.535 4934-4953/com.malvinstn.testqueue D/MainApplication: returning next ready at 19075561022 ns
06-21 17:01:30.535 4934-4953/com.malvinstn.testqueue D/MainApplication: [priority_mq] next delayed job 1466499709610261803
06-21 17:01:30.535 4934-4953/com.malvinstn.testqueue D/MainApplication: [queue_SCHEDULER_5] remove message null
06-21 17:01:30.535 4934-4953/com.malvinstn.testqueue D/MainApplication: [queue_RUN_JOB_RESULT_6] remove message null
06-21 17:01:30.535 4934-4953/com.malvinstn.testqueue D/MainApplication: [queue_ADD_JOB_2] remove message null
06-21 17:01:30.536 4934-4953/com.malvinstn.testqueue D/MainApplication: [queue_JOB_CONSUMER_IDLE_4] remove message com.birbit.android.jobqueue.messaging.message.JobConsumerIdleMessage@dbd21b7
06-21 17:01:30.536 4934-4953/com.malvinstn.testqueue D/MainApplication: [priority_mq] consuming message of type JOB_CONSUMER_IDLE
06-21 17:01:30.537 4934-4953/com.malvinstn.testqueue V/MainApplication: looking for next job
06-21 17:01:30.537 4934-4953/com.malvinstn.testqueue V/MainApplication: non persistent result null
06-21 17:01:30.538 4934-4953/com.malvinstn.testqueue V/MainApplication: persistent result null
06-21 17:01:30.538 4934-4953/com.malvinstn.testqueue D/MainApplication: keep alive: 1466499705190133801
06-21 17:01:30.538 4934-4953/com.malvinstn.testqueue D/MainApplication: Consumer idle, will kill? false . isRunning: true
06-21 17:01:30.538 4934-4953/com.malvinstn.testqueue D/MainApplication: add delayed message Command[2] at time 1466499705190133801
06-21 17:01:30.538 4934-4953/com.malvinstn.testqueue D/MainApplication: poke consumer manager at 1466499705190133801
06-21 17:01:30.538 4934-5015/com.malvinstn.testqueue D/MainApplication: flushing messages at time 1466499690537656614
06-21 17:01:30.538 4934-5015/com.malvinstn.testqueue D/MainApplication: returning next ready at 14652477187 ns
06-21 17:01:30.538 4934-5015/com.malvinstn.testqueue D/MainApplication: [consumer_3] remove message null
06-21 17:01:30.538 4934-5015/com.malvinstn.testqueue D/MainApplication: [consumer_3] will wait on the lock until 1466499705190133801
06-21 17:01:30.539 4934-4953/com.malvinstn.testqueue D/MainApplication: [FW Scheduler] on finished job SchedulerConstraint{uuid='ba4d5780-85eb-4c15-b6bf-7daa76238ee2', delayInMs=20700000, networkStatus=1, overrideDeadlineInMs=null, data=android.app.job.JobParameters@eaeee21}. reschedule:false
06-21 17:01:30.544 4934-4953/com.malvinstn.testqueue D/MainApplication: [FW Scheduler] scheduled a framework job. Success? true id: 1 created id: 2069
06-21 17:01:30.544 4934-4953/com.malvinstn.testqueue D/MainApplication: [priority_mq] looking for next message at time 1466499690543347291
06-21 17:01:30.544 4934-4953/com.malvinstn.testqueue D/MainApplication: flushing messages at time 1466499690543347291
06-21 17:01:30.544 4934-4953/com.malvinstn.testqueue D/MainApplication: returning next ready at 19066914512 ns
06-21 17:01:30.544 4934-4953/com.malvinstn.testqueue D/MainApplication: [priority_mq] next delayed job 1466499709610261803
06-21 17:01:30.544 4934-4953/com.malvinstn.testqueue D/MainApplication: [queue_SCHEDULER_5] remove message null
06-21 17:01:30.544 4934-4953/com.malvinstn.testqueue D/MainApplication: [queue_RUN_JOB_RESULT_6] remove message null
06-21 17:01:30.544 4934-4953/com.malvinstn.testqueue D/MainApplication: [queue_ADD_JOB_2] remove message null
06-21 17:01:30.544 4934-4953/com.malvinstn.testqueue D/MainApplication: [queue_JOB_CONSUMER_IDLE_4] remove message null
06-21 17:01:30.544 4934-4953/com.malvinstn.testqueue D/MainApplication: joq idle. running:? true
06-21 17:01:30.545 4934-4953/com.malvinstn.testqueue D/MainApplication: Job queue idle. next job at: 1466499709610261803
06-21 17:01:30.545 4934-4953/com.malvinstn.testqueue D/MainApplication: add delayed message com.birbit.android.jobqueue.messaging.message.ConstraintChangeMessage@b8fa246 at time 1466499709610261803
06-21 17:01:30.545 4934-4953/com.malvinstn.testqueue D/MainApplication: [priority_mq] did on idle post a message? true
06-21 17:01:30.545 4934-4953/com.malvinstn.testqueue D/MainApplication: [priority_mq] looking for next message at time 1466499690544814270
06-21 17:01:30.545 4934-4953/com.malvinstn.testqueue D/MainApplication: flushing messages at time 1466499690544814270
06-21 17:01:30.545 4934-4953/com.malvinstn.testqueue D/MainApplication: returning next ready at 19065447533 ns
06-21 17:01:30.545 4934-4953/com.malvinstn.testqueue D/MainApplication: [priority_mq] next delayed job 1466499709610261803
06-21 17:01:30.545 4934-4953/com.malvinstn.testqueue D/MainApplication: [queue_SCHEDULER_5] remove message null
06-21 17:01:30.545 4934-4953/com.malvinstn.testqueue D/MainApplication: [queue_RUN_JOB_RESULT_6] remove message null
06-21 17:01:30.545 4934-4953/com.malvinstn.testqueue D/MainApplication: [queue_ADD_JOB_2] remove message null
06-21 17:01:30.545 4934-4953/com.malvinstn.testqueue D/MainApplication: [queue_JOB_CONSUMER_IDLE_4] remove message null
06-21 17:01:30.546 4934-4953/com.malvinstn.testqueue D/MainApplication: [priority_mq] did on idle post a message? false
06-21 17:01:30.548 4934-4934/com.malvinstn.testqueue D/com.malvinstn.testqueue.JobService: getJobManager() called with: 
06-21 17:01:30.548 4934-4934/com.malvinstn.testqueue D/MainApplication: MainApplication::getJobManager()
06-21 17:01:30.548 4934-4934/com.malvinstn.testqueue D/MainApplication: [FW Scheduler] start job SchedulerConstraint{uuid='dcf1c79a-9329-47ab-abe3-db7e8f32b952', delayInMs=205200000, networkStatus=1, overrideDeadlineInMs=null, data=null} 2044
06-21 17:01:30.548 4934-4934/com.malvinstn.testqueue D/MainApplication: [queue_SCHEDULER_5] post message com.birbit.android.jobqueue.messaging.message.SchedulerMessage@a788cb
06-21 17:01:30.548 4934-4953/com.malvinstn.testqueue D/MainApplication: [priority_mq] looking for next message at time 1466499690547830416
06-21 17:01:30.548 4934-4953/com.malvinstn.testqueue D/MainApplication: flushing messages at time 1466499690547830416
06-21 17:01:30.548 4934-4953/com.malvinstn.testqueue D/MainApplication: returning next ready at 19062431387 ns
06-21 17:01:30.548 4934-4953/com.malvinstn.testqueue D/MainApplication: [priority_mq] next delayed job 1466499709610261803
06-21 17:01:30.548 4934-4953/com.malvinstn.testqueue D/MainApplication: [queue_SCHEDULER_5] remove message com.birbit.android.jobqueue.messaging.message.SchedulerMessage@a788cb
06-21 17:01:30.548 4934-4934/com.malvinstn.testqueue D/com.malvinstn.testqueue.JobService: getJobManager() called with: 
06-21 17:01:30.548 4934-4953/com.malvinstn.testqueue D/MainApplication: [priority_mq] consuming message of type SCHEDULER
06-21 17:01:30.548 4934-4934/com.malvinstn.testqueue D/MainApplication: MainApplication::getJobManager()
06-21 17:01:30.549 4934-4953/com.malvinstn.testqueue D/MainApplication: considering adding a new consumer. Should poke all waiting? true isRunning? true waiting workers? 1
06-21 17:01:30.549 4934-4953/com.malvinstn.testqueue D/MainApplication: there are waiting workers, will poke them instead
06-21 17:01:30.549 4934-4953/com.malvinstn.testqueue D/MainApplication: [consumer_3] post message Command[2]
06-21 17:01:30.549 4934-4953/com.malvinstn.testqueue D/MainApplication: there were waiting workers, poked them and I'm done
06-21 17:01:30.549 4934-5015/com.malvinstn.testqueue D/MainApplication: flushing messages at time 1466499690548607030
06-21 17:01:30.549 4934-4953/com.malvinstn.testqueue D/MainApplication: [priority_mq] looking for next message at time 1466499690548622499
06-21 17:01:30.549 4934-4953/com.malvinstn.testqueue D/MainApplication: flushing messages at time 1466499690548622499
06-21 17:01:30.549 4934-5015/com.malvinstn.testqueue D/MainApplication: returning next ready at 14641526771 ns
06-21 17:01:30.549 4934-4953/com.malvinstn.testqueue D/MainApplication: returning next ready at 19061639304 ns
06-21 17:01:30.549 4934-5015/com.malvinstn.testqueue D/MainApplication: [consumer_3] remove message Command[2]
06-21 17:01:30.549 4934-4953/com.malvinstn.testqueue D/MainApplication: [priority_mq] next delayed job 1466499709610261803
06-21 17:01:30.549 4934-4953/com.malvinstn.testqueue D/MainApplication: [queue_SCHEDULER_5] remove message null
06-21 17:01:30.549 4934-5015/com.malvinstn.testqueue D/MainApplication: Consumer has been poked.
06-21 17:01:30.549 4934-4953/com.malvinstn.testqueue D/MainApplication: [queue_RUN_JOB_RESULT_6] remove message null
06-21 17:01:30.549 4934-5015/com.malvinstn.testqueue D/MainApplication: flushing messages at time 1466499690548817655
06-21 17:01:30.549 4934-4953/com.malvinstn.testqueue D/MainApplication: [queue_ADD_JOB_2] remove message null
06-21 17:01:30.549 4934-5015/com.malvinstn.testqueue D/MainApplication: returning next ready at 14641316146 ns
06-21 17:01:30.549 4934-4953/com.malvinstn.testqueue D/MainApplication: [queue_JOB_CONSUMER_IDLE_4] remove message null
06-21 17:01:30.549 4934-5015/com.malvinstn.testqueue D/MainApplication: [consumer_3] remove message null
06-21 17:01:30.549 4934-4953/com.malvinstn.testqueue D/MainApplication: joq idle. running:? true
06-21 17:01:30.549 4934-5015/com.malvinstn.testqueue D/MainApplication: consumer manager on idle
06-21 17:01:30.549 4934-5015/com.malvinstn.testqueue D/MainApplication: [queue_JOB_CONSUMER_IDLE_4] post message com.birbit.android.jobqueue.messaging.message.JobConsumerIdleMessage@dbd21b7
06-21 17:01:30.549 4934-5015/com.malvinstn.testqueue D/MainApplication: [consumer_3] will wait on the lock until 1466499705190133801
06-21 17:01:30.550 4934-4934/com.malvinstn.testqueue D/MainApplication: [FW Scheduler] start job SchedulerConstraint{uuid='7b957868-3521-4cbd-a6d2-3f0201471971', delayInMs=1635300000, networkStatus=1, overrideDeadlineInMs=null, data=null} 2045
06-21 17:01:30.550 4934-4934/com.malvinstn.testqueue D/MainApplication: [queue_SCHEDULER_5] post message com.birbit.android.jobqueue.messaging.message.SchedulerMessage@a788cb
06-21 17:01:30.550 4934-4953/com.malvinstn.testqueue D/MainApplication: Job queue idle. next job at: 1466499709610261803
06-21 17:01:30.550 4934-4953/com.malvinstn.testqueue D/MainApplication: add delayed message com.birbit.android.jobqueue.messaging.message.ConstraintChangeMessage@7bd9c07 at time 1466499709610261803
06-21 17:01:30.550 4934-4953/com.malvinstn.testqueue D/MainApplication: [priority_mq] did on idle post a message? true
06-21 17:01:30.551 4934-4953/com.malvinstn.testqueue D/MainApplication: [priority_mq] looking for next message at time 1466499690550120364
06-21 17:01:30.551 4934-4953/com.malvinstn.testqueue D/MainApplication: flushing messages at time 1466499690550120364
06-21 17:01:30.551 4934-4953/com.malvinstn.testqueue D/MainApplication: returning next ready at 19060141439 ns
06-21 17:01:30.551 4934-4953/com.malvinstn.testqueue D/MainApplication: [priority_mq] next delayed job 1466499709610261803
06-21 17:01:30.551 4934-4953/com.malvinstn.testqueue D/MainApplication: [queue_SCHEDULER_5] remove message com.birbit.android.jobqueue.messaging.message.SchedulerMessage@a788cb
06-21 17:01:30.551 4934-4953/com.malvinstn.testqueue D/MainApplication: [priority_mq] consuming message of type SCHEDULER
06-21 17:01:30.551 4934-4953/com.malvinstn.testqueue D/MainApplication: considering adding a new consumer. Should poke all waiting? true isRunning? true waiting workers? 0
06-21 17:01:30.551 4934-4953/com.malvinstn.testqueue D/MainApplication: too many consumers, clearly above load factor 1
06-21 17:01:30.551 4934-4953/com.malvinstn.testqueue D/MainApplication: nothing has been poked. are we above load factor? false
06-21 17:01:30.551 4934-4953/com.malvinstn.testqueue D/MainApplication: [priority_mq] looking for next message at time 1466499690550871145
06-21 17:01:30.551 4934-4953/com.malvinstn.testqueue D/MainApplication: flushing messages at time 1466499690550871145
06-21 17:01:30.551 4934-4953/com.malvinstn.testqueue D/MainApplication: returning next ready at 19059390658 ns
06-21 17:01:30.551 4934-4953/com.malvinstn.testqueue D/MainApplication: [priority_mq] next delayed job 1466499709610261803
06-21 17:01:30.551 4934-4953/com.malvinstn.testqueue D/MainApplication: [queue_SCHEDULER_5] remove message null
06-21 17:01:30.552 4934-4953/com.malvinstn.testqueue D/MainApplication: [queue_RUN_JOB_RESULT_6] remove message null
06-21 17:01:30.552 4934-4934/com.malvinstn.testqueue D/com.malvinstn.testqueue.JobService: getJobManager() called with: 
06-21 17:01:30.552 4934-4934/com.malvinstn.testqueue D/MainApplication: MainApplication::getJobManager()
06-21 17:01:30.552 4934-4953/com.malvinstn.testqueue D/MainApplication: [queue_ADD_JOB_2] remove message null
06-21 17:01:30.552 4934-4934/com.malvinstn.testqueue D/MainApplication: [FW Scheduler] start job SchedulerConstraint{uuid='ba4d5780-85eb-4c15-b6bf-7daa76238ee2', delayInMs=21600000, networkStatus=1, overrideDeadlineInMs=null, data=null} 2069
06-21 17:01:30.552 4934-4953/com.malvinstn.testqueue D/MainApplication: [queue_JOB_CONSUMER_IDLE_4] remove message com.birbit.android.jobqueue.messaging.message.JobConsumerIdleMessage@dbd21b7
06-21 17:01:30.552 4934-4953/com.malvinstn.testqueue D/MainApplication: [priority_mq] consuming message of type JOB_CONSUMER_IDLE
06-21 17:01:30.552 4934-4934/com.malvinstn.testqueue D/MainApplication: [queue_SCHEDULER_5] post message com.birbit.android.jobqueue.messaging.message.SchedulerMessage@a788cb
06-21 17:01:30.552 4934-4953/com.malvinstn.testqueue V/MainApplication: looking for next job
06-21 17:01:30.552 4934-4953/com.malvinstn.testqueue V/MainApplication: non persistent result null
06-21 17:01:30.553 4934-4953/com.malvinstn.testqueue V/MainApplication: persistent result null
06-21 17:01:30.553 4934-4953/com.malvinstn.testqueue D/MainApplication: keep alive: 1466499705190133801
06-21 17:01:30.553 4934-4953/com.malvinstn.testqueue D/MainApplication: Consumer idle, will kill? false . isRunning: true
06-21 17:01:30.553 4934-4953/com.malvinstn.testqueue D/MainApplication: add delayed message Command[2] at time 1466499705190133801
06-21 17:01:30.553 4934-4953/com.malvinstn.testqueue D/MainApplication: poke consumer manager at 1466499705190133801
06-21 17:01:30.553 4934-5015/com.malvinstn.testqueue D/MainApplication: flushing messages at time 1466499690552820521
06-21 17:01:30.553 4934-5015/com.malvinstn.testqueue D/MainApplication: returning next ready at 14637313280 ns
06-21 17:01:30.553 4934-5015/com.malvinstn.testqueue D/MainApplication: [consumer_3] remove message null
06-21 17:01:30.553 4934-5015/com.malvinstn.testqueue D/MainApplication: [consumer_3] will wait on the lock until 1466499705190133801
06-21 17:01:30.554 4934-4953/com.malvinstn.testqueue D/MainApplication: [FW Scheduler] on finished job SchedulerConstraint{uuid='7b957868-3521-4cbd-a6d2-3f0201471971', delayInMs=1635300000, networkStatus=1, overrideDeadlineInMs=null, data=android.app.job.JobParameters@5afc134}. reschedule:false
06-21 17:01:30.561 4934-4953/com.malvinstn.testqueue D/MainApplication: [FW Scheduler] scheduled a framework job. Success? true id: 1 created id: 2070
06-21 17:01:30.562 4934-4953/com.malvinstn.testqueue D/MainApplication: [FW Scheduler] on finished job SchedulerConstraint{uuid='dcf1c79a-9329-47ab-abe3-db7e8f32b952', delayInMs=205200000, networkStatus=1, overrideDeadlineInMs=null, data=android.app.job.JobParameters@aeb4b5d}. reschedule:false
06-21 17:01:30.564 4934-4934/com.malvinstn.testqueue D/com.malvinstn.testqueue.JobService: getJobManager() called with: 
06-21 17:01:30.564 4934-4934/com.malvinstn.testqueue D/MainApplication: MainApplication::getJobManager()
06-21 17:01:30.564 4934-4934/com.malvinstn.testqueue D/MainApplication: [FW Scheduler] start job SchedulerConstraint{uuid='7b957868-3521-4cbd-a6d2-3f0201471971', delayInMs=1636200000, networkStatus=1, overrideDeadlineInMs=null, data=null} 2070
06-21 17:01:30.564 4934-4934/com.malvinstn.testqueue D/MainApplication: [queue_SCHEDULER_5] post message com.birbit.android.jobqueue.messaging.message.SchedulerMessage@e139cd2
06-21 17:01:30.568 4934-4953/com.malvinstn.testqueue D/MainApplication: [FW Scheduler] scheduled a framework job. Success? true id: 1 created id: 2071
06-21 17:01:30.568 4934-4953/com.malvinstn.testqueue D/MainApplication: [priority_mq] looking for next message at time 1466499690567391510
06-21 17:01:30.568 4934-4953/com.malvinstn.testqueue D/MainApplication: flushing messages at time 1466499690567391510
06-21 17:01:30.568 4934-4953/com.malvinstn.testqueue D/MainApplication: returning next ready at 19042870293 ns
06-21 17:01:30.568 4934-4953/com.malvinstn.testqueue D/MainApplication: [priority_mq] next delayed job 1466499709610261803
06-21 17:01:30.568 4934-4953/com.malvinstn.testqueue D/MainApplication: [queue_SCHEDULER_5] remove message com.birbit.android.jobqueue.messaging.message.SchedulerMessage@a788cb
06-21 17:01:30.568 4934-4953/com.malvinstn.testqueue D/MainApplication: [priority_mq] consuming message of type SCHEDULER
06-21 17:01:30.568 4934-4953/com.malvinstn.testqueue D/MainApplication: considering adding a new consumer. Should poke all waiting? true isRunning? true waiting workers? 1
06-21 17:01:30.568 4934-4953/com.malvinstn.testqueue D/MainApplication: there are waiting workers, will poke them instead
06-21 17:01:30.568 4934-4953/com.malvinstn.testqueue D/MainApplication: [consumer_3] post message Command[2]
06-21 17:01:30.569 4934-5015/com.malvinstn.testqueue D/MainApplication: flushing messages at time 1466499690568264895
06-21 17:01:30.569 4934-5015/com.malvinstn.testqueue D/MainApplication: returning next ready at 14621868906 ns
06-21 17:01:30.569 4934-5015/com.malvinstn.testqueue D/MainApplication: [consumer_3] remove message Command[2]
06-21 17:01:30.569 4934-5015/com.malvinstn.testqueue D/MainApplication: Consumer has been poked.
06-21 17:01:30.569 4934-5015/com.malvinstn.testqueue D/MainApplication: flushing messages at time 1466499690568442916
06-21 17:01:30.569 4934-5015/com.malvinstn.testqueue D/MainApplication: returning next ready at 14621690885 ns
06-21 17:01:30.569 4934-5015/com.malvinstn.testqueue D/MainApplication: [consumer_3] remove message null
06-21 17:01:30.569 4934-5015/com.malvinstn.testqueue D/MainApplication: consumer manager on idle
06-21 17:01:30.569 4934-5015/com.malvinstn.testqueue D/MainApplication: [queue_JOB_CONSUMER_IDLE_4] post message com.birbit.android.jobqueue.messaging.message.JobConsumerIdleMessage@dbd21b7
06-21 17:01:30.569 4934-5015/com.malvinstn.testqueue D/MainApplication: [consumer_3] will wait on the lock until 1466499705190133801
06-21 17:01:30.569 4934-4953/com.malvinstn.testqueue D/MainApplication: there were waiting workers, poked them and I'm done
06-21 17:01:30.569 4934-4953/com.malvinstn.testqueue D/MainApplication: [priority_mq] looking for next message at time 1466499690568792447
06-21 17:01:30.569 4934-4953/com.malvinstn.testqueue D/MainApplication: flushing messages at time 1466499690568792447
06-21 17:01:30.569 4934-4953/com.malvinstn.testqueue D/MainApplication: returning next ready at 19041469356 ns
06-21 17:01:30.569 4934-4934/com.malvinstn.testqueue D/com.malvinstn.testqueue.JobService: getJobManager() called with: 
06-21 17:01:30.569 4934-4934/com.malvinstn.testqueue D/MainApplication: MainApplication::getJobManager()
06-21 17:01:30.569 4934-4953/com.malvinstn.testqueue D/MainApplication: [priority_mq] next delayed job 1466499709610261803
06-21 17:01:30.569 4934-4953/com.malvinstn.testqueue D/MainApplication: [queue_SCHEDULER_5] remove message com.birbit.android.jobqueue.messaging.message.SchedulerMessage@e139cd2
06-21 17:01:30.569 4934-4934/com.malvinstn.testqueue D/MainApplication: [FW Scheduler] start job SchedulerConstraint{uuid='dcf1c79a-9329-47ab-abe3-db7e8f32b952', delayInMs=206100000, networkStatus=1, overrideDeadlineInMs=null, data=null} 2071
06-21 17:01:30.569 4934-4953/com.malvinstn.testqueue D/MainApplication: [priority_mq] consuming message of type SCHEDULER
06-21 17:01:30.569 4934-4934/com.malvinstn.testqueue D/MainApplication: [queue_SCHEDULER_5] post message com.birbit.android.jobqueue.messaging.message.SchedulerMessage@a788cb
06-21 17:01:30.570 4934-4953/com.malvinstn.testqueue D/MainApplication: considering adding a new consumer. Should poke all waiting? true isRunning? true waiting workers? 0
06-21 17:01:30.570 4934-4953/com.malvinstn.testqueue D/MainApplication: too many consumers, clearly above load factor 1
06-21 17:01:30.570 4934-4953/com.malvinstn.testqueue D/MainApplication: nothing has been poked. are we above load factor? false
06-21 17:01:30.570 4934-4953/com.malvinstn.testqueue D/MainApplication: [priority_mq] looking for next message at time 1466499690569734322
06-21 17:01:30.570 4934-4953/com.malvinstn.testqueue D/MainApplication: flushing messages at time 1466499690569734322
06-21 17:01:30.570 4934-4953/com.malvinstn.testqueue D/MainApplication: returning next ready at 19040527481 ns
06-21 17:01:30.570 4934-4953/com.malvinstn.testqueue D/MainApplication: [priority_mq] next delayed job 1466499709610261803
06-21 17:01:30.570 4934-4953/com.malvinstn.testqueue D/MainApplication: [queue_SCHEDULER_5] remove message com.birbit.android.jobqueue.messaging.message.SchedulerMessage@a788cb
06-21 17:01:30.570 4934-4953/com.malvinstn.testqueue D/MainApplication: [priority_mq] consuming message of type SCHEDULER
06-21 17:01:30.571 4934-4953/com.malvinstn.testqueue D/MainApplication: considering adding a new consumer. Should poke all waiting? true isRunning? true waiting workers? 0
06-21 17:01:30.571 4934-4953/com.malvinstn.testqueue D/MainApplication: too many consumers, clearly above load factor 1
06-21 17:01:30.571 4934-4953/com.malvinstn.testqueue D/MainApplication: nothing has been poked. are we above load factor? false
06-21 17:01:30.571 4934-4953/com.malvinstn.testqueue D/MainApplication: [priority_mq] looking for next message at time 1466499690570369374
06-21 17:01:30.571 4934-4953/com.malvinstn.testqueue D/MainApplication: flushing messages at time 1466499690570369374
06-21 17:01:30.571 4934-4953/com.malvinstn.testqueue D/MainApplication: returning next ready at 19039892429 ns
06-21 17:01:30.571 4934-4953/com.malvinstn.testqueue D/MainApplication: [priority_mq] next delayed job 1466499709610261803
06-21 17:01:30.571 4934-4953/com.malvinstn.testqueue D/MainApplication: [queue_SCHEDULER_5] remove message null
06-21 17:01:30.571 4934-4953/com.malvinstn.testqueue D/MainApplication: [queue_RUN_JOB_RESULT_6] remove message null
06-21 17:01:30.571 4934-4953/com.malvinstn.testqueue D/MainApplication: [queue_ADD_JOB_2] remove message null
06-21 17:01:30.571 4934-4953/com.malvinstn.testqueue D/MainApplication: [queue_JOB_CONSUMER_IDLE_4] remove message com.birbit.android.jobqueue.messaging.message.JobConsumerIdleMessage@dbd21b7
06-21 17:01:30.571 4934-4953/com.malvinstn.testqueue D/MainApplication: [priority_mq] consuming message of type JOB_CONSUMER_IDLE
06-21 17:01:30.572 4934-4953/com.malvinstn.testqueue V/MainApplication: looking for next job
06-21 17:01:30.572 4934-4953/com.malvinstn.testqueue V/MainApplication: non persistent result null
06-21 17:01:30.572 4934-4953/com.malvinstn.testqueue V/MainApplication: persistent result null
06-21 17:01:30.572 4934-4953/com.malvinstn.testqueue D/MainApplication: keep alive: 1466499705190133801
06-21 17:01:30.572 4934-4953/com.malvinstn.testqueue D/MainApplication: Consumer idle, will kill? false . isRunning: true
06-21 17:01:30.572 4934-4953/com.malvinstn.testqueue D/MainApplication: add delayed message Command[2] at time 1466499705190133801
06-21 17:01:30.573 4934-5015/com.malvinstn.testqueue D/MainApplication: flushing messages at time 1466499690572236823
06-21 17:01:30.573 4934-5015/com.malvinstn.testqueue D/MainApplication: returning next ready at 14617896978 ns
06-21 17:01:30.573 4934-5015/com.malvinstn.testqueue D/MainApplication: [consumer_3] remove message null
06-21 17:01:30.573 4934-5015/com.malvinstn.testqueue D/MainApplication: [consumer_3] will wait on the lock until 1466499705190133801
06-21 17:01:30.573 4934-4953/com.malvinstn.testqueue D/MainApplication: poke consumer manager at 1466499705190133801
06-21 17:01:30.573 4934-4953/com.malvinstn.testqueue D/MainApplication: [FW Scheduler] on finished job SchedulerConstraint{uuid='dcf1c79a-9329-47ab-abe3-db7e8f32b952', delayInMs=206100000, networkStatus=1, overrideDeadlineInMs=null, data=android.app.job.JobParameters@48df1a3}. reschedule:false
06-21 17:01:30.580 4934-4953/com.malvinstn.testqueue D/MainApplication: [FW Scheduler] scheduled a framework job. Success? true id: 1 created id: 2072
06-21 17:01:30.581 4934-4953/com.malvinstn.testqueue D/MainApplication: [FW Scheduler] on finished job SchedulerConstraint{uuid='7b957868-3521-4cbd-a6d2-3f0201471971', delayInMs=1636200000, networkStatus=1, overrideDeadlineInMs=null, data=android.app.job.JobParameters@721bca0}. reschedule:false
06-21 17:01:30.583 4934-4934/com.malvinstn.testqueue D/com.malvinstn.testqueue.JobService: getJobManager() called with: 
06-21 17:01:30.583 4934-4934/com.malvinstn.testqueue D/MainApplication: MainApplication::getJobManager()
06-21 17:01:30.583 4934-4934/com.malvinstn.testqueue D/MainApplication: [FW Scheduler] start job SchedulerConstraint{uuid='dcf1c79a-9329-47ab-abe3-db7e8f32b952', delayInMs=207000000, networkStatus=1, overrideDeadlineInMs=null, data=null} 2072
06-21 17:01:30.583 4934-4934/com.malvinstn.testqueue D/MainApplication: [queue_SCHEDULER_5] post message com.birbit.android.jobqueue.messaging.message.SchedulerMessage@a788cb
