06-20 12:25:06.921 16972-26665/com.malvinstn.testqueue D/MainApplication: flushing messages at time 1466396706920486307
06-20 12:25:06.921 16972-17512/com.malvinstn.testqueue D/MainApplication: [priority_mq] looking for next message at time 1466396706920518234
06-20 12:25:06.921 16972-26665/com.malvinstn.testqueue D/MainApplication: returning next ready at 11386052292 ns
06-20 12:25:06.921 16972-17512/com.malvinstn.testqueue D/MainApplication: flushing messages at time 1466396706920518234
06-20 12:25:06.921 16972-17512/com.malvinstn.testqueue D/MainApplication: returning next ready at 56306183438 ns
06-20 12:25:06.921 16972-26665/com.malvinstn.testqueue D/MainApplication: [consumer_3] remove message Command[2]
06-20 12:25:06.921 16972-17512/com.malvinstn.testqueue D/MainApplication: [priority_mq] next delayed job 1466396763226701672
06-20 12:25:06.921 16972-26665/com.malvinstn.testqueue D/MainApplication: Consumer has been poked.
06-20 12:25:06.921 16972-17512/com.malvinstn.testqueue D/MainApplication: [queue_SCHEDULER_5] remove message null
06-20 12:25:06.921 16972-26665/com.malvinstn.testqueue D/MainApplication: flushing messages at time 1466396706920689067
06-20 12:25:06.921 16972-17512/com.malvinstn.testqueue D/MainApplication: [queue_RUN_JOB_RESULT_6] remove message null
06-20 12:25:06.921 16972-26665/com.malvinstn.testqueue D/MainApplication: returning next ready at 11385849532 ns
06-20 12:25:06.921 16972-17512/com.malvinstn.testqueue D/MainApplication: [queue_ADD_JOB_2] remove message null
06-20 12:25:06.921 16972-26665/com.malvinstn.testqueue D/MainApplication: [consumer_3] remove message null
06-20 12:25:06.921 16972-17512/com.malvinstn.testqueue D/MainApplication: [queue_JOB_CONSUMER_IDLE_4] remove message null
06-20 12:25:06.921 16972-26665/com.malvinstn.testqueue D/MainApplication: consumer manager on idle
06-20 12:25:06.921 16972-17512/com.malvinstn.testqueue D/MainApplication: joq idle. running:? true
06-20 12:25:06.921 16972-26665/com.malvinstn.testqueue D/MainApplication: [queue_JOB_CONSUMER_IDLE_4] post message com.birbit.android.jobqueue.messaging.message.JobConsumerIdleMessage@bdbb488
06-20 12:25:06.921 16972-26665/com.malvinstn.testqueue D/MainApplication: [consumer_3] will wait on the lock until 1466396718306538599
06-20 12:25:06.922 16972-17512/com.malvinstn.testqueue D/MainApplication: Job queue idle. next job at: 1466396763226701672
06-20 12:25:06.922 16972-17512/com.malvinstn.testqueue D/MainApplication: add delayed message com.birbit.android.jobqueue.messaging.message.ConstraintChangeMessage@809700d at time 1466396763226701672
06-20 12:25:06.922 16972-17512/com.malvinstn.testqueue D/MainApplication: [priority_mq] did on idle post a message? true
06-20 12:25:06.922 16972-17512/com.malvinstn.testqueue D/MainApplication: [priority_mq] looking for next message at time 1466396706921850109
06-20 12:25:06.922 16972-17512/com.malvinstn.testqueue D/MainApplication: flushing messages at time 1466396706921850109
06-20 12:25:06.922 16972-17512/com.malvinstn.testqueue D/MainApplication: returning next ready at 56304851563 ns
06-20 12:25:06.922 16972-17512/com.malvinstn.testqueue D/MainApplication: [priority_mq] next delayed job 1466396763226701672
06-20 12:25:06.922 16972-17512/com.malvinstn.testqueue D/MainApplication: [queue_SCHEDULER_5] remove message null
06-20 12:25:06.922 16972-17512/com.malvinstn.testqueue D/MainApplication: [queue_RUN_JOB_RESULT_6] remove message null
06-20 12:25:06.922 16972-17512/com.malvinstn.testqueue D/MainApplication: [queue_ADD_JOB_2] remove message null
06-20 12:25:06.922 16972-17512/com.malvinstn.testqueue D/MainApplication: [queue_JOB_CONSUMER_IDLE_4] remove message com.birbit.android.jobqueue.messaging.message.JobConsumerIdleMessage@bdbb488
06-20 12:25:06.922 16972-17512/com.malvinstn.testqueue D/MainApplication: [priority_mq] consuming message of type JOB_CONSUMER_IDLE
06-20 12:25:06.923 16972-17512/com.malvinstn.testqueue V/MainApplication: looking for next job
06-20 12:25:06.923 16972-17512/com.malvinstn.testqueue V/MainApplication: non persistent result null
06-20 12:25:06.923 16972-17512/com.malvinstn.testqueue V/MainApplication: persistent result null
06-20 12:25:06.923 16972-17512/com.malvinstn.testqueue D/MainApplication: keep alive: 1466396718306538599
06-20 12:25:06.923 16972-17512/com.malvinstn.testqueue D/MainApplication: Consumer idle, will kill? false . isRunning: true
06-20 12:25:06.923 16972-17512/com.malvinstn.testqueue D/MainApplication: add delayed message Command[2] at time 1466396718306538599
06-20 12:25:06.924 16972-17512/com.malvinstn.testqueue D/MainApplication: poke consumer manager at 1466396718306538599
06-20 12:25:06.924 16972-26665/com.malvinstn.testqueue D/MainApplication: flushing messages at time 1466396706923382140
06-20 12:25:06.924 16972-26665/com.malvinstn.testqueue D/MainApplication: returning next ready at 11383156459 ns
06-20 12:25:06.924 16972-26665/com.malvinstn.testqueue D/MainApplication: [consumer_3] remove message null
06-20 12:25:06.924 16972-26665/com.malvinstn.testqueue D/MainApplication: [consumer_3] will wait on the lock until 1466396718306538599
06-20 12:25:06.924 16972-17512/com.malvinstn.testqueue D/MainApplication: [FW Scheduler] on finished job SchedulerConstraint{uuid='91424491-0acf-490a-878f-215c6437d8bb', delayInMs=210600000, networkStatus=2}. reschedule:false
06-20 12:25:06.926 16972-16972/com.malvinstn.testqueue D/com.malvinstn.testqueue.JobService: getJobManager() called with: 
06-20 12:25:06.926 16972-16972/com.malvinstn.testqueue D/MainApplication: MainApplication::getJobManager()
06-20 12:25:06.931 16972-17512/com.malvinstn.testqueue D/MainApplication: [FW Scheduler] scheduled a framework job. Success? true id: 1 created id: 235
06-20 12:25:06.932 16972-17512/com.malvinstn.testqueue D/MainApplication: [priority_mq] looking for next message at time 1466396706931378963
06-20 12:25:06.932 16972-17512/com.malvinstn.testqueue D/MainApplication: flushing messages at time 1466396706931378963
06-20 12:25:06.932 16972-17512/com.malvinstn.testqueue D/MainApplication: returning next ready at 56295322709 ns
06-20 12:25:06.932 16972-17512/com.malvinstn.testqueue D/MainApplication: [priority_mq] next delayed job 1466396763226701672
06-20 12:25:06.932 16972-17512/com.malvinstn.testqueue D/MainApplication: [queue_SCHEDULER_5] remove message null
06-20 12:25:06.932 16972-17512/com.malvinstn.testqueue D/MainApplication: [queue_RUN_JOB_RESULT_6] remove message null
06-20 12:25:06.932 16972-17512/com.malvinstn.testqueue D/MainApplication: [queue_ADD_JOB_2] remove message null
06-20 12:25:06.932 16972-17512/com.malvinstn.testqueue D/MainApplication: [queue_JOB_CONSUMER_IDLE_4] remove message null
06-20 12:25:06.932 16972-17512/com.malvinstn.testqueue D/MainApplication: joq idle. running:? true
06-20 12:25:06.933 16972-17512/com.malvinstn.testqueue D/MainApplication: Job queue idle. next job at: 1466396763226701672
06-20 12:25:06.933 16972-17512/com.malvinstn.testqueue D/MainApplication: add delayed message com.birbit.android.jobqueue.messaging.message.ConstraintChangeMessage@f5cddd3 at time 1466396763226701672
06-20 12:25:06.933 16972-17512/com.malvinstn.testqueue D/MainApplication: [priority_mq] did on idle post a message? true
06-20 12:25:06.933 16972-17512/com.malvinstn.testqueue D/MainApplication: [priority_mq] looking for next message at time 1466396706932811880
06-20 12:25:06.933 16972-17512/com.malvinstn.testqueue D/MainApplication: flushing messages at time 1466396706932811880
06-20 12:25:06.933 16972-17512/com.malvinstn.testqueue D/MainApplication: returning next ready at 56293889792 ns
06-20 12:25:06.933 16972-17512/com.malvinstn.testqueue D/MainApplication: [priority_mq] next delayed job 1466396763226701672
06-20 12:25:06.933 16972-17512/com.malvinstn.testqueue D/MainApplication: [queue_SCHEDULER_5] remove message null
06-20 12:25:06.933 16972-17512/com.malvinstn.testqueue D/MainApplication: [queue_RUN_JOB_RESULT_6] remove message null
06-20 12:25:06.933 16972-17512/com.malvinstn.testqueue D/MainApplication: [queue_ADD_JOB_2] remove message null
06-20 12:25:06.933 16972-17512/com.malvinstn.testqueue D/MainApplication: [queue_JOB_CONSUMER_IDLE_4] remove message null
06-20 12:25:06.933 16972-17512/com.malvinstn.testqueue D/MainApplication: [priority_mq] did on idle post a message? false
06-20 12:25:06.935 16972-16972/com.malvinstn.testqueue D/com.malvinstn.testqueue.JobService: getJobManager() called with: 
06-20 12:25:06.935 16972-16972/com.malvinstn.testqueue D/MainApplication: MainApplication::getJobManager()
06-20 12:25:06.937 16972-16972/com.malvinstn.testqueue D/com.malvinstn.testqueue.JobService: getJobManager() called with: 
06-20 12:25:06.937 16972-16972/com.malvinstn.testqueue D/MainApplication: MainApplication::getJobManager()
06-20 12:25:06.937 16972-16972/com.malvinstn.testqueue D/MainApplication: [FW Scheduler] start job SchedulerConstraint{uuid='91424491-0acf-490a-878f-215c6437d8bb', delayInMs=211500000, networkStatus=2} 235
06-20 12:25:06.937 16972-16972/com.malvinstn.testqueue D/MainApplication: [queue_SCHEDULER_5] post message com.birbit.android.jobqueue.messaging.message.SchedulerMessage@7abd2cc
06-20 12:25:06.937 16972-17512/com.malvinstn.testqueue D/MainApplication: [priority_mq] looking for next message at time 1466396706937269744
06-20 12:25:06.937 16972-17512/com.malvinstn.testqueue D/MainApplication: flushing messages at time 1466396706937269744
06-20 12:25:06.937 16972-17512/com.malvinstn.testqueue D/MainApplication: returning next ready at 56289431928 ns
06-20 12:25:06.938 16972-17512/com.malvinstn.testqueue D/MainApplication: [priority_mq] next delayed job 1466396763226701672
06-20 12:25:06.938 16972-17512/com.malvinstn.testqueue D/MainApplication: [queue_SCHEDULER_5] remove message com.birbit.android.jobqueue.messaging.message.SchedulerMessage@7abd2cc
06-20 12:25:06.938 16972-17512/com.malvinstn.testqueue D/MainApplication: [priority_mq] consuming message of type SCHEDULER
06-20 12:25:06.938 16972-17512/com.malvinstn.testqueue D/MainApplication: considering adding a new consumer. Should poke all waiting? true isRunning? true waiting workers? 1
06-20 12:25:06.938 16972-17512/com.malvinstn.testqueue D/MainApplication: there are waiting workers, will poke them instead
06-20 12:25:06.938 16972-17512/com.malvinstn.testqueue D/MainApplication: [consumer_3] post message Command[2]
06-20 12:25:06.938 16972-17512/com.malvinstn.testqueue D/MainApplication: there were waiting workers, poked them and I'm done
06-20 12:25:06.938 16972-26665/com.malvinstn.testqueue D/MainApplication: flushing messages at time 1466396706937974588
06-20 12:25:06.938 16972-17512/com.malvinstn.testqueue D/MainApplication: [priority_mq] looking for next message at time 1466396706937999900
06-20 12:25:06.938 16972-26665/com.malvinstn.testqueue D/MainApplication: returning next ready at 11368564011 ns
06-20 12:25:06.938 16972-17512/com.malvinstn.testqueue D/MainApplication: flushing messages at time 1466396706937999900
06-20 12:25:06.938 16972-26665/com.malvinstn.testqueue D/MainApplication: [consumer_3] remove message Command[2]
06-20 12:25:06.938 16972-17512/com.malvinstn.testqueue D/MainApplication: returning next ready at 56288701772 ns
06-20 12:25:06.938 16972-26665/com.malvinstn.testqueue D/MainApplication: Consumer has been poked.
06-20 12:25:06.938 16972-17512/com.malvinstn.testqueue D/MainApplication: [priority_mq] next delayed job 1466396763226701672
06-20 12:25:06.938 16972-26665/com.malvinstn.testqueue D/MainApplication: flushing messages at time 1466396706938127088
06-20 12:25:06.938 16972-17512/com.malvinstn.testqueue D/MainApplication: [queue_SCHEDULER_5] remove message null
06-20 12:25:06.938 16972-26665/com.malvinstn.testqueue D/MainApplication: returning next ready at 11368411511 ns
06-20 12:25:06.938 16972-17512/com.malvinstn.testqueue D/MainApplication: [queue_RUN_JOB_RESULT_6] remove message null
06-20 12:25:06.938 16972-26665/com.malvinstn.testqueue D/MainApplication: [consumer_3] remove message null
06-20 12:25:06.938 16972-17512/com.malvinstn.testqueue D/MainApplication: [queue_ADD_JOB_2] remove message null
06-20 12:25:06.938 16972-26665/com.malvinstn.testqueue D/MainApplication: consumer manager on idle
06-20 12:25:06.938 16972-17512/com.malvinstn.testqueue D/MainApplication: [queue_JOB_CONSUMER_IDLE_4] remove message null
06-20 12:25:06.938 16972-17512/com.malvinstn.testqueue D/MainApplication: joq idle. running:? true
06-20 12:25:06.939 16972-26665/com.malvinstn.testqueue D/MainApplication: [queue_JOB_CONSUMER_IDLE_4] post message com.birbit.android.jobqueue.messaging.message.JobConsumerIdleMessage@bdbb488
06-20 12:25:06.939 16972-26665/com.malvinstn.testqueue D/MainApplication: [consumer_3] will wait on the lock until 1466396718306538599
06-20 12:25:06.939 16972-17512/com.malvinstn.testqueue D/MainApplication: Job queue idle. next job at: 1466396763226701672
06-20 12:25:06.939 16972-17512/com.malvinstn.testqueue D/MainApplication: add delayed message com.birbit.android.jobqueue.messaging.message.ConstraintChangeMessage@3ea0009 at time 1466396763226701672
06-20 12:25:06.940 16972-17512/com.malvinstn.testqueue D/MainApplication: [priority_mq] did on idle post a message? true
06-20 12:25:06.940 16972-17512/com.malvinstn.testqueue D/MainApplication: [priority_mq] looking for next message at time 1466396706939444640
06-20 12:25:06.940 16972-17512/com.malvinstn.testqueue D/MainApplication: flushing messages at time 1466396706939444640
06-20 12:25:06.940 16972-17512/com.malvinstn.testqueue D/MainApplication: returning next ready at 56287257032 ns
06-20 12:25:06.940 16972-17512/com.malvinstn.testqueue D/MainApplication: [priority_mq] next delayed job 1466396763226701672
06-20 12:25:06.940 16972-17512/com.malvinstn.testqueue D/MainApplication: [queue_SCHEDULER_5] remove message null
06-20 12:25:06.940 16972-17512/com.malvinstn.testqueue D/MainApplication: [queue_RUN_JOB_RESULT_6] remove message null
06-20 12:25:06.940 16972-17512/com.malvinstn.testqueue D/MainApplication: [queue_ADD_JOB_2] remove message null
06-20 12:25:06.940 16972-17512/com.malvinstn.testqueue D/MainApplication: [queue_JOB_CONSUMER_IDLE_4] remove message com.birbit.android.jobqueue.messaging.message.JobConsumerIdleMessage@bdbb488
06-20 12:25:06.940 16972-17512/com.malvinstn.testqueue D/MainApplication: [priority_mq] consuming message of type JOB_CONSUMER_IDLE
06-20 12:25:06.940 16972-17512/com.malvinstn.testqueue V/MainApplication: looking for next job
06-20 12:25:06.940 16972-17512/com.malvinstn.testqueue V/MainApplication: non persistent result null
06-20 12:25:06.941 16972-17512/com.malvinstn.testqueue V/MainApplication: persistent result null
06-20 12:25:06.941 16972-17512/com.malvinstn.testqueue D/MainApplication: keep alive: 1466396718306538599
06-20 12:25:06.941 16972-17512/com.malvinstn.testqueue D/MainApplication: Consumer idle, will kill? false . isRunning: true
06-20 12:25:06.941 16972-17512/com.malvinstn.testqueue D/MainApplication: add delayed message Command[2] at time 1466396718306538599
06-20 12:25:06.941 16972-17512/com.malvinstn.testqueue D/MainApplication: poke consumer manager at 1466396718306538599
06-20 12:25:06.942 16972-17512/com.malvinstn.testqueue D/MainApplication: [FW Scheduler] on finished job SchedulerConstraint{uuid='91424491-0acf-490a-878f-215c6437d8bb', delayInMs=211500000, networkStatus=2}. reschedule:false
06-20 12:25:06.943 16972-26665/com.malvinstn.testqueue D/MainApplication: flushing messages at time 1466396706942403442
06-20 12:25:06.943 16972-26665/com.malvinstn.testqueue D/MainApplication: returning next ready at 11364135157 ns
06-20 12:25:06.943 16972-26665/com.malvinstn.testqueue D/MainApplication: [consumer_3] remove message null
06-20 12:25:06.943 16972-26665/com.malvinstn.testqueue D/MainApplication: [consumer_3] will wait on the lock until 1466396718306538599
06-20 12:25:06.943 16972-16972/com.malvinstn.testqueue D/com.malvinstn.testqueue.JobService: getJobManager() called with: 
06-20 12:25:06.943 16972-16972/com.malvinstn.testqueue D/MainApplication: MainApplication::getJobManager()
06-20 12:25:06.947 16972-17512/com.malvinstn.testqueue D/MainApplication: [FW Scheduler] scheduled a framework job. Success? true id: 1 created id: 236
06-20 12:25:06.948 16972-17512/com.malvinstn.testqueue D/MainApplication: [priority_mq] looking for next message at time 1466396706947365265
06-20 12:25:06.948 16972-17512/com.malvinstn.testqueue D/MainApplication: flushing messages at time 1466396706947365265
06-20 12:25:06.948 16972-17512/com.malvinstn.testqueue D/MainApplication: returning next ready at 56279336407 ns
06-20 12:25:06.948 16972-17512/com.malvinstn.testqueue D/MainApplication: [priority_mq] next delayed job 1466396763226701672
06-20 12:25:06.948 16972-17512/com.malvinstn.testqueue D/MainApplication: [queue_SCHEDULER_5] remove message null
06-20 12:25:06.948 16972-17512/com.malvinstn.testqueue D/MainApplication: [queue_RUN_JOB_RESULT_6] remove message null
06-20 12:25:06.948 16972-17512/com.malvinstn.testqueue D/MainApplication: [queue_ADD_JOB_2] remove message null
06-20 12:25:06.948 16972-17512/com.malvinstn.testqueue D/MainApplication: [queue_JOB_CONSUMER_IDLE_4] remove message null
06-20 12:25:06.948 16972-17512/com.malvinstn.testqueue D/MainApplication: joq idle. running:? true
06-20 12:25:06.949 16972-17512/com.malvinstn.testqueue D/MainApplication: Job queue idle. next job at: 1466396763226701672
06-20 12:25:06.949 16972-17512/com.malvinstn.testqueue D/MainApplication: add delayed message com.birbit.android.jobqueue.messaging.message.ConstraintChangeMessage@a8d842f at time 1466396763226701672
06-20 12:25:06.949 16972-17512/com.malvinstn.testqueue D/MainApplication: [priority_mq] did on idle post a message? true
06-20 12:25:06.949 16972-17512/com.malvinstn.testqueue D/MainApplication: [priority_mq] looking for next message at time 1466396706948748234
06-20 12:25:06.949 16972-17512/com.malvinstn.testqueue D/MainApplication: flushing messages at time 1466396706948748234
06-20 12:25:06.949 16972-17512/com.malvinstn.testqueue D/MainApplication: returning next ready at 56277953438 ns
06-20 12:25:06.949 16972-17512/com.malvinstn.testqueue D/MainApplication: [priority_mq] next delayed job 1466396763226701672
06-20 12:25:06.949 16972-17512/com.malvinstn.testqueue D/MainApplication: [queue_SCHEDULER_5] remove message null
06-20 12:25:06.949 16972-17512/com.malvinstn.testqueue D/MainApplication: [queue_RUN_JOB_RESULT_6] remove message null
06-20 12:25:06.949 16972-17512/com.malvinstn.testqueue D/MainApplication: [queue_ADD_JOB_2] remove message null
06-20 12:25:06.949 16972-17512/com.malvinstn.testqueue D/MainApplication: [queue_JOB_CONSUMER_IDLE_4] remove message null
06-20 12:25:06.949 16972-17512/com.malvinstn.testqueue D/MainApplication: [priority_mq] did on idle post a message? false
06-20 12:25:06.950 16972-16972/com.malvinstn.testqueue D/com.malvinstn.testqueue.JobService: getJobManager() called with: 
06-20 12:25:06.950 16972-16972/com.malvinstn.testqueue D/MainApplication: MainApplication::getJobManager()
06-20 12:25:06.951 16972-16972/com.malvinstn.testqueue D/com.malvinstn.testqueue.JobService: getJobManager() called with: 
06-20 12:25:06.951 16972-16972/com.malvinstn.testqueue D/MainApplication: MainApplication::getJobManager()
06-20 12:25:06.951 16972-16972/com.malvinstn.testqueue D/MainApplication: [FW Scheduler] start job SchedulerConstraint{uuid='91424491-0acf-490a-878f-215c6437d8bb', delayInMs=212400000, networkStatus=2} 236
06-20 12:25:06.951 16972-16972/com.malvinstn.testqueue D/MainApplication: [queue_SCHEDULER_5] post message com.birbit.android.jobqueue.messaging.message.SchedulerMessage@7abd2cc
06-20 12:25:06.951 16972-17512/com.malvinstn.testqueue D/MainApplication: [priority_mq] looking for next message at time 1466396706950947401
06-20 12:25:06.951 16972-17512/com.malvinstn.testqueue D/MainApplication: flushing messages at time 1466396706950947401
06-20 12:25:06.951 16972-17512/com.malvinstn.testqueue D/MainApplication: returning next ready at 56275754271 ns
06-20 12:25:06.951 16972-17512/com.malvinstn.testqueue D/MainApplication: [priority_mq] next delayed job 1466396763226701672
06-20 12:25:06.951 16972-17512/com.malvinstn.testqueue D/MainApplication: [queue_SCHEDULER_5] remove message com.birbit.android.jobqueue.messaging.message.SchedulerMessage@7abd2cc
06-20 12:25:06.951 16972-17512/com.malvinstn.testqueue D/MainApplication: [priority_mq] consuming message of type SCHEDULER
06-20 12:25:06.952 16972-17512/com.malvinstn.testqueue D/MainApplication: considering adding a new consumer. Should poke all waiting? true isRunning? true waiting workers? 1
06-20 12:25:06.952 16972-17512/com.malvinstn.testqueue D/MainApplication: there are waiting workers, will poke them instead
06-20 12:25:06.952 16972-17512/com.malvinstn.testqueue D/MainApplication: [consumer_3] post message Command[2]
06-20 12:25:06.952 16972-17512/com.malvinstn.testqueue D/MainApplication: there were waiting workers, poked them and I'm done
06-20 12:25:06.952 16972-17512/com.malvinstn.testqueue D/MainApplication: [priority_mq] looking for next message at time 1466396706951673182
06-20 12:25:06.952 16972-17512/com.malvinstn.testqueue D/MainApplication: flushing messages at time 1466396706951673182
06-20 12:25:06.952 16972-17512/com.malvinstn.testqueue D/MainApplication: returning next ready at 56275028490 ns
06-20 12:25:06.952 16972-17512/com.malvinstn.testqueue D/MainApplication: [priority_mq] next delayed job 1466396763226701672
06-20 12:25:06.952 16972-17512/com.malvinstn.testqueue D/MainApplication: [queue_SCHEDULER_5] remove message null
06-20 12:25:06.952 16972-17512/com.malvinstn.testqueue D/MainApplication: [queue_RUN_JOB_RESULT_6] remove message null
06-20 12:25:06.952 16972-17512/com.malvinstn.testqueue D/MainApplication: [queue_ADD_JOB_2] remove message null
06-20 12:25:06.952 16972-17512/com.malvinstn.testqueue D/MainApplication: [queue_JOB_CONSUMER_IDLE_4] remove message null
06-20 12:25:06.952 16972-17512/com.malvinstn.testqueue D/MainApplication: joq idle. running:? true
06-20 12:25:06.952 16972-26665/com.malvinstn.testqueue D/MainApplication: flushing messages at time 1466396706952108286
06-20 12:25:06.952 16972-26665/com.malvinstn.testqueue D/MainApplication: returning next ready at 11354430313 ns
06-20 12:25:06.952 16972-26665/com.malvinstn.testqueue D/MainApplication: [consumer_3] remove message Command[2]
06-20 12:25:06.952 16972-26665/com.malvinstn.testqueue D/MainApplication: Consumer has been poked.
06-20 12:25:06.952 16972-26665/com.malvinstn.testqueue D/MainApplication: flushing messages at time 1466396706952266776
06-20 12:25:06.952 16972-26665/com.malvinstn.testqueue D/MainApplication: returning next ready at 11354271823 ns
06-20 12:25:06.952 16972-26665/com.malvinstn.testqueue D/MainApplication: [consumer_3] remove message null
06-20 12:25:06.953 16972-26665/com.malvinstn.testqueue D/MainApplication: consumer manager on idle
06-20 12:25:06.953 16972-26665/com.malvinstn.testqueue D/MainApplication: [queue_JOB_CONSUMER_IDLE_4] post message com.birbit.android.jobqueue.messaging.message.JobConsumerIdleMessage@bdbb488
06-20 12:25:06.953 16972-26665/com.malvinstn.testqueue D/MainApplication: [consumer_3] will wait on the lock until 1466396718306538599
06-20 12:25:06.953 16972-17512/com.malvinstn.testqueue D/MainApplication: Job queue idle. next job at: 1466396763226701672
06-20 12:25:06.953 16972-17512/com.malvinstn.testqueue D/MainApplication: add delayed message com.birbit.android.jobqueue.messaging.message.ConstraintChangeMessage@d2993c5 at time 1466396763226701672
06-20 12:25:06.953 16972-17512/com.malvinstn.testqueue D/MainApplication: [priority_mq] did on idle post a message? true
06-20 12:25:06.953 16972-17512/com.malvinstn.testqueue D/MainApplication: [priority_mq] looking for next message at time 1466396706953045474
06-20 12:25:06.953 16972-17512/com.malvinstn.testqueue D/MainApplication: flushing messages at time 1466396706953045474
06-20 12:25:06.953 16972-17512/com.malvinstn.testqueue D/MainApplication: returning next ready at 56273656198 ns
06-20 12:25:06.953 16972-17512/com.malvinstn.testqueue D/MainApplication: [priority_mq] next delayed job 1466396763226701672
06-20 12:25:06.953 16972-17512/com.malvinstn.testqueue D/MainApplication: [queue_SCHEDULER_5] remove message null
06-20 12:25:06.953 16972-17512/com.malvinstn.testqueue D/MainApplication: [queue_RUN_JOB_RESULT_6] remove message null
06-20 12:25:06.953 16972-17512/com.malvinstn.testqueue D/MainApplication: [queue_ADD_JOB_2] remove message null
06-20 12:25:06.953 16972-17512/com.malvinstn.testqueue D/MainApplication: [queue_JOB_CONSUMER_IDLE_4] remove message com.birbit.android.jobqueue.messaging.message.JobConsumerIdleMessage@bdbb488
06-20 12:25:06.953 16972-17512/com.malvinstn.testqueue D/MainApplication: [priority_mq] consuming message of type JOB_CONSUMER_IDLE
06-20 12:25:06.954 16972-17512/com.malvinstn.testqueue V/MainApplication: looking for next job
06-20 12:25:06.954 16972-17512/com.malvinstn.testqueue V/MainApplication: non persistent result null
06-20 12:25:06.955 16972-17512/com.malvinstn.testqueue V/MainApplication: persistent result null
06-20 12:25:06.955 16972-17512/com.malvinstn.testqueue D/MainApplication: keep alive: 1466396718306538599
06-20 12:25:06.955 16972-17512/com.malvinstn.testqueue D/MainApplication: Consumer idle, will kill? false . isRunning: true
06-20 12:25:06.955 16972-17512/com.malvinstn.testqueue D/MainApplication: add delayed message Command[2] at time 1466396718306538599
06-20 12:25:06.955 16972-26665/com.malvinstn.testqueue D/MainApplication: flushing messages at time 1466396706954851984
06-20 12:25:06.955 16972-26665/com.malvinstn.testqueue D/MainApplication: returning next ready at 11351686615 ns
06-20 12:25:06.955 16972-26665/com.malvinstn.testqueue D/MainApplication: [consumer_3] remove message null
06-20 12:25:06.955 16972-26665/com.malvinstn.testqueue D/MainApplication: [consumer_3] will wait on the lock until 1466396718306538599
06-20 12:25:06.955 16972-17512/com.malvinstn.testqueue D/MainApplication: poke consumer manager at 1466396718306538599
06-20 12:25:06.956 16972-17512/com.malvinstn.testqueue D/MainApplication: [FW Scheduler] on finished job SchedulerConstraint{uuid='91424491-0acf-490a-878f-215c6437d8bb', delayInMs=212400000, networkStatus=2}. reschedule:false
06-20 12:25:06.957 16972-16972/com.malvinstn.testqueue D/com.malvinstn.testqueue.JobService: getJobManager() called with: 
06-20 12:25:06.957 16972-16972/com.malvinstn.testqueue D/MainApplication: MainApplication::getJobManager()
06-20 12:25:06.961 16972-17512/com.malvinstn.testqueue D/MainApplication: [FW Scheduler] scheduled a framework job. Success? true id: 1 created id: 237
06-20 12:25:06.961 16972-17512/com.malvinstn.testqueue D/MainApplication: [priority_mq] looking for next message at time 1466396706961043599
06-20 12:25:06.961 16972-17512/com.malvinstn.testqueue D/MainApplication: flushing messages at time 1466396706961043599
06-20 12:25:06.961 16972-17512/com.malvinstn.testqueue D/MainApplication: returning next ready at 56265658073 ns
06-20 12:25:06.961 16972-17512/com.malvinstn.testqueue D/MainApplication: [priority_mq] next delayed job 1466396763226701672
06-20 12:25:06.961 16972-17512/com.malvinstn.testqueue D/MainApplication: [queue_SCHEDULER_5] remove message null
06-20 12:25:06.961 16972-17512/com.malvinstn.testqueue D/MainApplication: [queue_RUN_JOB_RESULT_6] remove message null
06-20 12:25:06.961 16972-17512/com.malvinstn.testqueue D/MainApplication: [queue_ADD_JOB_2] remove message null
06-20 12:25:06.961 16972-17512/com.malvinstn.testqueue D/MainApplication: [queue_JOB_CONSUMER_IDLE_4] remove message null
06-20 12:25:06.961 16972-17512/com.malvinstn.testqueue D/MainApplication: joq idle. running:? true
06-20 12:25:06.962 16972-17512/com.malvinstn.testqueue D/MainApplication: Job queue idle. next job at: 1466396763226701672
06-20 12:25:06.962 16972-17512/com.malvinstn.testqueue D/MainApplication: add delayed message com.birbit.android.jobqueue.messaging.message.ConstraintChangeMessage@978344b at time 1466396763226701672
06-20 12:25:06.963 16972-17512/com.malvinstn.testqueue D/MainApplication: [priority_mq] did on idle post a message? true
06-20 12:25:06.963 16972-17512/com.malvinstn.testqueue D/MainApplication: [priority_mq] looking for next message at time 1466396706962445942
06-20 12:25:06.963 16972-17512/com.malvinstn.testqueue D/MainApplication: flushing messages at time 1466396706962445942
06-20 12:25:06.963 16972-17512/com.malvinstn.testqueue D/MainApplication: returning next ready at 56264255730 ns
06-20 12:25:06.963 16972-17512/com.malvinstn.testqueue D/MainApplication: [priority_mq] next delayed job 1466396763226701672
06-20 12:25:06.963 16972-17512/com.malvinstn.testqueue D/MainApplication: [queue_SCHEDULER_5] remove message null
06-20 12:25:06.963 16972-17512/com.malvinstn.testqueue D/MainApplication: [queue_RUN_JOB_RESULT_6] remove message null
06-20 12:25:06.963 16972-17512/com.malvinstn.testqueue D/MainApplication: [queue_ADD_JOB_2] remove message null
06-20 12:25:06.963 16972-17512/com.malvinstn.testqueue D/MainApplication: [queue_JOB_CONSUMER_IDLE_4] remove message null
06-20 12:25:06.963 16972-17512/com.malvinstn.testqueue D/MainApplication: [priority_mq] did on idle post a message? false
06-20 12:25:06.963 16972-16972/com.malvinstn.testqueue D/com.malvinstn.testqueue.JobService: getJobManager() called with: 
06-20 12:25:06.963 16972-16972/com.malvinstn.testqueue D/MainApplication: MainApplication::getJobManager()
06-20 12:25:06.965 16972-16972/com.malvinstn.testqueue D/com.malvinstn.testqueue.JobService: getJobManager() called with: 
06-20 12:25:06.965 16972-16972/com.malvinstn.testqueue D/MainApplication: MainApplication::getJobManager()
06-20 12:25:06.965 16972-16972/com.malvinstn.testqueue D/MainApplication: [FW Scheduler] start job SchedulerConstraint{uuid='91424491-0acf-490a-878f-215c6437d8bb', delayInMs=213300000, networkStatus=2} 237
06-20 12:25:06.965 16972-16972/com.malvinstn.testqueue D/MainApplication: [queue_SCHEDULER_5] post message com.birbit.android.jobqueue.messaging.message.SchedulerMessage@7abd2cc
06-20 12:25:06.965 16972-17512/com.malvinstn.testqueue D/MainApplication: [priority_mq] looking for next message at time 1466396706965011880
06-20 12:25:06.965 16972-17512/com.malvinstn.testqueue D/MainApplication: flushing messages at time 1466396706965011880
06-20 12:25:06.965 16972-17512/com.malvinstn.testqueue D/MainApplication: returning next ready at 56261689792 ns
06-20 12:25:06.965 16972-17512/com.malvinstn.testqueue D/MainApplication: [priority_mq] next delayed job 1466396763226701672
06-20 12:25:06.965 16972-17512/com.malvinstn.testqueue D/MainApplication: [queue_SCHEDULER_5] remove message com.birbit.android.jobqueue.messaging.message.SchedulerMessage@7abd2cc
06-20 12:25:06.965 16972-17512/com.malvinstn.testqueue D/MainApplication: [priority_mq] consuming message of type SCHEDULER
06-20 12:25:06.966 16972-17512/com.malvinstn.testqueue D/MainApplication: considering adding a new consumer. Should poke all waiting? true isRunning? true waiting workers? 1
06-20 12:25:06.966 16972-17512/com.malvinstn.testqueue D/MainApplication: there are waiting workers, will poke them instead
06-20 12:25:06.966 16972-17512/com.malvinstn.testqueue D/MainApplication: [consumer_3] post message Command[2]
06-20 12:25:06.966 16972-17512/com.malvinstn.testqueue D/MainApplication: there were waiting workers, poked them and I'm done
06-20 12:25:06.966 16972-17512/com.malvinstn.testqueue D/MainApplication: [priority_mq] looking for next message at time 1466396706965784067
06-20 12:25:06.966 16972-17512/com.malvinstn.testqueue D/MainApplication: flushing messages at time 1466396706965784067
06-20 12:25:06.966 16972-17512/com.malvinstn.testqueue D/MainApplication: returning next ready at 56260917605 ns
06-20 12:25:06.966 16972-17512/com.malvinstn.testqueue D/MainApplication: [priority_mq] next delayed job 1466396763226701672
06-20 12:25:06.966 16972-17512/com.malvinstn.testqueue D/MainApplication: [queue_SCHEDULER_5] remove message null
06-20 12:25:06.966 16972-17512/com.malvinstn.testqueue D/MainApplication: [queue_RUN_JOB_RESULT_6] remove message null
06-20 12:25:06.966 16972-17512/com.malvinstn.testqueue D/MainApplication: [queue_ADD_JOB_2] remove message null
06-20 12:25:06.966 16972-17512/com.malvinstn.testqueue D/MainApplication: [queue_JOB_CONSUMER_IDLE_4] remove message null
06-20 12:25:06.966 16972-17512/com.malvinstn.testqueue D/MainApplication: joq idle. running:? true
06-20 12:25:06.966 16972-26665/com.malvinstn.testqueue D/MainApplication: flushing messages at time 1466396706966178963
06-20 12:25:06.966 16972-26665/com.malvinstn.testqueue D/MainApplication: returning next ready at 11340359636 ns
06-20 12:25:06.966 16972-26665/com.malvinstn.testqueue D/MainApplication: [consumer_3] remove message Command[2]
06-20 12:25:06.966 16972-26665/com.malvinstn.testqueue D/MainApplication: Consumer has been poked.
06-20 12:25:06.966 16972-26665/com.malvinstn.testqueue D/MainApplication: flushing messages at time 1466396706966339015
06-20 12:25:06.967 16972-26665/com.malvinstn.testqueue D/MainApplication: returning next ready at 11340199584 ns
06-20 12:25:06.967 16972-26665/com.malvinstn.testqueue D/MainApplication: [consumer_3] remove message null
06-20 12:25:06.967 16972-26665/com.malvinstn.testqueue D/MainApplication: consumer manager on idle
06-20 12:25:06.967 16972-26665/com.malvinstn.testqueue D/MainApplication: [queue_JOB_CONSUMER_IDLE_4] post message com.birbit.android.jobqueue.messaging.message.JobConsumerIdleMessage@bdbb488
06-20 12:25:06.967 16972-26665/com.malvinstn.testqueue D/MainApplication: [consumer_3] will wait on the lock until 1466396718306538599
06-20 12:25:06.967 16972-17512/com.malvinstn.testqueue D/MainApplication: Job queue idle. next job at: 1466396763226701672
06-20 12:25:06.968 16972-17512/com.malvinstn.testqueue D/MainApplication: add delayed message com.birbit.android.jobqueue.messaging.message.ConstraintChangeMessage@314a741 at time 1466396763226701672
06-20 12:25:06.968 16972-17512/com.malvinstn.testqueue D/MainApplication: [priority_mq] did on idle post a message? true
06-20 12:25:06.968 16972-17512/com.malvinstn.testqueue D/MainApplication: [priority_mq] looking for next message at time 1466396706967547817
06-20 12:25:06.968 16972-17512/com.malvinstn.testqueue D/MainApplication: flushing messages at time 1466396706967547817
06-20 12:25:06.968 16972-17512/com.malvinstn.testqueue D/MainApplication: returning next ready at 56259153855 ns
06-20 12:25:06.968 16972-17512/com.malvinstn.testqueue D/MainApplication: [priority_mq] next delayed job 1466396763226701672
06-20 12:25:06.968 16972-17512/com.malvinstn.testqueue D/MainApplication: [queue_SCHEDULER_5] remove message null
06-20 12:25:06.968 16972-17512/com.malvinstn.testqueue D/MainApplication: [queue_RUN_JOB_RESULT_6] remove message null
06-20 12:25:06.968 16972-17512/com.malvinstn.testqueue D/MainApplication: [queue_ADD_JOB_2] remove message null
06-20 12:25:06.968 16972-17512/com.malvinstn.testqueue D/MainApplication: [queue_JOB_CONSUMER_IDLE_4] remove message com.birbit.android.jobqueue.messaging.message.JobConsumerIdleMessage@bdbb488
06-20 12:25:06.968 16972-17512/com.malvinstn.testqueue D/MainApplication: [priority_mq] consuming message of type JOB_CONSUMER_IDLE
06-20 12:25:06.968 16972-17512/com.malvinstn.testqueue V/MainApplication: looking for next job
06-20 12:25:06.969 16972-17512/com.malvinstn.testqueue V/MainApplication: non persistent result null
06-20 12:25:06.969 16972-17512/com.malvinstn.testqueue V/MainApplication: persistent result null
06-20 12:25:06.969 16972-17512/com.malvinstn.testqueue D/MainApplication: keep alive: 1466396718306538599
06-20 12:25:06.969 16972-17512/com.malvinstn.testqueue D/MainApplication: Consumer idle, will kill? false . isRunning: true
06-20 12:25:06.969 16972-17512/com.malvinstn.testqueue D/MainApplication: add delayed message Command[2] at time 1466396718306538599
06-20 12:25:06.970 16972-26665/com.malvinstn.testqueue D/MainApplication: flushing messages at time 1466396706969524224
06-20 12:25:06.970 16972-26665/com.malvinstn.testqueue D/MainApplication: returning next ready at 11337014375 ns
06-20 12:25:06.970 16972-26665/com.malvinstn.testqueue D/MainApplication: [consumer_3] remove message null
06-20 12:25:06.970 16972-26665/com.malvinstn.testqueue D/MainApplication: [consumer_3] will wait on the lock until 1466396718306538599
06-20 12:25:06.970 16972-17512/com.malvinstn.testqueue D/MainApplication: poke consumer manager at 1466396718306538599
06-20 12:25:06.970 16972-17512/com.malvinstn.testqueue D/MainApplication: [FW Scheduler] on finished job SchedulerConstraint{uuid='91424491-0acf-490a-878f-215c6437d8bb', delayInMs=213300000, networkStatus=2}. reschedule:false
06-20 12:25:06.971 16972-16972/com.malvinstn.testqueue D/com.malvinstn.testqueue.JobService: getJobManager() called with: 
06-20 12:25:06.971 16972-16972/com.malvinstn.testqueue D/MainApplication: MainApplication::getJobManager()
06-20 12:25:06.981 16972-17512/com.malvinstn.testqueue D/MainApplication: [FW Scheduler] scheduled a framework job. Success? true id: 1 created id: 238
06-20 12:25:06.981 16972-17512/com.malvinstn.testqueue D/MainApplication: [priority_mq] looking for next message at time 1466396706981048234
06-20 12:25:06.981 16972-17512/com.malvinstn.testqueue D/MainApplication: flushing messages at time 1466396706981048234
06-20 12:25:06.981 16972-17512/com.malvinstn.testqueue D/MainApplication: returning next ready at 56245653438 ns
06-20 12:25:06.981 16972-17512/com.malvinstn.testqueue D/MainApplication: [priority_mq] next delayed job 1466396763226701672
06-20 12:25:06.981 16972-17512/com.malvinstn.testqueue D/MainApplication: [queue_SCHEDULER_5] remove message null
06-20 12:25:06.981 16972-17512/com.malvinstn.testqueue D/MainApplication: [queue_RUN_JOB_RESULT_6] remove message null
06-20 12:25:06.982 16972-17512/com.malvinstn.testqueue D/MainApplication: [queue_ADD_JOB_2] remove message null
06-20 12:25:06.982 16972-17512/com.malvinstn.testqueue D/MainApplication: [queue_JOB_CONSUMER_IDLE_4] remove message null
06-20 12:25:06.982 16972-17512/com.malvinstn.testqueue D/MainApplication: joq idle. running:? true
06-20 12:25:06.983 16972-16972/com.malvinstn.testqueue D/com.malvinstn.testqueue.JobService: getJobManager() called with: 
06-20 12:25:06.983 16972-16972/com.malvinstn.testqueue D/MainApplication: MainApplication::getJobManager()
06-20 12:25:06.983 16972-17512/com.malvinstn.testqueue D/MainApplication: Job queue idle. next job at: 1466396763226701672
06-20 12:25:06.983 16972-17512/com.malvinstn.testqueue D/MainApplication: add delayed message com.birbit.android.jobqueue.messaging.message.ConstraintChangeMessage@a2f24d4 at time 1466396763226701672
06-20 12:25:06.983 16972-17512/com.malvinstn.testqueue D/MainApplication: [priority_mq] did on idle post a message? true
06-20 12:25:06.983 16972-17512/com.malvinstn.testqueue D/MainApplication: [priority_mq] looking for next message at time 1466396706982729640
06-20 12:25:06.983 16972-17512/com.malvinstn.testqueue D/MainApplication: flushing messages at time 1466396706982729640
06-20 12:25:06.983 16972-17512/com.malvinstn.testqueue D/MainApplication: returning next ready at 56243972032 ns
06-20 12:25:06.983 16972-17512/com.malvinstn.testqueue D/MainApplication: [priority_mq] next delayed job 1466396763226701672
06-20 12:25:06.983 16972-17512/com.malvinstn.testqueue D/MainApplication: [queue_SCHEDULER_5] remove message null
06-20 12:25:06.983 16972-17512/com.malvinstn.testqueue D/MainApplication: [queue_RUN_JOB_RESULT_6] remove message null
06-20 12:25:06.983 16972-17512/com.malvinstn.testqueue D/MainApplication: [queue_ADD_JOB_2] remove message null
06-20 12:25:06.983 16972-17512/com.malvinstn.testqueue D/MainApplication: [queue_JOB_CONSUMER_IDLE_4] remove message null
06-20 12:25:06.983 16972-17512/com.malvinstn.testqueue D/MainApplication: [priority_mq] did on idle post a message? false
06-20 12:25:06.984 16972-16972/com.malvinstn.testqueue D/com.malvinstn.testqueue.JobService: getJobManager() called with: 
06-20 12:25:06.984 16972-16972/com.malvinstn.testqueue D/MainApplication: MainApplication::getJobManager()
06-20 12:25:06.984 16972-16972/com.malvinstn.testqueue D/MainApplication: [FW Scheduler] start job SchedulerConstraint{uuid='91424491-0acf-490a-878f-215c6437d8bb', delayInMs=214200000, networkStatus=2} 238
06-20 12:25:06.984 16972-16972/com.malvinstn.testqueue D/MainApplication: [queue_SCHEDULER_5] post message com.birbit.android.jobqueue.messaging.message.SchedulerMessage@7abd2cc
06-20 12:25:06.984 16972-17512/com.malvinstn.testqueue D/MainApplication: [priority_mq] looking for next message at time 1466396706983818963
06-20 12:25:06.984 16972-17512/com.malvinstn.testqueue D/MainApplication: flushing messages at time 1466396706983818963
06-20 12:25:06.984 16972-17512/com.malvinstn.testqueue D/MainApplication: returning next ready at 56242882709 ns
06-20 12:25:06.984 16972-17512/com.malvinstn.testqueue D/MainApplication: [priority_mq] next delayed job 1466396763226701672
06-20 12:25:06.984 16972-17512/com.malvinstn.testqueue D/MainApplication: [queue_SCHEDULER_5] remove message com.birbit.android.jobqueue.messaging.message.SchedulerMessage@7abd2cc
06-20 12:25:06.984 16972-17512/com.malvinstn.testqueue D/MainApplication: [priority_mq] consuming message of type SCHEDULER
06-20 12:25:06.984 16972-17512/com.malvinstn.testqueue D/MainApplication: considering adding a new consumer. Should poke all waiting? true isRunning? true waiting workers? 1
06-20 12:25:06.985 16972-17512/com.malvinstn.testqueue D/MainApplication: there are waiting workers, will poke them instead
06-20 12:25:06.985 16972-17512/com.malvinstn.testqueue D/MainApplication: [consumer_3] post message Command[2]
06-20 12:25:06.985 16972-17512/com.malvinstn.testqueue D/MainApplication: there were waiting workers, poked them and I'm done
06-20 12:25:06.985 16972-26665/com.malvinstn.testqueue D/MainApplication: flushing messages at time 1466396706984519848
06-20 12:25:06.985 16972-17512/com.malvinstn.testqueue D/MainApplication: [priority_mq] looking for next message at time 1466396706984549223
06-20 12:25:06.985 16972-26665/com.malvinstn.testqueue D/MainApplication: returning next ready at 11322018751 ns
06-20 12:25:06.985 16972-17512/com.malvinstn.testqueue D/MainApplication: flushing messages at time 1466396706984549223
06-20 12:25:06.985 16972-26665/com.malvinstn.testqueue D/MainApplication: [consumer_3] remove message Command[2]
06-20 12:25:06.985 16972-17512/com.malvinstn.testqueue D/MainApplication: returning next ready at 56242152449 ns
06-20 12:25:06.985 16972-26665/com.malvinstn.testqueue D/MainApplication: Consumer has been poked.
06-20 12:25:06.985 16972-17512/com.malvinstn.testqueue D/MainApplication: [priority_mq] next delayed job 1466396763226701672
06-20 12:25:06.985 16972-26665/com.malvinstn.testqueue D/MainApplication: flushing messages at time 1466396706984672869
06-20 12:25:06.985 16972-17512/com.malvinstn.testqueue D/MainApplication: [queue_SCHEDULER_5] remove message null
06-20 12:25:06.985 16972-26665/com.malvinstn.testqueue D/MainApplication: returning next ready at 11321865730 ns
06-20 12:25:06.985 16972-17512/com.malvinstn.testqueue D/MainApplication: [queue_RUN_JOB_RESULT_6] remove message null
06-20 12:25:06.985 16972-26665/com.malvinstn.testqueue D/MainApplication: [consumer_3] remove message null
06-20 12:25:06.985 16972-17512/com.malvinstn.testqueue D/MainApplication: [queue_ADD_JOB_2] remove message null
06-20 12:25:06.985 16972-26665/com.malvinstn.testqueue D/MainApplication: consumer manager on idle
06-20 12:25:06.985 16972-17512/com.malvinstn.testqueue D/MainApplication: [queue_JOB_CONSUMER_IDLE_4] remove message null
06-20 12:25:06.985 16972-17512/com.malvinstn.testqueue D/MainApplication: joq idle. running:? true
06-20 12:25:06.985 16972-26665/com.malvinstn.testqueue D/MainApplication: [queue_JOB_CONSUMER_IDLE_4] post message com.birbit.android.jobqueue.messaging.message.JobConsumerIdleMessage@bdbb488
06-20 12:25:06.985 16972-26665/com.malvinstn.testqueue D/MainApplication: [consumer_3] will wait on the lock until 1466396718306538599
06-20 12:25:06.986 16972-17512/com.malvinstn.testqueue D/MainApplication: Job queue idle. next job at: 1466396763226701672
06-20 12:25:06.986 16972-17512/com.malvinstn.testqueue D/MainApplication: add delayed message com.birbit.android.jobqueue.messaging.message.ConstraintChangeMessage@343767d at time 1466396763226701672
06-20 12:25:06.986 16972-17512/com.malvinstn.testqueue D/MainApplication: [priority_mq] did on idle post a message? true
06-20 12:25:06.986 16972-17512/com.malvinstn.testqueue D/MainApplication: [priority_mq] looking for next message at time 1466396706985927557
06-20 12:25:06.986 16972-17512/com.malvinstn.testqueue D/MainApplication: flushing messages at time 1466396706985927557
06-20 12:25:06.986 16972-17512/com.malvinstn.testqueue D/MainApplication: returning next ready at 56240774115 ns
06-20 12:25:06.986 16972-17512/com.malvinstn.testqueue D/MainApplication: [priority_mq] next delayed job 1466396763226701672
06-20 12:25:06.986 16972-17512/com.malvinstn.testqueue D/MainApplication: [queue_SCHEDULER_5] remove message null
06-20 12:25:06.986 16972-17512/com.malvinstn.testqueue D/MainApplication: [queue_RUN_JOB_RESULT_6] remove message null
06-20 12:25:06.986 16972-17512/com.malvinstn.testqueue D/MainApplication: [queue_ADD_JOB_2] remove message null
06-20 12:25:06.986 16972-17512/com.malvinstn.testqueue D/MainApplication: [queue_JOB_CONSUMER_IDLE_4] remove message com.birbit.android.jobqueue.messaging.message.JobConsumerIdleMessage@bdbb488
06-20 12:25:06.986 16972-17512/com.malvinstn.testqueue D/MainApplication: [priority_mq] consuming message of type JOB_CONSUMER_IDLE
06-20 12:25:06.987 16972-17512/com.malvinstn.testqueue V/MainApplication: looking for next job
06-20 12:25:06.987 16972-17512/com.malvinstn.testqueue V/MainApplication: non persistent result null
06-20 12:25:06.987 16972-17512/com.malvinstn.testqueue V/MainApplication: persistent result null
06-20 12:25:06.987 16972-17512/com.malvinstn.testqueue D/MainApplication: keep alive: 1466396718306538599
06-20 12:25:06.987 16972-17512/com.malvinstn.testqueue D/MainApplication: Consumer idle, will kill? false . isRunning: true
06-20 12:25:06.988 16972-17512/com.malvinstn.testqueue D/MainApplication: add delayed message Command[2] at time 1466396718306538599
06-20 12:25:06.988 16972-17512/com.malvinstn.testqueue D/MainApplication: poke consumer manager at 1466396718306538599
06-20 12:25:06.988 16972-17512/com.malvinstn.testqueue D/MainApplication: [FW Scheduler] on finished job SchedulerConstraint{uuid='91424491-0acf-490a-878f-215c6437d8bb', delayInMs=214200000, networkStatus=2}. reschedule:false
06-20 12:25:06.989 16972-26665/com.malvinstn.testqueue D/MainApplication: flushing messages at time 1466396706988645786
06-20 12:25:06.989 16972-26665/com.malvinstn.testqueue D/MainApplication: returning next ready at 11317892813 ns
06-20 12:25:06.989 16972-26665/com.malvinstn.testqueue D/MainApplication: [consumer_3] remove message null
06-20 12:25:06.989 16972-26665/com.malvinstn.testqueue D/MainApplication: [consumer_3] will wait on the lock until 1466396718306538599
06-20 12:25:06.989 16972-16972/com.malvinstn.testqueue D/com.malvinstn.testqueue.JobService: getJobManager() called with: 
06-20 12:25:06.989 16972-16972/com.malvinstn.testqueue D/MainApplication: MainApplication::getJobManager()
06-20 12:25:06.993 16972-17512/com.malvinstn.testqueue D/MainApplication: [FW Scheduler] scheduled a framework job. Success? true id: 1 created id: 239
06-20 12:25:06.993 16972-17512/com.malvinstn.testqueue D/MainApplication: [priority_mq] looking for next message at time 1466396706993142869
06-20 12:25:06.993 16972-17512/com.malvinstn.testqueue D/MainApplication: flushing messages at time 1466396706993142869
06-20 12:25:06.993 16972-17512/com.malvinstn.testqueue D/MainApplication: returning next ready at 56233558803 ns
06-20 12:25:06.993 16972-17512/com.malvinstn.testqueue D/MainApplication: [priority_mq] next delayed job 1466396763226701672
06-20 12:25:06.993 16972-17512/com.malvinstn.testqueue D/MainApplication: [queue_SCHEDULER_5] remove message null
06-20 12:25:06.993 16972-17512/com.malvinstn.testqueue D/MainApplication: [queue_RUN_JOB_RESULT_6] remove message null
06-20 12:25:06.994 16972-17512/com.malvinstn.testqueue D/MainApplication: [queue_ADD_JOB_2] remove message null
06-20 12:25:06.994 16972-17512/com.malvinstn.testqueue D/MainApplication: [queue_JOB_CONSUMER_IDLE_4] remove message null
06-20 12:25:06.994 16972-17512/com.malvinstn.testqueue D/MainApplication: joq idle. running:? true
06-20 12:25:06.994 16972-17512/com.malvinstn.testqueue D/MainApplication: Job queue idle. next job at: 1466396763226701672
06-20 12:25:06.995 16972-17512/com.malvinstn.testqueue D/MainApplication: add delayed message com.birbit.android.jobqueue.messaging.message.ConstraintChangeMessage@4e8e1c3 at time 1466396763226701672
06-20 12:25:06.995 16972-17512/com.malvinstn.testqueue D/MainApplication: [priority_mq] did on idle post a message? true
06-20 12:25:06.995 16972-17512/com.malvinstn.testqueue D/MainApplication: [priority_mq] looking for next message at time 1466396706994545578
06-20 12:25:06.995 16972-17512/com.malvinstn.testqueue D/MainApplication: flushing messages at time 1466396706994545578
06-20 12:25:06.995 16972-17512/com.malvinstn.testqueue D/MainApplication: returning next ready at 56232156094 ns
06-20 12:25:06.995 16972-17512/com.malvinstn.testqueue D/MainApplication: [priority_mq] next delayed job 1466396763226701672
06-20 12:25:06.995 16972-17512/com.malvinstn.testqueue D/MainApplication: [queue_SCHEDULER_5] remove message null
