06-21 17:01:30.956 4934-4953/com.malvinstn.testqueue D/MainApplication: add delayed message Command[2] at time 1466499705190133801
06-21 17:01:30.956 4934-4953/com.malvinstn.testqueue D/MainApplication: poke consumer manager at 1466499705190133801
06-21 17:01:30.956 4934-5015/com.malvinstn.testqueue D/MainApplication: flushing messages at time 1466499690955883749
06-21 17:01:30.956 4934-5015/com.malvinstn.testqueue D/MainApplication: returning next ready at 14234250052 ns
06-21 17:01:30.956 4934-5015/com.malvinstn.testqueue D/MainApplication: [consumer_3] remove message null
06-21 17:01:30.956 4934-5015/com.malvinstn.testqueue D/MainApplication: [consumer_3] will wait on the lock until 1466499705190133801
06-21 17:01:30.957 4934-4953/com.malvinstn.testqueue D/MainApplication: [FW Scheduler] on finished job SchedulerConstraint{uuid='ba4d5780-85eb-4c15-b6bf-7daa76238ee2', delayInMs=33300000, networkStatus=1, overrideDeadlineInMs=null, data=android.app.job.JobParameters@e9adad7}. reschedule:false
06-21 17:01:30.962 4934-4953/com.malvinstn.testqueue D/MainApplication: [FW Scheduler] scheduled a framework job. Success? true id: 1 created id: 2112
06-21 17:01:30.963 4934-4953/com.malvinstn.testqueue D/MainApplication: [FW Scheduler] on finished job SchedulerConstraint{uuid='7b957868-3521-4cbd-a6d2-3f0201471971', delayInMs=1649700000, networkStatus=1, overrideDeadlineInMs=null, data=android.app.job.JobParameters@fe6dfc4}. reschedule:false
06-21 17:01:30.964 4934-4934/com.malvinstn.testqueue D/com.malvinstn.testqueue.JobService: getJobManager() called with: 
06-21 17:01:30.964 4934-4934/com.malvinstn.testqueue D/MainApplication: MainApplication::getJobManager()
06-21 17:01:30.964 4934-4934/com.malvinstn.testqueue D/MainApplication: [FW Scheduler] start job SchedulerConstraint{uuid='ba4d5780-85eb-4c15-b6bf-7daa76238ee2', delayInMs=34200000, networkStatus=1, overrideDeadlineInMs=null, data=null} 2112
06-21 17:01:30.964 4934-4934/com.malvinstn.testqueue D/MainApplication: [queue_SCHEDULER_5] post message com.birbit.android.jobqueue.messaging.message.SchedulerMessage@a788cb
06-21 17:01:30.969 4934-4953/com.malvinstn.testqueue D/MainApplication: [FW Scheduler] scheduled a framework job. Success? true id: 1 created id: 2113
06-21 17:01:30.969 4934-4953/com.malvinstn.testqueue D/MainApplication: [FW Scheduler] on finished job SchedulerConstraint{uuid='dcf1c79a-9329-47ab-abe3-db7e8f32b952', delayInMs=216900000, networkStatus=1, overrideDeadlineInMs=null, data=android.app.job.JobParameters@3132ead}. reschedule:false
06-21 17:01:30.971 4934-4934/com.malvinstn.testqueue D/com.malvinstn.testqueue.JobService: getJobManager() called with: 
06-21 17:01:30.971 4934-4934/com.malvinstn.testqueue D/MainApplication: MainApplication::getJobManager()
06-21 17:01:30.971 4934-4934/com.malvinstn.testqueue D/MainApplication: [FW Scheduler] start job SchedulerConstraint{uuid='7b957868-3521-4cbd-a6d2-3f0201471971', delayInMs=1650600000, networkStatus=1, overrideDeadlineInMs=null, data=null} 2113
06-21 17:01:30.971 4934-4934/com.malvinstn.testqueue D/MainApplication: [queue_SCHEDULER_5] post message com.birbit.android.jobqueue.messaging.message.SchedulerMessage@2be994
06-21 17:01:30.974 4934-4953/com.malvinstn.testqueue D/MainApplication: [FW Scheduler] scheduled a framework job. Success? true id: 1 created id: 2114
06-21 17:01:30.974 4934-4953/com.malvinstn.testqueue D/MainApplication: [priority_mq] looking for next message at time 1466499690973799062
06-21 17:01:30.974 4934-4953/com.malvinstn.testqueue D/MainApplication: flushing messages at time 1466499690973799062
06-21 17:01:30.974 4934-4953/com.malvinstn.testqueue D/MainApplication: returning next ready at 18636462741 ns
06-21 17:01:30.974 4934-4953/com.malvinstn.testqueue D/MainApplication: [priority_mq] next delayed job 1466499709610261803
06-21 17:01:30.974 4934-4953/com.malvinstn.testqueue D/MainApplication: [queue_SCHEDULER_5] remove message com.birbit.android.jobqueue.messaging.message.SchedulerMessage@a788cb
06-21 17:01:30.974 4934-4953/com.malvinstn.testqueue D/MainApplication: [priority_mq] consuming message of type SCHEDULER
06-21 17:01:30.975 4934-4953/com.malvinstn.testqueue D/MainApplication: considering adding a new consumer. Should poke all waiting? true isRunning? true waiting workers? 1
06-21 17:01:30.975 4934-4953/com.malvinstn.testqueue D/MainApplication: there are waiting workers, will poke them instead
06-21 17:01:30.975 4934-4953/com.malvinstn.testqueue D/MainApplication: [consumer_3] post message Command[2]
06-21 17:01:30.975 4934-4953/com.malvinstn.testqueue D/MainApplication: there were waiting workers, poked them and I'm done
06-21 17:01:30.975 4934-5015/com.malvinstn.testqueue D/MainApplication: flushing messages at time 1466499690974532187
06-21 17:01:30.975 4934-4953/com.malvinstn.testqueue D/MainApplication: [priority_mq] looking for next message at time 1466499690974557760
06-21 17:01:30.975 4934-5015/com.malvinstn.testqueue D/MainApplication: returning next ready at 14215601614 ns
06-21 17:01:30.975 4934-4953/com.malvinstn.testqueue D/MainApplication: flushing messages at time 1466499690974557760
06-21 17:01:30.975 4934-5015/com.malvinstn.testqueue D/MainApplication: [consumer_3] remove message Command[2]
06-21 17:01:30.975 4934-4953/com.malvinstn.testqueue D/MainApplication: returning next ready at 18635704043 ns
06-21 17:01:30.975 4934-5015/com.malvinstn.testqueue D/MainApplication: Consumer has been poked.
06-21 17:01:30.975 4934-4953/com.malvinstn.testqueue D/MainApplication: [priority_mq] next delayed job 1466499709610261803
06-21 17:01:30.975 4934-4953/com.malvinstn.testqueue D/MainApplication: [queue_SCHEDULER_5] remove message com.birbit.android.jobqueue.messaging.message.SchedulerMessage@2be994
06-21 17:01:30.975 4934-5015/com.malvinstn.testqueue D/MainApplication: flushing messages at time 1466499690974727291
06-21 17:01:30.975 4934-4953/com.malvinstn.testqueue D/MainApplication: [priority_mq] consuming message of type SCHEDULER
06-21 17:01:30.975 4934-5015/com.malvinstn.testqueue D/MainApplication: returning next ready at 14215406510 ns
06-21 17:01:30.975 4934-5015/com.malvinstn.testqueue D/MainApplication: [consumer_3] remove message null
06-21 17:01:30.975 4934-5015/com.malvinstn.testqueue D/MainApplication: consumer manager on idle
06-21 17:01:30.975 4934-5015/com.malvinstn.testqueue D/MainApplication: [queue_JOB_CONSUMER_IDLE_4] post message com.birbit.android.jobqueue.messaging.message.JobConsumerIdleMessage@dbd21b7
06-21 17:01:30.975 4934-5015/com.malvinstn.testqueue D/MainApplication: [consumer_3] will wait on the lock until 1466499705190133801
06-21 17:01:30.975 4934-4953/com.malvinstn.testqueue D/MainApplication: considering adding a new consumer. Should poke all waiting? true isRunning? true waiting workers? 0
06-21 17:01:30.976 4934-4953/com.malvinstn.testqueue D/MainApplication: too many consumers, clearly above load factor 1
06-21 17:01:30.976 4934-4934/com.malvinstn.testqueue D/com.malvinstn.testqueue.JobService: getJobManager() called with: 
06-21 17:01:30.976 4934-4934/com.malvinstn.testqueue D/MainApplication: MainApplication::getJobManager()
06-21 17:01:30.976 4934-4953/com.malvinstn.testqueue D/MainApplication: nothing has been poked. are we above load factor? false
06-21 17:01:30.976 4934-4953/com.malvinstn.testqueue D/MainApplication: [priority_mq] looking for next message at time 1466499690975183958
06-21 17:01:30.976 4934-4953/com.malvinstn.testqueue D/MainApplication: flushing messages at time 1466499690975183958
06-21 17:01:30.976 4934-4934/com.malvinstn.testqueue D/MainApplication: [FW Scheduler] start job SchedulerConstraint{uuid='dcf1c79a-9329-47ab-abe3-db7e8f32b952', delayInMs=217800000, networkStatus=1, overrideDeadlineInMs=null, data=null} 2114
06-21 17:01:30.976 4934-4953/com.malvinstn.testqueue D/MainApplication: returning next ready at 18635077845 ns
06-21 17:01:30.976 4934-4953/com.malvinstn.testqueue D/MainApplication: [priority_mq] next delayed job 1466499709610261803
06-21 17:01:30.976 4934-4953/com.malvinstn.testqueue D/MainApplication: [queue_SCHEDULER_5] remove message null
06-21 17:01:30.976 4934-4953/com.malvinstn.testqueue D/MainApplication: [queue_RUN_JOB_RESULT_6] remove message null
06-21 17:01:30.976 4934-4953/com.malvinstn.testqueue D/MainApplication: [queue_ADD_JOB_2] remove message null
06-21 17:01:30.976 4934-4953/com.malvinstn.testqueue D/MainApplication: [queue_JOB_CONSUMER_IDLE_4] remove message com.birbit.android.jobqueue.messaging.message.JobConsumerIdleMessage@dbd21b7
06-21 17:01:30.976 4934-4953/com.malvinstn.testqueue D/MainApplication: [priority_mq] consuming message of type JOB_CONSUMER_IDLE
06-21 17:01:30.976 4934-4934/com.malvinstn.testqueue D/MainApplication: [queue_SCHEDULER_5] post message com.birbit.android.jobqueue.messaging.message.SchedulerMessage@2be994
06-21 17:01:30.976 4934-4953/com.malvinstn.testqueue V/MainApplication: looking for next job
06-21 17:01:30.976 4934-4953/com.malvinstn.testqueue V/MainApplication: non persistent result null
06-21 17:01:30.977 4934-4953/com.malvinstn.testqueue V/MainApplication: persistent result null
06-21 17:01:30.977 4934-4953/com.malvinstn.testqueue D/MainApplication: keep alive: 1466499705190133801
06-21 17:01:30.977 4934-4953/com.malvinstn.testqueue D/MainApplication: Consumer idle, will kill? false . isRunning: true
06-21 17:01:30.977 4934-4953/com.malvinstn.testqueue D/MainApplication: add delayed message Command[2] at time 1466499705190133801
06-21 17:01:30.977 4934-4953/com.malvinstn.testqueue D/MainApplication: poke consumer manager at 1466499705190133801
06-21 17:01:30.977 4934-5015/com.malvinstn.testqueue D/MainApplication: flushing messages at time 1466499690976880937
06-21 17:01:30.977 4934-5015/com.malvinstn.testqueue D/MainApplication: returning next ready at 14213252864 ns
06-21 17:01:30.977 4934-5015/com.malvinstn.testqueue D/MainApplication: [consumer_3] remove message null
06-21 17:01:30.977 4934-5015/com.malvinstn.testqueue D/MainApplication: [consumer_3] will wait on the lock until 1466499705190133801
06-21 17:01:30.978 4934-4953/com.malvinstn.testqueue D/MainApplication: [FW Scheduler] on finished job SchedulerConstraint{uuid='7b957868-3521-4cbd-a6d2-3f0201471971', delayInMs=1650600000, networkStatus=1, overrideDeadlineInMs=null, data=android.app.job.JobParameters@e31c5e2}. reschedule:false
06-21 17:01:30.986 4934-4953/com.malvinstn.testqueue D/MainApplication: [FW Scheduler] scheduled a framework job. Success? true id: 1 created id: 2115
06-21 17:01:30.987 4934-4953/com.malvinstn.testqueue D/MainApplication: [FW Scheduler] on finished job SchedulerConstraint{uuid='ba4d5780-85eb-4c15-b6bf-7daa76238ee2', delayInMs=34200000, networkStatus=1, overrideDeadlineInMs=null, data=android.app.job.JobParameters@4484d73}. reschedule:false
06-21 17:01:30.989 4934-4934/com.malvinstn.testqueue D/com.malvinstn.testqueue.JobService: getJobManager() called with: 
06-21 17:01:30.989 4934-4934/com.malvinstn.testqueue D/MainApplication: MainApplication::getJobManager()
06-21 17:01:30.989 4934-4934/com.malvinstn.testqueue D/MainApplication: [FW Scheduler] start job SchedulerConstraint{uuid='7b957868-3521-4cbd-a6d2-3f0201471971', delayInMs=1651500000, networkStatus=1, overrideDeadlineInMs=null, data=null} 2115
06-21 17:01:30.989 4934-4934/com.malvinstn.testqueue D/MainApplication: [queue_SCHEDULER_5] post message com.birbit.android.jobqueue.messaging.message.SchedulerMessage@a788cb
06-21 17:01:30.995 4934-4953/com.malvinstn.testqueue D/MainApplication: [FW Scheduler] scheduled a framework job. Success? true id: 1 created id: 2116
06-21 17:01:30.995 4934-4953/com.malvinstn.testqueue D/MainApplication: [priority_mq] looking for next message at time 1466499690994831250
06-21 17:01:30.995 4934-4953/com.malvinstn.testqueue D/MainApplication: flushing messages at time 1466499690994831250
06-21 17:01:30.995 4934-4953/com.malvinstn.testqueue D/MainApplication: returning next ready at 18615430553 ns
06-21 17:01:30.995 4934-4953/com.malvinstn.testqueue D/MainApplication: [priority_mq] next delayed job 1466499709610261803
06-21 17:01:30.995 4934-4953/com.malvinstn.testqueue D/MainApplication: [queue_SCHEDULER_5] remove message com.birbit.android.jobqueue.messaging.message.SchedulerMessage@2be994
06-21 17:01:30.995 4934-4953/com.malvinstn.testqueue D/MainApplication: [priority_mq] consuming message of type SCHEDULER
06-21 17:01:30.996 4934-4953/com.malvinstn.testqueue D/MainApplication: considering adding a new consumer. Should poke all waiting? true isRunning? true waiting workers? 1
06-21 17:01:30.996 4934-4953/com.malvinstn.testqueue D/MainApplication: there are waiting workers, will poke them instead
06-21 17:01:30.996 4934-4953/com.malvinstn.testqueue D/MainApplication: [consumer_3] post message Command[2]
06-21 17:01:30.996 4934-5015/com.malvinstn.testqueue D/MainApplication: flushing messages at time 1466499690995699374
06-21 17:01:30.996 4934-4953/com.malvinstn.testqueue D/MainApplication: there were waiting workers, poked them and I'm done
06-21 17:01:30.996 4934-5015/com.malvinstn.testqueue D/MainApplication: returning next ready at 14194434427 ns
06-21 17:01:30.996 4934-4953/com.malvinstn.testqueue D/MainApplication: [priority_mq] looking for next message at time 1466499690995797499
06-21 17:01:30.996 4934-4953/com.malvinstn.testqueue D/MainApplication: flushing messages at time 1466499690995797499
06-21 17:01:30.996 4934-5015/com.malvinstn.testqueue D/MainApplication: [consumer_3] remove message Command[2]
06-21 17:01:30.996 4934-4953/com.malvinstn.testqueue D/MainApplication: returning next ready at 18614464304 ns
06-21 17:01:30.996 4934-5015/com.malvinstn.testqueue D/MainApplication: Consumer has been poked.
06-21 17:01:30.996 4934-4953/com.malvinstn.testqueue D/MainApplication: [priority_mq] next delayed job 1466499709610261803
06-21 17:01:30.996 4934-5015/com.malvinstn.testqueue D/MainApplication: flushing messages at time 1466499690995938229
06-21 17:01:30.996 4934-4953/com.malvinstn.testqueue D/MainApplication: [queue_SCHEDULER_5] remove message com.birbit.android.jobqueue.messaging.message.SchedulerMessage@a788cb
06-21 17:01:30.996 4934-5015/com.malvinstn.testqueue D/MainApplication: returning next ready at 14194195572 ns
06-21 17:01:30.996 4934-4953/com.malvinstn.testqueue D/MainApplication: [priority_mq] consuming message of type SCHEDULER
06-21 17:01:30.996 4934-5015/com.malvinstn.testqueue D/MainApplication: [consumer_3] remove message null
06-21 17:01:30.996 4934-5015/com.malvinstn.testqueue D/MainApplication: consumer manager on idle
06-21 17:01:30.997 4934-5015/com.malvinstn.testqueue D/MainApplication: [queue_JOB_CONSUMER_IDLE_4] post message com.birbit.android.jobqueue.messaging.message.JobConsumerIdleMessage@dbd21b7
06-21 17:01:30.997 4934-5015/com.malvinstn.testqueue D/MainApplication: [consumer_3] will wait on the lock until 1466499705190133801
06-21 17:01:30.997 4934-4934/com.malvinstn.testqueue D/com.malvinstn.testqueue.JobService: getJobManager() called with: 
06-21 17:01:30.997 4934-4934/com.malvinstn.testqueue D/MainApplication: MainApplication::getJobManager()
06-21 17:01:30.997 4934-4953/com.malvinstn.testqueue D/MainApplication: considering adding a new consumer. Should poke all waiting? true isRunning? true waiting workers? 0
06-21 17:01:30.997 4934-4953/com.malvinstn.testqueue D/MainApplication: too many consumers, clearly above load factor 1
06-21 17:01:30.997 4934-4953/com.malvinstn.testqueue D/MainApplication: nothing has been poked. are we above load factor? false
06-21 17:01:30.997 4934-4934/com.malvinstn.testqueue D/MainApplication: [FW Scheduler] start job SchedulerConstraint{uuid='ba4d5780-85eb-4c15-b6bf-7daa76238ee2', delayInMs=35100000, networkStatus=1, overrideDeadlineInMs=null, data=null} 2116
06-21 17:01:30.997 4934-4953/com.malvinstn.testqueue D/MainApplication: [priority_mq] looking for next message at time 1466499690996442187
06-21 17:01:30.997 4934-4953/com.malvinstn.testqueue D/MainApplication: flushing messages at time 1466499690996442187
06-21 17:01:30.997 4934-4953/com.malvinstn.testqueue D/MainApplication: returning next ready at 18613819616 ns
06-21 17:01:30.997 4934-4953/com.malvinstn.testqueue D/MainApplication: [priority_mq] next delayed job 1466499709610261803
06-21 17:01:30.997 4934-4953/com.malvinstn.testqueue D/MainApplication: [queue_SCHEDULER_5] remove message null
06-21 17:01:30.997 4934-4953/com.malvinstn.testqueue D/MainApplication: [queue_RUN_JOB_RESULT_6] remove message null
06-21 17:01:30.997 4934-4953/com.malvinstn.testqueue D/MainApplication: [queue_ADD_JOB_2] remove message null
06-21 17:01:30.997 4934-4953/com.malvinstn.testqueue D/MainApplication: [queue_JOB_CONSUMER_IDLE_4] remove message com.birbit.android.jobqueue.messaging.message.JobConsumerIdleMessage@dbd21b7
06-21 17:01:30.997 4934-4953/com.malvinstn.testqueue D/MainApplication: [priority_mq] consuming message of type JOB_CONSUMER_IDLE
06-21 17:01:30.997 4934-4934/com.malvinstn.testqueue D/MainApplication: [queue_SCHEDULER_5] post message com.birbit.android.jobqueue.messaging.message.SchedulerMessage@a788cb
06-21 17:01:30.998 4934-4953/com.malvinstn.testqueue V/MainApplication: looking for next job
06-21 17:01:30.998 4934-4953/com.malvinstn.testqueue V/MainApplication: non persistent result null
06-21 17:01:30.999 4934-4953/com.malvinstn.testqueue V/MainApplication: persistent result null
06-21 17:01:30.999 4934-4953/com.malvinstn.testqueue D/MainApplication: keep alive: 1466499705190133801
06-21 17:01:30.999 4934-4953/com.malvinstn.testqueue D/MainApplication: Consumer idle, will kill? false . isRunning: true
06-21 17:01:30.999 4934-4953/com.malvinstn.testqueue D/MainApplication: add delayed message Command[2] at time 1466499705190133801
06-21 17:01:30.999 4934-4953/com.malvinstn.testqueue D/MainApplication: poke consumer manager at 1466499705190133801
06-21 17:01:30.999 4934-5015/com.malvinstn.testqueue D/MainApplication: flushing messages at time 1466499690998513541
06-21 17:01:30.999 4934-5015/com.malvinstn.testqueue D/MainApplication: returning next ready at 14191620260 ns
06-21 17:01:30.999 4934-5015/com.malvinstn.testqueue D/MainApplication: [consumer_3] remove message null
06-21 17:01:30.999 4934-5015/com.malvinstn.testqueue D/MainApplication: [consumer_3] will wait on the lock until 1466499705190133801
06-21 17:01:30.999 4934-4953/com.malvinstn.testqueue D/MainApplication: [FW Scheduler] on finished job SchedulerConstraint{uuid='7b957868-3521-4cbd-a6d2-3f0201471971', delayInMs=1651500000, networkStatus=1, overrideDeadlineInMs=null, data=android.app.job.JobParameters@4543430}. reschedule:false
06-21 17:01:31.004 4934-4953/com.malvinstn.testqueue D/MainApplication: [FW Scheduler] scheduled a framework job. Success? true id: 1 created id: 2117
06-21 17:01:31.004 4934-4953/com.malvinstn.testqueue D/MainApplication: [FW Scheduler] on finished job SchedulerConstraint{uuid='dcf1c79a-9329-47ab-abe3-db7e8f32b952', delayInMs=217800000, networkStatus=1, overrideDeadlineInMs=null, data=android.app.job.JobParameters@ce108a9}. reschedule:false
06-21 17:01:31.007 4934-4934/com.malvinstn.testqueue D/com.malvinstn.testqueue.JobService: getJobManager() called with: 
06-21 17:01:31.007 4934-4934/com.malvinstn.testqueue D/MainApplication: MainApplication::getJobManager()
06-21 17:01:31.007 4934-4934/com.malvinstn.testqueue D/MainApplication: [FW Scheduler] start job SchedulerConstraint{uuid='7b957868-3521-4cbd-a6d2-3f0201471971', delayInMs=1652400000, networkStatus=1, overrideDeadlineInMs=null, data=null} 2117
06-21 17:01:31.007 4934-4934/com.malvinstn.testqueue D/MainApplication: [queue_SCHEDULER_5] post message com.birbit.android.jobqueue.messaging.message.SchedulerMessage@2be994
06-21 17:01:31.009 4934-4953/com.malvinstn.testqueue D/MainApplication: [FW Scheduler] scheduled a framework job. Success? true id: 1 created id: 2118
06-21 17:01:31.009 4934-4953/com.malvinstn.testqueue D/MainApplication: [priority_mq] looking for next message at time 1466499691009013124
06-21 17:01:31.009 4934-4953/com.malvinstn.testqueue D/MainApplication: flushing messages at time 1466499691009013124
06-21 17:01:31.010 4934-4953/com.malvinstn.testqueue D/MainApplication: returning next ready at 18601248679 ns
06-21 17:01:31.010 4934-4953/com.malvinstn.testqueue D/MainApplication: [priority_mq] next delayed job 1466499709610261803
06-21 17:01:31.010 4934-4953/com.malvinstn.testqueue D/MainApplication: [queue_SCHEDULER_5] remove message com.birbit.android.jobqueue.messaging.message.SchedulerMessage@a788cb
06-21 17:01:31.010 4934-4953/com.malvinstn.testqueue D/MainApplication: [priority_mq] consuming message of type SCHEDULER
06-21 17:01:31.010 4934-4953/com.malvinstn.testqueue D/MainApplication: considering adding a new consumer. Should poke all waiting? true isRunning? true waiting workers? 1
06-21 17:01:31.010 4934-4953/com.malvinstn.testqueue D/MainApplication: there are waiting workers, will poke them instead
06-21 17:01:31.010 4934-4953/com.malvinstn.testqueue D/MainApplication: [consumer_3] post message Command[2]
06-21 17:01:31.010 4934-4953/com.malvinstn.testqueue D/MainApplication: there were waiting workers, poked them and I'm done
06-21 17:01:31.010 4934-5015/com.malvinstn.testqueue D/MainApplication: flushing messages at time 1466499691009845103
06-21 17:01:31.010 4934-4953/com.malvinstn.testqueue D/MainApplication: [priority_mq] looking for next message at time 1466499691009880103
06-21 17:01:31.010 4934-5015/com.malvinstn.testqueue D/MainApplication: returning next ready at 14180288698 ns
06-21 17:01:31.010 4934-5015/com.malvinstn.testqueue D/MainApplication: [consumer_3] remove message Command[2]
06-21 17:01:31.010 4934-4953/com.malvinstn.testqueue D/MainApplication: flushing messages at time 1466499691009880103
06-21 17:01:31.010 4934-4953/com.malvinstn.testqueue D/MainApplication: returning next ready at 18600381700 ns
06-21 17:01:31.010 4934-5015/com.malvinstn.testqueue D/MainApplication: Consumer has been poked.
06-21 17:01:31.010 4934-4953/com.malvinstn.testqueue D/MainApplication: [priority_mq] next delayed job 1466499709610261803
06-21 17:01:31.010 4934-5015/com.malvinstn.testqueue D/MainApplication: flushing messages at time 1466499691010025416
06-21 17:01:31.010 4934-4953/com.malvinstn.testqueue D/MainApplication: [queue_SCHEDULER_5] remove message com.birbit.android.jobqueue.messaging.message.SchedulerMessage@2be994
06-21 17:01:31.011 4934-5015/com.malvinstn.testqueue D/MainApplication: returning next ready at 14180108385 ns
06-21 17:01:31.011 4934-4953/com.malvinstn.testqueue D/MainApplication: [priority_mq] consuming message of type SCHEDULER
06-21 17:01:31.011 4934-5015/com.malvinstn.testqueue D/MainApplication: [consumer_3] remove message null
06-21 17:01:31.011 4934-5015/com.malvinstn.testqueue D/MainApplication: consumer manager on idle
06-21 17:01:31.011 4934-5015/com.malvinstn.testqueue D/MainApplication: [queue_JOB_CONSUMER_IDLE_4] post message com.birbit.android.jobqueue.messaging.message.JobConsumerIdleMessage@dbd21b7
06-21 17:01:31.011 4934-5015/com.malvinstn.testqueue D/MainApplication: [consumer_3] will wait on the lock until 1466499705190133801
06-21 17:01:31.011 4934-4953/com.malvinstn.testqueue D/MainApplication: considering adding a new consumer. Should poke all waiting? true isRunning? true waiting workers? 0
06-21 17:01:31.011 4934-4953/com.malvinstn.testqueue D/MainApplication: too many consumers, clearly above load factor 1
06-21 17:01:31.011 4934-4953/com.malvinstn.testqueue D/MainApplication: nothing has been poked. are we above load factor? false
06-21 17:01:31.011 4934-4953/com.malvinstn.testqueue D/MainApplication: [priority_mq] looking for next message at time 1466499691010646353
06-21 17:01:31.011 4934-4953/com.malvinstn.testqueue D/MainApplication: flushing messages at time 1466499691010646353
06-21 17:01:31.011 4934-4953/com.malvinstn.testqueue D/MainApplication: returning next ready at 18599615450 ns
06-21 17:01:31.011 4934-4934/com.malvinstn.testqueue D/com.malvinstn.testqueue.JobService: getJobManager() called with: 
06-21 17:01:31.011 4934-4934/com.malvinstn.testqueue D/MainApplication: MainApplication::getJobManager()
06-21 17:01:31.011 4934-4953/com.malvinstn.testqueue D/MainApplication: [priority_mq] next delayed job 1466499709610261803
06-21 17:01:31.011 4934-4953/com.malvinstn.testqueue D/MainApplication: [queue_SCHEDULER_5] remove message null
06-21 17:01:31.011 4934-4953/com.malvinstn.testqueue D/MainApplication: [queue_RUN_JOB_RESULT_6] remove message null
06-21 17:01:31.011 4934-4953/com.malvinstn.testqueue D/MainApplication: [queue_ADD_JOB_2] remove message null
06-21 17:01:31.011 4934-4934/com.malvinstn.testqueue D/MainApplication: [FW Scheduler] start job SchedulerConstraint{uuid='dcf1c79a-9329-47ab-abe3-db7e8f32b952', delayInMs=218700000, networkStatus=1, overrideDeadlineInMs=null, data=null} 2118
06-21 17:01:31.011 4934-4953/com.malvinstn.testqueue D/MainApplication: [queue_JOB_CONSUMER_IDLE_4] remove message com.birbit.android.jobqueue.messaging.message.JobConsumerIdleMessage@dbd21b7
06-21 17:01:31.011 4934-4953/com.malvinstn.testqueue D/MainApplication: [priority_mq] consuming message of type JOB_CONSUMER_IDLE
06-21 17:01:31.011 4934-4934/com.malvinstn.testqueue D/MainApplication: [queue_SCHEDULER_5] post message com.birbit.android.jobqueue.messaging.message.SchedulerMessage@2be994
06-21 17:01:31.012 4934-4953/com.malvinstn.testqueue V/MainApplication: looking for next job
06-21 17:01:31.012 4934-4953/com.malvinstn.testqueue V/MainApplication: non persistent result null
06-21 17:01:31.013 4934-4953/com.malvinstn.testqueue V/MainApplication: persistent result null
06-21 17:01:31.013 4934-4953/com.malvinstn.testqueue D/MainApplication: keep alive: 1466499705190133801
06-21 17:01:31.013 4934-4953/com.malvinstn.testqueue D/MainApplication: Consumer idle, will kill? false . isRunning: true
06-21 17:01:31.013 4934-4953/com.malvinstn.testqueue D/MainApplication: add delayed message Command[2] at time 1466499705190133801
06-21 17:01:31.013 4934-4953/com.malvinstn.testqueue D/MainApplication: poke consumer manager at 1466499705190133801
06-21 17:01:31.014 4934-5015/com.malvinstn.testqueue D/MainApplication: flushing messages at time 1466499691013130625
06-21 17:01:31.014 4934-5015/com.malvinstn.testqueue D/MainApplication: returning next ready at 14177003176 ns
06-21 17:01:31.014 4934-5015/com.malvinstn.testqueue D/MainApplication: [consumer_3] remove message null
06-21 17:01:31.014 4934-5015/com.malvinstn.testqueue D/MainApplication: [consumer_3] will wait on the lock until 1466499705190133801
06-21 17:01:31.014 4934-4953/com.malvinstn.testqueue D/MainApplication: [FW Scheduler] on finished job SchedulerConstraint{uuid='7b957868-3521-4cbd-a6d2-3f0201471971', delayInMs=1652400000, networkStatus=1, overrideDeadlineInMs=null, data=android.app.job.JobParameters@82a5e2e}. reschedule:false
06-21 17:01:31.021 4934-4953/com.malvinstn.testqueue D/MainApplication: [FW Scheduler] scheduled a framework job. Success? true id: 1 created id: 2119
06-21 17:01:31.021 4934-4953/com.malvinstn.testqueue D/MainApplication: [FW Scheduler] on finished job SchedulerConstraint{uuid='ba4d5780-85eb-4c15-b6bf-7daa76238ee2', delayInMs=35100000, networkStatus=1, overrideDeadlineInMs=null, data=android.app.job.JobParameters@8504dcf}. reschedule:false
06-21 17:01:31.023 4934-4934/com.malvinstn.testqueue D/com.malvinstn.testqueue.JobService: getJobManager() called with: 
06-21 17:01:31.023 4934-4934/com.malvinstn.testqueue D/MainApplication: MainApplication::getJobManager()
06-21 17:01:31.023 4934-4934/com.malvinstn.testqueue D/MainApplication: [FW Scheduler] start job SchedulerConstraint{uuid='7b957868-3521-4cbd-a6d2-3f0201471971', delayInMs=1653300000, networkStatus=1, overrideDeadlineInMs=null, data=null} 2119
06-21 17:01:31.023 4934-4934/com.malvinstn.testqueue D/MainApplication: [queue_SCHEDULER_5] post message com.birbit.android.jobqueue.messaging.message.SchedulerMessage@a788cb
06-21 17:01:31.027 4934-4953/com.malvinstn.testqueue D/MainApplication: [FW Scheduler] scheduled a framework job. Success? true id: 1 created id: 2120
06-21 17:01:31.027 4934-4953/com.malvinstn.testqueue D/MainApplication: [priority_mq] looking for next message at time 1466499691027070156
06-21 17:01:31.028 4934-4953/com.malvinstn.testqueue D/MainApplication: flushing messages at time 1466499691027070156
06-21 17:01:31.028 4934-4953/com.malvinstn.testqueue D/MainApplication: returning next ready at 18583191647 ns
06-21 17:01:31.028 4934-4953/com.malvinstn.testqueue D/MainApplication: [priority_mq] next delayed job 1466499709610261803
06-21 17:01:31.028 4934-4953/com.malvinstn.testqueue D/MainApplication: [queue_SCHEDULER_5] remove message com.birbit.android.jobqueue.messaging.message.SchedulerMessage@2be994
06-21 17:01:31.028 4934-4953/com.malvinstn.testqueue D/MainApplication: [priority_mq] consuming message of type SCHEDULER
06-21 17:01:31.028 4934-4953/com.malvinstn.testqueue D/MainApplication: considering adding a new consumer. Should poke all waiting? true isRunning? true waiting workers? 1
06-21 17:01:31.028 4934-4953/com.malvinstn.testqueue D/MainApplication: there are waiting workers, will poke them instead
06-21 17:01:31.028 4934-4953/com.malvinstn.testqueue D/MainApplication: [consumer_3] post message Command[2]
06-21 17:01:31.028 4934-4953/com.malvinstn.testqueue D/MainApplication: there were waiting workers, poked them and I'm done
06-21 17:01:31.028 4934-4953/com.malvinstn.testqueue D/MainApplication: [priority_mq] looking for next message at time 1466499691027888958
06-21 17:01:31.028 4934-4934/com.malvinstn.testqueue D/com.malvinstn.testqueue.JobService: getJobManager() called with: 
06-21 17:01:31.028 4934-4953/com.malvinstn.testqueue D/MainApplication: flushing messages at time 1466499691027888958
06-21 17:01:31.028 4934-4934/com.malvinstn.testqueue D/MainApplication: MainApplication::getJobManager()
06-21 17:01:31.028 4934-4953/com.malvinstn.testqueue D/MainApplication: returning next ready at 18582372845 ns
06-21 17:01:31.028 4934-4953/com.malvinstn.testqueue D/MainApplication: [priority_mq] next delayed job 1466499709610261803
06-21 17:01:31.028 4934-4953/com.malvinstn.testqueue D/MainApplication: [queue_SCHEDULER_5] remove message com.birbit.android.jobqueue.messaging.message.SchedulerMessage@a788cb
06-21 17:01:31.028 4934-4934/com.malvinstn.testqueue D/MainApplication: [FW Scheduler] start job SchedulerConstraint{uuid='ba4d5780-85eb-4c15-b6bf-7daa76238ee2', delayInMs=36000000, networkStatus=1, overrideDeadlineInMs=null, data=null} 2120
06-21 17:01:31.029 4934-4953/com.malvinstn.testqueue D/MainApplication: [priority_mq] consuming message of type SCHEDULER
06-21 17:01:31.029 4934-5015/com.malvinstn.testqueue D/MainApplication: flushing messages at time 1466499691028085260
06-21 17:01:31.029 4934-4934/com.malvinstn.testqueue D/MainApplication: [queue_SCHEDULER_5] post message com.birbit.android.jobqueue.messaging.message.SchedulerMessage@2be994
06-21 17:01:31.029 4934-5015/com.malvinstn.testqueue D/MainApplication: returning next ready at 14162048541 ns
06-21 17:01:31.029 4934-5015/com.malvinstn.testqueue D/MainApplication: [consumer_3] remove message Command[2]
06-21 17:01:31.029 4934-5015/com.malvinstn.testqueue D/MainApplication: Consumer has been poked.
06-21 17:01:31.029 4934-5015/com.malvinstn.testqueue D/MainApplication: flushing messages at time 1466499691028280937
06-21 17:01:31.029 4934-5015/com.malvinstn.testqueue D/MainApplication: returning next ready at 14161852864 ns
06-21 17:01:31.029 4934-5015/com.malvinstn.testqueue D/MainApplication: [consumer_3] remove message null
06-21 17:01:31.029 4934-5015/com.malvinstn.testqueue D/MainApplication: consumer manager on idle
06-21 17:01:31.029 4934-4953/com.malvinstn.testqueue D/MainApplication: considering adding a new consumer. Should poke all waiting? true isRunning? true waiting workers? 0
06-21 17:01:31.029 4934-4953/com.malvinstn.testqueue D/MainApplication: too many consumers, clearly above load factor 1
06-21 17:01:31.029 4934-5015/com.malvinstn.testqueue D/MainApplication: [queue_JOB_CONSUMER_IDLE_4] post message com.birbit.android.jobqueue.messaging.message.JobConsumerIdleMessage@dbd21b7
06-21 17:01:31.029 4934-4953/com.malvinstn.testqueue D/MainApplication: nothing has been poked. are we above load factor? false
06-21 17:01:31.029 4934-5015/com.malvinstn.testqueue D/MainApplication: [consumer_3] will wait on the lock until 1466499705190133801
06-21 17:01:31.029 4934-4953/com.malvinstn.testqueue D/MainApplication: [priority_mq] looking for next message at time 1466499691028518228
06-21 17:01:31.029 4934-4953/com.malvinstn.testqueue D/MainApplication: flushing messages at time 1466499691028518228
06-21 17:01:31.029 4934-4953/com.malvinstn.testqueue D/MainApplication: returning next ready at 18581743575 ns
06-21 17:01:31.029 4934-4953/com.malvinstn.testqueue D/MainApplication: [priority_mq] next delayed job 1466499709610261803
06-21 17:01:31.029 4934-4953/com.malvinstn.testqueue D/MainApplication: [queue_SCHEDULER_5] remove message com.birbit.android.jobqueue.messaging.message.SchedulerMessage@2be994
06-21 17:01:31.029 4934-4953/com.malvinstn.testqueue D/MainApplication: [priority_mq] consuming message of type SCHEDULER
06-21 17:01:31.029 4934-4953/com.malvinstn.testqueue D/MainApplication: considering adding a new consumer. Should poke all waiting? true isRunning? true waiting workers? 0
06-21 17:01:31.029 4934-4953/com.malvinstn.testqueue D/MainApplication: too many consumers, clearly above load factor 1
06-21 17:01:31.030 4934-4953/com.malvinstn.testqueue D/MainApplication: nothing has been poked. are we above load factor? false
06-21 17:01:31.030 4934-4953/com.malvinstn.testqueue D/MainApplication: [priority_mq] looking for next message at time 1466499691029138853
06-21 17:01:31.030 4934-4953/com.malvinstn.testqueue D/MainApplication: flushing messages at time 1466499691029138853
06-21 17:01:31.030 4934-4953/com.malvinstn.testqueue D/MainApplication: returning next ready at 18581122950 ns
06-21 17:01:31.030 4934-4953/com.malvinstn.testqueue D/MainApplication: [priority_mq] next delayed job 1466499709610261803
06-21 17:01:31.030 4934-4953/com.malvinstn.testqueue D/MainApplication: [queue_SCHEDULER_5] remove message null
06-21 17:01:31.030 4934-4953/com.malvinstn.testqueue D/MainApplication: [queue_RUN_JOB_RESULT_6] remove message null
06-21 17:01:31.030 4934-4953/com.malvinstn.testqueue D/MainApplication: [queue_ADD_JOB_2] remove message null
06-21 17:01:31.030 4934-4953/com.malvinstn.testqueue D/MainApplication: [queue_JOB_CONSUMER_IDLE_4] remove message com.birbit.android.jobqueue.messaging.message.JobConsumerIdleMessage@dbd21b7
06-21 17:01:31.030 4934-4953/com.malvinstn.testqueue D/MainApplication: [priority_mq] consuming message of type JOB_CONSUMER_IDLE
06-21 17:01:31.030 4934-4953/com.malvinstn.testqueue V/MainApplication: looking for next job
06-21 17:01:31.030 4934-4953/com.malvinstn.testqueue V/MainApplication: non persistent result null
06-21 17:01:31.031 4934-4953/com.malvinstn.testqueue V/MainApplication: persistent result null
06-21 17:01:31.031 4934-4953/com.malvinstn.testqueue D/MainApplication: keep alive: 1466499705190133801
06-21 17:01:31.031 4934-4953/com.malvinstn.testqueue D/MainApplication: Consumer idle, will kill? false . isRunning: true
06-21 17:01:31.031 4934-4953/com.malvinstn.testqueue D/MainApplication: add delayed message Command[2] at time 1466499705190133801
06-21 17:01:31.031 4934-4953/com.malvinstn.testqueue D/MainApplication: poke consumer manager at 1466499705190133801
06-21 17:01:31.031 4934-5015/com.malvinstn.testqueue D/MainApplication: flushing messages at time 1466499691030781093
06-21 17:01:31.031 4934-5015/com.malvinstn.testqueue D/MainApplication: returning next ready at 14159352708 ns
06-21 17:01:31.031 4934-5015/com.malvinstn.testqueue D/MainApplication: [consumer_3] remove message null
06-21 17:01:31.031 4934-5015/com.malvinstn.testqueue D/MainApplication: [consumer_3] will wait on the lock until 1466499705190133801
06-21 17:01:31.032 4934-4953/com.malvinstn.testqueue D/MainApplication: [FW Scheduler] on finished job SchedulerConstraint{uuid='ba4d5780-85eb-4c15-b6bf-7daa76238ee2', delayInMs=36000000, networkStatus=1, overrideDeadlineInMs=null, data=android.app.job.JobParameters@f00635c}. reschedule:false
06-21 17:01:31.038 4934-4953/com.malvinstn.testqueue D/MainApplication: [FW Scheduler] scheduled a framework job. Success? true id: 1 created id: 2121
06-21 17:01:31.039 4934-4953/com.malvinstn.testqueue D/MainApplication: [FW Scheduler] on finished job SchedulerConstraint{uuid='7b957868-3521-4cbd-a6d2-3f0201471971', delayInMs=1653300000, networkStatus=1, overrideDeadlineInMs=null, data=android.app.job.JobParameters@6988665}. reschedule:false
06-21 17:01:31.041 4934-4934/com.malvinstn.testqueue D/com.malvinstn.testqueue.JobService: getJobManager() called with: 
06-21 17:01:31.041 4934-4934/com.malvinstn.testqueue D/MainApplication: MainApplication::getJobManager()
06-21 17:01:31.041 4934-4934/com.malvinstn.testqueue D/MainApplication: [FW Scheduler] start job SchedulerConstraint{uuid='ba4d5780-85eb-4c15-b6bf-7daa76238ee2', delayInMs=36900000, networkStatus=1, overrideDeadlineInMs=null, data=null} 2121
06-21 17:01:31.041 4934-4934/com.malvinstn.testqueue D/MainApplication: [queue_SCHEDULER_5] post message com.birbit.android.jobqueue.messaging.message.SchedulerMessage@2be994
06-21 17:01:31.047 4934-4953/com.malvinstn.testqueue D/MainApplication: [FW Scheduler] scheduled a framework job. Success? true id: 1 created id: 2122
06-21 17:01:31.047 4934-4953/com.malvinstn.testqueue D/MainApplication: [FW Scheduler] on finished job SchedulerConstraint{uuid='dcf1c79a-9329-47ab-abe3-db7e8f32b952', delayInMs=218700000, networkStatus=1, overrideDeadlineInMs=null, data=android.app.job.JobParameters@f022f3a}. reschedule:false
06-21 17:01:31.049 4934-4934/com.malvinstn.testqueue D/com.malvinstn.testqueue.JobService: getJobManager() called with: 
06-21 17:01:31.049 4934-4934/com.malvinstn.testqueue D/MainApplication: MainApplication::getJobManager()
06-21 17:01:31.049 4934-4934/com.malvinstn.testqueue D/MainApplication: [FW Scheduler] start job SchedulerConstraint{uuid='7b957868-3521-4cbd-a6d2-3f0201471971', delayInMs=1654200000, networkStatus=1, overrideDeadlineInMs=null, data=null} 2122
06-21 17:01:31.049 4934-4934/com.malvinstn.testqueue D/MainApplication: [queue_SCHEDULER_5] post message com.birbit.android.jobqueue.messaging.message.SchedulerMessage@a788cb
06-21 17:01:31.056 4934-4953/com.malvinstn.testqueue D/MainApplication: [FW Scheduler] scheduled a framework job. Success? true id: 1 created id: 2123
06-21 17:01:31.056 4934-4953/com.malvinstn.testqueue D/MainApplication: [priority_mq] looking for next message at time 1466499691055251093
06-21 17:01:31.056 4934-4953/com.malvinstn.testqueue D/MainApplication: flushing messages at time 1466499691055251093
06-21 17:01:31.056 4934-4953/com.malvinstn.testqueue D/MainApplication: returning next ready at 18555010710 ns
06-21 17:01:31.056 4934-4953/com.malvinstn.testqueue D/MainApplication: [priority_mq] next delayed job 1466499709610261803
06-21 17:01:31.056 4934-4953/com.malvinstn.testqueue D/MainApplication: [queue_SCHEDULER_5] remove message com.birbit.android.jobqueue.messaging.message.SchedulerMessage@2be994
06-21 17:01:31.056 4934-4953/com.malvinstn.testqueue D/MainApplication: [priority_mq] consuming message of type SCHEDULER
06-21 17:01:31.056 4934-4953/com.malvinstn.testqueue D/MainApplication: considering adding a new consumer. Should poke all waiting? true isRunning? true waiting workers? 1
06-21 17:01:31.056 4934-4953/com.malvinstn.testqueue D/MainApplication: there are waiting workers, will poke them instead
06-21 17:01:31.056 4934-4953/com.malvinstn.testqueue D/MainApplication: [consumer_3] post message Command[2]
06-21 17:01:31.057 4934-4953/com.malvinstn.testqueue D/MainApplication: there were waiting workers, poked them and I'm done
06-21 17:01:31.057 4934-4953/com.malvinstn.testqueue D/MainApplication: [priority_mq] looking for next message at time 1466499691056186666
06-21 17:01:31.057 4934-4953/com.malvinstn.testqueue D/MainApplication: flushing messages at time 1466499691056186666
06-21 17:01:31.057 4934-4953/com.malvinstn.testqueue D/MainApplication: returning next ready at 18554075137 ns
06-21 17:01:31.057 4934-4953/com.malvinstn.testqueue D/MainApplication: [priority_mq] next delayed job 1466499709610261803
06-21 17:01:31.057 4934-5015/com.malvinstn.testqueue D/MainApplication: flushing messages at time 1466499691056373072
06-21 17:01:31.057 4934-4953/com.malvinstn.testqueue D/MainApplication: [queue_SCHEDULER_5] remove message com.birbit.android.jobqueue.messaging.message.SchedulerMessage@a788cb
06-21 17:01:31.057 4934-4953/com.malvinstn.testqueue D/MainApplication: [priority_mq] consuming message of type SCHEDULER
06-21 17:01:31.057 4934-5015/com.malvinstn.testqueue D/MainApplication: returning next ready at 14133760729 ns
06-21 17:01:31.057 4934-5015/com.malvinstn.testqueue D/MainApplication: [consumer_3] remove message Command[2]
06-21 17:01:31.057 4934-5015/com.malvinstn.testqueue D/MainApplication: Consumer has been poked.
06-21 17:01:31.057 4934-5015/com.malvinstn.testqueue D/MainApplication: flushing messages at time 1466499691056577343
06-21 17:01:31.057 4934-5015/com.malvinstn.testqueue D/MainApplication: returning next ready at 14133556458 ns
06-21 17:01:31.057 4934-5015/com.malvinstn.testqueue D/MainApplication: [consumer_3] remove message null
06-21 17:01:31.057 4934-5015/com.malvinstn.testqueue D/MainApplication: consumer manager on idle
06-21 17:01:31.057 4934-5015/com.malvinstn.testqueue D/MainApplication: [queue_JOB_CONSUMER_IDLE_4] post message com.birbit.android.jobqueue.messaging.message.JobConsumerIdleMessage@dbd21b7
06-21 17:01:31.057 4934-5015/com.malvinstn.testqueue D/MainApplication: [consumer_3] will wait on the lock until 1466499705190133801
06-21 17:01:31.057 4934-4953/com.malvinstn.testqueue D/MainApplication: considering adding a new consumer. Should poke all waiting? true isRunning? true waiting workers? 0
06-21 17:01:31.057 4934-4953/com.malvinstn.testqueue D/MainApplication: too many consumers, clearly above load factor 1
06-21 17:01:31.057 4934-4953/com.malvinstn.testqueue D/MainApplication: nothing has been poked. are we above load factor? false
06-21 17:01:31.057 4934-4953/com.malvinstn.testqueue D/MainApplication: [priority_mq] looking for next message at time 1466499691056977968
06-21 17:01:31.057 4934-4953/com.malvinstn.testqueue D/MainApplication: flushing messages at time 1466499691056977968
06-21 17:01:31.057 4934-4953/com.malvinstn.testqueue D/MainApplication: returning next ready at 18553283835 ns
06-21 17:01:31.058 4934-4953/com.malvinstn.testqueue D/MainApplication: [priority_mq] next delayed job 1466499709610261803
06-21 17:01:31.058 4934-4953/com.malvinstn.testqueue D/MainApplication: [queue_SCHEDULER_5] remove message null
06-21 17:01:31.058 4934-4953/com.malvinstn.testqueue D/MainApplication: [queue_RUN_JOB_RESULT_6] remove message null
06-21 17:01:31.058 4934-4934/com.malvinstn.testqueue D/com.malvinstn.testqueue.JobService: getJobManager() called with: 
06-21 17:01:31.058 4934-4934/com.malvinstn.testqueue D/MainApplication: MainApplication::getJobManager()
06-21 17:01:31.058 4934-4934/com.malvinstn.testqueue D/MainApplication: [FW Scheduler] start job SchedulerConstraint{uuid='dcf1c79a-9329-47ab-abe3-db7e8f32b952', delayInMs=219600000, networkStatus=1, overrideDeadlineInMs=null, data=null} 2123
06-21 17:01:31.058 4934-4953/com.malvinstn.testqueue D/MainApplication: [queue_ADD_JOB_2] remove message null
06-21 17:01:31.058 4934-4953/com.malvinstn.testqueue D/MainApplication: [queue_JOB_CONSUMER_IDLE_4] remove message com.birbit.android.jobqueue.messaging.message.JobConsumerIdleMessage@dbd21b7
06-21 17:01:31.058 4934-4934/com.malvinstn.testqueue D/MainApplication: [queue_SCHEDULER_5] post message com.birbit.android.jobqueue.messaging.message.SchedulerMessage@a788cb
06-21 17:01:31.058 4934-4953/com.malvinstn.testqueue D/MainApplication: [priority_mq] consuming message of type JOB_CONSUMER_IDLE
06-21 17:01:31.059 4934-4953/com.malvinstn.testqueue V/MainApplication: looking for next job
06-21 17:01:31.059 4934-4953/com.malvinstn.testqueue V/MainApplication: non persistent result null
06-21 17:01:31.060 4934-4953/com.malvinstn.testqueue V/MainApplication: persistent result null
06-21 17:01:31.060 4934-4953/com.malvinstn.testqueue D/MainApplication: keep alive: 1466499705190133801
06-21 17:01:31.060 4934-4953/com.malvinstn.testqueue D/MainApplication: Consumer idle, will kill? false . isRunning: true
06-21 17:01:31.060 4934-4953/com.malvinstn.testqueue D/MainApplication: add delayed message Command[2] at time 1466499705190133801
06-21 17:01:31.060 4934-5015/com.malvinstn.testqueue D/MainApplication: flushing messages at time 1466499691059814270
06-21 17:01:31.060 4934-5015/com.malvinstn.testqueue D/MainApplication: returning next ready at 14130319531 ns
06-21 17:01:31.060 4934-5015/com.malvinstn.testqueue D/MainApplication: [consumer_3] remove message null
06-21 17:01:31.060 4934-5015/com.malvinstn.testqueue D/MainApplication: [consumer_3] will wait on the lock until 1466499705190133801
06-21 17:01:31.060 4934-4953/com.malvinstn.testqueue D/MainApplication: poke consumer manager at 1466499705190133801
06-21 17:01:31.061 4934-4953/com.malvinstn.testqueue D/MainApplication: [FW Scheduler] on finished job SchedulerConstraint{uuid='7b957868-3521-4cbd-a6d2-3f0201471971', delayInMs=1654200000, networkStatus=1, overrideDeadlineInMs=null, data=android.app.job.JobParameters@f2df7eb}. reschedule:false
06-21 17:01:31.067 4934-4953/com.malvinstn.testqueue D/MainApplication: [FW Scheduler] scheduled a framework job. Success? true id: 1 created id: 2124
06-21 17:01:31.067 4934-4953/com.malvinstn.testqueue D/MainApplication: [FW Scheduler] on finished job SchedulerConstraint{uuid='ba4d5780-85eb-4c15-b6bf-7daa76238ee2', delayInMs=36900000, networkStatus=1, overrideDeadlineInMs=null, data=android.app.job.JobParameters@2de5948}. reschedule:false
06-21 17:01:31.076 4934-4934/com.malvinstn.testqueue D/com.malvinstn.testqueue.JobService: getJobManager() called with: 
06-21 17:01:31.076 4934-4934/com.malvinstn.testqueue D/MainApplication: MainApplication::getJobManager()
06-21 17:01:31.076 4934-4934/com.malvinstn.testqueue D/MainApplication: [FW Scheduler] start job SchedulerConstraint{uuid='7b957868-3521-4cbd-a6d2-3f0201471971', delayInMs=1655100000, networkStatus=1, overrideDeadlineInMs=null, data=null} 2124
06-21 17:01:31.076 4934-4934/com.malvinstn.testqueue D/MainApplication: [queue_SCHEDULER_5] post message com.birbit.android.jobqueue.messaging.message.SchedulerMessage@2be994
06-21 17:01:31.077 4934-4953/com.malvinstn.testqueue D/MainApplication: [FW Scheduler] scheduled a framework job. Success? true id: 1 created id: 2125
06-21 17:01:31.077 4934-4953/com.malvinstn.testqueue D/MainApplication: [priority_mq] looking for next message at time 1466499691076627760
06-21 17:01:31.077 4934-4953/com.malvinstn.testqueue D/MainApplication: flushing messages at time 1466499691076627760
06-21 17:01:31.077 4934-4953/com.malvinstn.testqueue D/MainApplication: returning next ready at 18533634043 ns
06-21 17:01:31.077 4934-4953/com.malvinstn.testqueue D/MainApplication: [priority_mq] next delayed job 1466499709610261803
06-21 17:01:31.077 4934-4953/com.malvinstn.testqueue D/MainApplication: [queue_SCHEDULER_5] remove message com.birbit.android.jobqueue.messaging.message.SchedulerMessage@a788cb
06-21 17:01:31.077 4934-4953/com.malvinstn.testqueue D/MainApplication: [priority_mq] consuming message of type SCHEDULER
06-21 17:01:31.078 4934-4953/com.malvinstn.testqueue D/MainApplication: considering adding a new consumer. Should poke all waiting? true isRunning? true waiting workers? 1
06-21 17:01:31.078 4934-4953/com.malvinstn.testqueue D/MainApplication: there are waiting workers, will poke them instead
06-21 17:01:31.078 4934-4953/com.malvinstn.testqueue D/MainApplication: [consumer_3] post message Command[2]
06-21 17:01:31.078 4934-4953/com.malvinstn.testqueue D/MainApplication: there were waiting workers, poked them and I'm done
06-21 17:01:31.078 4934-4953/com.malvinstn.testqueue D/MainApplication: [priority_mq] looking for next message at time 1466499691077544895
06-21 17:01:31.078 4934-4953/com.malvinstn.testqueue D/MainApplication: flushing messages at time 1466499691077544895
06-21 17:01:31.078 4934-4953/com.malvinstn.testqueue D/MainApplication: returning next ready at 18532716908 ns
06-21 17:01:31.078 4934-4953/com.malvinstn.testqueue D/MainApplication: [priority_mq] next delayed job 1466499709610261803
06-21 17:01:31.078 4934-4953/com.malvinstn.testqueue D/MainApplication: [queue_SCHEDULER_5] remove message com.birbit.android.jobqueue.messaging.message.SchedulerMessage@2be994
06-21 17:01:31.078 4934-4953/com.malvinstn.testqueue D/MainApplication: [priority_mq] consuming message of type SCHEDULER
06-21 17:01:31.079 4934-4953/com.malvinstn.testqueue D/MainApplication: considering adding a new consumer. Should poke all waiting? true isRunning? true waiting workers? 0
06-21 17:01:31.079 4934-4953/com.malvinstn.testqueue D/MainApplication: too many consumers, clearly above load factor 1
06-21 17:01:31.079 4934-4953/com.malvinstn.testqueue D/MainApplication: nothing has been poked. are we above load factor? false
06-21 17:01:31.079 4934-4953/com.malvinstn.testqueue D/MainApplication: [priority_mq] looking for next message at time 1466499691078322655
06-21 17:01:31.079 4934-4953/com.malvinstn.testqueue D/MainApplication: flushing messages at time 1466499691078322655
06-21 17:01:31.079 4934-4953/com.malvinstn.testqueue D/MainApplication: returning next ready at 18531939148 ns
