06-20 12:25:06.848 16972-17512/com.malvinstn.testqueue D/MainApplication: [priority_mq] looking for next message at time 1466396706848154171
06-20 12:25:06.848 16972-17512/com.malvinstn.testqueue D/MainApplication: flushing messages at time 1466396706848154171
06-20 12:25:06.848 16972-17512/com.malvinstn.testqueue D/MainApplication: returning next ready at 56378547501 ns
06-20 12:25:06.848 16972-17512/com.malvinstn.testqueue D/MainApplication: [priority_mq] next delayed job 1466396763226701672
06-20 12:25:06.848 16972-17512/com.malvinstn.testqueue D/MainApplication: [queue_SCHEDULER_5] remove message null
06-20 12:25:06.848 16972-17512/com.malvinstn.testqueue D/MainApplication: [queue_RUN_JOB_RESULT_6] remove message null
06-20 12:25:06.849 16972-17512/com.malvinstn.testqueue D/MainApplication: [queue_ADD_JOB_2] remove message null
06-20 12:25:06.849 16972-17512/com.malvinstn.testqueue D/MainApplication: [queue_JOB_CONSUMER_IDLE_4] remove message com.birbit.android.jobqueue.messaging.message.JobConsumerIdleMessage@bdbb488
06-20 12:25:06.849 16972-17512/com.malvinstn.testqueue D/MainApplication: [priority_mq] consuming message of type JOB_CONSUMER_IDLE
06-20 12:25:06.849 16972-17512/com.malvinstn.testqueue V/MainApplication: looking for next job
06-20 12:25:06.849 16972-17512/com.malvinstn.testqueue V/MainApplication: non persistent result null
06-20 12:25:06.850 16972-17512/com.malvinstn.testqueue V/MainApplication: persistent result null
06-20 12:25:06.850 16972-17512/com.malvinstn.testqueue D/MainApplication: keep alive: 1466396718306538599
06-20 12:25:06.850 16972-17512/com.malvinstn.testqueue D/MainApplication: Consumer idle, will kill? false . isRunning: true
06-20 12:25:06.850 16972-17512/com.malvinstn.testqueue D/MainApplication: add delayed message Command[2] at time 1466396718306538599
06-20 12:25:06.850 16972-17512/com.malvinstn.testqueue D/MainApplication: poke consumer manager at 1466396718306538599
06-20 12:25:06.850 16972-17512/com.malvinstn.testqueue D/MainApplication: [FW Scheduler] on finished job SchedulerConstraint{uuid='91424491-0acf-490a-878f-215c6437d8bb', delayInMs=206100000, networkStatus=2}. reschedule:false
06-20 12:25:06.851 16972-26665/com.malvinstn.testqueue D/MainApplication: flushing messages at time 1466396706851106359
06-20 12:25:06.851 16972-26665/com.malvinstn.testqueue D/MainApplication: returning next ready at 11455432240 ns
06-20 12:25:06.851 16972-26665/com.malvinstn.testqueue D/MainApplication: [consumer_3] remove message null
06-20 12:25:06.852 16972-26665/com.malvinstn.testqueue D/MainApplication: [consumer_3] will wait on the lock until 1466396718306538599
06-20 12:25:06.852 16972-16972/com.malvinstn.testqueue D/com.malvinstn.testqueue.JobService: getJobManager() called with: 
06-20 12:25:06.852 16972-16972/com.malvinstn.testqueue D/MainApplication: MainApplication::getJobManager()
06-20 12:25:06.859 16972-17512/com.malvinstn.testqueue D/MainApplication: [FW Scheduler] scheduled a framework job. Success? true id: 1 created id: 230
06-20 12:25:06.859 16972-17512/com.malvinstn.testqueue D/MainApplication: [priority_mq] looking for next message at time 1466396706858706724
06-20 12:25:06.859 16972-17512/com.malvinstn.testqueue D/MainApplication: flushing messages at time 1466396706858706724
06-20 12:25:06.859 16972-17512/com.malvinstn.testqueue D/MainApplication: returning next ready at 56367994948 ns
06-20 12:25:06.859 16972-17512/com.malvinstn.testqueue D/MainApplication: [priority_mq] next delayed job 1466396763226701672
06-20 12:25:06.859 16972-17512/com.malvinstn.testqueue D/MainApplication: [queue_SCHEDULER_5] remove message null
06-20 12:25:06.859 16972-17512/com.malvinstn.testqueue D/MainApplication: [queue_RUN_JOB_RESULT_6] remove message null
06-20 12:25:06.859 16972-17512/com.malvinstn.testqueue D/MainApplication: [queue_ADD_JOB_2] remove message null
06-20 12:25:06.859 16972-17512/com.malvinstn.testqueue D/MainApplication: [queue_JOB_CONSUMER_IDLE_4] remove message null
06-20 12:25:06.859 16972-17512/com.malvinstn.testqueue D/MainApplication: joq idle. running:? true
06-20 12:25:06.860 16972-17512/com.malvinstn.testqueue D/MainApplication: Job queue idle. next job at: 1466396763226701672
06-20 12:25:06.860 16972-17512/com.malvinstn.testqueue D/MainApplication: add delayed message com.birbit.android.jobqueue.messaging.message.ConstraintChangeMessage@1a29c47 at time 1466396763226701672
06-20 12:25:06.860 16972-17512/com.malvinstn.testqueue D/MainApplication: [priority_mq] did on idle post a message? true
06-20 12:25:06.860 16972-17512/com.malvinstn.testqueue D/MainApplication: [priority_mq] looking for next message at time 1466396706860057088
06-20 12:25:06.860 16972-17512/com.malvinstn.testqueue D/MainApplication: flushing messages at time 1466396706860057088
06-20 12:25:06.860 16972-17512/com.malvinstn.testqueue D/MainApplication: returning next ready at 56366644584 ns
06-20 12:25:06.860 16972-17512/com.malvinstn.testqueue D/MainApplication: [priority_mq] next delayed job 1466396763226701672
06-20 12:25:06.860 16972-17512/com.malvinstn.testqueue D/MainApplication: [queue_SCHEDULER_5] remove message null
06-20 12:25:06.860 16972-16972/com.malvinstn.testqueue D/com.malvinstn.testqueue.JobService: getJobManager() called with: 
06-20 12:25:06.860 16972-17512/com.malvinstn.testqueue D/MainApplication: [queue_RUN_JOB_RESULT_6] remove message null
06-20 12:25:06.860 16972-16972/com.malvinstn.testqueue D/MainApplication: MainApplication::getJobManager()
06-20 12:25:06.860 16972-17512/com.malvinstn.testqueue D/MainApplication: [queue_ADD_JOB_2] remove message null
06-20 12:25:06.860 16972-17512/com.malvinstn.testqueue D/MainApplication: [queue_JOB_CONSUMER_IDLE_4] remove message null
06-20 12:25:06.860 16972-17512/com.malvinstn.testqueue D/MainApplication: [priority_mq] did on idle post a message? false
06-20 12:25:06.861 16972-16972/com.malvinstn.testqueue D/com.malvinstn.testqueue.JobService: getJobManager() called with: 
06-20 12:25:06.861 16972-16972/com.malvinstn.testqueue D/MainApplication: MainApplication::getJobManager()
06-20 12:25:06.861 16972-16972/com.malvinstn.testqueue D/MainApplication: [FW Scheduler] start job SchedulerConstraint{uuid='91424491-0acf-490a-878f-215c6437d8bb', delayInMs=207000000, networkStatus=2} 230
06-20 12:25:06.861 16972-16972/com.malvinstn.testqueue D/MainApplication: [queue_SCHEDULER_5] post message com.birbit.android.jobqueue.messaging.message.SchedulerMessage@7abd2cc
06-20 12:25:06.862 16972-17512/com.malvinstn.testqueue D/MainApplication: [priority_mq] looking for next message at time 1466396706861445526
06-20 12:25:06.862 16972-17512/com.malvinstn.testqueue D/MainApplication: flushing messages at time 1466396706861445526
06-20 12:25:06.862 16972-17512/com.malvinstn.testqueue D/MainApplication: returning next ready at 56365256146 ns
06-20 12:25:06.862 16972-17512/com.malvinstn.testqueue D/MainApplication: [priority_mq] next delayed job 1466396763226701672
06-20 12:25:06.862 16972-17512/com.malvinstn.testqueue D/MainApplication: [queue_SCHEDULER_5] remove message com.birbit.android.jobqueue.messaging.message.SchedulerMessage@7abd2cc
06-20 12:25:06.862 16972-17512/com.malvinstn.testqueue D/MainApplication: [priority_mq] consuming message of type SCHEDULER
06-20 12:25:06.862 16972-17512/com.malvinstn.testqueue D/MainApplication: considering adding a new consumer. Should poke all waiting? true isRunning? true waiting workers? 1
06-20 12:25:06.862 16972-17512/com.malvinstn.testqueue D/MainApplication: there are waiting workers, will poke them instead
06-20 12:25:06.862 16972-17512/com.malvinstn.testqueue D/MainApplication: [consumer_3] post message Command[2]
06-20 12:25:06.862 16972-17512/com.malvinstn.testqueue D/MainApplication: there were waiting workers, poked them and I'm done
06-20 12:25:06.862 16972-17512/com.malvinstn.testqueue D/MainApplication: [priority_mq] looking for next message at time 1466396706862154640
06-20 12:25:06.862 16972-26665/com.malvinstn.testqueue D/MainApplication: flushing messages at time 1466396706862303286
06-20 12:25:06.862 16972-26665/com.malvinstn.testqueue D/MainApplication: returning next ready at 11444235313 ns
06-20 12:25:06.863 16972-26665/com.malvinstn.testqueue D/MainApplication: [consumer_3] remove message Command[2]
06-20 12:25:06.863 16972-26665/com.malvinstn.testqueue D/MainApplication: Consumer has been poked.
06-20 12:25:06.863 16972-26665/com.malvinstn.testqueue D/MainApplication: flushing messages at time 1466396706862460682
06-20 12:25:06.863 16972-26665/com.malvinstn.testqueue D/MainApplication: returning next ready at 11444077917 ns
06-20 12:25:06.863 16972-26665/com.malvinstn.testqueue D/MainApplication: [consumer_3] remove message null
06-20 12:25:06.863 16972-26665/com.malvinstn.testqueue D/MainApplication: consumer manager on idle
06-20 12:25:06.862 16972-17512/com.malvinstn.testqueue D/MainApplication: flushing messages at time 1466396706862154640
06-20 12:25:06.863 16972-17512/com.malvinstn.testqueue D/MainApplication: returning next ready at 56364547032 ns
06-20 12:25:06.863 16972-17512/com.malvinstn.testqueue D/MainApplication: [priority_mq] next delayed job 1466396763226701672
06-20 12:25:06.863 16972-17512/com.malvinstn.testqueue D/MainApplication: [queue_SCHEDULER_5] remove message null
06-20 12:25:06.863 16972-17512/com.malvinstn.testqueue D/MainApplication: [queue_RUN_JOB_RESULT_6] remove message null
06-20 12:25:06.863 16972-17512/com.malvinstn.testqueue D/MainApplication: [queue_ADD_JOB_2] remove message null
06-20 12:25:06.863 16972-17512/com.malvinstn.testqueue D/MainApplication: [queue_JOB_CONSUMER_IDLE_4] remove message null
06-20 12:25:06.863 16972-17512/com.malvinstn.testqueue D/MainApplication: joq idle. running:? true
06-20 12:25:06.863 16972-26665/com.malvinstn.testqueue D/MainApplication: [queue_JOB_CONSUMER_IDLE_4] post message com.birbit.android.jobqueue.messaging.message.JobConsumerIdleMessage@bdbb488
06-20 12:25:06.863 16972-26665/com.malvinstn.testqueue D/MainApplication: [consumer_3] will wait on the lock until 1466396718306538599
06-20 12:25:06.864 16972-17512/com.malvinstn.testqueue D/MainApplication: Job queue idle. next job at: 1466396763226701672
06-20 12:25:06.864 16972-17512/com.malvinstn.testqueue D/MainApplication: add delayed message com.birbit.android.jobqueue.messaging.message.ConstraintChangeMessage@47ee59d at time 1466396763226701672
06-20 12:25:06.864 16972-17512/com.malvinstn.testqueue D/MainApplication: [priority_mq] did on idle post a message? true
06-20 12:25:06.864 16972-17512/com.malvinstn.testqueue D/MainApplication: [priority_mq] looking for next message at time 1466396706864200838
06-20 12:25:06.864 16972-17512/com.malvinstn.testqueue D/MainApplication: flushing messages at time 1466396706864200838
06-20 12:25:06.864 16972-17512/com.malvinstn.testqueue D/MainApplication: returning next ready at 56362500834 ns
06-20 12:25:06.864 16972-17512/com.malvinstn.testqueue D/MainApplication: [priority_mq] next delayed job 1466396763226701672
06-20 12:25:06.864 16972-17512/com.malvinstn.testqueue D/MainApplication: [queue_SCHEDULER_5] remove message null
06-20 12:25:06.865 16972-17512/com.malvinstn.testqueue D/MainApplication: [queue_RUN_JOB_RESULT_6] remove message null
06-20 12:25:06.865 16972-17512/com.malvinstn.testqueue D/MainApplication: [queue_ADD_JOB_2] remove message null
06-20 12:25:06.865 16972-17512/com.malvinstn.testqueue D/MainApplication: [queue_JOB_CONSUMER_IDLE_4] remove message com.birbit.android.jobqueue.messaging.message.JobConsumerIdleMessage@bdbb488
06-20 12:25:06.865 16972-17512/com.malvinstn.testqueue D/MainApplication: [priority_mq] consuming message of type JOB_CONSUMER_IDLE
06-20 12:25:06.865 16972-17512/com.malvinstn.testqueue V/MainApplication: looking for next job
06-20 12:25:06.865 16972-17512/com.malvinstn.testqueue V/MainApplication: non persistent result null
06-20 12:25:06.866 16972-17512/com.malvinstn.testqueue V/MainApplication: persistent result null
06-20 12:25:06.866 16972-17512/com.malvinstn.testqueue D/MainApplication: keep alive: 1466396718306538599
06-20 12:25:06.866 16972-17512/com.malvinstn.testqueue D/MainApplication: Consumer idle, will kill? false . isRunning: true
06-20 12:25:06.866 16972-17512/com.malvinstn.testqueue D/MainApplication: add delayed message Command[2] at time 1466396718306538599
06-20 12:25:06.866 16972-26665/com.malvinstn.testqueue D/MainApplication: flushing messages at time 1466396706865885109
06-20 12:25:06.866 16972-26665/com.malvinstn.testqueue D/MainApplication: returning next ready at 11440653490 ns
06-20 12:25:06.866 16972-26665/com.malvinstn.testqueue D/MainApplication: [consumer_3] remove message null
06-20 12:25:06.866 16972-26665/com.malvinstn.testqueue D/MainApplication: [consumer_3] will wait on the lock until 1466396718306538599
06-20 12:25:06.866 16972-17512/com.malvinstn.testqueue D/MainApplication: poke consumer manager at 1466396718306538599
06-20 12:25:06.867 16972-17512/com.malvinstn.testqueue D/MainApplication: [FW Scheduler] on finished job SchedulerConstraint{uuid='91424491-0acf-490a-878f-215c6437d8bb', delayInMs=207000000, networkStatus=2}. reschedule:false
06-20 12:25:06.868 16972-16972/com.malvinstn.testqueue D/com.malvinstn.testqueue.JobService: getJobManager() called with: 
06-20 12:25:06.869 16972-16972/com.malvinstn.testqueue D/MainApplication: MainApplication::getJobManager()
06-20 12:25:06.872 16972-17512/com.malvinstn.testqueue D/MainApplication: [FW Scheduler] scheduled a framework job. Success? true id: 1 created id: 231
06-20 12:25:06.872 16972-17512/com.malvinstn.testqueue D/MainApplication: [priority_mq] looking for next message at time 1466396706872254224
06-20 12:25:06.872 16972-17512/com.malvinstn.testqueue D/MainApplication: flushing messages at time 1466396706872254224
06-20 12:25:06.872 16972-17512/com.malvinstn.testqueue D/MainApplication: returning next ready at 56354447448 ns
06-20 12:25:06.873 16972-17512/com.malvinstn.testqueue D/MainApplication: [priority_mq] next delayed job 1466396763226701672
06-20 12:25:06.873 16972-17512/com.malvinstn.testqueue D/MainApplication: [queue_SCHEDULER_5] remove message null
06-20 12:25:06.873 16972-17512/com.malvinstn.testqueue D/MainApplication: [queue_RUN_JOB_RESULT_6] remove message null
06-20 12:25:06.873 16972-17512/com.malvinstn.testqueue D/MainApplication: [queue_ADD_JOB_2] remove message null
06-20 12:25:06.873 16972-17512/com.malvinstn.testqueue D/MainApplication: [queue_JOB_CONSUMER_IDLE_4] remove message null
06-20 12:25:06.873 16972-17512/com.malvinstn.testqueue D/MainApplication: joq idle. running:? true
06-20 12:25:06.874 16972-16972/com.malvinstn.testqueue D/com.malvinstn.testqueue.JobService: getJobManager() called with: 
06-20 12:25:06.874 16972-16972/com.malvinstn.testqueue D/MainApplication: MainApplication::getJobManager()
06-20 12:25:06.875 16972-17512/com.malvinstn.testqueue D/MainApplication: Job queue idle. next job at: 1466396763226701672
06-20 12:25:06.875 16972-17512/com.malvinstn.testqueue D/MainApplication: add delayed message com.birbit.android.jobqueue.messaging.message.ConstraintChangeMessage@304cbe0 at time 1466396763226701672
06-20 12:25:06.875 16972-17512/com.malvinstn.testqueue D/MainApplication: [priority_mq] did on idle post a message? true
06-20 12:25:06.875 16972-17512/com.malvinstn.testqueue D/MainApplication: [priority_mq] looking for next message at time 1466396706875020786
06-20 12:25:06.875 16972-17512/com.malvinstn.testqueue D/MainApplication: flushing messages at time 1466396706875020786
06-20 12:25:06.875 16972-17512/com.malvinstn.testqueue D/MainApplication: returning next ready at 56351680886 ns
06-20 12:25:06.875 16972-17512/com.malvinstn.testqueue D/MainApplication: [priority_mq] next delayed job 1466396763226701672
06-20 12:25:06.875 16972-17512/com.malvinstn.testqueue D/MainApplication: [queue_SCHEDULER_5] remove message null
06-20 12:25:06.875 16972-17512/com.malvinstn.testqueue D/MainApplication: [queue_RUN_JOB_RESULT_6] remove message null
06-20 12:25:06.875 16972-17512/com.malvinstn.testqueue D/MainApplication: [queue_ADD_JOB_2] remove message null
06-20 12:25:06.875 16972-17512/com.malvinstn.testqueue D/MainApplication: [queue_JOB_CONSUMER_IDLE_4] remove message null
06-20 12:25:06.875 16972-17512/com.malvinstn.testqueue D/MainApplication: [priority_mq] did on idle post a message? false
06-20 12:25:06.876 16972-16972/com.malvinstn.testqueue D/com.malvinstn.testqueue.JobService: getJobManager() called with: 
06-20 12:25:06.876 16972-16972/com.malvinstn.testqueue D/MainApplication: MainApplication::getJobManager()
06-20 12:25:06.876 16972-16972/com.malvinstn.testqueue D/MainApplication: [FW Scheduler] start job SchedulerConstraint{uuid='91424491-0acf-490a-878f-215c6437d8bb', delayInMs=207900000, networkStatus=2} 231
06-20 12:25:06.876 16972-16972/com.malvinstn.testqueue D/MainApplication: [queue_SCHEDULER_5] post message com.birbit.android.jobqueue.messaging.message.SchedulerMessage@7abd2cc
06-20 12:25:06.876 16972-17512/com.malvinstn.testqueue D/MainApplication: [priority_mq] looking for next message at time 1466396706876296984
06-20 12:25:06.876 16972-17512/com.malvinstn.testqueue D/MainApplication: flushing messages at time 1466396706876296984
06-20 12:25:06.877 16972-17512/com.malvinstn.testqueue D/MainApplication: returning next ready at 56350404688 ns
06-20 12:25:06.877 16972-17512/com.malvinstn.testqueue D/MainApplication: [priority_mq] next delayed job 1466396763226701672
06-20 12:25:06.877 16972-17512/com.malvinstn.testqueue D/MainApplication: [queue_SCHEDULER_5] remove message com.birbit.android.jobqueue.messaging.message.SchedulerMessage@7abd2cc
06-20 12:25:06.877 16972-17512/com.malvinstn.testqueue D/MainApplication: [priority_mq] consuming message of type SCHEDULER
06-20 12:25:06.877 16972-17512/com.malvinstn.testqueue D/MainApplication: considering adding a new consumer. Should poke all waiting? true isRunning? true waiting workers? 1
06-20 12:25:06.877 16972-17512/com.malvinstn.testqueue D/MainApplication: there are waiting workers, will poke them instead
06-20 12:25:06.877 16972-17512/com.malvinstn.testqueue D/MainApplication: [consumer_3] post message Command[2]
06-20 12:25:06.877 16972-17512/com.malvinstn.testqueue D/MainApplication: there were waiting workers, poked them and I'm done
06-20 12:25:06.877 16972-26665/com.malvinstn.testqueue D/MainApplication: flushing messages at time 1466396706876958390
06-20 12:25:06.877 16972-17512/com.malvinstn.testqueue D/MainApplication: [priority_mq] looking for next message at time 1466396706876987036
06-20 12:25:06.877 16972-26665/com.malvinstn.testqueue D/MainApplication: returning next ready at 11429580209 ns
06-20 12:25:06.877 16972-17512/com.malvinstn.testqueue D/MainApplication: flushing messages at time 1466396706876987036
06-20 12:25:06.877 16972-26665/com.malvinstn.testqueue D/MainApplication: [consumer_3] remove message Command[2]
06-20 12:25:06.877 16972-17512/com.malvinstn.testqueue D/MainApplication: returning next ready at 56349714636 ns
06-20 12:25:06.877 16972-26665/com.malvinstn.testqueue D/MainApplication: Consumer has been poked.
06-20 12:25:06.877 16972-17512/com.malvinstn.testqueue D/MainApplication: [priority_mq] next delayed job 1466396763226701672
06-20 12:25:06.877 16972-26665/com.malvinstn.testqueue D/MainApplication: flushing messages at time 1466396706877116827
06-20 12:25:06.877 16972-17512/com.malvinstn.testqueue D/MainApplication: [queue_SCHEDULER_5] remove message null
06-20 12:25:06.877 16972-26665/com.malvinstn.testqueue D/MainApplication: returning next ready at 11429421772 ns
06-20 12:25:06.877 16972-17512/com.malvinstn.testqueue D/MainApplication: [queue_RUN_JOB_RESULT_6] remove message null
06-20 12:25:06.877 16972-26665/com.malvinstn.testqueue D/MainApplication: [consumer_3] remove message null
06-20 12:25:06.877 16972-17512/com.malvinstn.testqueue D/MainApplication: [queue_ADD_JOB_2] remove message null
06-20 12:25:06.877 16972-26665/com.malvinstn.testqueue D/MainApplication: consumer manager on idle
06-20 12:25:06.877 16972-17512/com.malvinstn.testqueue D/MainApplication: [queue_JOB_CONSUMER_IDLE_4] remove message null
06-20 12:25:06.877 16972-17512/com.malvinstn.testqueue D/MainApplication: joq idle. running:? true
06-20 12:25:06.877 16972-26665/com.malvinstn.testqueue D/MainApplication: [queue_JOB_CONSUMER_IDLE_4] post message com.birbit.android.jobqueue.messaging.message.JobConsumerIdleMessage@bdbb488
06-20 12:25:06.877 16972-26665/com.malvinstn.testqueue D/MainApplication: [consumer_3] will wait on the lock until 1466396718306538599
06-20 12:25:06.878 16972-17512/com.malvinstn.testqueue D/MainApplication: Job queue idle. next job at: 1466396763226701672
06-20 12:25:06.878 16972-17512/com.malvinstn.testqueue D/MainApplication: add delayed message com.birbit.android.jobqueue.messaging.message.ConstraintChangeMessage@e693e99 at time 1466396763226701672
06-20 12:25:06.878 16972-17512/com.malvinstn.testqueue D/MainApplication: [priority_mq] did on idle post a message? true
06-20 12:25:06.878 16972-17512/com.malvinstn.testqueue D/MainApplication: [priority_mq] looking for next message at time 1466396706878326775
06-20 12:25:06.879 16972-17512/com.malvinstn.testqueue D/MainApplication: flushing messages at time 1466396706878326775
06-20 12:25:06.879 16972-17512/com.malvinstn.testqueue D/MainApplication: returning next ready at 56348374897 ns
06-20 12:25:06.879 16972-17512/com.malvinstn.testqueue D/MainApplication: [priority_mq] next delayed job 1466396763226701672
06-20 12:25:06.879 16972-17512/com.malvinstn.testqueue D/MainApplication: [queue_SCHEDULER_5] remove message null
06-20 12:25:06.879 16972-17512/com.malvinstn.testqueue D/MainApplication: [queue_RUN_JOB_RESULT_6] remove message null
06-20 12:25:06.879 16972-17512/com.malvinstn.testqueue D/MainApplication: [queue_ADD_JOB_2] remove message null
06-20 12:25:06.879 16972-17512/com.malvinstn.testqueue D/MainApplication: [queue_JOB_CONSUMER_IDLE_4] remove message com.birbit.android.jobqueue.messaging.message.JobConsumerIdleMessage@bdbb488
06-20 12:25:06.879 16972-17512/com.malvinstn.testqueue D/MainApplication: [priority_mq] consuming message of type JOB_CONSUMER_IDLE
06-20 12:25:06.879 16972-17512/com.malvinstn.testqueue V/MainApplication: looking for next job
06-20 12:25:06.880 16972-17512/com.malvinstn.testqueue V/MainApplication: non persistent result null
06-20 12:25:06.880 16972-17512/com.malvinstn.testqueue V/MainApplication: persistent result null
06-20 12:25:06.880 16972-17512/com.malvinstn.testqueue D/MainApplication: keep alive: 1466396718306538599
06-20 12:25:06.880 16972-17512/com.malvinstn.testqueue D/MainApplication: Consumer idle, will kill? false . isRunning: true
06-20 12:25:06.880 16972-17512/com.malvinstn.testqueue D/MainApplication: add delayed message Command[2] at time 1466396718306538599
06-20 12:25:06.880 16972-17512/com.malvinstn.testqueue D/MainApplication: poke consumer manager at 1466396718306538599
06-20 12:25:06.880 16972-26665/com.malvinstn.testqueue D/MainApplication: flushing messages at time 1466396706880233338
06-20 12:25:06.880 16972-26665/com.malvinstn.testqueue D/MainApplication: returning next ready at 11426305261 ns
06-20 12:25:06.880 16972-26665/com.malvinstn.testqueue D/MainApplication: [consumer_3] remove message null
06-20 12:25:06.880 16972-26665/com.malvinstn.testqueue D/MainApplication: [consumer_3] will wait on the lock until 1466396718306538599
06-20 12:25:06.881 16972-17512/com.malvinstn.testqueue D/MainApplication: [FW Scheduler] on finished job SchedulerConstraint{uuid='91424491-0acf-490a-878f-215c6437d8bb', delayInMs=207900000, networkStatus=2}. reschedule:false
06-20 12:25:06.882 16972-16972/com.malvinstn.testqueue D/com.malvinstn.testqueue.JobService: getJobManager() called with: 
06-20 12:25:06.882 16972-16972/com.malvinstn.testqueue D/MainApplication: MainApplication::getJobManager()
06-20 12:25:06.888 16972-17512/com.malvinstn.testqueue D/MainApplication: [FW Scheduler] scheduled a framework job. Success? true id: 1 created id: 232
06-20 12:25:06.888 16972-17512/com.malvinstn.testqueue D/MainApplication: [priority_mq] looking for next message at time 1466396706888303598
06-20 12:25:06.888 16972-17512/com.malvinstn.testqueue D/MainApplication: flushing messages at time 1466396706888303598
06-20 12:25:06.889 16972-17512/com.malvinstn.testqueue D/MainApplication: returning next ready at 56338398074 ns
06-20 12:25:06.889 16972-17512/com.malvinstn.testqueue D/MainApplication: [priority_mq] next delayed job 1466396763226701672
06-20 12:25:06.889 16972-17512/com.malvinstn.testqueue D/MainApplication: [queue_SCHEDULER_5] remove message null
06-20 12:25:06.889 16972-17512/com.malvinstn.testqueue D/MainApplication: [queue_RUN_JOB_RESULT_6] remove message null
06-20 12:25:06.889 16972-17512/com.malvinstn.testqueue D/MainApplication: [queue_ADD_JOB_2] remove message null
06-20 12:25:06.889 16972-17512/com.malvinstn.testqueue D/MainApplication: [queue_JOB_CONSUMER_IDLE_4] remove message null
06-20 12:25:06.889 16972-17512/com.malvinstn.testqueue D/MainApplication: joq idle. running:? true
06-20 12:25:06.890 16972-17512/com.malvinstn.testqueue D/MainApplication: Job queue idle. next job at: 1466396763226701672
06-20 12:25:06.890 16972-17512/com.malvinstn.testqueue D/MainApplication: add delayed message com.birbit.android.jobqueue.messaging.message.ConstraintChangeMessage@b80cd3f at time 1466396763226701672
06-20 12:25:06.890 16972-17512/com.malvinstn.testqueue D/MainApplication: [priority_mq] did on idle post a message? true
06-20 12:25:06.890 16972-17512/com.malvinstn.testqueue D/MainApplication: [priority_mq] looking for next message at time 1466396706889660422
06-20 12:25:06.890 16972-17512/com.malvinstn.testqueue D/MainApplication: flushing messages at time 1466396706889660422
06-20 12:25:06.890 16972-17512/com.malvinstn.testqueue D/MainApplication: returning next ready at 56337041250 ns
06-20 12:25:06.890 16972-17512/com.malvinstn.testqueue D/MainApplication: [priority_mq] next delayed job 1466396763226701672
06-20 12:25:06.890 16972-17512/com.malvinstn.testqueue D/MainApplication: [queue_SCHEDULER_5] remove message null
06-20 12:25:06.890 16972-17512/com.malvinstn.testqueue D/MainApplication: [queue_RUN_JOB_RESULT_6] remove message null
06-20 12:25:06.890 16972-17512/com.malvinstn.testqueue D/MainApplication: [queue_ADD_JOB_2] remove message null
06-20 12:25:06.890 16972-17512/com.malvinstn.testqueue D/MainApplication: [queue_JOB_CONSUMER_IDLE_4] remove message null
06-20 12:25:06.890 16972-17512/com.malvinstn.testqueue D/MainApplication: [priority_mq] did on idle post a message? false
06-20 12:25:06.891 16972-16972/com.malvinstn.testqueue D/com.malvinstn.testqueue.JobService: getJobManager() called with: 
06-20 12:25:06.891 16972-16972/com.malvinstn.testqueue D/MainApplication: MainApplication::getJobManager()
06-20 12:25:06.892 16972-16972/com.malvinstn.testqueue D/com.malvinstn.testqueue.JobService: getJobManager() called with: 
06-20 12:25:06.892 16972-16972/com.malvinstn.testqueue D/MainApplication: MainApplication::getJobManager()
06-20 12:25:06.892 16972-16972/com.malvinstn.testqueue D/MainApplication: [FW Scheduler] start job SchedulerConstraint{uuid='91424491-0acf-490a-878f-215c6437d8bb', delayInMs=208800000, networkStatus=2} 232
06-20 12:25:06.892 16972-16972/com.malvinstn.testqueue D/MainApplication: [queue_SCHEDULER_5] post message com.birbit.android.jobqueue.messaging.message.SchedulerMessage@7abd2cc
06-20 12:25:06.892 16972-17512/com.malvinstn.testqueue D/MainApplication: [priority_mq] looking for next message at time 1466396706891845526
06-20 12:25:06.892 16972-17512/com.malvinstn.testqueue D/MainApplication: flushing messages at time 1466396706891845526
06-20 12:25:06.892 16972-17512/com.malvinstn.testqueue D/MainApplication: returning next ready at 56334856146 ns
06-20 12:25:06.892 16972-17512/com.malvinstn.testqueue D/MainApplication: [priority_mq] next delayed job 1466396763226701672
06-20 12:25:06.892 16972-17512/com.malvinstn.testqueue D/MainApplication: [queue_SCHEDULER_5] remove message com.birbit.android.jobqueue.messaging.message.SchedulerMessage@7abd2cc
06-20 12:25:06.892 16972-17512/com.malvinstn.testqueue D/MainApplication: [priority_mq] consuming message of type SCHEDULER
06-20 12:25:06.893 16972-17512/com.malvinstn.testqueue D/MainApplication: considering adding a new consumer. Should poke all waiting? true isRunning? true waiting workers? 1
06-20 12:25:06.893 16972-17512/com.malvinstn.testqueue D/MainApplication: there are waiting workers, will poke them instead
06-20 12:25:06.893 16972-17512/com.malvinstn.testqueue D/MainApplication: [consumer_3] post message Command[2]
06-20 12:25:06.893 16972-17512/com.malvinstn.testqueue D/MainApplication: there were waiting workers, poked them and I'm done
06-20 12:25:06.893 16972-17512/com.malvinstn.testqueue D/MainApplication: [priority_mq] looking for next message at time 1466396706892585734
06-20 12:25:06.893 16972-17512/com.malvinstn.testqueue D/MainApplication: flushing messages at time 1466396706892585734
06-20 12:25:06.893 16972-17512/com.malvinstn.testqueue D/MainApplication: returning next ready at 56334115938 ns
06-20 12:25:06.893 16972-17512/com.malvinstn.testqueue D/MainApplication: [priority_mq] next delayed job 1466396763226701672
06-20 12:25:06.893 16972-17512/com.malvinstn.testqueue D/MainApplication: [queue_SCHEDULER_5] remove message null
06-20 12:25:06.893 16972-17512/com.malvinstn.testqueue D/MainApplication: [queue_RUN_JOB_RESULT_6] remove message null
06-20 12:25:06.893 16972-17512/com.malvinstn.testqueue D/MainApplication: [queue_ADD_JOB_2] remove message null
06-20 12:25:06.893 16972-17512/com.malvinstn.testqueue D/MainApplication: [queue_JOB_CONSUMER_IDLE_4] remove message null
06-20 12:25:06.893 16972-17512/com.malvinstn.testqueue D/MainApplication: joq idle. running:? true
06-20 12:25:06.893 16972-26665/com.malvinstn.testqueue D/MainApplication: flushing messages at time 1466396706892911776
06-20 12:25:06.893 16972-26665/com.malvinstn.testqueue D/MainApplication: returning next ready at 11413626823 ns
06-20 12:25:06.893 16972-26665/com.malvinstn.testqueue D/MainApplication: [consumer_3] remove message Command[2]
06-20 12:25:06.893 16972-26665/com.malvinstn.testqueue D/MainApplication: Consumer has been poked.
06-20 12:25:06.893 16972-26665/com.malvinstn.testqueue D/MainApplication: flushing messages at time 1466396706893108546
06-20 12:25:06.893 16972-26665/com.malvinstn.testqueue D/MainApplication: returning next ready at 11413430053 ns
06-20 12:25:06.893 16972-26665/com.malvinstn.testqueue D/MainApplication: [consumer_3] remove message null
06-20 12:25:06.893 16972-26665/com.malvinstn.testqueue D/MainApplication: consumer manager on idle
06-20 12:25:06.893 16972-26665/com.malvinstn.testqueue D/MainApplication: [queue_JOB_CONSUMER_IDLE_4] post message com.birbit.android.jobqueue.messaging.message.JobConsumerIdleMessage@bdbb488
06-20 12:25:06.894 16972-26665/com.malvinstn.testqueue D/MainApplication: [consumer_3] will wait on the lock until 1466396718306538599
06-20 12:25:06.894 16972-17512/com.malvinstn.testqueue D/MainApplication: Job queue idle. next job at: 1466396763226701672
06-20 12:25:06.894 16972-17512/com.malvinstn.testqueue D/MainApplication: add delayed message com.birbit.android.jobqueue.messaging.message.ConstraintChangeMessage@7062b55 at time 1466396763226701672
06-20 12:25:06.894 16972-17512/com.malvinstn.testqueue D/MainApplication: [priority_mq] did on idle post a message? true
06-20 12:25:06.894 16972-17512/com.malvinstn.testqueue D/MainApplication: [priority_mq] looking for next message at time 1466396706894027036
06-20 12:25:06.894 16972-17512/com.malvinstn.testqueue D/MainApplication: flushing messages at time 1466396706894027036
06-20 12:25:06.894 16972-17512/com.malvinstn.testqueue D/MainApplication: returning next ready at 56332674636 ns
06-20 12:25:06.894 16972-17512/com.malvinstn.testqueue D/MainApplication: [priority_mq] next delayed job 1466396763226701672
06-20 12:25:06.894 16972-17512/com.malvinstn.testqueue D/MainApplication: [queue_SCHEDULER_5] remove message null
06-20 12:25:06.894 16972-17512/com.malvinstn.testqueue D/MainApplication: [queue_RUN_JOB_RESULT_6] remove message null
06-20 12:25:06.894 16972-17512/com.malvinstn.testqueue D/MainApplication: [queue_ADD_JOB_2] remove message null
06-20 12:25:06.894 16972-17512/com.malvinstn.testqueue D/MainApplication: [queue_JOB_CONSUMER_IDLE_4] remove message com.birbit.android.jobqueue.messaging.message.JobConsumerIdleMessage@bdbb488
06-20 12:25:06.894 16972-17512/com.malvinstn.testqueue D/MainApplication: [priority_mq] consuming message of type JOB_CONSUMER_IDLE
06-20 12:25:06.895 16972-17512/com.malvinstn.testqueue V/MainApplication: looking for next job
06-20 12:25:06.895 16972-17512/com.malvinstn.testqueue V/MainApplication: non persistent result null
06-20 12:25:06.896 16972-17512/com.malvinstn.testqueue V/MainApplication: persistent result null
06-20 12:25:06.896 16972-17512/com.malvinstn.testqueue D/MainApplication: keep alive: 1466396718306538599
06-20 12:25:06.896 16972-17512/com.malvinstn.testqueue D/MainApplication: Consumer idle, will kill? false . isRunning: true
06-20 12:25:06.896 16972-17512/com.malvinstn.testqueue D/MainApplication: add delayed message Command[2] at time 1466396718306538599
06-20 12:25:06.896 16972-17512/com.malvinstn.testqueue D/MainApplication: poke consumer manager at 1466396718306538599
06-20 12:25:06.896 16972-26665/com.malvinstn.testqueue D/MainApplication: flushing messages at time 1466396706895713702
06-20 12:25:06.896 16972-26665/com.malvinstn.testqueue D/MainApplication: returning next ready at 11410824897 ns
06-20 12:25:06.896 16972-26665/com.malvinstn.testqueue D/MainApplication: [consumer_3] remove message null
06-20 12:25:06.896 16972-26665/com.malvinstn.testqueue D/MainApplication: [consumer_3] will wait on the lock until 1466396718306538599
06-20 12:25:06.896 16972-17512/com.malvinstn.testqueue D/MainApplication: [FW Scheduler] on finished job SchedulerConstraint{uuid='91424491-0acf-490a-878f-215c6437d8bb', delayInMs=208800000, networkStatus=2}. reschedule:false
06-20 12:25:06.897 16972-16972/com.malvinstn.testqueue D/com.malvinstn.testqueue.JobService: getJobManager() called with: 
06-20 12:25:06.897 16972-16972/com.malvinstn.testqueue D/MainApplication: MainApplication::getJobManager()
06-20 12:25:06.901 16972-17512/com.malvinstn.testqueue D/MainApplication: [FW Scheduler] scheduled a framework job. Success? true id: 1 created id: 233
06-20 12:25:06.901 16972-17512/com.malvinstn.testqueue D/MainApplication: [priority_mq] looking for next message at time 1466396706901180942
06-20 12:25:06.901 16972-17512/com.malvinstn.testqueue D/MainApplication: flushing messages at time 1466396706901180942
06-20 12:25:06.901 16972-17512/com.malvinstn.testqueue D/MainApplication: returning next ready at 56325520730 ns
06-20 12:25:06.901 16972-17512/com.malvinstn.testqueue D/MainApplication: [priority_mq] next delayed job 1466396763226701672
06-20 12:25:06.901 16972-17512/com.malvinstn.testqueue D/MainApplication: [queue_SCHEDULER_5] remove message null
06-20 12:25:06.902 16972-17512/com.malvinstn.testqueue D/MainApplication: [queue_RUN_JOB_RESULT_6] remove message null
06-20 12:25:06.902 16972-17512/com.malvinstn.testqueue D/MainApplication: [queue_ADD_JOB_2] remove message null
06-20 12:25:06.902 16972-17512/com.malvinstn.testqueue D/MainApplication: [queue_JOB_CONSUMER_IDLE_4] remove message null
06-20 12:25:06.902 16972-17512/com.malvinstn.testqueue D/MainApplication: joq idle. running:? true
06-20 12:25:06.902 16972-17512/com.malvinstn.testqueue D/MainApplication: Job queue idle. next job at: 1466396763226701672
06-20 12:25:06.902 16972-17512/com.malvinstn.testqueue D/MainApplication: add delayed message com.birbit.android.jobqueue.messaging.message.ConstraintChangeMessage@13efe5b at time 1466396763226701672
06-20 12:25:06.903 16972-17512/com.malvinstn.testqueue D/MainApplication: [priority_mq] did on idle post a message? true
06-20 12:25:06.903 16972-16972/com.malvinstn.testqueue D/com.malvinstn.testqueue.JobService: getJobManager() called with: 
06-20 12:25:06.903 16972-17512/com.malvinstn.testqueue D/MainApplication: [priority_mq] looking for next message at time 1466396706902499588
06-20 12:25:06.903 16972-16972/com.malvinstn.testqueue D/MainApplication: MainApplication::getJobManager()
06-20 12:25:06.903 16972-17512/com.malvinstn.testqueue D/MainApplication: flushing messages at time 1466396706902499588
06-20 12:25:06.903 16972-17512/com.malvinstn.testqueue D/MainApplication: returning next ready at 56324202084 ns
06-20 12:25:06.903 16972-17512/com.malvinstn.testqueue D/MainApplication: [priority_mq] next delayed job 1466396763226701672
06-20 12:25:06.903 16972-17512/com.malvinstn.testqueue D/MainApplication: [queue_SCHEDULER_5] remove message null
06-20 12:25:06.903 16972-17512/com.malvinstn.testqueue D/MainApplication: [queue_RUN_JOB_RESULT_6] remove message null
06-20 12:25:06.903 16972-17512/com.malvinstn.testqueue D/MainApplication: [queue_ADD_JOB_2] remove message null
06-20 12:25:06.903 16972-17512/com.malvinstn.testqueue D/MainApplication: [queue_JOB_CONSUMER_IDLE_4] remove message null
06-20 12:25:06.903 16972-17512/com.malvinstn.testqueue D/MainApplication: [priority_mq] did on idle post a message? false
06-20 12:25:06.905 16972-16972/com.malvinstn.testqueue D/com.malvinstn.testqueue.JobService: getJobManager() called with: 
06-20 12:25:06.905 16972-16972/com.malvinstn.testqueue D/MainApplication: MainApplication::getJobManager()
06-20 12:25:06.906 16972-16972/com.malvinstn.testqueue D/MainApplication: [FW Scheduler] start job SchedulerConstraint{uuid='91424491-0acf-490a-878f-215c6437d8bb', delayInMs=209700000, networkStatus=2} 233
06-20 12:25:06.906 16972-16972/com.malvinstn.testqueue D/MainApplication: [queue_SCHEDULER_5] post message com.birbit.android.jobqueue.messaging.message.SchedulerMessage@7abd2cc
06-20 12:25:06.906 16972-17512/com.malvinstn.testqueue D/MainApplication: [priority_mq] looking for next message at time 1466396706905522505
06-20 12:25:06.906 16972-17512/com.malvinstn.testqueue D/MainApplication: flushing messages at time 1466396706905522505
06-20 12:25:06.906 16972-17512/com.malvinstn.testqueue D/MainApplication: returning next ready at 56321179167 ns
06-20 12:25:06.906 16972-17512/com.malvinstn.testqueue D/MainApplication: [priority_mq] next delayed job 1466396763226701672
06-20 12:25:06.906 16972-17512/com.malvinstn.testqueue D/MainApplication: [queue_SCHEDULER_5] remove message com.birbit.android.jobqueue.messaging.message.SchedulerMessage@7abd2cc
06-20 12:25:06.906 16972-17512/com.malvinstn.testqueue D/MainApplication: [priority_mq] consuming message of type SCHEDULER
06-20 12:25:06.906 16972-17512/com.malvinstn.testqueue D/MainApplication: considering adding a new consumer. Should poke all waiting? true isRunning? true waiting workers? 1
06-20 12:25:06.906 16972-17512/com.malvinstn.testqueue D/MainApplication: there are waiting workers, will poke them instead
06-20 12:25:06.906 16972-17512/com.malvinstn.testqueue D/MainApplication: [consumer_3] post message Command[2]
06-20 12:25:06.906 16972-17512/com.malvinstn.testqueue D/MainApplication: there were waiting workers, poked them and I'm done
06-20 12:25:06.906 16972-26665/com.malvinstn.testqueue D/MainApplication: flushing messages at time 1466396706906238754
06-20 12:25:06.906 16972-17512/com.malvinstn.testqueue D/MainApplication: [priority_mq] looking for next message at time 1466396706906265004
06-20 12:25:06.906 16972-26665/com.malvinstn.testqueue D/MainApplication: returning next ready at 11400299845 ns
06-20 12:25:06.906 16972-17512/com.malvinstn.testqueue D/MainApplication: flushing messages at time 1466396706906265004
06-20 12:25:06.906 16972-26665/com.malvinstn.testqueue D/MainApplication: [consumer_3] remove message Command[2]
06-20 12:25:06.906 16972-17512/com.malvinstn.testqueue D/MainApplication: returning next ready at 56320436668 ns
06-20 12:25:06.906 16972-26665/com.malvinstn.testqueue D/MainApplication: Consumer has been poked.
06-20 12:25:06.907 16972-17512/com.malvinstn.testqueue D/MainApplication: [priority_mq] next delayed job 1466396763226701672
06-20 12:25:06.907 16972-26665/com.malvinstn.testqueue D/MainApplication: flushing messages at time 1466396706906393911
06-20 12:25:06.907 16972-17512/com.malvinstn.testqueue D/MainApplication: [queue_SCHEDULER_5] remove message null
06-20 12:25:06.907 16972-26665/com.malvinstn.testqueue D/MainApplication: returning next ready at 11400144688 ns
06-20 12:25:06.907 16972-17512/com.malvinstn.testqueue D/MainApplication: [queue_RUN_JOB_RESULT_6] remove message null
06-20 12:25:06.907 16972-26665/com.malvinstn.testqueue D/MainApplication: [consumer_3] remove message null
06-20 12:25:06.907 16972-17512/com.malvinstn.testqueue D/MainApplication: [queue_ADD_JOB_2] remove message null
06-20 12:25:06.907 16972-26665/com.malvinstn.testqueue D/MainApplication: consumer manager on idle
06-20 12:25:06.907 16972-17512/com.malvinstn.testqueue D/MainApplication: [queue_JOB_CONSUMER_IDLE_4] remove message null
06-20 12:25:06.907 16972-17512/com.malvinstn.testqueue D/MainApplication: joq idle. running:? true
06-20 12:25:06.907 16972-26665/com.malvinstn.testqueue D/MainApplication: [queue_JOB_CONSUMER_IDLE_4] post message com.birbit.android.jobqueue.messaging.message.JobConsumerIdleMessage@bdbb488
06-20 12:25:06.907 16972-26665/com.malvinstn.testqueue D/MainApplication: [consumer_3] will wait on the lock until 1466396718306538599
06-20 12:25:06.907 16972-17512/com.malvinstn.testqueue D/MainApplication: Job queue idle. next job at: 1466396763226701672
06-20 12:25:06.908 16972-17512/com.malvinstn.testqueue D/MainApplication: add delayed message com.birbit.android.jobqueue.messaging.message.ConstraintChangeMessage@74b27d1 at time 1466396763226701672
06-20 12:25:06.908 16972-17512/com.malvinstn.testqueue D/MainApplication: [priority_mq] did on idle post a message? true
06-20 12:25:06.908 16972-17512/com.malvinstn.testqueue D/MainApplication: [priority_mq] looking for next message at time 1466396706907521567
06-20 12:25:06.908 16972-17512/com.malvinstn.testqueue D/MainApplication: flushing messages at time 1466396706907521567
06-20 12:25:06.908 16972-17512/com.malvinstn.testqueue D/MainApplication: returning next ready at 56319180105 ns
06-20 12:25:06.908 16972-17512/com.malvinstn.testqueue D/MainApplication: [priority_mq] next delayed job 1466396763226701672
06-20 12:25:06.908 16972-17512/com.malvinstn.testqueue D/MainApplication: [queue_SCHEDULER_5] remove message null
06-20 12:25:06.908 16972-17512/com.malvinstn.testqueue D/MainApplication: [queue_RUN_JOB_RESULT_6] remove message null
06-20 12:25:06.908 16972-17512/com.malvinstn.testqueue D/MainApplication: [queue_ADD_JOB_2] remove message null
06-20 12:25:06.908 16972-17512/com.malvinstn.testqueue D/MainApplication: [queue_JOB_CONSUMER_IDLE_4] remove message com.birbit.android.jobqueue.messaging.message.JobConsumerIdleMessage@bdbb488
06-20 12:25:06.908 16972-17512/com.malvinstn.testqueue D/MainApplication: [priority_mq] consuming message of type JOB_CONSUMER_IDLE
06-20 12:25:06.908 16972-17512/com.malvinstn.testqueue V/MainApplication: looking for next job
06-20 12:25:06.908 16972-17512/com.malvinstn.testqueue V/MainApplication: non persistent result null
06-20 12:25:06.909 16972-17512/com.malvinstn.testqueue V/MainApplication: persistent result null
06-20 12:25:06.909 16972-17512/com.malvinstn.testqueue D/MainApplication: keep alive: 1466396718306538599
06-20 12:25:06.909 16972-17512/com.malvinstn.testqueue D/MainApplication: Consumer idle, will kill? false . isRunning: true
06-20 12:25:06.909 16972-17512/com.malvinstn.testqueue D/MainApplication: add delayed message Command[2] at time 1466396718306538599
06-20 12:25:06.909 16972-17512/com.malvinstn.testqueue D/MainApplication: poke consumer manager at 1466396718306538599
06-20 12:25:06.909 16972-26665/com.malvinstn.testqueue D/MainApplication: flushing messages at time 1466396706909244484
06-20 12:25:06.909 16972-26665/com.malvinstn.testqueue D/MainApplication: returning next ready at 11397294115 ns
06-20 12:25:06.909 16972-26665/com.malvinstn.testqueue D/MainApplication: [consumer_3] remove message null
06-20 12:25:06.910 16972-26665/com.malvinstn.testqueue D/MainApplication: [consumer_3] will wait on the lock until 1466396718306538599
06-20 12:25:06.910 16972-17512/com.malvinstn.testqueue D/MainApplication: [FW Scheduler] on finished job SchedulerConstraint{uuid='91424491-0acf-490a-878f-215c6437d8bb', delayInMs=209700000, networkStatus=2}. reschedule:false
06-20 12:25:06.912 16972-16972/com.malvinstn.testqueue D/com.malvinstn.testqueue.JobService: getJobManager() called with: 
06-20 12:25:06.912 16972-16972/com.malvinstn.testqueue D/MainApplication: MainApplication::getJobManager()
06-20 12:25:06.916 16972-17512/com.malvinstn.testqueue D/MainApplication: [FW Scheduler] scheduled a framework job. Success? true id: 1 created id: 234
06-20 12:25:06.916 16972-17512/com.malvinstn.testqueue D/MainApplication: [priority_mq] looking for next message at time 1466396706916060786
06-20 12:25:06.916 16972-17512/com.malvinstn.testqueue D/MainApplication: flushing messages at time 1466396706916060786
06-20 12:25:06.916 16972-17512/com.malvinstn.testqueue D/MainApplication: returning next ready at 56310640886 ns
06-20 12:25:06.916 16972-17512/com.malvinstn.testqueue D/MainApplication: [priority_mq] next delayed job 1466396763226701672
06-20 12:25:06.916 16972-17512/com.malvinstn.testqueue D/MainApplication: [queue_SCHEDULER_5] remove message null
06-20 12:25:06.916 16972-17512/com.malvinstn.testqueue D/MainApplication: [queue_RUN_JOB_RESULT_6] remove message null
06-20 12:25:06.916 16972-17512/com.malvinstn.testqueue D/MainApplication: [queue_ADD_JOB_2] remove message null
06-20 12:25:06.916 16972-17512/com.malvinstn.testqueue D/MainApplication: [queue_JOB_CONSUMER_IDLE_4] remove message null
06-20 12:25:06.916 16972-17512/com.malvinstn.testqueue D/MainApplication: joq idle. running:? true
06-20 12:25:06.917 16972-17512/com.malvinstn.testqueue D/MainApplication: Job queue idle. next job at: 1466396763226701672
06-20 12:25:06.918 16972-17512/com.malvinstn.testqueue D/MainApplication: add delayed message com.birbit.android.jobqueue.messaging.message.ConstraintChangeMessage@be52537 at time 1466396763226701672
06-20 12:25:06.918 16972-16972/com.malvinstn.testqueue D/com.malvinstn.testqueue.JobService: getJobManager() called with: 
06-20 12:25:06.918 16972-17512/com.malvinstn.testqueue D/MainApplication: [priority_mq] did on idle post a message? true
06-20 12:25:06.918 16972-16972/com.malvinstn.testqueue D/MainApplication: MainApplication::getJobManager()
06-20 12:25:06.918 16972-17512/com.malvinstn.testqueue D/MainApplication: [priority_mq] looking for next message at time 1466396706917551827
06-20 12:25:06.918 16972-17512/com.malvinstn.testqueue D/MainApplication: flushing messages at time 1466396706917551827
06-20 12:25:06.918 16972-17512/com.malvinstn.testqueue D/MainApplication: returning next ready at 56309149845 ns
06-20 12:25:06.918 16972-17512/com.malvinstn.testqueue D/MainApplication: [priority_mq] next delayed job 1466396763226701672
06-20 12:25:06.918 16972-17512/com.malvinstn.testqueue D/MainApplication: [queue_SCHEDULER_5] remove message null
06-20 12:25:06.918 16972-17512/com.malvinstn.testqueue D/MainApplication: [queue_RUN_JOB_RESULT_6] remove message null
06-20 12:25:06.918 16972-17512/com.malvinstn.testqueue D/MainApplication: [queue_ADD_JOB_2] remove message null
06-20 12:25:06.918 16972-17512/com.malvinstn.testqueue D/MainApplication: [queue_JOB_CONSUMER_IDLE_4] remove message null
06-20 12:25:06.918 16972-17512/com.malvinstn.testqueue D/MainApplication: [priority_mq] did on idle post a message? false
06-20 12:25:06.919 16972-16972/com.malvinstn.testqueue D/com.malvinstn.testqueue.JobService: getJobManager() called with: 
06-20 12:25:06.919 16972-16972/com.malvinstn.testqueue D/MainApplication: MainApplication::getJobManager()
06-20 12:25:06.919 16972-16972/com.malvinstn.testqueue D/MainApplication: [FW Scheduler] start job SchedulerConstraint{uuid='91424491-0acf-490a-878f-215c6437d8bb', delayInMs=210600000, networkStatus=2} 234
06-20 12:25:06.919 16972-16972/com.malvinstn.testqueue D/MainApplication: [queue_SCHEDULER_5] post message com.birbit.android.jobqueue.messaging.message.SchedulerMessage@7abd2cc
06-20 12:25:06.920 16972-17512/com.malvinstn.testqueue D/MainApplication: [priority_mq] looking for next message at time 1466396706919394536
06-20 12:25:06.920 16972-17512/com.malvinstn.testqueue D/MainApplication: flushing messages at time 1466396706919394536
06-20 12:25:06.920 16972-17512/com.malvinstn.testqueue D/MainApplication: returning next ready at 56307307136 ns
06-20 12:25:06.920 16972-17512/com.malvinstn.testqueue D/MainApplication: [priority_mq] next delayed job 1466396763226701672
06-20 12:25:06.920 16972-17512/com.malvinstn.testqueue D/MainApplication: [queue_SCHEDULER_5] remove message com.birbit.android.jobqueue.messaging.message.SchedulerMessage@7abd2cc
06-20 12:25:06.920 16972-17512/com.malvinstn.testqueue D/MainApplication: [priority_mq] consuming message of type SCHEDULER
06-20 12:25:06.920 16972-17512/com.malvinstn.testqueue D/MainApplication: considering adding a new consumer. Should poke all waiting? true isRunning? true waiting workers? 1
06-20 12:25:06.921 16972-17512/com.malvinstn.testqueue D/MainApplication: there are waiting workers, will poke them instead
06-20 12:25:06.921 16972-17512/com.malvinstn.testqueue D/MainApplication: [consumer_3] post message Command[2]
06-20 12:25:06.921 16972-17512/com.malvinstn.testqueue D/MainApplication: there were waiting workers, poked them and I'm done
