06-20 12:25:06.680 16972-17512/com.malvinstn.testqueue D/MainApplication: joq idle. running:? true
06-20 12:25:06.680 16972-26665/com.malvinstn.testqueue D/MainApplication: [queue_JOB_CONSUMER_IDLE_4] post message com.birbit.android.jobqueue.messaging.message.JobConsumerIdleMessage@bdbb488
06-20 12:25:06.680 16972-26665/com.malvinstn.testqueue D/MainApplication: [consumer_3] will wait on the lock until 1466396718306538599
06-20 12:25:06.681 16972-17512/com.malvinstn.testqueue D/MainApplication: Job queue idle. next job at: 1466396763226701672
06-20 12:25:06.681 16972-17512/com.malvinstn.testqueue D/MainApplication: add delayed message com.birbit.android.jobqueue.messaging.message.ConstraintChangeMessage@c5a506f at time 1466396763226701672
06-20 12:25:06.681 16972-17512/com.malvinstn.testqueue D/MainApplication: [priority_mq] did on idle post a message? true
06-20 12:25:06.681 16972-17512/com.malvinstn.testqueue D/MainApplication: [priority_mq] looking for next message at time 1466396706680919172
06-20 12:25:06.681 16972-17512/com.malvinstn.testqueue D/MainApplication: flushing messages at time 1466396706680919172
06-20 12:25:06.681 16972-17512/com.malvinstn.testqueue D/MainApplication: returning next ready at 56545782500 ns
06-20 12:25:06.681 16972-17512/com.malvinstn.testqueue D/MainApplication: [priority_mq] next delayed job 1466396763226701672
06-20 12:25:06.681 16972-17512/com.malvinstn.testqueue D/MainApplication: [queue_SCHEDULER_5] remove message null
06-20 12:25:06.681 16972-17512/com.malvinstn.testqueue D/MainApplication: [queue_RUN_JOB_RESULT_6] remove message null
06-20 12:25:06.681 16972-17512/com.malvinstn.testqueue D/MainApplication: [queue_ADD_JOB_2] remove message null
06-20 12:25:06.681 16972-17512/com.malvinstn.testqueue D/MainApplication: [queue_JOB_CONSUMER_IDLE_4] remove message com.birbit.android.jobqueue.messaging.message.JobConsumerIdleMessage@bdbb488
06-20 12:25:06.681 16972-17512/com.malvinstn.testqueue D/MainApplication: [priority_mq] consuming message of type JOB_CONSUMER_IDLE
06-20 12:25:06.682 16972-17512/com.malvinstn.testqueue V/MainApplication: looking for next job
06-20 12:25:06.682 16972-17512/com.malvinstn.testqueue V/MainApplication: non persistent result null
06-20 12:25:06.682 16972-17512/com.malvinstn.testqueue V/MainApplication: persistent result null
06-20 12:25:06.682 16972-17512/com.malvinstn.testqueue D/MainApplication: keep alive: 1466396718306538599
06-20 12:25:06.682 16972-17512/com.malvinstn.testqueue D/MainApplication: Consumer idle, will kill? false . isRunning: true
06-20 12:25:06.682 16972-17512/com.malvinstn.testqueue D/MainApplication: add delayed message Command[2] at time 1466396718306538599
06-20 12:25:06.683 16972-17512/com.malvinstn.testqueue D/MainApplication: poke consumer manager at 1466396718306538599
06-20 12:25:06.683 16972-26665/com.malvinstn.testqueue D/MainApplication: flushing messages at time 1466396706682451463
06-20 12:25:06.683 16972-26665/com.malvinstn.testqueue D/MainApplication: returning next ready at 11624087136 ns
06-20 12:25:06.683 16972-26665/com.malvinstn.testqueue D/MainApplication: [consumer_3] remove message null
06-20 12:25:06.683 16972-26665/com.malvinstn.testqueue D/MainApplication: [consumer_3] will wait on the lock until 1466396718306538599
06-20 12:25:06.683 16972-17512/com.malvinstn.testqueue D/MainApplication: [FW Scheduler] on finished job SchedulerConstraint{uuid='91424491-0acf-490a-878f-215c6437d8bb', delayInMs=197100000, networkStatus=2}. reschedule:false
06-20 12:25:06.684 16972-16972/com.malvinstn.testqueue D/com.malvinstn.testqueue.JobService: getJobManager() called with: 
06-20 12:25:06.684 16972-16972/com.malvinstn.testqueue D/MainApplication: MainApplication::getJobManager()
06-20 12:25:06.690 16972-17512/com.malvinstn.testqueue D/MainApplication: [FW Scheduler] scheduled a framework job. Success? true id: 1 created id: 220
06-20 12:25:06.690 16972-17512/com.malvinstn.testqueue D/MainApplication: [priority_mq] looking for next message at time 1466396706689440630
06-20 12:25:06.690 16972-17512/com.malvinstn.testqueue D/MainApplication: flushing messages at time 1466396706689440630
06-20 12:25:06.690 16972-17512/com.malvinstn.testqueue D/MainApplication: returning next ready at 56537261042 ns
06-20 12:25:06.690 16972-17512/com.malvinstn.testqueue D/MainApplication: [priority_mq] next delayed job 1466396763226701672
06-20 12:25:06.690 16972-17512/com.malvinstn.testqueue D/MainApplication: [queue_SCHEDULER_5] remove message null
06-20 12:25:06.690 16972-17512/com.malvinstn.testqueue D/MainApplication: [queue_RUN_JOB_RESULT_6] remove message null
06-20 12:25:06.690 16972-17512/com.malvinstn.testqueue D/MainApplication: [queue_ADD_JOB_2] remove message null
06-20 12:25:06.690 16972-17512/com.malvinstn.testqueue D/MainApplication: [queue_JOB_CONSUMER_IDLE_4] remove message null
06-20 12:25:06.690 16972-17512/com.malvinstn.testqueue D/MainApplication: joq idle. running:? true
06-20 12:25:06.690 16972-16972/com.malvinstn.testqueue D/com.malvinstn.testqueue.JobService: getJobManager() called with: 
06-20 12:25:06.690 16972-16972/com.malvinstn.testqueue D/MainApplication: MainApplication::getJobManager()
06-20 12:25:06.691 16972-17512/com.malvinstn.testqueue D/MainApplication: Job queue idle. next job at: 1466396763226701672
06-20 12:25:06.691 16972-17512/com.malvinstn.testqueue D/MainApplication: add delayed message com.birbit.android.jobqueue.messaging.message.ConstraintChangeMessage@c238a5a at time 1466396763226701672
06-20 12:25:06.691 16972-16972/com.malvinstn.testqueue D/com.malvinstn.testqueue.JobService: getJobManager() called with: 
06-20 12:25:06.691 16972-16972/com.malvinstn.testqueue D/MainApplication: MainApplication::getJobManager()
06-20 12:25:06.691 16972-17512/com.malvinstn.testqueue D/MainApplication: [priority_mq] did on idle post a message? true
06-20 12:25:06.691 16972-16972/com.malvinstn.testqueue D/MainApplication: [FW Scheduler] start job SchedulerConstraint{uuid='91424491-0acf-490a-878f-215c6437d8bb', delayInMs=198000000, networkStatus=2} 220
06-20 12:25:06.691 16972-17512/com.malvinstn.testqueue D/MainApplication: [priority_mq] looking for next message at time 1466396706691299432
06-20 12:25:06.691 16972-17512/com.malvinstn.testqueue D/MainApplication: flushing messages at time 1466396706691299432
06-20 12:25:06.692 16972-17512/com.malvinstn.testqueue D/MainApplication: returning next ready at 56535402240 ns
06-20 12:25:06.692 16972-17512/com.malvinstn.testqueue D/MainApplication: [priority_mq] next delayed job 1466396763226701672
06-20 12:25:06.692 16972-17512/com.malvinstn.testqueue D/MainApplication: [queue_SCHEDULER_5] remove message null
06-20 12:25:06.692 16972-17512/com.malvinstn.testqueue D/MainApplication: [queue_RUN_JOB_RESULT_6] remove message null
06-20 12:25:06.692 16972-17512/com.malvinstn.testqueue D/MainApplication: [queue_ADD_JOB_2] remove message null
06-20 12:25:06.692 16972-17512/com.malvinstn.testqueue D/MainApplication: [queue_JOB_CONSUMER_IDLE_4] remove message null
06-20 12:25:06.692 16972-16972/com.malvinstn.testqueue D/MainApplication: [queue_SCHEDULER_5] post message com.birbit.android.jobqueue.messaging.message.SchedulerMessage@7abd2cc
06-20 12:25:06.692 16972-17512/com.malvinstn.testqueue D/MainApplication: [priority_mq] did on idle post a message? true
06-20 12:25:06.692 16972-17512/com.malvinstn.testqueue D/MainApplication: [priority_mq] looking for next message at time 1466396706691729328
06-20 12:25:06.692 16972-17512/com.malvinstn.testqueue D/MainApplication: flushing messages at time 1466396706691729328
06-20 12:25:06.692 16972-17512/com.malvinstn.testqueue D/MainApplication: returning next ready at 56534972344 ns
06-20 12:25:06.692 16972-17512/com.malvinstn.testqueue D/MainApplication: [priority_mq] next delayed job 1466396763226701672
06-20 12:25:06.692 16972-17512/com.malvinstn.testqueue D/MainApplication: [queue_SCHEDULER_5] remove message com.birbit.android.jobqueue.messaging.message.SchedulerMessage@7abd2cc
06-20 12:25:06.692 16972-17512/com.malvinstn.testqueue D/MainApplication: [priority_mq] consuming message of type SCHEDULER
06-20 12:25:06.692 16972-17512/com.malvinstn.testqueue D/MainApplication: considering adding a new consumer. Should poke all waiting? true isRunning? true waiting workers? 1
06-20 12:25:06.692 16972-17512/com.malvinstn.testqueue D/MainApplication: there are waiting workers, will poke them instead
06-20 12:25:06.692 16972-17512/com.malvinstn.testqueue D/MainApplication: [consumer_3] post message Command[2]
06-20 12:25:06.692 16972-17512/com.malvinstn.testqueue D/MainApplication: there were waiting workers, poked them and I'm done
06-20 12:25:06.693 16972-26665/com.malvinstn.testqueue D/MainApplication: flushing messages at time 1466396706692371724
06-20 12:25:06.693 16972-17512/com.malvinstn.testqueue D/MainApplication: [priority_mq] looking for next message at time 1466396706692401359
06-20 12:25:06.693 16972-26665/com.malvinstn.testqueue D/MainApplication: returning next ready at 11614166875 ns
06-20 12:25:06.693 16972-17512/com.malvinstn.testqueue D/MainApplication: flushing messages at time 1466396706692401359
06-20 12:25:06.693 16972-26665/com.malvinstn.testqueue D/MainApplication: [consumer_3] remove message Command[2]
06-20 12:25:06.693 16972-17512/com.malvinstn.testqueue D/MainApplication: returning next ready at 56534300313 ns
06-20 12:25:06.693 16972-26665/com.malvinstn.testqueue D/MainApplication: Consumer has been poked.
06-20 12:25:06.693 16972-17512/com.malvinstn.testqueue D/MainApplication: [priority_mq] next delayed job 1466396763226701672
06-20 12:25:06.693 16972-26665/com.malvinstn.testqueue D/MainApplication: flushing messages at time 1466396706692527349
06-20 12:25:06.693 16972-17512/com.malvinstn.testqueue D/MainApplication: [queue_SCHEDULER_5] remove message null
06-20 12:25:06.693 16972-26665/com.malvinstn.testqueue D/MainApplication: returning next ready at 11614011250 ns
06-20 12:25:06.693 16972-17512/com.malvinstn.testqueue D/MainApplication: [queue_RUN_JOB_RESULT_6] remove message null
06-20 12:25:06.693 16972-26665/com.malvinstn.testqueue D/MainApplication: [consumer_3] remove message null
06-20 12:25:06.693 16972-17512/com.malvinstn.testqueue D/MainApplication: [queue_ADD_JOB_2] remove message null
06-20 12:25:06.693 16972-26665/com.malvinstn.testqueue D/MainApplication: consumer manager on idle
06-20 12:25:06.693 16972-17512/com.malvinstn.testqueue D/MainApplication: [queue_JOB_CONSUMER_IDLE_4] remove message null
06-20 12:25:06.693 16972-17512/com.malvinstn.testqueue D/MainApplication: joq idle. running:? true
06-20 12:25:06.693 16972-26665/com.malvinstn.testqueue D/MainApplication: [queue_JOB_CONSUMER_IDLE_4] post message com.birbit.android.jobqueue.messaging.message.JobConsumerIdleMessage@bdbb488
06-20 12:25:06.693 16972-26665/com.malvinstn.testqueue D/MainApplication: [consumer_3] will wait on the lock until 1466396718306538599
06-20 12:25:06.694 16972-17512/com.malvinstn.testqueue D/MainApplication: Job queue idle. next job at: 1466396763226701672
06-20 12:25:06.694 16972-17512/com.malvinstn.testqueue D/MainApplication: add delayed message com.birbit.android.jobqueue.messaging.message.ConstraintChangeMessage@ae5848b at time 1466396763226701672
06-20 12:25:06.694 16972-17512/com.malvinstn.testqueue D/MainApplication: [priority_mq] did on idle post a message? true
06-20 12:25:06.694 16972-17512/com.malvinstn.testqueue D/MainApplication: [priority_mq] looking for next message at time 1466396706693942348
06-20 12:25:06.694 16972-17512/com.malvinstn.testqueue D/MainApplication: flushing messages at time 1466396706693942348
06-20 12:25:06.694 16972-17512/com.malvinstn.testqueue D/MainApplication: returning next ready at 56532759324 ns
06-20 12:25:06.694 16972-17512/com.malvinstn.testqueue D/MainApplication: [priority_mq] next delayed job 1466396763226701672
06-20 12:25:06.694 16972-17512/com.malvinstn.testqueue D/MainApplication: [queue_SCHEDULER_5] remove message null
06-20 12:25:06.694 16972-17512/com.malvinstn.testqueue D/MainApplication: [queue_RUN_JOB_RESULT_6] remove message null
06-20 12:25:06.694 16972-17512/com.malvinstn.testqueue D/MainApplication: [queue_ADD_JOB_2] remove message null
06-20 12:25:06.694 16972-17512/com.malvinstn.testqueue D/MainApplication: [queue_JOB_CONSUMER_IDLE_4] remove message com.birbit.android.jobqueue.messaging.message.JobConsumerIdleMessage@bdbb488
06-20 12:25:06.694 16972-17512/com.malvinstn.testqueue D/MainApplication: [priority_mq] consuming message of type JOB_CONSUMER_IDLE
06-20 12:25:06.695 16972-17512/com.malvinstn.testqueue V/MainApplication: looking for next job
06-20 12:25:06.695 16972-17512/com.malvinstn.testqueue V/MainApplication: non persistent result null
06-20 12:25:06.696 16972-17512/com.malvinstn.testqueue V/MainApplication: persistent result null
06-20 12:25:06.696 16972-17512/com.malvinstn.testqueue D/MainApplication: keep alive: 1466396718306538599
06-20 12:25:06.696 16972-17512/com.malvinstn.testqueue D/MainApplication: Consumer idle, will kill? false . isRunning: true
06-20 12:25:06.696 16972-17512/com.malvinstn.testqueue D/MainApplication: add delayed message Command[2] at time 1466396718306538599
06-20 12:25:06.696 16972-17512/com.malvinstn.testqueue D/MainApplication: poke consumer manager at 1466396718306538599
06-20 12:25:06.696 16972-26665/com.malvinstn.testqueue D/MainApplication: flushing messages at time 1466396706695795265
06-20 12:25:06.696 16972-26665/com.malvinstn.testqueue D/MainApplication: returning next ready at 11610743334 ns
06-20 12:25:06.696 16972-26665/com.malvinstn.testqueue D/MainApplication: [consumer_3] remove message null
06-20 12:25:06.696 16972-26665/com.malvinstn.testqueue D/MainApplication: [consumer_3] will wait on the lock until 1466396718306538599
06-20 12:25:06.696 16972-17512/com.malvinstn.testqueue D/MainApplication: [FW Scheduler] on finished job SchedulerConstraint{uuid='91424491-0acf-490a-878f-215c6437d8bb', delayInMs=198000000, networkStatus=2}. reschedule:false
06-20 12:25:06.697 16972-16972/com.malvinstn.testqueue D/com.malvinstn.testqueue.JobService: getJobManager() called with: 
06-20 12:25:06.697 16972-16972/com.malvinstn.testqueue D/MainApplication: MainApplication::getJobManager()
06-20 12:25:06.703 16972-17512/com.malvinstn.testqueue D/MainApplication: [FW Scheduler] scheduled a framework job. Success? true id: 1 created id: 221
06-20 12:25:06.703 16972-17512/com.malvinstn.testqueue D/MainApplication: [priority_mq] looking for next message at time 1466396706702542505
06-20 12:25:06.703 16972-17512/com.malvinstn.testqueue D/MainApplication: flushing messages at time 1466396706702542505
06-20 12:25:06.703 16972-17512/com.malvinstn.testqueue D/MainApplication: returning next ready at 56524159167 ns
06-20 12:25:06.703 16972-17512/com.malvinstn.testqueue D/MainApplication: [priority_mq] next delayed job 1466396763226701672
06-20 12:25:06.703 16972-17512/com.malvinstn.testqueue D/MainApplication: [queue_SCHEDULER_5] remove message null
06-20 12:25:06.703 16972-17512/com.malvinstn.testqueue D/MainApplication: [queue_RUN_JOB_RESULT_6] remove message null
06-20 12:25:06.703 16972-17512/com.malvinstn.testqueue D/MainApplication: [queue_ADD_JOB_2] remove message null
06-20 12:25:06.703 16972-17512/com.malvinstn.testqueue D/MainApplication: [queue_JOB_CONSUMER_IDLE_4] remove message null
06-20 12:25:06.703 16972-17512/com.malvinstn.testqueue D/MainApplication: joq idle. running:? true
06-20 12:25:06.704 16972-16972/com.malvinstn.testqueue D/com.malvinstn.testqueue.JobService: getJobManager() called with: 
06-20 12:25:06.704 16972-16972/com.malvinstn.testqueue D/MainApplication: MainApplication::getJobManager()
06-20 12:25:06.704 16972-17512/com.malvinstn.testqueue D/MainApplication: Job queue idle. next job at: 1466396763226701672
06-20 12:25:06.704 16972-17512/com.malvinstn.testqueue D/MainApplication: add delayed message com.birbit.android.jobqueue.messaging.message.ConstraintChangeMessage@7ff226 at time 1466396763226701672
06-20 12:25:06.704 16972-17512/com.malvinstn.testqueue D/MainApplication: [priority_mq] did on idle post a message? true
06-20 12:25:06.704 16972-17512/com.malvinstn.testqueue D/MainApplication: [priority_mq] looking for next message at time 1466396706704218338
06-20 12:25:06.704 16972-17512/com.malvinstn.testqueue D/MainApplication: flushing messages at time 1466396706704218338
06-20 12:25:06.704 16972-17512/com.malvinstn.testqueue D/MainApplication: returning next ready at 56522483334 ns
06-20 12:25:06.704 16972-17512/com.malvinstn.testqueue D/MainApplication: [priority_mq] next delayed job 1466396763226701672
06-20 12:25:06.705 16972-17512/com.malvinstn.testqueue D/MainApplication: [queue_SCHEDULER_5] remove message null
06-20 12:25:06.705 16972-17512/com.malvinstn.testqueue D/MainApplication: [queue_RUN_JOB_RESULT_6] remove message null
06-20 12:25:06.705 16972-17512/com.malvinstn.testqueue D/MainApplication: [queue_ADD_JOB_2] remove message null
06-20 12:25:06.705 16972-17512/com.malvinstn.testqueue D/MainApplication: [queue_JOB_CONSUMER_IDLE_4] remove message null
06-20 12:25:06.705 16972-17512/com.malvinstn.testqueue D/MainApplication: [priority_mq] did on idle post a message? false
06-20 12:25:06.705 16972-16972/com.malvinstn.testqueue D/com.malvinstn.testqueue.JobService: getJobManager() called with: 
06-20 12:25:06.705 16972-16972/com.malvinstn.testqueue D/MainApplication: MainApplication::getJobManager()
06-20 12:25:06.705 16972-16972/com.malvinstn.testqueue D/MainApplication: [FW Scheduler] start job SchedulerConstraint{uuid='91424491-0acf-490a-878f-215c6437d8bb', delayInMs=198900000, networkStatus=2} 221
06-20 12:25:06.705 16972-16972/com.malvinstn.testqueue D/MainApplication: [queue_SCHEDULER_5] post message com.birbit.android.jobqueue.messaging.message.SchedulerMessage@7abd2cc
06-20 12:25:06.705 16972-17512/com.malvinstn.testqueue D/MainApplication: [priority_mq] looking for next message at time 1466396706704869744
06-20 12:25:06.705 16972-17512/com.malvinstn.testqueue D/MainApplication: flushing messages at time 1466396706704869744
06-20 12:25:06.705 16972-17512/com.malvinstn.testqueue D/MainApplication: returning next ready at 56521831928 ns
06-20 12:25:06.705 16972-17512/com.malvinstn.testqueue D/MainApplication: [priority_mq] next delayed job 1466396763226701672
06-20 12:25:06.705 16972-17512/com.malvinstn.testqueue D/MainApplication: [queue_SCHEDULER_5] remove message com.birbit.android.jobqueue.messaging.message.SchedulerMessage@7abd2cc
06-20 12:25:06.705 16972-17512/com.malvinstn.testqueue D/MainApplication: [priority_mq] consuming message of type SCHEDULER
06-20 12:25:06.706 16972-17512/com.malvinstn.testqueue D/MainApplication: considering adding a new consumer. Should poke all waiting? true isRunning? true waiting workers? 1
06-20 12:25:06.706 16972-17512/com.malvinstn.testqueue D/MainApplication: there are waiting workers, will poke them instead
06-20 12:25:06.706 16972-17512/com.malvinstn.testqueue D/MainApplication: [consumer_3] post message Command[2]
06-20 12:25:06.706 16972-17512/com.malvinstn.testqueue D/MainApplication: there were waiting workers, poked them and I'm done
06-20 12:25:06.706 16972-26665/com.malvinstn.testqueue D/MainApplication: flushing messages at time 1466396706705845213
06-20 12:25:06.706 16972-17512/com.malvinstn.testqueue D/MainApplication: [priority_mq] looking for next message at time 1466396706705870525
06-20 12:25:06.706 16972-26665/com.malvinstn.testqueue D/MainApplication: returning next ready at 11600693386 ns
06-20 12:25:06.706 16972-17512/com.malvinstn.testqueue D/MainApplication: flushing messages at time 1466396706705870525
06-20 12:25:06.706 16972-26665/com.malvinstn.testqueue D/MainApplication: [consumer_3] remove message Command[2]
06-20 12:25:06.706 16972-17512/com.malvinstn.testqueue D/MainApplication: returning next ready at 56520831147 ns
06-20 12:25:06.706 16972-26665/com.malvinstn.testqueue D/MainApplication: Consumer has been poked.
06-20 12:25:06.706 16972-17512/com.malvinstn.testqueue D/MainApplication: [priority_mq] next delayed job 1466396763226701672
06-20 12:25:06.706 16972-26665/com.malvinstn.testqueue D/MainApplication: flushing messages at time 1466396706705999900
06-20 12:25:06.706 16972-17512/com.malvinstn.testqueue D/MainApplication: [queue_SCHEDULER_5] remove message null
06-20 12:25:06.706 16972-26665/com.malvinstn.testqueue D/MainApplication: returning next ready at 11600538699 ns
06-20 12:25:06.706 16972-17512/com.malvinstn.testqueue D/MainApplication: [queue_RUN_JOB_RESULT_6] remove message null
06-20 12:25:06.706 16972-26665/com.malvinstn.testqueue D/MainApplication: [consumer_3] remove message null
06-20 12:25:06.706 16972-17512/com.malvinstn.testqueue D/MainApplication: [queue_ADD_JOB_2] remove message null
06-20 12:25:06.706 16972-26665/com.malvinstn.testqueue D/MainApplication: consumer manager on idle
06-20 12:25:06.706 16972-17512/com.malvinstn.testqueue D/MainApplication: [queue_JOB_CONSUMER_IDLE_4] remove message null
06-20 12:25:06.706 16972-17512/com.malvinstn.testqueue D/MainApplication: joq idle. running:? true
06-20 12:25:06.706 16972-26665/com.malvinstn.testqueue D/MainApplication: [queue_JOB_CONSUMER_IDLE_4] post message com.birbit.android.jobqueue.messaging.message.JobConsumerIdleMessage@bdbb488
06-20 12:25:06.706 16972-26665/com.malvinstn.testqueue D/MainApplication: [consumer_3] will wait on the lock until 1466396718306538599
06-20 12:25:06.707 16972-17512/com.malvinstn.testqueue D/MainApplication: Job queue idle. next job at: 1466396763226701672
06-20 12:25:06.707 16972-17512/com.malvinstn.testqueue D/MainApplication: add delayed message com.birbit.android.jobqueue.messaging.message.ConstraintChangeMessage@1a5de67 at time 1466396763226701672
06-20 12:25:06.707 16972-17512/com.malvinstn.testqueue D/MainApplication: [priority_mq] did on idle post a message? true
06-20 12:25:06.707 16972-17512/com.malvinstn.testqueue D/MainApplication: [priority_mq] looking for next message at time 1466396706707136932
06-20 12:25:06.707 16972-17512/com.malvinstn.testqueue D/MainApplication: flushing messages at time 1466396706707136932
06-20 12:25:06.707 16972-17512/com.malvinstn.testqueue D/MainApplication: returning next ready at 56519564740 ns
06-20 12:25:06.707 16972-17512/com.malvinstn.testqueue D/MainApplication: [priority_mq] next delayed job 1466396763226701672
06-20 12:25:06.707 16972-17512/com.malvinstn.testqueue D/MainApplication: [queue_SCHEDULER_5] remove message null
06-20 12:25:06.707 16972-17512/com.malvinstn.testqueue D/MainApplication: [queue_RUN_JOB_RESULT_6] remove message null
06-20 12:25:06.707 16972-17512/com.malvinstn.testqueue D/MainApplication: [queue_ADD_JOB_2] remove message null
06-20 12:25:06.708 16972-17512/com.malvinstn.testqueue D/MainApplication: [queue_JOB_CONSUMER_IDLE_4] remove message com.birbit.android.jobqueue.messaging.message.JobConsumerIdleMessage@bdbb488
06-20 12:25:06.708 16972-17512/com.malvinstn.testqueue D/MainApplication: [priority_mq] consuming message of type JOB_CONSUMER_IDLE
06-20 12:25:06.708 16972-17512/com.malvinstn.testqueue V/MainApplication: looking for next job
06-20 12:25:06.708 16972-17512/com.malvinstn.testqueue V/MainApplication: non persistent result null
06-20 12:25:06.709 16972-17512/com.malvinstn.testqueue V/MainApplication: persistent result null
06-20 12:25:06.709 16972-17512/com.malvinstn.testqueue D/MainApplication: keep alive: 1466396718306538599
06-20 12:25:06.709 16972-17512/com.malvinstn.testqueue D/MainApplication: Consumer idle, will kill? false . isRunning: true
06-20 12:25:06.709 16972-17512/com.malvinstn.testqueue D/MainApplication: add delayed message Command[2] at time 1466396718306538599
06-20 12:25:06.709 16972-26665/com.malvinstn.testqueue D/MainApplication: flushing messages at time 1466396706708877193
06-20 12:25:06.709 16972-26665/com.malvinstn.testqueue D/MainApplication: returning next ready at 11597661406 ns
06-20 12:25:06.709 16972-26665/com.malvinstn.testqueue D/MainApplication: [consumer_3] remove message null
06-20 12:25:06.709 16972-26665/com.malvinstn.testqueue D/MainApplication: [consumer_3] will wait on the lock until 1466396718306538599
06-20 12:25:06.709 16972-17512/com.malvinstn.testqueue D/MainApplication: poke consumer manager at 1466396718306538599
06-20 12:25:06.710 16972-17512/com.malvinstn.testqueue D/MainApplication: [FW Scheduler] on finished job SchedulerConstraint{uuid='91424491-0acf-490a-878f-215c6437d8bb', delayInMs=198900000, networkStatus=2}. reschedule:false
06-20 12:25:06.711 16972-16972/com.malvinstn.testqueue D/com.malvinstn.testqueue.JobService: getJobManager() called with: 
06-20 12:25:06.711 16972-16972/com.malvinstn.testqueue D/MainApplication: MainApplication::getJobManager()
06-20 12:25:06.721 16972-17512/com.malvinstn.testqueue D/MainApplication: [FW Scheduler] scheduled a framework job. Success? true id: 1 created id: 222
06-20 12:25:06.721 16972-17512/com.malvinstn.testqueue D/MainApplication: [priority_mq] looking for next message at time 1466396706720777453
06-20 12:25:06.721 16972-17512/com.malvinstn.testqueue D/MainApplication: flushing messages at time 1466396706720777453
06-20 12:25:06.721 16972-17512/com.malvinstn.testqueue D/MainApplication: returning next ready at 56505924219 ns
06-20 12:25:06.721 16972-17512/com.malvinstn.testqueue D/MainApplication: [priority_mq] next delayed job 1466396763226701672
06-20 12:25:06.721 16972-17512/com.malvinstn.testqueue D/MainApplication: [queue_SCHEDULER_5] remove message null
06-20 12:25:06.721 16972-17512/com.malvinstn.testqueue D/MainApplication: [queue_RUN_JOB_RESULT_6] remove message null
06-20 12:25:06.721 16972-17512/com.malvinstn.testqueue D/MainApplication: [queue_ADD_JOB_2] remove message null
06-20 12:25:06.721 16972-17512/com.malvinstn.testqueue D/MainApplication: [queue_JOB_CONSUMER_IDLE_4] remove message null
06-20 12:25:06.721 16972-17512/com.malvinstn.testqueue D/MainApplication: joq idle. running:? true
06-20 12:25:06.722 16972-16972/com.malvinstn.testqueue D/com.malvinstn.testqueue.JobService: getJobManager() called with: 
06-20 12:25:06.722 16972-16972/com.malvinstn.testqueue D/MainApplication: MainApplication::getJobManager()
06-20 12:25:06.723 16972-16972/com.malvinstn.testqueue D/com.malvinstn.testqueue.JobService: getJobManager() called with: 
06-20 12:25:06.723 16972-16972/com.malvinstn.testqueue D/MainApplication: MainApplication::getJobManager()
06-20 12:25:06.723 16972-17512/com.malvinstn.testqueue D/MainApplication: Job queue idle. next job at: 1466396763226701672
06-20 12:25:06.723 16972-16972/com.malvinstn.testqueue D/MainApplication: [FW Scheduler] start job SchedulerConstraint{uuid='91424491-0acf-490a-878f-215c6437d8bb', delayInMs=199800000, networkStatus=2} 222
06-20 12:25:06.723 16972-17512/com.malvinstn.testqueue D/MainApplication: add delayed message com.birbit.android.jobqueue.messaging.message.ConstraintChangeMessage@8e90ab2 at time 1466396763226701672
06-20 12:25:06.723 16972-17512/com.malvinstn.testqueue D/MainApplication: [priority_mq] did on idle post a message? true
06-20 12:25:06.723 16972-17512/com.malvinstn.testqueue D/MainApplication: [priority_mq] looking for next message at time 1466396706723088338
06-20 12:25:06.723 16972-17512/com.malvinstn.testqueue D/MainApplication: flushing messages at time 1466396706723088338
06-20 12:25:06.723 16972-17512/com.malvinstn.testqueue D/MainApplication: returning next ready at 56503613334 ns
06-20 12:25:06.723 16972-17512/com.malvinstn.testqueue D/MainApplication: [priority_mq] next delayed job 1466396763226701672
06-20 12:25:06.723 16972-17512/com.malvinstn.testqueue D/MainApplication: [queue_SCHEDULER_5] remove message null
06-20 12:25:06.723 16972-17512/com.malvinstn.testqueue D/MainApplication: [queue_RUN_JOB_RESULT_6] remove message null
06-20 12:25:06.723 16972-17512/com.malvinstn.testqueue D/MainApplication: [queue_ADD_JOB_2] remove message null
06-20 12:25:06.723 16972-17512/com.malvinstn.testqueue D/MainApplication: [queue_JOB_CONSUMER_IDLE_4] remove message null
06-20 12:25:06.724 16972-17512/com.malvinstn.testqueue D/MainApplication: [priority_mq] did on idle post a message? false
06-20 12:25:06.724 16972-16972/com.malvinstn.testqueue D/MainApplication: [queue_SCHEDULER_5] post message com.birbit.android.jobqueue.messaging.message.SchedulerMessage@7abd2cc
06-20 12:25:06.724 16972-17512/com.malvinstn.testqueue D/MainApplication: [priority_mq] looking for next message at time 1466396706723796463
06-20 12:25:06.724 16972-17512/com.malvinstn.testqueue D/MainApplication: flushing messages at time 1466396706723796463
06-20 12:25:06.724 16972-17512/com.malvinstn.testqueue D/MainApplication: returning next ready at 56502905209 ns
06-20 12:25:06.724 16972-17512/com.malvinstn.testqueue D/MainApplication: [priority_mq] next delayed job 1466396763226701672
06-20 12:25:06.724 16972-17512/com.malvinstn.testqueue D/MainApplication: [queue_SCHEDULER_5] remove message com.birbit.android.jobqueue.messaging.message.SchedulerMessage@7abd2cc
06-20 12:25:06.724 16972-17512/com.malvinstn.testqueue D/MainApplication: [priority_mq] consuming message of type SCHEDULER
06-20 12:25:06.724 16972-17512/com.malvinstn.testqueue D/MainApplication: considering adding a new consumer. Should poke all waiting? true isRunning? true waiting workers? 1
06-20 12:25:06.724 16972-17512/com.malvinstn.testqueue D/MainApplication: there are waiting workers, will poke them instead
06-20 12:25:06.725 16972-17512/com.malvinstn.testqueue D/MainApplication: [consumer_3] post message Command[2]
06-20 12:25:06.725 16972-17512/com.malvinstn.testqueue D/MainApplication: there were waiting workers, poked them and I'm done
06-20 12:25:06.725 16972-26665/com.malvinstn.testqueue D/MainApplication: flushing messages at time 1466396706724453130
06-20 12:25:06.725 16972-17512/com.malvinstn.testqueue D/MainApplication: [priority_mq] looking for next message at time 1466396706724482661
06-20 12:25:06.725 16972-26665/com.malvinstn.testqueue D/MainApplication: returning next ready at 11582085469 ns
06-20 12:25:06.725 16972-17512/com.malvinstn.testqueue D/MainApplication: flushing messages at time 1466396706724482661
06-20 12:25:06.725 16972-26665/com.malvinstn.testqueue D/MainApplication: [consumer_3] remove message Command[2]
06-20 12:25:06.725 16972-17512/com.malvinstn.testqueue D/MainApplication: returning next ready at 56502219011 ns
06-20 12:25:06.725 16972-26665/com.malvinstn.testqueue D/MainApplication: Consumer has been poked.
06-20 12:25:06.725 16972-17512/com.malvinstn.testqueue D/MainApplication: [priority_mq] next delayed job 1466396763226701672
06-20 12:25:06.725 16972-26665/com.malvinstn.testqueue D/MainApplication: flushing messages at time 1466396706724611567
06-20 12:25:06.725 16972-17512/com.malvinstn.testqueue D/MainApplication: [queue_SCHEDULER_5] remove message null
06-20 12:25:06.725 16972-26665/com.malvinstn.testqueue D/MainApplication: returning next ready at 11581927032 ns
06-20 12:25:06.725 16972-17512/com.malvinstn.testqueue D/MainApplication: [queue_RUN_JOB_RESULT_6] remove message null
06-20 12:25:06.725 16972-26665/com.malvinstn.testqueue D/MainApplication: [consumer_3] remove message null
06-20 12:25:06.725 16972-17512/com.malvinstn.testqueue D/MainApplication: [queue_ADD_JOB_2] remove message null
06-20 12:25:06.725 16972-26665/com.malvinstn.testqueue D/MainApplication: consumer manager on idle
06-20 12:25:06.725 16972-17512/com.malvinstn.testqueue D/MainApplication: [queue_JOB_CONSUMER_IDLE_4] remove message null
06-20 12:25:06.725 16972-17512/com.malvinstn.testqueue D/MainApplication: joq idle. running:? true
06-20 12:25:06.725 16972-26665/com.malvinstn.testqueue D/MainApplication: [queue_JOB_CONSUMER_IDLE_4] post message com.birbit.android.jobqueue.messaging.message.JobConsumerIdleMessage@bdbb488
06-20 12:25:06.725 16972-26665/com.malvinstn.testqueue D/MainApplication: [consumer_3] will wait on the lock until 1466396718306538599
06-20 12:25:06.726 16972-17512/com.malvinstn.testqueue D/MainApplication: Job queue idle. next job at: 1466396763226701672
06-20 12:25:06.726 16972-17512/com.malvinstn.testqueue D/MainApplication: add delayed message com.birbit.android.jobqueue.messaging.message.ConstraintChangeMessage@427fa03 at time 1466396763226701672
06-20 12:25:06.726 16972-17512/com.malvinstn.testqueue D/MainApplication: [priority_mq] did on idle post a message? true
06-20 12:25:06.726 16972-17512/com.malvinstn.testqueue D/MainApplication: [priority_mq] looking for next message at time 1466396706725779796
06-20 12:25:06.726 16972-17512/com.malvinstn.testqueue D/MainApplication: flushing messages at time 1466396706725779796
06-20 12:25:06.726 16972-17512/com.malvinstn.testqueue D/MainApplication: returning next ready at 56500921876 ns
06-20 12:25:06.726 16972-17512/com.malvinstn.testqueue D/MainApplication: [priority_mq] next delayed job 1466396763226701672
06-20 12:25:06.726 16972-17512/com.malvinstn.testqueue D/MainApplication: [queue_SCHEDULER_5] remove message null
06-20 12:25:06.726 16972-17512/com.malvinstn.testqueue D/MainApplication: [queue_RUN_JOB_RESULT_6] remove message null
06-20 12:25:06.726 16972-17512/com.malvinstn.testqueue D/MainApplication: [queue_ADD_JOB_2] remove message null
06-20 12:25:06.726 16972-17512/com.malvinstn.testqueue D/MainApplication: [queue_JOB_CONSUMER_IDLE_4] remove message com.birbit.android.jobqueue.messaging.message.JobConsumerIdleMessage@bdbb488
06-20 12:25:06.726 16972-17512/com.malvinstn.testqueue D/MainApplication: [priority_mq] consuming message of type JOB_CONSUMER_IDLE
06-20 12:25:06.727 16972-17512/com.malvinstn.testqueue V/MainApplication: looking for next job
06-20 12:25:06.727 16972-17512/com.malvinstn.testqueue V/MainApplication: non persistent result null
06-20 12:25:06.727 16972-17512/com.malvinstn.testqueue V/MainApplication: persistent result null
06-20 12:25:06.727 16972-17512/com.malvinstn.testqueue D/MainApplication: keep alive: 1466396718306538599
06-20 12:25:06.727 16972-17512/com.malvinstn.testqueue D/MainApplication: Consumer idle, will kill? false . isRunning: true
06-20 12:25:06.727 16972-17512/com.malvinstn.testqueue D/MainApplication: add delayed message Command[2] at time 1466396718306538599
06-20 12:25:06.728 16972-26665/com.malvinstn.testqueue D/MainApplication: flushing messages at time 1466396706727570734
06-20 12:25:06.728 16972-26665/com.malvinstn.testqueue D/MainApplication: returning next ready at 11578967865 ns
06-20 12:25:06.728 16972-26665/com.malvinstn.testqueue D/MainApplication: [consumer_3] remove message null
06-20 12:25:06.728 16972-26665/com.malvinstn.testqueue D/MainApplication: [consumer_3] will wait on the lock until 1466396718306538599
06-20 12:25:06.728 16972-17512/com.malvinstn.testqueue D/MainApplication: poke consumer manager at 1466396718306538599
06-20 12:25:06.728 16972-17512/com.malvinstn.testqueue D/MainApplication: [FW Scheduler] on finished job SchedulerConstraint{uuid='91424491-0acf-490a-878f-215c6437d8bb', delayInMs=199800000, networkStatus=2}. reschedule:false
06-20 12:25:06.729 16972-16972/com.malvinstn.testqueue D/com.malvinstn.testqueue.JobService: getJobManager() called with: 
06-20 12:25:06.729 16972-16972/com.malvinstn.testqueue D/MainApplication: MainApplication::getJobManager()
06-20 12:25:06.735 16972-17512/com.malvinstn.testqueue D/MainApplication: [FW Scheduler] scheduled a framework job. Success? true id: 1 created id: 223
06-20 12:25:06.735 16972-17512/com.malvinstn.testqueue D/MainApplication: [priority_mq] looking for next message at time 1466396706735286150
06-20 12:25:06.735 16972-17512/com.malvinstn.testqueue D/MainApplication: flushing messages at time 1466396706735286150
06-20 12:25:06.736 16972-17512/com.malvinstn.testqueue D/MainApplication: returning next ready at 56491415522 ns
06-20 12:25:06.736 16972-17512/com.malvinstn.testqueue D/MainApplication: [priority_mq] next delayed job 1466396763226701672
06-20 12:25:06.736 16972-17512/com.malvinstn.testqueue D/MainApplication: [queue_SCHEDULER_5] remove message null
06-20 12:25:06.736 16972-17512/com.malvinstn.testqueue D/MainApplication: [queue_RUN_JOB_RESULT_6] remove message null
06-20 12:25:06.736 16972-17512/com.malvinstn.testqueue D/MainApplication: [queue_ADD_JOB_2] remove message null
06-20 12:25:06.736 16972-17512/com.malvinstn.testqueue D/MainApplication: [queue_JOB_CONSUMER_IDLE_4] remove message null
06-20 12:25:06.736 16972-17512/com.malvinstn.testqueue D/MainApplication: joq idle. running:? true
06-20 12:25:06.737 16972-16972/com.malvinstn.testqueue D/com.malvinstn.testqueue.JobService: getJobManager() called with: 
06-20 12:25:06.737 16972-16972/com.malvinstn.testqueue D/MainApplication: MainApplication::getJobManager()
06-20 12:25:06.738 16972-17512/com.malvinstn.testqueue D/MainApplication: Job queue idle. next job at: 1466396763226701672
06-20 12:25:06.738 16972-17512/com.malvinstn.testqueue D/MainApplication: add delayed message com.birbit.android.jobqueue.messaging.message.ConstraintChangeMessage@6591ffe at time 1466396763226701672
06-20 12:25:06.738 16972-17512/com.malvinstn.testqueue D/MainApplication: [priority_mq] did on idle post a message? true
06-20 12:25:06.738 16972-17512/com.malvinstn.testqueue D/MainApplication: [priority_mq] looking for next message at time 1466396706737683077
06-20 12:25:06.738 16972-17512/com.malvinstn.testqueue D/MainApplication: flushing messages at time 1466396706737683077
06-20 12:25:06.738 16972-17512/com.malvinstn.testqueue D/MainApplication: returning next ready at 56489018595 ns
06-20 12:25:06.738 16972-17512/com.malvinstn.testqueue D/MainApplication: [priority_mq] next delayed job 1466396763226701672
06-20 12:25:06.738 16972-17512/com.malvinstn.testqueue D/MainApplication: [queue_SCHEDULER_5] remove message null
06-20 12:25:06.738 16972-17512/com.malvinstn.testqueue D/MainApplication: [queue_RUN_JOB_RESULT_6] remove message null
06-20 12:25:06.738 16972-17512/com.malvinstn.testqueue D/MainApplication: [queue_ADD_JOB_2] remove message null
06-20 12:25:06.738 16972-17512/com.malvinstn.testqueue D/MainApplication: [queue_JOB_CONSUMER_IDLE_4] remove message null
06-20 12:25:06.738 16972-17512/com.malvinstn.testqueue D/MainApplication: [priority_mq] did on idle post a message? false
06-20 12:25:06.739 16972-16972/com.malvinstn.testqueue D/com.malvinstn.testqueue.JobService: getJobManager() called with: 
06-20 12:25:06.739 16972-16972/com.malvinstn.testqueue D/MainApplication: MainApplication::getJobManager()
06-20 12:25:06.740 16972-16972/com.malvinstn.testqueue D/MainApplication: [FW Scheduler] start job SchedulerConstraint{uuid='91424491-0acf-490a-878f-215c6437d8bb', delayInMs=200700000, networkStatus=2} 223
06-20 12:25:06.740 16972-16972/com.malvinstn.testqueue D/MainApplication: [queue_SCHEDULER_5] post message com.birbit.android.jobqueue.messaging.message.SchedulerMessage@7abd2cc
06-20 12:25:06.740 16972-17512/com.malvinstn.testqueue D/MainApplication: [priority_mq] looking for next message at time 1466396706739556828
06-20 12:25:06.740 16972-17512/com.malvinstn.testqueue D/MainApplication: flushing messages at time 1466396706739556828
06-20 12:25:06.740 16972-17512/com.malvinstn.testqueue D/MainApplication: returning next ready at 56487144844 ns
06-20 12:25:06.740 16972-17512/com.malvinstn.testqueue D/MainApplication: [priority_mq] next delayed job 1466396763226701672
06-20 12:25:06.740 16972-17512/com.malvinstn.testqueue D/MainApplication: [queue_SCHEDULER_5] remove message com.birbit.android.jobqueue.messaging.message.SchedulerMessage@7abd2cc
06-20 12:25:06.740 16972-17512/com.malvinstn.testqueue D/MainApplication: [priority_mq] consuming message of type SCHEDULER
06-20 12:25:06.740 16972-17512/com.malvinstn.testqueue D/MainApplication: considering adding a new consumer. Should poke all waiting? true isRunning? true waiting workers? 1
06-20 12:25:06.740 16972-17512/com.malvinstn.testqueue D/MainApplication: there are waiting workers, will poke them instead
06-20 12:25:06.740 16972-17512/com.malvinstn.testqueue D/MainApplication: [consumer_3] post message Command[2]
06-20 12:25:06.740 16972-17512/com.malvinstn.testqueue D/MainApplication: there were waiting workers, poked them and I'm done
06-20 12:25:06.740 16972-17512/com.malvinstn.testqueue D/MainApplication: [priority_mq] looking for next message at time 1466396706740277922
06-20 12:25:06.740 16972-17512/com.malvinstn.testqueue D/MainApplication: flushing messages at time 1466396706740277922
06-20 12:25:06.740 16972-17512/com.malvinstn.testqueue D/MainApplication: returning next ready at 56486423750 ns
06-20 12:25:06.741 16972-17512/com.malvinstn.testqueue D/MainApplication: [priority_mq] next delayed job 1466396763226701672
06-20 12:25:06.741 16972-17512/com.malvinstn.testqueue D/MainApplication: [queue_SCHEDULER_5] remove message null
06-20 12:25:06.741 16972-17512/com.malvinstn.testqueue D/MainApplication: [queue_RUN_JOB_RESULT_6] remove message null
06-20 12:25:06.741 16972-17512/com.malvinstn.testqueue D/MainApplication: [queue_ADD_JOB_2] remove message null
06-20 12:25:06.741 16972-17512/com.malvinstn.testqueue D/MainApplication: [queue_JOB_CONSUMER_IDLE_4] remove message null
06-20 12:25:06.741 16972-17512/com.malvinstn.testqueue D/MainApplication: joq idle. running:? true
06-20 12:25:06.741 16972-26665/com.malvinstn.testqueue D/MainApplication: flushing messages at time 1466396706740681567
06-20 12:25:06.741 16972-26665/com.malvinstn.testqueue D/MainApplication: returning next ready at 11565857032 ns
06-20 12:25:06.741 16972-26665/com.malvinstn.testqueue D/MainApplication: [consumer_3] remove message Command[2]
06-20 12:25:06.741 16972-26665/com.malvinstn.testqueue D/MainApplication: Consumer has been poked.
06-20 12:25:06.741 16972-26665/com.malvinstn.testqueue D/MainApplication: flushing messages at time 1466396706740835838
06-20 12:25:06.741 16972-26665/com.malvinstn.testqueue D/MainApplication: returning next ready at 11565702761 ns
06-20 12:25:06.741 16972-26665/com.malvinstn.testqueue D/MainApplication: [consumer_3] remove message null
06-20 12:25:06.741 16972-26665/com.malvinstn.testqueue D/MainApplication: consumer manager on idle
06-20 12:25:06.741 16972-26665/com.malvinstn.testqueue D/MainApplication: [queue_JOB_CONSUMER_IDLE_4] post message com.birbit.android.jobqueue.messaging.message.JobConsumerIdleMessage@bdbb488
06-20 12:25:06.741 16972-26665/com.malvinstn.testqueue D/MainApplication: [consumer_3] will wait on the lock until 1466396718306538599
06-20 12:25:06.742 16972-17512/com.malvinstn.testqueue D/MainApplication: Job queue idle. next job at: 1466396763226701672
06-20 12:25:06.742 16972-17512/com.malvinstn.testqueue D/MainApplication: add delayed message com.birbit.android.jobqueue.messaging.message.ConstraintChangeMessage@826335f at time 1466396763226701672
06-20 12:25:06.742 16972-17512/com.malvinstn.testqueue D/MainApplication: [priority_mq] did on idle post a message? true
06-20 12:25:06.742 16972-17512/com.malvinstn.testqueue D/MainApplication: [priority_mq] looking for next message at time 1466396706741997765
06-20 12:25:06.742 16972-17512/com.malvinstn.testqueue D/MainApplication: flushing messages at time 1466396706741997765
06-20 12:25:06.742 16972-17512/com.malvinstn.testqueue D/MainApplication: returning next ready at 56484703907 ns
06-20 12:25:06.742 16972-17512/com.malvinstn.testqueue D/MainApplication: [priority_mq] next delayed job 1466396763226701672
06-20 12:25:06.742 16972-17512/com.malvinstn.testqueue D/MainApplication: [queue_SCHEDULER_5] remove message null
06-20 12:25:06.742 16972-17512/com.malvinstn.testqueue D/MainApplication: [queue_RUN_JOB_RESULT_6] remove message null
06-20 12:25:06.742 16972-17512/com.malvinstn.testqueue D/MainApplication: [queue_ADD_JOB_2] remove message null
06-20 12:25:06.742 16972-17512/com.malvinstn.testqueue D/MainApplication: [queue_JOB_CONSUMER_IDLE_4] remove message com.birbit.android.jobqueue.messaging.message.JobConsumerIdleMessage@bdbb488
06-20 12:25:06.742 16972-17512/com.malvinstn.testqueue D/MainApplication: [priority_mq] consuming message of type JOB_CONSUMER_IDLE
06-20 12:25:06.743 16972-17512/com.malvinstn.testqueue V/MainApplication: looking for next job
06-20 12:25:06.743 16972-17512/com.malvinstn.testqueue V/MainApplication: non persistent result null
06-20 12:25:06.743 16972-17512/com.malvinstn.testqueue V/MainApplication: persistent result null
06-20 12:25:06.743 16972-17512/com.malvinstn.testqueue D/MainApplication: keep alive: 1466396718306538599
06-20 12:25:06.744 16972-17512/com.malvinstn.testqueue D/MainApplication: Consumer idle, will kill? false . isRunning: true
06-20 12:25:06.744 16972-17512/com.malvinstn.testqueue D/MainApplication: add delayed message Command[2] at time 1466396718306538599
06-20 12:25:06.744 16972-17512/com.malvinstn.testqueue D/MainApplication: poke consumer manager at 1466396718306538599
06-20 12:25:06.744 16972-17512/com.malvinstn.testqueue D/MainApplication: [FW Scheduler] on finished job SchedulerConstraint{uuid='91424491-0acf-490a-878f-215c6437d8bb', delayInMs=200700000, networkStatus=2}. reschedule:false
06-20 12:25:06.745 16972-26665/com.malvinstn.testqueue D/MainApplication: flushing messages at time 1466396706744641932
06-20 12:25:06.745 16972-26665/com.malvinstn.testqueue D/MainApplication: returning next ready at 11561896667 ns
06-20 12:25:06.745 16972-26665/com.malvinstn.testqueue D/MainApplication: [consumer_3] remove message null
06-20 12:25:06.745 16972-26665/com.malvinstn.testqueue D/MainApplication: [consumer_3] will wait on the lock until 1466396718306538599
06-20 12:25:06.746 16972-16972/com.malvinstn.testqueue D/com.malvinstn.testqueue.JobService: getJobManager() called with: 
06-20 12:25:06.746 16972-16972/com.malvinstn.testqueue D/MainApplication: MainApplication::getJobManager()
06-20 12:25:06.751 16972-17512/com.malvinstn.testqueue D/MainApplication: [FW Scheduler] scheduled a framework job. Success? true id: 1 created id: 224
06-20 12:25:06.751 16972-17512/com.malvinstn.testqueue D/MainApplication: [priority_mq] looking for next message at time 1466396706751086515
06-20 12:25:06.751 16972-17512/com.malvinstn.testqueue D/MainApplication: flushing messages at time 1466396706751086515
06-20 12:25:06.751 16972-17512/com.malvinstn.testqueue D/MainApplication: returning next ready at 56475615157 ns
06-20 12:25:06.751 16972-17512/com.malvinstn.testqueue D/MainApplication: [priority_mq] next delayed job 1466396763226701672
06-20 12:25:06.751 16972-17512/com.malvinstn.testqueue D/MainApplication: [queue_SCHEDULER_5] remove message null
06-20 12:25:06.751 16972-17512/com.malvinstn.testqueue D/MainApplication: [queue_RUN_JOB_RESULT_6] remove message null
06-20 12:25:06.751 16972-17512/com.malvinstn.testqueue D/MainApplication: [queue_ADD_JOB_2] remove message null
06-20 12:25:06.751 16972-17512/com.malvinstn.testqueue D/MainApplication: [queue_JOB_CONSUMER_IDLE_4] remove message null
06-20 12:25:06.752 16972-17512/com.malvinstn.testqueue D/MainApplication: joq idle. running:? true
06-20 12:25:06.752 16972-17512/com.malvinstn.testqueue D/MainApplication: Job queue idle. next job at: 1466396763226701672
06-20 12:25:06.752 16972-17512/com.malvinstn.testqueue D/MainApplication: add delayed message com.birbit.android.jobqueue.messaging.message.ConstraintChangeMessage@68c4e75 at time 1466396763226701672
06-20 12:25:06.753 16972-17512/com.malvinstn.testqueue D/MainApplication: [priority_mq] did on idle post a message? true
06-20 12:25:06.753 16972-17512/com.malvinstn.testqueue D/MainApplication: [priority_mq] looking for next message at time 1466396706752424744
06-20 12:25:06.753 16972-17512/com.malvinstn.testqueue D/MainApplication: flushing messages at time 1466396706752424744
06-20 12:25:06.753 16972-17512/com.malvinstn.testqueue D/MainApplication: returning next ready at 56474276928 ns
06-20 12:25:06.753 16972-17512/com.malvinstn.testqueue D/MainApplication: [priority_mq] next delayed job 1466396763226701672
06-20 12:25:06.753 16972-17512/com.malvinstn.testqueue D/MainApplication: [queue_SCHEDULER_5] remove message null
06-20 12:25:06.753 16972-17512/com.malvinstn.testqueue D/MainApplication: [queue_RUN_JOB_RESULT_6] remove message null
06-20 12:25:06.753 16972-17512/com.malvinstn.testqueue D/MainApplication: [queue_ADD_JOB_2] remove message null
06-20 12:25:06.753 16972-17512/com.malvinstn.testqueue D/MainApplication: [queue_JOB_CONSUMER_IDLE_4] remove message null
06-20 12:25:06.753 16972-17512/com.malvinstn.testqueue D/MainApplication: [priority_mq] did on idle post a message? false
06-20 12:25:06.754 16972-16972/com.malvinstn.testqueue D/com.malvinstn.testqueue.JobService: getJobManager() called with: 
06-20 12:25:06.754 16972-16972/com.malvinstn.testqueue D/MainApplication: MainApplication::getJobManager()
06-20 12:25:06.755 16972-16972/com.malvinstn.testqueue D/com.malvinstn.testqueue.JobService: getJobManager() called with: 
06-20 12:25:06.755 16972-16972/com.malvinstn.testqueue D/MainApplication: MainApplication::getJobManager()
06-20 12:25:06.755 16972-16972/com.malvinstn.testqueue D/MainApplication: [FW Scheduler] start job SchedulerConstraint{uuid='91424491-0acf-490a-878f-215c6437d8bb', delayInMs=201600000, networkStatus=2} 224
06-20 12:25:06.755 16972-16972/com.malvinstn.testqueue D/MainApplication: [queue_SCHEDULER_5] post message com.birbit.android.jobqueue.messaging.message.SchedulerMessage@7abd2cc
06-20 12:25:06.757 16972-17512/com.malvinstn.testqueue D/MainApplication: [priority_mq] looking for next message at time 1466396706756648650
06-20 12:25:06.757 16972-17512/com.malvinstn.testqueue D/MainApplication: flushing messages at time 1466396706756648650
06-20 12:25:06.757 16972-17512/com.malvinstn.testqueue D/MainApplication: returning next ready at 56470053022 ns
06-20 12:25:06.757 16972-17512/com.malvinstn.testqueue D/MainApplication: [priority_mq] next delayed job 1466396763226701672
