06-20 12:47:51.372 15813-16008/com.malvinstn.testqueue D/MainApplication: [priority_mq] looking for next message at time 1466398071372194404
06-20 12:47:51.372 15813-16008/com.malvinstn.testqueue D/MainApplication: flushing messages at time 1466398071372194404
06-20 12:47:51.372 15813-16008/com.malvinstn.testqueue D/MainApplication: returning next ready at 11648737935 ns
06-20 12:47:51.372 15813-16008/com.malvinstn.testqueue D/MainApplication: [priority_mq] next delayed job 1466398083020932339
06-20 12:47:51.372 15813-16008/com.malvinstn.testqueue D/MainApplication: [queue_SCHEDULER_5] remove message null
06-20 12:47:51.372 15813-16008/com.malvinstn.testqueue D/MainApplication: [queue_RUN_JOB_RESULT_6] remove message null
06-20 12:47:51.372 15813-16008/com.malvinstn.testqueue D/MainApplication: [queue_ADD_JOB_2] remove message null
06-20 12:47:51.372 15813-16008/com.malvinstn.testqueue D/MainApplication: [queue_JOB_CONSUMER_IDLE_4] remove message null
06-20 12:47:51.372 15813-16008/com.malvinstn.testqueue D/MainApplication: joq idle. running:? true
06-20 12:47:51.373 15813-15813/com.malvinstn.testqueue D/com.malvinstn.testqueue.JobService: getJobManager() called with: 
06-20 12:47:51.373 15813-15813/com.malvinstn.testqueue D/MainApplication: MainApplication::getJobManager()
06-20 12:47:51.373 15813-16008/com.malvinstn.testqueue D/MainApplication: Job queue idle. next job at: 1466398083020932339
06-20 12:47:51.373 15813-16008/com.malvinstn.testqueue D/MainApplication: add delayed message com.birbit.android.jobqueue.messaging.message.ConstraintChangeMessage@5b5274c at time 1466398083020932339
06-20 12:47:51.373 15813-16008/com.malvinstn.testqueue D/MainApplication: [priority_mq] did on idle post a message? true
06-20 12:47:51.373 15813-16008/com.malvinstn.testqueue D/MainApplication: [priority_mq] looking for next message at time 1466398071373712112
06-20 12:47:51.373 15813-16008/com.malvinstn.testqueue D/MainApplication: flushing messages at time 1466398071373712112
06-20 12:47:51.373 15813-16008/com.malvinstn.testqueue D/MainApplication: returning next ready at 11647220227 ns
06-20 12:47:51.374 15813-16008/com.malvinstn.testqueue D/MainApplication: [priority_mq] next delayed job 1466398083020932339
06-20 12:47:51.374 15813-16008/com.malvinstn.testqueue D/MainApplication: [queue_SCHEDULER_5] remove message null
06-20 12:47:51.374 15813-16008/com.malvinstn.testqueue D/MainApplication: [queue_RUN_JOB_RESULT_6] remove message null
06-20 12:47:51.374 15813-16008/com.malvinstn.testqueue D/MainApplication: [queue_ADD_JOB_2] remove message null
06-20 12:47:51.374 15813-16008/com.malvinstn.testqueue D/MainApplication: [queue_JOB_CONSUMER_IDLE_4] remove message null
06-20 12:47:51.374 15813-16008/com.malvinstn.testqueue D/MainApplication: [priority_mq] did on idle post a message? false
06-20 12:47:51.375 15813-15813/com.malvinstn.testqueue D/com.malvinstn.testqueue.JobService: getJobManager() called with: 
06-20 12:47:51.375 15813-15813/com.malvinstn.testqueue D/MainApplication: MainApplication::getJobManager()
06-20 12:47:51.375 15813-15813/com.malvinstn.testqueue D/MainApplication: [FW Scheduler] start job SchedulerConstraint{uuid='bd6ee108-bdc7-4e38-8c1e-9be011919639', delayInMs=23400000, networkStatus=1, overrideDeadlineInMs=null, data=null} 57
06-20 12:47:51.375 15813-15813/com.malvinstn.testqueue D/MainApplication: [queue_SCHEDULER_5] post message com.birbit.android.jobqueue.messaging.message.SchedulerMessage@de6d059
06-20 12:47:51.375 15813-16008/com.malvinstn.testqueue D/MainApplication: [priority_mq] looking for next message at time 1466398071375511487
06-20 12:47:51.375 15813-16008/com.malvinstn.testqueue D/MainApplication: flushing messages at time 1466398071375511487
06-20 12:47:51.375 15813-16008/com.malvinstn.testqueue D/MainApplication: returning next ready at 11645420852 ns
06-20 12:47:51.375 15813-16008/com.malvinstn.testqueue D/MainApplication: [priority_mq] next delayed job 1466398083020932339
06-20 12:47:51.375 15813-16008/com.malvinstn.testqueue D/MainApplication: [queue_SCHEDULER_5] remove message com.birbit.android.jobqueue.messaging.message.SchedulerMessage@de6d059
06-20 12:47:51.375 15813-16008/com.malvinstn.testqueue D/MainApplication: [priority_mq] consuming message of type SCHEDULER
06-20 12:47:51.376 15813-16008/com.malvinstn.testqueue D/MainApplication: considering adding a new consumer. Should poke all waiting? true isRunning? true waiting workers? 1
06-20 12:47:51.376 15813-16008/com.malvinstn.testqueue D/MainApplication: there are waiting workers, will poke them instead
06-20 12:47:51.376 15813-16008/com.malvinstn.testqueue D/MainApplication: [consumer_7] post message Command[2]
06-20 12:47:51.376 15813-16008/com.malvinstn.testqueue D/MainApplication: there were waiting workers, poked them and I'm done
06-20 12:47:51.376 15813-18134/com.malvinstn.testqueue D/MainApplication: flushing messages at time 1466398071376294091
06-20 12:47:51.376 15813-18134/com.malvinstn.testqueue D/MainApplication: returning next ready at 14567655001 ns
06-20 12:47:51.376 15813-16008/com.malvinstn.testqueue D/MainApplication: [priority_mq] looking for next message at time 1466398071376330393
06-20 12:47:51.376 15813-16008/com.malvinstn.testqueue D/MainApplication: flushing messages at time 1466398071376330393
06-20 12:47:51.376 15813-18134/com.malvinstn.testqueue D/MainApplication: [consumer_7] remove message Command[2]
06-20 12:47:51.376 15813-16008/com.malvinstn.testqueue D/MainApplication: returning next ready at 11644601946 ns
06-20 12:47:51.376 15813-18134/com.malvinstn.testqueue D/MainApplication: Consumer has been poked.
06-20 12:47:51.376 15813-16008/com.malvinstn.testqueue D/MainApplication: [priority_mq] next delayed job 1466398083020932339
06-20 12:47:51.376 15813-18134/com.malvinstn.testqueue D/MainApplication: flushing messages at time 1466398071376454248
06-20 12:47:51.376 15813-16008/com.malvinstn.testqueue D/MainApplication: [queue_SCHEDULER_5] remove message null
06-20 12:47:51.376 15813-18134/com.malvinstn.testqueue D/MainApplication: returning next ready at 14567494844 ns
06-20 12:47:51.376 15813-16008/com.malvinstn.testqueue D/MainApplication: [queue_RUN_JOB_RESULT_6] remove message null
06-20 12:47:51.376 15813-18134/com.malvinstn.testqueue D/MainApplication: [consumer_7] remove message null
06-20 12:47:51.376 15813-16008/com.malvinstn.testqueue D/MainApplication: [queue_ADD_JOB_2] remove message null
06-20 12:47:51.376 15813-18134/com.malvinstn.testqueue D/MainApplication: consumer manager on idle
06-20 12:47:51.376 15813-16008/com.malvinstn.testqueue D/MainApplication: [queue_JOB_CONSUMER_IDLE_4] remove message null
06-20 12:47:51.376 15813-16008/com.malvinstn.testqueue D/MainApplication: joq idle. running:? true
06-20 12:47:51.376 15813-18134/com.malvinstn.testqueue D/MainApplication: [queue_JOB_CONSUMER_IDLE_4] post message com.birbit.android.jobqueue.messaging.message.JobConsumerIdleMessage@358bca5
06-20 12:47:51.376 15813-18134/com.malvinstn.testqueue D/MainApplication: [consumer_7] will wait on the lock until 1466398085943949092
06-20 12:47:51.377 15813-16008/com.malvinstn.testqueue D/MainApplication: Job queue idle. next job at: 1466398083020932339
06-20 12:47:51.377 15813-16008/com.malvinstn.testqueue D/MainApplication: add delayed message com.birbit.android.jobqueue.messaging.message.ConstraintChangeMessage@e31395 at time 1466398083020932339
06-20 12:47:51.377 15813-16008/com.malvinstn.testqueue D/MainApplication: [priority_mq] did on idle post a message? true
06-20 12:47:51.377 15813-16008/com.malvinstn.testqueue D/MainApplication: [priority_mq] looking for next message at time 1466398071377698675
06-20 12:47:51.377 15813-16008/com.malvinstn.testqueue D/MainApplication: flushing messages at time 1466398071377698675
06-20 12:47:51.377 15813-16008/com.malvinstn.testqueue D/MainApplication: returning next ready at 11643233664 ns
06-20 12:47:51.377 15813-16008/com.malvinstn.testqueue D/MainApplication: [priority_mq] next delayed job 1466398083020932339
06-20 12:47:51.378 15813-16008/com.malvinstn.testqueue D/MainApplication: [queue_SCHEDULER_5] remove message null
06-20 12:47:51.378 15813-16008/com.malvinstn.testqueue D/MainApplication: [queue_RUN_JOB_RESULT_6] remove message null
06-20 12:47:51.378 15813-16008/com.malvinstn.testqueue D/MainApplication: [queue_ADD_JOB_2] remove message null
06-20 12:47:51.378 15813-16008/com.malvinstn.testqueue D/MainApplication: [queue_JOB_CONSUMER_IDLE_4] remove message com.birbit.android.jobqueue.messaging.message.JobConsumerIdleMessage@358bca5
06-20 12:47:51.378 15813-16008/com.malvinstn.testqueue D/MainApplication: [priority_mq] consuming message of type JOB_CONSUMER_IDLE
06-20 12:47:51.378 15813-16008/com.malvinstn.testqueue V/MainApplication: looking for next job
06-20 12:47:51.378 15813-16008/com.malvinstn.testqueue V/MainApplication: non persistent result null
06-20 12:47:51.379 15813-16008/com.malvinstn.testqueue V/MainApplication: persistent result null
06-20 12:47:51.379 15813-16008/com.malvinstn.testqueue D/MainApplication: keep alive: 1466398085943949092
06-20 12:47:51.379 15813-16008/com.malvinstn.testqueue D/MainApplication: Consumer idle, will kill? false . isRunning: true
06-20 12:47:51.379 15813-16008/com.malvinstn.testqueue D/MainApplication: add delayed message Command[2] at time 1466398085943949092
06-20 12:47:51.379 15813-16008/com.malvinstn.testqueue D/MainApplication: poke consumer manager at 1466398085943949092
06-20 12:47:51.379 15813-18134/com.malvinstn.testqueue D/MainApplication: flushing messages at time 1466398071379431435
06-20 12:47:51.379 15813-18134/com.malvinstn.testqueue D/MainApplication: returning next ready at 14564517657 ns
06-20 12:47:51.379 15813-18134/com.malvinstn.testqueue D/MainApplication: [consumer_7] remove message null
06-20 12:47:51.379 15813-18134/com.malvinstn.testqueue D/MainApplication: [consumer_7] will wait on the lock until 1466398085943949092
06-20 12:47:51.379 15813-16008/com.malvinstn.testqueue D/MainApplication: [FW Scheduler] on finished job SchedulerConstraint{uuid='bd6ee108-bdc7-4e38-8c1e-9be011919639', delayInMs=23400000, networkStatus=1, overrideDeadlineInMs=null, data=android.app.job.JobParameters@ae4ecaa}. reschedule:false
06-20 12:47:51.383 15813-15813/com.malvinstn.testqueue D/com.malvinstn.testqueue.JobService: getJobManager() called with: 
06-20 12:47:51.383 15813-15813/com.malvinstn.testqueue D/MainApplication: MainApplication::getJobManager()
06-20 12:47:51.387 15813-16008/com.malvinstn.testqueue D/MainApplication: [FW Scheduler] scheduled a framework job. Success? true id: 1 created id: 58
06-20 12:47:51.387 15813-16008/com.malvinstn.testqueue D/MainApplication: [priority_mq] looking for next message at time 1466398071387026279
06-20 12:47:51.387 15813-16008/com.malvinstn.testqueue D/MainApplication: flushing messages at time 1466398071387026279
06-20 12:47:51.387 15813-16008/com.malvinstn.testqueue D/MainApplication: returning next ready at 11633906060 ns
06-20 12:47:51.387 15813-16008/com.malvinstn.testqueue D/MainApplication: [priority_mq] next delayed job 1466398083020932339
06-20 12:47:51.387 15813-16008/com.malvinstn.testqueue D/MainApplication: [queue_SCHEDULER_5] remove message null
06-20 12:47:51.387 15813-16008/com.malvinstn.testqueue D/MainApplication: [queue_RUN_JOB_RESULT_6] remove message null
06-20 12:47:51.387 15813-16008/com.malvinstn.testqueue D/MainApplication: [queue_ADD_JOB_2] remove message null
06-20 12:47:51.387 15813-16008/com.malvinstn.testqueue D/MainApplication: [queue_JOB_CONSUMER_IDLE_4] remove message null
06-20 12:47:51.387 15813-16008/com.malvinstn.testqueue D/MainApplication: joq idle. running:? true
06-20 12:47:51.388 15813-16008/com.malvinstn.testqueue D/MainApplication: Job queue idle. next job at: 1466398083020932339
06-20 12:47:51.388 15813-16008/com.malvinstn.testqueue D/MainApplication: add delayed message com.birbit.android.jobqueue.messaging.message.ConstraintChangeMessage@9b36c38 at time 1466398083020932339
06-20 12:47:51.388 15813-16008/com.malvinstn.testqueue D/MainApplication: [priority_mq] did on idle post a message? true
06-20 12:47:51.388 15813-16008/com.malvinstn.testqueue D/MainApplication: [priority_mq] looking for next message at time 1466398071388469039
06-20 12:47:51.388 15813-16008/com.malvinstn.testqueue D/MainApplication: flushing messages at time 1466398071388469039
06-20 12:47:51.388 15813-16008/com.malvinstn.testqueue D/MainApplication: returning next ready at 11632463300 ns
06-20 12:47:51.388 15813-16008/com.malvinstn.testqueue D/MainApplication: [priority_mq] next delayed job 1466398083020932339
06-20 12:47:51.388 15813-16008/com.malvinstn.testqueue D/MainApplication: [queue_SCHEDULER_5] remove message null
06-20 12:47:51.388 15813-16008/com.malvinstn.testqueue D/MainApplication: [queue_RUN_JOB_RESULT_6] remove message null
06-20 12:47:51.388 15813-16008/com.malvinstn.testqueue D/MainApplication: [queue_ADD_JOB_2] remove message null
06-20 12:47:51.388 15813-16008/com.malvinstn.testqueue D/MainApplication: [queue_JOB_CONSUMER_IDLE_4] remove message null
06-20 12:47:51.388 15813-16008/com.malvinstn.testqueue D/MainApplication: [priority_mq] did on idle post a message? false
06-20 12:47:51.389 15813-15813/com.malvinstn.testqueue D/com.malvinstn.testqueue.JobService: getJobManager() called with: 
06-20 12:47:51.389 15813-15813/com.malvinstn.testqueue D/MainApplication: MainApplication::getJobManager()
06-20 12:47:51.390 15813-15813/com.malvinstn.testqueue D/com.malvinstn.testqueue.JobService: getJobManager() called with: 
06-20 12:47:51.390 15813-15813/com.malvinstn.testqueue D/MainApplication: MainApplication::getJobManager()
06-20 12:47:51.390 15813-15813/com.malvinstn.testqueue D/MainApplication: [FW Scheduler] start job SchedulerConstraint{uuid='bd6ee108-bdc7-4e38-8c1e-9be011919639', delayInMs=24300000, networkStatus=1, overrideDeadlineInMs=null, data=null} 58
06-20 12:47:51.390 15813-15813/com.malvinstn.testqueue D/MainApplication: [queue_SCHEDULER_5] post message com.birbit.android.jobqueue.messaging.message.SchedulerMessage@de6d059
06-20 12:47:51.390 15813-16008/com.malvinstn.testqueue D/MainApplication: [priority_mq] looking for next message at time 1466398071390620498
06-20 12:47:51.390 15813-16008/com.malvinstn.testqueue D/MainApplication: flushing messages at time 1466398071390620498
06-20 12:47:51.390 15813-16008/com.malvinstn.testqueue D/MainApplication: returning next ready at 11630311841 ns
06-20 12:47:51.390 15813-16008/com.malvinstn.testqueue D/MainApplication: [priority_mq] next delayed job 1466398083020932339
06-20 12:47:51.390 15813-16008/com.malvinstn.testqueue D/MainApplication: [queue_SCHEDULER_5] remove message com.birbit.android.jobqueue.messaging.message.SchedulerMessage@de6d059
06-20 12:47:51.390 15813-16008/com.malvinstn.testqueue D/MainApplication: [priority_mq] consuming message of type SCHEDULER
06-20 12:47:51.391 15813-16008/com.malvinstn.testqueue D/MainApplication: considering adding a new consumer. Should poke all waiting? true isRunning? true waiting workers? 1
06-20 12:47:51.391 15813-16008/com.malvinstn.testqueue D/MainApplication: there are waiting workers, will poke them instead
06-20 12:47:51.391 15813-16008/com.malvinstn.testqueue D/MainApplication: [consumer_7] post message Command[2]
06-20 12:47:51.391 15813-16008/com.malvinstn.testqueue D/MainApplication: there were waiting workers, poked them and I'm done
06-20 12:47:51.391 15813-18134/com.malvinstn.testqueue D/MainApplication: flushing messages at time 1466398071391395133
06-20 12:47:51.391 15813-16008/com.malvinstn.testqueue D/MainApplication: [priority_mq] looking for next message at time 1466398071391421331
06-20 12:47:51.391 15813-18134/com.malvinstn.testqueue D/MainApplication: returning next ready at 14552553959 ns
06-20 12:47:51.391 15813-16008/com.malvinstn.testqueue D/MainApplication: flushing messages at time 1466398071391421331
06-20 12:47:51.391 15813-18134/com.malvinstn.testqueue D/MainApplication: [consumer_7] remove message Command[2]
06-20 12:47:51.391 15813-16008/com.malvinstn.testqueue D/MainApplication: returning next ready at 11629511008 ns
06-20 12:47:51.391 15813-18134/com.malvinstn.testqueue D/MainApplication: Consumer has been poked.
06-20 12:47:51.391 15813-16008/com.malvinstn.testqueue D/MainApplication: [priority_mq] next delayed job 1466398083020932339
06-20 12:47:51.391 15813-16008/com.malvinstn.testqueue D/MainApplication: [queue_SCHEDULER_5] remove message null
06-20 12:47:51.391 15813-18134/com.malvinstn.testqueue D/MainApplication: flushing messages at time 1466398071391607685
06-20 12:47:51.391 15813-16008/com.malvinstn.testqueue D/MainApplication: [queue_RUN_JOB_RESULT_6] remove message null
06-20 12:47:51.391 15813-18134/com.malvinstn.testqueue D/MainApplication: returning next ready at 14552341407 ns
06-20 12:47:51.391 15813-16008/com.malvinstn.testqueue D/MainApplication: [queue_ADD_JOB_2] remove message null
06-20 12:47:51.391 15813-18134/com.malvinstn.testqueue D/MainApplication: [consumer_7] remove message null
06-20 12:47:51.391 15813-16008/com.malvinstn.testqueue D/MainApplication: [queue_JOB_CONSUMER_IDLE_4] remove message null
06-20 12:47:51.391 15813-18134/com.malvinstn.testqueue D/MainApplication: consumer manager on idle
06-20 12:47:51.391 15813-16008/com.malvinstn.testqueue D/MainApplication: joq idle. running:? true
06-20 12:47:51.391 15813-18134/com.malvinstn.testqueue D/MainApplication: [queue_JOB_CONSUMER_IDLE_4] post message com.birbit.android.jobqueue.messaging.message.JobConsumerIdleMessage@358bca5
06-20 12:47:51.391 15813-18134/com.malvinstn.testqueue D/MainApplication: [consumer_7] will wait on the lock until 1466398085943949092
06-20 12:47:51.392 15813-16008/com.malvinstn.testqueue D/MainApplication: Job queue idle. next job at: 1466398083020932339
06-20 12:47:51.393 15813-16008/com.malvinstn.testqueue D/MainApplication: add delayed message com.birbit.android.jobqueue.messaging.message.ConstraintChangeMessage@8fd2976 at time 1466398083020932339
06-20 12:47:51.393 15813-16008/com.malvinstn.testqueue D/MainApplication: [priority_mq] did on idle post a message? true
06-20 12:47:51.393 15813-16008/com.malvinstn.testqueue D/MainApplication: [priority_mq] looking for next message at time 1466398071392943519
06-20 12:47:51.393 15813-16008/com.malvinstn.testqueue D/MainApplication: flushing messages at time 1466398071392943519
06-20 12:47:51.393 15813-16008/com.malvinstn.testqueue D/MainApplication: returning next ready at 11627988820 ns
06-20 12:47:51.393 15813-16008/com.malvinstn.testqueue D/MainApplication: [priority_mq] next delayed job 1466398083020932339
06-20 12:47:51.393 15813-16008/com.malvinstn.testqueue D/MainApplication: [queue_SCHEDULER_5] remove message null
06-20 12:47:51.393 15813-16008/com.malvinstn.testqueue D/MainApplication: [queue_RUN_JOB_RESULT_6] remove message null
06-20 12:47:51.393 15813-16008/com.malvinstn.testqueue D/MainApplication: [queue_ADD_JOB_2] remove message null
06-20 12:47:51.393 15813-16008/com.malvinstn.testqueue D/MainApplication: [queue_JOB_CONSUMER_IDLE_4] remove message com.birbit.android.jobqueue.messaging.message.JobConsumerIdleMessage@358bca5
06-20 12:47:51.393 15813-16008/com.malvinstn.testqueue D/MainApplication: [priority_mq] consuming message of type JOB_CONSUMER_IDLE
06-20 12:47:51.393 15813-16008/com.malvinstn.testqueue V/MainApplication: looking for next job
06-20 12:47:51.393 15813-16008/com.malvinstn.testqueue V/MainApplication: non persistent result null
06-20 12:47:51.394 15813-16008/com.malvinstn.testqueue V/MainApplication: persistent result null
06-20 12:47:51.394 15813-16008/com.malvinstn.testqueue D/MainApplication: keep alive: 1466398085943949092
06-20 12:47:51.394 15813-16008/com.malvinstn.testqueue D/MainApplication: Consumer idle, will kill? false . isRunning: true
06-20 12:47:51.394 15813-16008/com.malvinstn.testqueue D/MainApplication: add delayed message Command[2] at time 1466398085943949092
06-20 12:47:51.394 15813-16008/com.malvinstn.testqueue D/MainApplication: poke consumer manager at 1466398085943949092
06-20 12:47:51.394 15813-18134/com.malvinstn.testqueue D/MainApplication: flushing messages at time 1466398071394548727
06-20 12:47:51.394 15813-18134/com.malvinstn.testqueue D/MainApplication: returning next ready at 14549400365 ns
06-20 12:47:51.394 15813-18134/com.malvinstn.testqueue D/MainApplication: [consumer_7] remove message null
06-20 12:47:51.394 15813-18134/com.malvinstn.testqueue D/MainApplication: [consumer_7] will wait on the lock until 1466398085943949092
06-20 12:47:51.395 15813-16008/com.malvinstn.testqueue D/MainApplication: [FW Scheduler] on finished job SchedulerConstraint{uuid='bd6ee108-bdc7-4e38-8c1e-9be011919639', delayInMs=24300000, networkStatus=1, overrideDeadlineInMs=null, data=android.app.job.JobParameters@db0cb77}. reschedule:false
06-20 12:47:51.396 15813-15813/com.malvinstn.testqueue D/com.malvinstn.testqueue.JobService: getJobManager() called with: 
06-20 12:47:51.396 15813-15813/com.malvinstn.testqueue D/MainApplication: MainApplication::getJobManager()
06-20 12:47:51.401 15813-16008/com.malvinstn.testqueue D/MainApplication: [FW Scheduler] scheduled a framework job. Success? true id: 1 created id: 59
06-20 12:47:51.401 15813-16008/com.malvinstn.testqueue D/MainApplication: [priority_mq] looking for next message at time 1466398071401337946
06-20 12:47:51.401 15813-16008/com.malvinstn.testqueue D/MainApplication: flushing messages at time 1466398071401337946
06-20 12:47:51.401 15813-16008/com.malvinstn.testqueue D/MainApplication: returning next ready at 11619594393 ns
06-20 12:47:51.401 15813-16008/com.malvinstn.testqueue D/MainApplication: [priority_mq] next delayed job 1466398083020932339
06-20 12:47:51.401 15813-16008/com.malvinstn.testqueue D/MainApplication: [queue_SCHEDULER_5] remove message null
06-20 12:47:51.401 15813-16008/com.malvinstn.testqueue D/MainApplication: [queue_RUN_JOB_RESULT_6] remove message null
06-20 12:47:51.401 15813-15813/com.malvinstn.testqueue D/com.malvinstn.testqueue.JobService: getJobManager() called with: 
06-20 12:47:51.401 15813-15813/com.malvinstn.testqueue D/MainApplication: MainApplication::getJobManager()
06-20 12:47:51.401 15813-16008/com.malvinstn.testqueue D/MainApplication: [queue_ADD_JOB_2] remove message null
06-20 12:47:51.401 15813-16008/com.malvinstn.testqueue D/MainApplication: [queue_JOB_CONSUMER_IDLE_4] remove message null
06-20 12:47:51.401 15813-16008/com.malvinstn.testqueue D/MainApplication: joq idle. running:? true
06-20 12:47:51.403 15813-15813/com.malvinstn.testqueue D/com.malvinstn.testqueue.JobService: getJobManager() called with: 
06-20 12:47:51.403 15813-15813/com.malvinstn.testqueue D/MainApplication: MainApplication::getJobManager()
06-20 12:47:51.403 15813-15813/com.malvinstn.testqueue D/MainApplication: [FW Scheduler] start job SchedulerConstraint{uuid='bd6ee108-bdc7-4e38-8c1e-9be011919639', delayInMs=25200000, networkStatus=1, overrideDeadlineInMs=null, data=null} 59
06-20 12:47:51.403 15813-16008/com.malvinstn.testqueue D/MainApplication: Job queue idle. next job at: 1466398083020932339
06-20 12:47:51.403 15813-15813/com.malvinstn.testqueue D/MainApplication: [queue_SCHEDULER_5] post message com.birbit.android.jobqueue.messaging.message.SchedulerMessage@de6d059
06-20 12:47:51.403 15813-16008/com.malvinstn.testqueue D/MainApplication: add delayed message com.birbit.android.jobqueue.messaging.message.ConstraintChangeMessage@38a6702 at time 1466398083020932339
06-20 12:47:51.403 15813-16008/com.malvinstn.testqueue D/MainApplication: [priority_mq] did on idle post a message? true
06-20 12:47:51.403 15813-16008/com.malvinstn.testqueue D/MainApplication: [priority_mq] looking for next message at time 1466398071403335654
06-20 12:47:51.403 15813-16008/com.malvinstn.testqueue D/MainApplication: flushing messages at time 1466398071403335654
06-20 12:47:51.403 15813-16008/com.malvinstn.testqueue D/MainApplication: returning next ready at 11617596685 ns
06-20 12:47:51.403 15813-16008/com.malvinstn.testqueue D/MainApplication: [priority_mq] next delayed job 1466398083020932339
06-20 12:47:51.403 15813-16008/com.malvinstn.testqueue D/MainApplication: [queue_SCHEDULER_5] remove message com.birbit.android.jobqueue.messaging.message.SchedulerMessage@de6d059
06-20 12:47:51.403 15813-16008/com.malvinstn.testqueue D/MainApplication: [priority_mq] consuming message of type SCHEDULER
06-20 12:47:51.403 15813-16008/com.malvinstn.testqueue D/MainApplication: considering adding a new consumer. Should poke all waiting? true isRunning? true waiting workers? 1
06-20 12:47:51.404 15813-16008/com.malvinstn.testqueue D/MainApplication: there are waiting workers, will poke them instead
06-20 12:47:51.404 15813-16008/com.malvinstn.testqueue D/MainApplication: [consumer_7] post message Command[2]
06-20 12:47:51.404 15813-16008/com.malvinstn.testqueue D/MainApplication: there were waiting workers, poked them and I'm done
06-20 12:47:51.404 15813-16008/com.malvinstn.testqueue D/MainApplication: [priority_mq] looking for next message at time 1466398071404000654
06-20 12:47:51.404 15813-16008/com.malvinstn.testqueue D/MainApplication: flushing messages at time 1466398071404000654
06-20 12:47:51.404 15813-18134/com.malvinstn.testqueue D/MainApplication: flushing messages at time 1466398071404075446
06-20 12:47:51.404 15813-16008/com.malvinstn.testqueue D/MainApplication: returning next ready at 11616931685 ns
06-20 12:47:51.404 15813-18134/com.malvinstn.testqueue D/MainApplication: returning next ready at 14539873646 ns
06-20 12:47:51.404 15813-16008/com.malvinstn.testqueue D/MainApplication: [priority_mq] next delayed job 1466398083020932339
06-20 12:47:51.404 15813-16008/com.malvinstn.testqueue D/MainApplication: [queue_SCHEDULER_5] remove message null
06-20 12:47:51.404 15813-18134/com.malvinstn.testqueue D/MainApplication: [consumer_7] remove message Command[2]
06-20 12:47:51.404 15813-16008/com.malvinstn.testqueue D/MainApplication: [queue_RUN_JOB_RESULT_6] remove message null
06-20 12:47:51.404 15813-18134/com.malvinstn.testqueue D/MainApplication: Consumer has been poked.
06-20 12:47:51.404 15813-16008/com.malvinstn.testqueue D/MainApplication: [queue_ADD_JOB_2] remove message null
06-20 12:47:51.404 15813-18134/com.malvinstn.testqueue D/MainApplication: flushing messages at time 1466398071404242060
06-20 12:47:51.404 15813-16008/com.malvinstn.testqueue D/MainApplication: [queue_JOB_CONSUMER_IDLE_4] remove message null
06-20 12:47:51.404 15813-18134/com.malvinstn.testqueue D/MainApplication: returning next ready at 14539707032 ns
06-20 12:47:51.404 15813-16008/com.malvinstn.testqueue D/MainApplication: joq idle. running:? true
06-20 12:47:51.404 15813-18134/com.malvinstn.testqueue D/MainApplication: [consumer_7] remove message null
06-20 12:47:51.404 15813-18134/com.malvinstn.testqueue D/MainApplication: consumer manager on idle
06-20 12:47:51.404 15813-18134/com.malvinstn.testqueue D/MainApplication: [queue_JOB_CONSUMER_IDLE_4] post message com.birbit.android.jobqueue.messaging.message.JobConsumerIdleMessage@358bca5
06-20 12:47:51.404 15813-18134/com.malvinstn.testqueue D/MainApplication: [consumer_7] will wait on the lock until 1466398085943949092
06-20 12:47:51.405 15813-16008/com.malvinstn.testqueue D/MainApplication: Job queue idle. next job at: 1466398083020932339
06-20 12:47:51.405 15813-16008/com.malvinstn.testqueue D/MainApplication: add delayed message com.birbit.android.jobqueue.messaging.message.ConstraintChangeMessage@adca813 at time 1466398083020932339
06-20 12:47:51.405 15813-16008/com.malvinstn.testqueue D/MainApplication: [priority_mq] did on idle post a message? true
06-20 12:47:51.405 15813-16008/com.malvinstn.testqueue D/MainApplication: [priority_mq] looking for next message at time 1466398071405408987
06-20 12:47:51.405 15813-16008/com.malvinstn.testqueue D/MainApplication: flushing messages at time 1466398071405408987
06-20 12:47:51.405 15813-16008/com.malvinstn.testqueue D/MainApplication: returning next ready at 11615523352 ns
06-20 12:47:51.405 15813-16008/com.malvinstn.testqueue D/MainApplication: [priority_mq] next delayed job 1466398083020932339
06-20 12:47:51.405 15813-16008/com.malvinstn.testqueue D/MainApplication: [queue_SCHEDULER_5] remove message null
06-20 12:47:51.405 15813-16008/com.malvinstn.testqueue D/MainApplication: [queue_RUN_JOB_RESULT_6] remove message null
06-20 12:47:51.405 15813-16008/com.malvinstn.testqueue D/MainApplication: [queue_ADD_JOB_2] remove message null
06-20 12:47:51.406 15813-16008/com.malvinstn.testqueue D/MainApplication: [queue_JOB_CONSUMER_IDLE_4] remove message com.birbit.android.jobqueue.messaging.message.JobConsumerIdleMessage@358bca5
06-20 12:47:51.406 15813-16008/com.malvinstn.testqueue D/MainApplication: [priority_mq] consuming message of type JOB_CONSUMER_IDLE
06-20 12:47:51.406 15813-16008/com.malvinstn.testqueue V/MainApplication: looking for next job
06-20 12:47:51.406 15813-16008/com.malvinstn.testqueue V/MainApplication: non persistent result null
06-20 12:47:51.407 15813-16008/com.malvinstn.testqueue V/MainApplication: persistent result null
06-20 12:47:51.407 15813-16008/com.malvinstn.testqueue D/MainApplication: keep alive: 1466398085943949092
06-20 12:47:51.407 15813-16008/com.malvinstn.testqueue D/MainApplication: Consumer idle, will kill? false . isRunning: true
06-20 12:47:51.407 15813-16008/com.malvinstn.testqueue D/MainApplication: add delayed message Command[2] at time 1466398085943949092
06-20 12:47:51.407 15813-16008/com.malvinstn.testqueue D/MainApplication: poke consumer manager at 1466398085943949092
06-20 12:47:51.407 15813-16008/com.malvinstn.testqueue D/MainApplication: [FW Scheduler] on finished job SchedulerConstraint{uuid='bd6ee108-bdc7-4e38-8c1e-9be011919639', delayInMs=25200000, networkStatus=1, overrideDeadlineInMs=null, data=android.app.job.JobParameters@cdb8a50}. reschedule:false
06-20 12:47:51.408 15813-18134/com.malvinstn.testqueue D/MainApplication: flushing messages at time 1466398071408628050
06-20 12:47:51.408 15813-18134/com.malvinstn.testqueue D/MainApplication: returning next ready at 14535321042 ns
06-20 12:47:51.408 15813-18134/com.malvinstn.testqueue D/MainApplication: [consumer_7] remove message null
06-20 12:47:51.408 15813-18134/com.malvinstn.testqueue D/MainApplication: [consumer_7] will wait on the lock until 1466398085943949092
06-20 12:47:51.409 15813-15813/com.malvinstn.testqueue D/com.malvinstn.testqueue.JobService: getJobManager() called with: 
06-20 12:47:51.409 15813-15813/com.malvinstn.testqueue D/MainApplication: MainApplication::getJobManager()
06-20 12:47:51.413 15813-16008/com.malvinstn.testqueue D/MainApplication: [FW Scheduler] scheduled a framework job. Success? true id: 1 created id: 60
06-20 12:47:51.413 15813-16008/com.malvinstn.testqueue D/MainApplication: [priority_mq] looking for next message at time 1466398071413614977
06-20 12:47:51.413 15813-16008/com.malvinstn.testqueue D/MainApplication: flushing messages at time 1466398071413614977
06-20 12:47:51.414 15813-16008/com.malvinstn.testqueue D/MainApplication: returning next ready at 11607317362 ns
06-20 12:47:51.414 15813-16008/com.malvinstn.testqueue D/MainApplication: [priority_mq] next delayed job 1466398083020932339
06-20 12:47:51.414 15813-16008/com.malvinstn.testqueue D/MainApplication: [queue_SCHEDULER_5] remove message null
06-20 12:47:51.414 15813-16008/com.malvinstn.testqueue D/MainApplication: [queue_RUN_JOB_RESULT_6] remove message null
06-20 12:47:51.414 15813-16008/com.malvinstn.testqueue D/MainApplication: [queue_ADD_JOB_2] remove message null
06-20 12:47:51.414 15813-16008/com.malvinstn.testqueue D/MainApplication: [queue_JOB_CONSUMER_IDLE_4] remove message null
06-20 12:47:51.414 15813-16008/com.malvinstn.testqueue D/MainApplication: joq idle. running:? true
06-20 12:47:51.415 15813-15813/com.malvinstn.testqueue D/com.malvinstn.testqueue.JobService: getJobManager() called with: 
06-20 12:47:51.415 15813-15813/com.malvinstn.testqueue D/MainApplication: MainApplication::getJobManager()
06-20 12:47:51.415 15813-16008/com.malvinstn.testqueue D/MainApplication: Job queue idle. next job at: 1466398083020932339
06-20 12:47:51.415 15813-16008/com.malvinstn.testqueue D/MainApplication: add delayed message com.birbit.android.jobqueue.messaging.message.ConstraintChangeMessage@dfb26f at time 1466398083020932339
06-20 12:47:51.415 15813-16008/com.malvinstn.testqueue D/MainApplication: [priority_mq] did on idle post a message? true
06-20 12:47:51.415 15813-16008/com.malvinstn.testqueue D/MainApplication: [priority_mq] looking for next message at time 1466398071415300706
06-20 12:47:51.415 15813-16008/com.malvinstn.testqueue D/MainApplication: flushing messages at time 1466398071415300706
06-20 12:47:51.415 15813-16008/com.malvinstn.testqueue D/MainApplication: returning next ready at 11605631633 ns
06-20 12:47:51.415 15813-16008/com.malvinstn.testqueue D/MainApplication: [priority_mq] next delayed job 1466398083020932339
06-20 12:47:51.415 15813-16008/com.malvinstn.testqueue D/MainApplication: [queue_SCHEDULER_5] remove message null
06-20 12:47:51.415 15813-16008/com.malvinstn.testqueue D/MainApplication: [queue_RUN_JOB_RESULT_6] remove message null
06-20 12:47:51.415 15813-16008/com.malvinstn.testqueue D/MainApplication: [queue_ADD_JOB_2] remove message null
06-20 12:47:51.415 15813-16008/com.malvinstn.testqueue D/MainApplication: [queue_JOB_CONSUMER_IDLE_4] remove message null
06-20 12:47:51.415 15813-16008/com.malvinstn.testqueue D/MainApplication: [priority_mq] did on idle post a message? false
06-20 12:47:51.417 15813-15813/com.malvinstn.testqueue D/com.malvinstn.testqueue.JobService: getJobManager() called with: 
06-20 12:47:51.417 15813-15813/com.malvinstn.testqueue D/MainApplication: MainApplication::getJobManager()
06-20 12:47:51.417 15813-15813/com.malvinstn.testqueue D/MainApplication: [FW Scheduler] start job SchedulerConstraint{uuid='bd6ee108-bdc7-4e38-8c1e-9be011919639', delayInMs=26100000, networkStatus=1, overrideDeadlineInMs=null, data=null} 60
06-20 12:47:51.417 15813-15813/com.malvinstn.testqueue D/MainApplication: [queue_SCHEDULER_5] post message com.birbit.android.jobqueue.messaging.message.SchedulerMessage@de6d059
06-20 12:47:51.417 15813-16008/com.malvinstn.testqueue D/MainApplication: [priority_mq] looking for next message at time 1466398071417817893
06-20 12:47:51.418 15813-16008/com.malvinstn.testqueue D/MainApplication: flushing messages at time 1466398071417817893
06-20 12:47:51.418 15813-16008/com.malvinstn.testqueue D/MainApplication: returning next ready at 11603114446 ns
06-20 12:47:51.418 15813-16008/com.malvinstn.testqueue D/MainApplication: [priority_mq] next delayed job 1466398083020932339
06-20 12:47:51.418 15813-16008/com.malvinstn.testqueue D/MainApplication: [queue_SCHEDULER_5] remove message com.birbit.android.jobqueue.messaging.message.SchedulerMessage@de6d059
06-20 12:47:51.418 15813-16008/com.malvinstn.testqueue D/MainApplication: [priority_mq] consuming message of type SCHEDULER
06-20 12:47:51.418 15813-16008/com.malvinstn.testqueue D/MainApplication: considering adding a new consumer. Should poke all waiting? true isRunning? true waiting workers? 1
06-20 12:47:51.418 15813-16008/com.malvinstn.testqueue D/MainApplication: there are waiting workers, will poke them instead
06-20 12:47:51.418 15813-16008/com.malvinstn.testqueue D/MainApplication: [consumer_7] post message Command[2]
06-20 12:47:51.418 15813-18134/com.malvinstn.testqueue D/MainApplication: flushing messages at time 1466398071418642164
06-20 12:47:51.418 15813-18134/com.malvinstn.testqueue D/MainApplication: returning next ready at 14525306928 ns
06-20 12:47:51.418 15813-18134/com.malvinstn.testqueue D/MainApplication: [consumer_7] remove message Command[2]
06-20 12:47:51.418 15813-18134/com.malvinstn.testqueue D/MainApplication: Consumer has been poked.
06-20 12:47:51.419 15813-18134/com.malvinstn.testqueue D/MainApplication: flushing messages at time 1466398071418894873
06-20 12:47:51.419 15813-18134/com.malvinstn.testqueue D/MainApplication: returning next ready at 14525054219 ns
06-20 12:47:51.419 15813-18134/com.malvinstn.testqueue D/MainApplication: [consumer_7] remove message null
06-20 12:47:51.419 15813-18134/com.malvinstn.testqueue D/MainApplication: consumer manager on idle
06-20 12:47:51.419 15813-18134/com.malvinstn.testqueue D/MainApplication: [queue_JOB_CONSUMER_IDLE_4] post message com.birbit.android.jobqueue.messaging.message.JobConsumerIdleMessage@358bca5
06-20 12:47:51.419 15813-18134/com.malvinstn.testqueue D/MainApplication: [consumer_7] will wait on the lock until 1466398085943949092
06-20 12:47:51.419 15813-16008/com.malvinstn.testqueue D/MainApplication: there were waiting workers, poked them and I'm done
06-20 12:47:51.419 15813-16008/com.malvinstn.testqueue D/MainApplication: [priority_mq] looking for next message at time 1466398071419289769
06-20 12:47:51.419 15813-16008/com.malvinstn.testqueue D/MainApplication: flushing messages at time 1466398071419289769
06-20 12:47:51.419 15813-16008/com.malvinstn.testqueue D/MainApplication: returning next ready at 11601642570 ns
06-20 12:47:51.419 15813-16008/com.malvinstn.testqueue D/MainApplication: [priority_mq] next delayed job 1466398083020932339
06-20 12:47:51.419 15813-16008/com.malvinstn.testqueue D/MainApplication: [queue_SCHEDULER_5] remove message null
06-20 12:47:51.419 15813-16008/com.malvinstn.testqueue D/MainApplication: [queue_RUN_JOB_RESULT_6] remove message null
06-20 12:47:51.419 15813-16008/com.malvinstn.testqueue D/MainApplication: [queue_ADD_JOB_2] remove message null
06-20 12:47:51.419 15813-16008/com.malvinstn.testqueue D/MainApplication: [queue_JOB_CONSUMER_IDLE_4] remove message com.birbit.android.jobqueue.messaging.message.JobConsumerIdleMessage@358bca5
06-20 12:47:51.419 15813-16008/com.malvinstn.testqueue D/MainApplication: [priority_mq] consuming message of type JOB_CONSUMER_IDLE
06-20 12:47:51.420 15813-16008/com.malvinstn.testqueue V/MainApplication: looking for next job
06-20 12:47:51.420 15813-16008/com.malvinstn.testqueue V/MainApplication: non persistent result null
06-20 12:47:51.420 15813-16008/com.malvinstn.testqueue V/MainApplication: persistent result null
06-20 12:47:51.420 15813-16008/com.malvinstn.testqueue D/MainApplication: keep alive: 1466398085943949092
06-20 12:47:51.420 15813-16008/com.malvinstn.testqueue D/MainApplication: Consumer idle, will kill? false . isRunning: true
06-20 12:47:51.420 15813-16008/com.malvinstn.testqueue D/MainApplication: add delayed message Command[2] at time 1466398085943949092
06-20 12:47:51.421 15813-16008/com.malvinstn.testqueue D/MainApplication: poke consumer manager at 1466398085943949092
06-20 12:47:51.421 15813-18134/com.malvinstn.testqueue D/MainApplication: flushing messages at time 1466398071420897633
06-20 12:47:51.421 15813-18134/com.malvinstn.testqueue D/MainApplication: returning next ready at 14523051459 ns
06-20 12:47:51.421 15813-18134/com.malvinstn.testqueue D/MainApplication: [consumer_7] remove message null
06-20 12:47:51.421 15813-18134/com.malvinstn.testqueue D/MainApplication: [consumer_7] will wait on the lock until 1466398085943949092
06-20 12:47:51.421 15813-16008/com.malvinstn.testqueue D/MainApplication: [FW Scheduler] on finished job SchedulerConstraint{uuid='bd6ee108-bdc7-4e38-8c1e-9be011919639', delayInMs=26100000, networkStatus=1, overrideDeadlineInMs=null, data=android.app.job.JobParameters@876fb7c}. reschedule:false
06-20 12:47:51.423 15813-15813/com.malvinstn.testqueue D/com.malvinstn.testqueue.JobService: getJobManager() called with: 
06-20 12:47:51.423 15813-15813/com.malvinstn.testqueue D/MainApplication: MainApplication::getJobManager()
06-20 12:47:51.426 15813-16008/com.malvinstn.testqueue D/MainApplication: [FW Scheduler] scheduled a framework job. Success? true id: 1 created id: 61
06-20 12:47:51.426 15813-16008/com.malvinstn.testqueue D/MainApplication: [priority_mq] looking for next message at time 1466398071426274977
06-20 12:47:51.426 15813-16008/com.malvinstn.testqueue D/MainApplication: flushing messages at time 1466398071426274977
06-20 12:47:51.426 15813-16008/com.malvinstn.testqueue D/MainApplication: returning next ready at 11594657362 ns
06-20 12:47:51.426 15813-16008/com.malvinstn.testqueue D/MainApplication: [priority_mq] next delayed job 1466398083020932339
06-20 12:47:51.426 15813-16008/com.malvinstn.testqueue D/MainApplication: [queue_SCHEDULER_5] remove message null
06-20 12:47:51.426 15813-16008/com.malvinstn.testqueue D/MainApplication: [queue_RUN_JOB_RESULT_6] remove message null
06-20 12:47:51.426 15813-16008/com.malvinstn.testqueue D/MainApplication: [queue_ADD_JOB_2] remove message null
06-20 12:47:51.426 15813-16008/com.malvinstn.testqueue D/MainApplication: [queue_JOB_CONSUMER_IDLE_4] remove message null
06-20 12:47:51.426 15813-16008/com.malvinstn.testqueue D/MainApplication: joq idle. running:? true
06-20 12:47:51.427 15813-16008/com.malvinstn.testqueue D/MainApplication: Job queue idle. next job at: 1466398083020932339
06-20 12:47:51.427 15813-16008/com.malvinstn.testqueue D/MainApplication: add delayed message com.birbit.android.jobqueue.messaging.message.ConstraintChangeMessage@c69d45a at time 1466398083020932339
06-20 12:47:51.427 15813-16008/com.malvinstn.testqueue D/MainApplication: [priority_mq] did on idle post a message? true
06-20 12:47:51.427 15813-16008/com.malvinstn.testqueue D/MainApplication: [priority_mq] looking for next message at time 1466398071427657581
06-20 12:47:51.427 15813-16008/com.malvinstn.testqueue D/MainApplication: flushing messages at time 1466398071427657581
06-20 12:47:51.427 15813-16008/com.malvinstn.testqueue D/MainApplication: returning next ready at 11593274758 ns
06-20 12:47:51.427 15813-16008/com.malvinstn.testqueue D/MainApplication: [priority_mq] next delayed job 1466398083020932339
06-20 12:47:51.427 15813-16008/com.malvinstn.testqueue D/MainApplication: [queue_SCHEDULER_5] remove message null
06-20 12:47:51.428 15813-16008/com.malvinstn.testqueue D/MainApplication: [queue_RUN_JOB_RESULT_6] remove message null
06-20 12:47:51.428 15813-16008/com.malvinstn.testqueue D/MainApplication: [queue_ADD_JOB_2] remove message null
06-20 12:47:51.428 15813-16008/com.malvinstn.testqueue D/MainApplication: [queue_JOB_CONSUMER_IDLE_4] remove message null
06-20 12:47:51.428 15813-16008/com.malvinstn.testqueue D/MainApplication: [priority_mq] did on idle post a message? false
06-20 12:47:51.429 15813-15813/com.malvinstn.testqueue D/com.malvinstn.testqueue.JobService: getJobManager() called with: 
06-20 12:47:51.429 15813-15813/com.malvinstn.testqueue D/MainApplication: MainApplication::getJobManager()
06-20 12:47:51.432 15813-15813/com.malvinstn.testqueue D/com.malvinstn.testqueue.JobService: getJobManager() called with: 
06-20 12:47:51.432 15813-15813/com.malvinstn.testqueue D/MainApplication: MainApplication::getJobManager()
06-20 12:47:51.432 15813-15813/com.malvinstn.testqueue D/MainApplication: [FW Scheduler] start job SchedulerConstraint{uuid='bd6ee108-bdc7-4e38-8c1e-9be011919639', delayInMs=27000000, networkStatus=1, overrideDeadlineInMs=null, data=null} 61
06-20 12:47:51.432 15813-15813/com.malvinstn.testqueue D/MainApplication: [queue_SCHEDULER_5] post message com.birbit.android.jobqueue.messaging.message.SchedulerMessage@de6d059
06-20 12:47:51.432 15813-16008/com.malvinstn.testqueue D/MainApplication: [priority_mq] looking for next message at time 1466398071432215810
06-20 12:47:51.432 15813-16008/com.malvinstn.testqueue D/MainApplication: flushing messages at time 1466398071432215810
06-20 12:47:51.432 15813-16008/com.malvinstn.testqueue D/MainApplication: returning next ready at 11588716529 ns
06-20 12:47:51.432 15813-16008/com.malvinstn.testqueue D/MainApplication: [priority_mq] next delayed job 1466398083020932339
06-20 12:47:51.432 15813-16008/com.malvinstn.testqueue D/MainApplication: [queue_SCHEDULER_5] remove message com.birbit.android.jobqueue.messaging.message.SchedulerMessage@de6d059
06-20 12:47:51.432 15813-16008/com.malvinstn.testqueue D/MainApplication: [priority_mq] consuming message of type SCHEDULER
06-20 12:47:51.432 15813-16008/com.malvinstn.testqueue D/MainApplication: considering adding a new consumer. Should poke all waiting? true isRunning? true waiting workers? 1
06-20 12:47:51.432 15813-16008/com.malvinstn.testqueue D/MainApplication: there are waiting workers, will poke them instead
06-20 12:47:51.433 15813-16008/com.malvinstn.testqueue D/MainApplication: [consumer_7] post message Command[2]
06-20 12:47:51.433 15813-16008/com.malvinstn.testqueue D/MainApplication: there were waiting workers, poked them and I'm done
06-20 12:47:51.433 15813-16008/com.malvinstn.testqueue D/MainApplication: [priority_mq] looking for next message at time 1466398071432975550
06-20 12:47:51.433 15813-18134/com.malvinstn.testqueue D/MainApplication: flushing messages at time 1466398071432977685
06-20 12:47:51.433 15813-16008/com.malvinstn.testqueue D/MainApplication: flushing messages at time 1466398071432975550
06-20 12:47:51.433 15813-18134/com.malvinstn.testqueue D/MainApplication: returning next ready at 14510971407 ns
06-20 12:47:51.433 15813-16008/com.malvinstn.testqueue D/MainApplication: returning next ready at 11587956789 ns
06-20 12:47:51.433 15813-18134/com.malvinstn.testqueue D/MainApplication: [consumer_7] remove message Command[2]
06-20 12:47:51.433 15813-16008/com.malvinstn.testqueue D/MainApplication: [priority_mq] next delayed job 1466398083020932339
06-20 12:47:51.433 15813-18134/com.malvinstn.testqueue D/MainApplication: Consumer has been poked.
06-20 12:47:51.433 15813-16008/com.malvinstn.testqueue D/MainApplication: [queue_SCHEDULER_5] remove message null
06-20 12:47:51.433 15813-16008/com.malvinstn.testqueue D/MainApplication: [queue_RUN_JOB_RESULT_6] remove message null
06-20 12:47:51.433 15813-18134/com.malvinstn.testqueue D/MainApplication: flushing messages at time 1466398071433146331
06-20 12:47:51.433 15813-16008/com.malvinstn.testqueue D/MainApplication: [queue_ADD_JOB_2] remove message null
06-20 12:47:51.433 15813-18134/com.malvinstn.testqueue D/MainApplication: returning next ready at 14510802761 ns
06-20 12:47:51.433 15813-16008/com.malvinstn.testqueue D/MainApplication: [queue_JOB_CONSUMER_IDLE_4] remove message null
06-20 12:47:51.433 15813-18134/com.malvinstn.testqueue D/MainApplication: [consumer_7] remove message null
06-20 12:47:51.433 15813-16008/com.malvinstn.testqueue D/MainApplication: joq idle. running:? true
06-20 12:47:51.433 15813-18134/com.malvinstn.testqueue D/MainApplication: consumer manager on idle
06-20 12:47:51.433 15813-18134/com.malvinstn.testqueue D/MainApplication: [queue_JOB_CONSUMER_IDLE_4] post message com.birbit.android.jobqueue.messaging.message.JobConsumerIdleMessage@358bca5
06-20 12:47:51.433 15813-18134/com.malvinstn.testqueue D/MainApplication: [consumer_7] will wait on the lock until 1466398085943949092
06-20 12:47:51.435 15813-16008/com.malvinstn.testqueue D/MainApplication: Job queue idle. next job at: 1466398083020932339
06-20 12:47:51.435 15813-16008/com.malvinstn.testqueue D/MainApplication: add delayed message com.birbit.android.jobqueue.messaging.message.ConstraintChangeMessage@9f65368 at time 1466398083020932339
06-20 12:47:51.435 15813-16008/com.malvinstn.testqueue D/MainApplication: [priority_mq] did on idle post a message? true
06-20 12:47:51.435 15813-16008/com.malvinstn.testqueue D/MainApplication: [priority_mq] looking for next message at time 1466398071435043414
06-20 12:47:51.435 15813-16008/com.malvinstn.testqueue D/MainApplication: flushing messages at time 1466398071435043414
06-20 12:47:51.435 15813-16008/com.malvinstn.testqueue D/MainApplication: returning next ready at 11585888925 ns
06-20 12:47:51.435 15813-16008/com.malvinstn.testqueue D/MainApplication: [priority_mq] next delayed job 1466398083020932339
06-20 12:47:51.435 15813-16008/com.malvinstn.testqueue D/MainApplication: [queue_SCHEDULER_5] remove message null
06-20 12:47:51.435 15813-16008/com.malvinstn.testqueue D/MainApplication: [queue_RUN_JOB_RESULT_6] remove message null
06-20 12:47:51.435 15813-16008/com.malvinstn.testqueue D/MainApplication: [queue_ADD_JOB_2] remove message null
06-20 12:47:51.435 15813-16008/com.malvinstn.testqueue D/MainApplication: [queue_JOB_CONSUMER_IDLE_4] remove message com.birbit.android.jobqueue.messaging.message.JobConsumerIdleMessage@358bca5
06-20 12:47:51.435 15813-16008/com.malvinstn.testqueue D/MainApplication: [priority_mq] consuming message of type JOB_CONSUMER_IDLE
06-20 12:47:51.435 15813-16008/com.malvinstn.testqueue V/MainApplication: looking for next job
06-20 12:47:51.435 15813-16008/com.malvinstn.testqueue V/MainApplication: non persistent result null
06-20 12:47:51.436 15813-16008/com.malvinstn.testqueue V/MainApplication: persistent result null
06-20 12:47:51.436 15813-16008/com.malvinstn.testqueue D/MainApplication: keep alive: 1466398085943949092
06-20 12:47:51.436 15813-16008/com.malvinstn.testqueue D/MainApplication: Consumer idle, will kill? false . isRunning: true
06-20 12:47:51.436 15813-16008/com.malvinstn.testqueue D/MainApplication: add delayed message Command[2] at time 1466398085943949092
06-20 12:47:51.436 15813-16008/com.malvinstn.testqueue D/MainApplication: poke consumer manager at 1466398085943949092
06-20 12:47:51.436 15813-18134/com.malvinstn.testqueue D/MainApplication: flushing messages at time 1466398071436603310
06-20 12:47:51.436 15813-18134/com.malvinstn.testqueue D/MainApplication: returning next ready at 14507345782 ns
06-20 12:47:51.436 15813-18134/com.malvinstn.testqueue D/MainApplication: [consumer_7] remove message null
06-20 12:47:51.436 15813-18134/com.malvinstn.testqueue D/MainApplication: [consumer_7] will wait on the lock until 1466398085943949092
